\BOOKMARK [1][-]{section.1}{\376\377\133\236\232\214\166\356\150\007}{}% 1
\BOOKMARK [1][-]{section.2}{\376\377\135\345\172\013\176\323\147\204}{}% 2
\BOOKMARK [1][-]{section.3}{\376\377\152\041\127\213\213\276\213\241}{}% 3
\BOOKMARK [2][-]{subsection.3.1}{\376\377\147\201\173\200\000\040\000B\000a\000c\000k\000b\000o\000n\000e}{section.3}% 4
\BOOKMARK [2][-]{subsection.3.2}{\376\377\000D\000e\000t\000e\000c\000t\000i\000o\000n\000\040\000H\000e\000a\000d}{section.3}% 5
\BOOKMARK [2][-]{subsection.3.3}{\376\377\137\040\221\317\137\142\162\266\213\364\146\016}{section.3}% 6
\BOOKMARK [1][-]{section.4}{\376\377\150\007\173\176\177\026\170\001\145\271\137\017}{}% 7
\BOOKMARK [2][-]{subsection.4.1}{\376\377\116\072\116\300\116\110\117\177\165\050\177\121\150\074\127\120\150\007}{section.4}% 8
\BOOKMARK [2][-]{subsection.4.2}{\376\377\150\007\173\176\137\040\221\317\213\276\213\241}{section.4}% 9
\BOOKMARK [2][-]{subsection.4.3}{\376\377\150\007\173\176\177\026\170\001\217\307\172\013}{section.4}% 10
\BOOKMARK [1][-]{section.5}{\376\377\143\137\131\061\121\375\145\160\213\276\213\241}{}% 11
\BOOKMARK [2][-]{subsection.5.1}{\376\377\143\137\131\061\176\304\142\020}{section.5}% 12
\BOOKMARK [2][-]{subsection.5.2}{\376\377\143\137\131\061\213\241\173\227\145\271\137\017}{section.5}% 13
\BOOKMARK [1][-]{section.6}{\376\377\145\160\143\156\116\016\213\255\176\303\213\276\177\156}{}% 14
\BOOKMARK [2][-]{subsection.6.1}{\376\377\145\160\143\156\147\145\156\220}{section.6}% 15
\BOOKMARK [2][-]{subsection.6.2}{\376\377\213\255\176\303\215\205\123\302\145\160}{section.6}% 16
\BOOKMARK [1][-]{section.7}{\376\377\213\255\176\303\176\323\147\234\116\016\146\362\176\277\122\006\147\220}{}% 17
\BOOKMARK [2][-]{subsection.7.1}{\376\377\213\255\176\303\176\323\147\234}{section.7}% 18
\BOOKMARK [2][-]{subsection.7.2}{\376\377\000L\000o\000s\000s\000\040\146\362\176\277}{section.7}% 19
\BOOKMARK [2][-]{subsection.7.3}{\376\377\146\362\176\277\211\343\221\312}{section.7}% 20
\BOOKMARK [1][-]{section.8}{\376\377\230\204\155\113\150\106\116\016\167\037\133\236\150\106\123\357\211\306\123\026}{}% 21
\BOOKMARK [2][-]{subsection.8.1}{\376\377\123\357\211\306\123\026\145\271\137\017}{section.8}% 22
\BOOKMARK [2][-]{subsection.8.2}{\376\377\123\357\211\306\123\026\176\323\147\234}{section.8}% 23
\BOOKMARK [2][-]{subsection.8.3}{\376\377\176\323\147\234\211\343\221\312}{section.8}% 24
\BOOKMARK [1][-]{section.9}{\376\377\176\323\213\272}{}% 25
\BOOKMARK [1][-]{appendix.A}{\376\377\226\104\137\125\377\032\201\032\147\054\116\016\135\345\121\167\117\134\165\050\213\364\146\016}{}% 26
