starting yolov0 training
run id: deep_residual_three_box_v5box_softobj_shapematch_ignore_20260419_215025
device: cuda
train dataset length: 124004
val dataset length: 10823
model output shape: (1, 10, 10, 255)
parameter total: 26560607
parameter trainable: 26560607
gpu count: 8
tensorboard dir: runs/deep_residual_three_box_v5box_softobj_shapematch_ignore_20260419_215025
output dir: outputs/deep_residual_three_box_v5box_softobj_shapematch_ignore_20260419_215025
epoch 001 | step 0001 | total = 6.3867 | box = 0.9190 | obj = 1.0674 | cls = 0.7242 | lr = 0.001000
epoch 001 | step 0020 | total = 4.9359 | box = 0.7270 | obj = 0.8770 | cls = 0.4237 | lr = 0.001000
epoch 001 | step 0040 | total = 4.3978 | box = 0.6910 | obj = 0.8043 | cls = 0.1386 | lr = 0.001000
epoch 001 | step 0060 | total = 4.3967 | box = 0.7124 | obj = 0.7547 | cls = 0.0803 | lr = 0.001000
epoch 001 | step 0080 | total = 4.3502 | box = 0.7070 | obj = 0.7513 | cls = 0.0638 | lr = 0.001000
epoch 001 | step 0100 | total = 4.2917 | box = 0.6946 | obj = 0.7584 | cls = 0.0603 | lr = 0.001000
epoch 001 | step 0120 | total = 4.3164 | box = 0.7011 | obj = 0.7526 | cls = 0.0582 | lr = 0.001000
epoch 001 | step 0140 | total = 4.2225 | box = 0.6830 | obj = 0.7490 | cls = 0.0585 | lr = 0.001000
epoch 001 | step 0160 | total = 4.2343 | box = 0.6855 | obj = 0.7481 | cls = 0.0585 | lr = 0.001000
epoch 001 | step 0180 | total = 4.1727 | box = 0.6725 | obj = 0.7525 | cls = 0.0575 | lr = 0.001000
epoch 001 | step 0200 | total = 4.1647 | box = 0.6697 | obj = 0.7578 | cls = 0.0582 | lr = 0.001000
epoch 001 | step 0220 | total = 4.1233 | box = 0.6606 | obj = 0.7645 | cls = 0.0558 | lr = 0.001000
epoch 001 | step 0240 | total = 4.1507 | box = 0.6701 | obj = 0.7460 | cls = 0.0540 | lr = 0.001000
epoch 001 | step 0260 | total = 4.0598 | box = 0.6506 | obj = 0.7514 | cls = 0.0552 | lr = 0.001000
epoch 001 | step 0280 | total = 4.0887 | box = 0.6570 | obj = 0.7470 | cls = 0.0569 | lr = 0.001000
epoch 001 | step 0300 | total = 4.0894 | box = 0.6591 | obj = 0.7385 | cls = 0.0555 | lr = 0.001000
epoch 001 | step 0320 | total = 4.0360 | box = 0.6484 | obj = 0.7393 | cls = 0.0548 | lr = 0.001000
epoch 001 | step 0340 | total = 4.0557 | box = 0.6524 | obj = 0.7403 | cls = 0.0536 | lr = 0.001000
epoch 001 | step 0360 | total = 4.0631 | box = 0.6558 | obj = 0.7276 | cls = 0.0565 | lr = 0.001000
epoch 001 | step 0380 | total = 3.9189 | box = 0.6230 | obj = 0.7494 | cls = 0.0545 | lr = 0.001000
epoch 001 | step 0400 | total = 3.8830 | box = 0.6134 | obj = 0.7611 | cls = 0.0548 | lr = 0.001000
epoch 001 | step 0420 | total = 3.9764 | box = 0.6412 | obj = 0.7170 | cls = 0.0535 | lr = 0.001000
epoch 001 | step 0440 | total = 3.9922 | box = 0.6413 | obj = 0.7324 | cls = 0.0534 | lr = 0.001000
epoch 001 | step 0460 | total = 3.9547 | box = 0.6302 | obj = 0.7503 | cls = 0.0533 | lr = 0.001000
epoch 001 | step 0480 | total = 3.9700 | box = 0.6384 | obj = 0.7230 | cls = 0.0549 | lr = 0.001000
[epoch 001 train] total = 4.1936 | box = 0.6694 | obj = 0.7595 | cls = 0.0869 | batches = 485 | time = 220.5s
[epoch 001 val] total = 3.5338 | box = 0.5348 | obj = 0.7975 | cls = 0.0622 | batches = 43 | time = 23.2s
epoch 002 | step 0001 | total = 3.7761 | box = 0.5924 | obj = 0.7593 | cls = 0.0546 | lr = 0.000994
epoch 002 | step 0020 | total = 3.8776 | box = 0.6177 | obj = 0.7355 | cls = 0.0536 | lr = 0.000994
epoch 002 | step 0040 | total = 3.7975 | box = 0.6037 | obj = 0.7265 | cls = 0.0527 | lr = 0.000994
epoch 002 | step 0060 | total = 3.9419 | box = 0.6345 | obj = 0.7177 | cls = 0.0517 | lr = 0.000994
epoch 002 | step 0080 | total = 3.9122 | box = 0.6267 | obj = 0.7267 | cls = 0.0519 | lr = 0.000994
epoch 002 | step 0100 | total = 3.8097 | box = 0.6033 | obj = 0.7387 | cls = 0.0545 | lr = 0.000994
epoch 002 | step 0120 | total = 3.7141 | box = 0.5841 | obj = 0.7402 | cls = 0.0532 | lr = 0.000994
epoch 002 | step 0140 | total = 3.7533 | box = 0.5925 | obj = 0.7373 | cls = 0.0534 | lr = 0.000994
epoch 002 | step 0160 | total = 3.8283 | box = 0.6084 | obj = 0.7337 | cls = 0.0528 | lr = 0.000994
epoch 002 | step 0180 | total = 3.8003 | box = 0.6045 | obj = 0.7249 | cls = 0.0530 | lr = 0.000994
epoch 002 | step 0200 | total = 3.7994 | box = 0.6020 | obj = 0.7378 | cls = 0.0517 | lr = 0.000994
epoch 002 | step 0220 | total = 3.6537 | box = 0.5711 | obj = 0.7454 | cls = 0.0526 | lr = 0.000994
epoch 002 | step 0240 | total = 3.7330 | box = 0.5914 | obj = 0.7252 | cls = 0.0509 | lr = 0.000994
epoch 002 | step 0260 | total = 3.7780 | box = 0.6036 | obj = 0.7096 | cls = 0.0504 | lr = 0.000994
epoch 002 | step 0280 | total = 3.7904 | box = 0.6047 | obj = 0.7142 | cls = 0.0525 | lr = 0.000994
epoch 002 | step 0300 | total = 3.6130 | box = 0.5643 | obj = 0.7377 | cls = 0.0538 | lr = 0.000994
epoch 002 | step 0320 | total = 3.6629 | box = 0.5759 | obj = 0.7306 | cls = 0.0531 | lr = 0.000994
epoch 002 | step 0340 | total = 3.7521 | box = 0.5968 | obj = 0.7177 | cls = 0.0503 | lr = 0.000994
epoch 002 | step 0360 | total = 3.6358 | box = 0.5722 | obj = 0.7224 | cls = 0.0527 | lr = 0.000994
epoch 002 | step 0380 | total = 3.5875 | box = 0.5589 | obj = 0.7410 | cls = 0.0521 | lr = 0.000994
epoch 002 | step 0400 | total = 3.6177 | box = 0.5696 | obj = 0.7168 | cls = 0.0529 | lr = 0.000994
epoch 002 | step 0420 | total = 3.6880 | box = 0.5824 | obj = 0.7235 | cls = 0.0523 | lr = 0.000994
epoch 002 | step 0440 | total = 3.6379 | box = 0.5751 | obj = 0.7102 | cls = 0.0524 | lr = 0.000994
epoch 002 | step 0460 | total = 3.6723 | box = 0.5807 | obj = 0.7179 | cls = 0.0509 | lr = 0.000994
epoch 002 | step 0480 | total = 3.6544 | box = 0.5778 | obj = 0.7148 | cls = 0.0505 | lr = 0.000994
[epoch 002 train] total = 3.7552 | box = 0.5958 | obj = 0.7238 | cls = 0.0523 | batches = 485 | time = 231.5s
[epoch 002 val] total = 3.2178 | box = 0.4835 | obj = 0.7393 | cls = 0.0612 | batches = 43 | time = 16.6s
epoch 003 | step 0001 | total = 3.7182 | box = 0.5938 | obj = 0.6959 | cls = 0.0534 | lr = 0.000976
epoch 003 | step 0020 | total = 3.6529 | box = 0.5772 | obj = 0.7163 | cls = 0.0507 | lr = 0.000976
epoch 003 | step 0040 | total = 3.6329 | box = 0.5741 | obj = 0.7121 | cls = 0.0504 | lr = 0.000976
epoch 003 | step 0060 | total = 3.4829 | box = 0.5405 | obj = 0.7302 | cls = 0.0503 | lr = 0.000976
epoch 003 | step 0080 | total = 3.6702 | box = 0.5838 | obj = 0.7020 | cls = 0.0494 | lr = 0.000976
epoch 003 | step 0100 | total = 3.6861 | box = 0.5877 | obj = 0.6973 | cls = 0.0505 | lr = 0.000976
epoch 003 | step 0120 | total = 3.6840 | box = 0.5815 | obj = 0.7263 | cls = 0.0505 | lr = 0.000976
epoch 003 | step 0140 | total = 3.6936 | box = 0.5856 | obj = 0.7153 | cls = 0.0504 | lr = 0.000976
epoch 003 | step 0160 | total = 3.6726 | box = 0.5816 | obj = 0.7151 | cls = 0.0494 | lr = 0.000976
epoch 003 | step 0180 | total = 3.5887 | box = 0.5639 | obj = 0.7180 | cls = 0.0514 | lr = 0.000976
epoch 003 | step 0200 | total = 3.6129 | box = 0.5701 | obj = 0.7119 | cls = 0.0508 | lr = 0.000976
epoch 003 | step 0220 | total = 3.5915 | box = 0.5685 | obj = 0.6994 | cls = 0.0496 | lr = 0.000976
epoch 003 | step 0240 | total = 3.5381 | box = 0.5519 | obj = 0.7280 | cls = 0.0506 | lr = 0.000976
epoch 003 | step 0260 | total = 3.4833 | box = 0.5443 | obj = 0.7115 | cls = 0.0502 | lr = 0.000976
epoch 003 | step 0280 | total = 3.6055 | box = 0.5671 | obj = 0.7196 | cls = 0.0503 | lr = 0.000976
epoch 003 | step 0300 | total = 3.5738 | box = 0.5630 | obj = 0.7069 | cls = 0.0519 | lr = 0.000976
epoch 003 | step 0320 | total = 3.5876 | box = 0.5668 | obj = 0.7026 | cls = 0.0509 | lr = 0.000976
epoch 003 | step 0340 | total = 3.4113 | box = 0.5253 | obj = 0.7335 | cls = 0.0511 | lr = 0.000976
epoch 003 | step 0360 | total = 3.5910 | box = 0.5684 | obj = 0.6989 | cls = 0.0502 | lr = 0.000976
epoch 003 | step 0380 | total = 3.4157 | box = 0.5297 | obj = 0.7172 | cls = 0.0501 | lr = 0.000976
epoch 003 | step 0400 | total = 3.6045 | box = 0.5708 | obj = 0.7001 | cls = 0.0505 | lr = 0.000976
epoch 003 | step 0420 | total = 3.5532 | box = 0.5633 | obj = 0.6860 | cls = 0.0505 | lr = 0.000976
epoch 003 | step 0440 | total = 3.4909 | box = 0.5444 | obj = 0.7183 | cls = 0.0508 | lr = 0.000976
epoch 003 | step 0460 | total = 3.4548 | box = 0.5414 | obj = 0.6967 | cls = 0.0512 | lr = 0.000976
epoch 003 | step 0480 | total = 3.4616 | box = 0.5382 | obj = 0.7195 | cls = 0.0510 | lr = 0.000976
[epoch 003 train] total = 3.5655 | box = 0.5608 | obj = 0.7108 | cls = 0.0506 | batches = 485 | time = 223.1s
[epoch 003 val] total = 3.0912 | box = 0.4589 | obj = 0.7364 | cls = 0.0601 | batches = 43 | time = 16.7s
epoch 004 | step 0001 | total = 3.4057 | box = 0.5306 | obj = 0.7034 | cls = 0.0493 | lr = 0.000946
epoch 004 | step 0020 | total = 3.5349 | box = 0.5585 | obj = 0.6917 | cls = 0.0506 | lr = 0.000946
epoch 004 | step 0040 | total = 3.4249 | box = 0.5310 | obj = 0.7198 | cls = 0.0502 | lr = 0.000946
epoch 004 | step 0060 | total = 3.3174 | box = 0.5147 | obj = 0.6951 | cls = 0.0490 | lr = 0.000946
epoch 004 | step 0080 | total = 3.3799 | box = 0.5243 | obj = 0.7070 | cls = 0.0515 | lr = 0.000946
epoch 004 | step 0100 | total = 3.4649 | box = 0.5414 | obj = 0.7084 | cls = 0.0497 | lr = 0.000946
epoch 004 | step 0120 | total = 3.4691 | box = 0.5464 | obj = 0.6869 | cls = 0.0502 | lr = 0.000946
epoch 004 | step 0140 | total = 3.5764 | box = 0.5663 | obj = 0.6937 | cls = 0.0511 | lr = 0.000946
epoch 004 | step 0160 | total = 3.3860 | box = 0.5246 | obj = 0.7139 | cls = 0.0490 | lr = 0.000946
epoch 004 | step 0180 | total = 3.4373 | box = 0.5399 | obj = 0.6872 | cls = 0.0508 | lr = 0.000946
epoch 004 | step 0200 | total = 3.4467 | box = 0.5408 | obj = 0.6951 | cls = 0.0476 | lr = 0.000946
epoch 004 | step 0220 | total = 3.6596 | box = 0.5830 | obj = 0.6938 | cls = 0.0510 | lr = 0.000946
epoch 004 | step 0240 | total = 3.5813 | box = 0.5654 | obj = 0.7066 | cls = 0.0479 | lr = 0.000946
epoch 004 | step 0260 | total = 3.4729 | box = 0.5462 | obj = 0.6932 | cls = 0.0487 | lr = 0.000946
epoch 004 | step 0280 | total = 3.4331 | box = 0.5352 | obj = 0.7076 | cls = 0.0493 | lr = 0.000946
epoch 004 | step 0300 | total = 3.3888 | box = 0.5271 | obj = 0.7044 | cls = 0.0487 | lr = 0.000946
epoch 004 | step 0320 | total = 3.3815 | box = 0.5246 | obj = 0.7082 | cls = 0.0502 | lr = 0.000946
epoch 004 | step 0340 | total = 3.4117 | box = 0.5277 | obj = 0.7225 | cls = 0.0505 | lr = 0.000946
epoch 004 | step 0360 | total = 3.4861 | box = 0.5438 | obj = 0.7168 | cls = 0.0502 | lr = 0.000946
epoch 004 | step 0380 | total = 3.5726 | box = 0.5675 | obj = 0.6871 | cls = 0.0480 | lr = 0.000946
epoch 004 | step 0400 | total = 3.4636 | box = 0.5446 | obj = 0.6909 | cls = 0.0497 | lr = 0.000946
epoch 004 | step 0420 | total = 3.5282 | box = 0.5553 | obj = 0.7033 | cls = 0.0485 | lr = 0.000946
epoch 004 | step 0440 | total = 3.4787 | box = 0.5483 | obj = 0.6877 | cls = 0.0494 | lr = 0.000946
epoch 004 | step 0460 | total = 3.4282 | box = 0.5356 | obj = 0.7019 | cls = 0.0485 | lr = 0.000946
epoch 004 | step 0480 | total = 3.3696 | box = 0.5248 | obj = 0.6969 | cls = 0.0490 | lr = 0.000946
[epoch 004 train] total = 3.4461 | box = 0.5391 | obj = 0.7015 | cls = 0.0493 | batches = 485 | time = 229.7s
[epoch 004 val] total = 3.0239 | box = 0.4477 | obj = 0.7261 | cls = 0.0595 | batches = 43 | time = 16.4s
epoch 005 | step 0001 | total = 3.3584 | box = 0.5198 | obj = 0.7093 | cls = 0.0503 | lr = 0.000905
epoch 005 | step 0020 | total = 3.3253 | box = 0.5133 | obj = 0.7114 | cls = 0.0472 | lr = 0.000905
epoch 005 | step 0040 | total = 3.4083 | box = 0.5314 | obj = 0.7025 | cls = 0.0486 | lr = 0.000905
epoch 005 | step 0060 | total = 3.3824 | box = 0.5277 | obj = 0.6953 | cls = 0.0485 | lr = 0.000905
epoch 005 | step 0080 | total = 3.2573 | box = 0.5002 | obj = 0.7087 | cls = 0.0475 | lr = 0.000905
epoch 005 | step 0100 | total = 3.4798 | box = 0.5453 | obj = 0.7035 | cls = 0.0500 | lr = 0.000905
epoch 005 | step 0120 | total = 3.3866 | box = 0.5277 | obj = 0.7000 | cls = 0.0483 | lr = 0.000905
epoch 005 | step 0140 | total = 3.3898 | box = 0.5287 | obj = 0.6981 | cls = 0.0484 | lr = 0.000905
epoch 005 | step 0160 | total = 3.3021 | box = 0.5113 | obj = 0.6974 | cls = 0.0480 | lr = 0.000905
epoch 005 | step 0180 | total = 3.2837 | box = 0.5098 | obj = 0.6869 | cls = 0.0478 | lr = 0.000905
epoch 005 | step 0200 | total = 3.3647 | box = 0.5258 | obj = 0.6890 | cls = 0.0466 | lr = 0.000905
epoch 005 | step 0220 | total = 3.3743 | box = 0.5259 | obj = 0.6973 | cls = 0.0473 | lr = 0.000905
epoch 005 | step 0240 | total = 3.4645 | box = 0.5443 | obj = 0.6954 | cls = 0.0473 | lr = 0.000905
epoch 005 | step 0260 | total = 3.2834 | box = 0.5062 | obj = 0.7042 | cls = 0.0483 | lr = 0.000905
epoch 005 | step 0280 | total = 3.2633 | box = 0.5025 | obj = 0.7025 | cls = 0.0482 | lr = 0.000905
epoch 005 | step 0300 | total = 3.2689 | box = 0.5041 | obj = 0.7014 | cls = 0.0470 | lr = 0.000905
epoch 005 | step 0320 | total = 3.3235 | box = 0.5181 | obj = 0.6840 | cls = 0.0492 | lr = 0.000905
epoch 005 | step 0340 | total = 3.5087 | box = 0.5534 | obj = 0.6932 | cls = 0.0486 | lr = 0.000905
epoch 005 | step 0360 | total = 3.4117 | box = 0.5352 | obj = 0.6885 | cls = 0.0471 | lr = 0.000905
epoch 005 | step 0380 | total = 3.3936 | box = 0.5295 | obj = 0.6970 | cls = 0.0490 | lr = 0.000905
epoch 005 | step 0400 | total = 3.2815 | box = 0.5048 | obj = 0.7065 | cls = 0.0513 | lr = 0.000905
epoch 005 | step 0420 | total = 3.2351 | box = 0.4975 | obj = 0.7026 | cls = 0.0452 | lr = 0.000905
epoch 005 | step 0440 | total = 3.3870 | box = 0.5297 | obj = 0.6893 | cls = 0.0492 | lr = 0.000905
epoch 005 | step 0460 | total = 3.2284 | box = 0.4967 | obj = 0.6963 | cls = 0.0488 | lr = 0.000905
epoch 005 | step 0480 | total = 3.3852 | box = 0.5322 | obj = 0.6786 | cls = 0.0455 | lr = 0.000905
[epoch 005 train] total = 3.3572 | box = 0.5230 | obj = 0.6941 | cls = 0.0482 | batches = 485 | time = 224.9s
[epoch 005 val] total = 2.9363 | box = 0.4340 | obj = 0.7068 | cls = 0.0595 | batches = 43 | time = 16.4s
epoch 006 | step 0001 | total = 3.3423 | box = 0.5219 | obj = 0.6835 | cls = 0.0491 | lr = 0.000855
epoch 006 | step 0020 | total = 3.3465 | box = 0.5252 | obj = 0.6748 | cls = 0.0458 | lr = 0.000855
epoch 006 | step 0040 | total = 3.2133 | box = 0.4936 | obj = 0.6971 | cls = 0.0483 | lr = 0.000855
epoch 006 | step 0060 | total = 3.4133 | box = 0.5366 | obj = 0.6824 | cls = 0.0478 | lr = 0.000855
epoch 006 | step 0080 | total = 3.4171 | box = 0.5378 | obj = 0.6808 | cls = 0.0475 | lr = 0.000855
epoch 006 | step 0100 | total = 3.3373 | box = 0.5254 | obj = 0.6626 | cls = 0.0478 | lr = 0.000855
epoch 006 | step 0120 | total = 3.2617 | box = 0.5063 | obj = 0.6821 | cls = 0.0479 | lr = 0.000855
epoch 006 | step 0140 | total = 3.3704 | box = 0.5300 | obj = 0.6749 | cls = 0.0455 | lr = 0.000855
epoch 006 | step 0160 | total = 3.1347 | box = 0.4762 | obj = 0.7067 | cls = 0.0471 | lr = 0.000855
epoch 006 | step 0180 | total = 3.2957 | box = 0.5137 | obj = 0.6790 | cls = 0.0482 | lr = 0.000855
epoch 006 | step 0200 | total = 3.3790 | box = 0.5280 | obj = 0.6900 | cls = 0.0490 | lr = 0.000855
epoch 006 | step 0220 | total = 3.2878 | box = 0.5105 | obj = 0.6878 | cls = 0.0475 | lr = 0.000855
epoch 006 | step 0240 | total = 3.2560 | box = 0.5061 | obj = 0.6805 | cls = 0.0451 | lr = 0.000855
epoch 006 | step 0260 | total = 3.2901 | box = 0.5098 | obj = 0.6932 | cls = 0.0477 | lr = 0.000855
epoch 006 | step 0280 | total = 3.3196 | box = 0.5182 | obj = 0.6818 | cls = 0.0466 | lr = 0.000855
epoch 006 | step 0300 | total = 3.2034 | box = 0.4898 | obj = 0.7053 | cls = 0.0490 | lr = 0.000855
epoch 006 | step 0320 | total = 3.3001 | box = 0.5090 | obj = 0.7094 | cls = 0.0457 | lr = 0.000855
epoch 006 | step 0340 | total = 3.2451 | box = 0.5021 | obj = 0.6871 | cls = 0.0474 | lr = 0.000855
epoch 006 | step 0360 | total = 3.1895 | box = 0.4899 | obj = 0.6930 | cls = 0.0473 | lr = 0.000855
epoch 006 | step 0380 | total = 3.3480 | box = 0.5248 | obj = 0.6785 | cls = 0.0453 | lr = 0.000855
epoch 006 | step 0400 | total = 3.2330 | box = 0.5002 | obj = 0.6854 | cls = 0.0466 | lr = 0.000855
epoch 006 | step 0420 | total = 3.2793 | box = 0.5117 | obj = 0.6734 | cls = 0.0472 | lr = 0.000855
epoch 006 | step 0440 | total = 3.2874 | box = 0.5115 | obj = 0.6825 | cls = 0.0473 | lr = 0.000855
epoch 006 | step 0460 | total = 3.2164 | box = 0.4977 | obj = 0.6816 | cls = 0.0464 | lr = 0.000855
epoch 006 | step 0480 | total = 3.2637 | box = 0.5054 | obj = 0.6904 | cls = 0.0465 | lr = 0.000855
[epoch 006 train] total = 3.2835 | box = 0.5099 | obj = 0.6868 | cls = 0.0471 | batches = 485 | time = 221.8s
[epoch 006 val] total = 2.9090 | box = 0.4301 | obj = 0.6997 | cls = 0.0590 | batches = 43 | time = 18.0s
epoch 007 | step 0001 | total = 3.2238 | box = 0.4923 | obj = 0.7136 | cls = 0.0485 | lr = 0.000796
epoch 007 | step 0020 | total = 3.2666 | box = 0.5091 | obj = 0.6746 | cls = 0.0463 | lr = 0.000796
epoch 007 | step 0040 | total = 3.1152 | box = 0.4783 | obj = 0.6774 | cls = 0.0463 | lr = 0.000796
epoch 007 | step 0060 | total = 3.1480 | box = 0.4877 | obj = 0.6632 | cls = 0.0463 | lr = 0.000796
epoch 007 | step 0080 | total = 3.2099 | box = 0.4952 | obj = 0.6875 | cls = 0.0466 | lr = 0.000796
epoch 007 | step 0100 | total = 3.2672 | box = 0.5089 | obj = 0.6778 | cls = 0.0450 | lr = 0.000796
epoch 007 | step 0120 | total = 3.2224 | box = 0.4970 | obj = 0.6890 | cls = 0.0482 | lr = 0.000796
epoch 007 | step 0140 | total = 3.2361 | box = 0.4997 | obj = 0.6925 | cls = 0.0450 | lr = 0.000796
epoch 007 | step 0160 | total = 3.2197 | box = 0.4976 | obj = 0.6842 | cls = 0.0473 | lr = 0.000796
epoch 007 | step 0180 | total = 3.1150 | box = 0.4771 | obj = 0.6826 | cls = 0.0468 | lr = 0.000796
epoch 007 | step 0200 | total = 3.2981 | box = 0.5160 | obj = 0.6729 | cls = 0.0450 | lr = 0.000796
epoch 007 | step 0220 | total = 3.3733 | box = 0.5312 | obj = 0.6739 | cls = 0.0433 | lr = 0.000796
epoch 007 | step 0240 | total = 3.2319 | box = 0.4993 | obj = 0.6904 | cls = 0.0451 | lr = 0.000796
epoch 007 | step 0260 | total = 3.3657 | box = 0.5284 | obj = 0.6767 | cls = 0.0472 | lr = 0.000796
epoch 007 | step 0280 | total = 3.1961 | box = 0.4944 | obj = 0.6782 | cls = 0.0460 | lr = 0.000796
epoch 007 | step 0300 | total = 3.2817 | box = 0.5098 | obj = 0.6850 | cls = 0.0477 | lr = 0.000796
epoch 007 | step 0320 | total = 3.3322 | box = 0.5215 | obj = 0.6792 | cls = 0.0456 | lr = 0.000796
epoch 007 | step 0340 | total = 3.2218 | box = 0.4954 | obj = 0.6982 | cls = 0.0464 | lr = 0.000796
epoch 007 | step 0360 | total = 3.2594 | box = 0.5063 | obj = 0.6814 | cls = 0.0467 | lr = 0.000796
epoch 007 | step 0380 | total = 3.2966 | box = 0.5149 | obj = 0.6761 | cls = 0.0460 | lr = 0.000796
epoch 007 | step 0400 | total = 3.1858 | box = 0.4919 | obj = 0.6807 | cls = 0.0456 | lr = 0.000796
epoch 007 | step 0420 | total = 3.0897 | box = 0.4691 | obj = 0.6984 | cls = 0.0457 | lr = 0.000796
epoch 007 | step 0440 | total = 3.3219 | box = 0.5208 | obj = 0.6721 | cls = 0.0457 | lr = 0.000796
epoch 007 | step 0460 | total = 3.2468 | box = 0.5066 | obj = 0.6685 | cls = 0.0455 | lr = 0.000796
epoch 007 | step 0480 | total = 3.2140 | box = 0.4988 | obj = 0.6745 | cls = 0.0453 | lr = 0.000796
[epoch 007 train] total = 3.2182 | box = 0.4983 | obj = 0.6807 | cls = 0.0462 | batches = 485 | time = 225.2s
[epoch 007 val] total = 2.7972 | box = 0.4097 | obj = 0.6905 | cls = 0.0581 | batches = 43 | time = 17.6s
epoch 008 | step 0001 | total = 2.9151 | box = 0.4400 | obj = 0.6695 | cls = 0.0454 | lr = 0.000730
epoch 008 | step 0020 | total = 3.1748 | box = 0.4921 | obj = 0.6695 | cls = 0.0447 | lr = 0.000730
epoch 008 | step 0040 | total = 3.0577 | box = 0.4639 | obj = 0.6919 | cls = 0.0464 | lr = 0.000730
epoch 008 | step 0060 | total = 3.1255 | box = 0.4787 | obj = 0.6863 | cls = 0.0458 | lr = 0.000730
epoch 008 | step 0080 | total = 3.1003 | box = 0.4774 | obj = 0.6687 | cls = 0.0448 | lr = 0.000730
epoch 008 | step 0100 | total = 3.1670 | box = 0.4871 | obj = 0.6848 | cls = 0.0465 | lr = 0.000730
epoch 008 | step 0120 | total = 3.2140 | box = 0.4994 | obj = 0.6725 | cls = 0.0446 | lr = 0.000730
epoch 008 | step 0140 | total = 3.0528 | box = 0.4654 | obj = 0.6807 | cls = 0.0448 | lr = 0.000730
epoch 008 | step 0160 | total = 3.2132 | box = 0.4975 | obj = 0.6802 | cls = 0.0456 | lr = 0.000730
epoch 008 | step 0180 | total = 3.0985 | box = 0.4750 | obj = 0.6798 | cls = 0.0438 | lr = 0.000730
epoch 008 | step 0200 | total = 3.2631 | box = 0.5115 | obj = 0.6600 | cls = 0.0453 | lr = 0.000730
epoch 008 | step 0220 | total = 3.1662 | box = 0.4863 | obj = 0.6878 | cls = 0.0467 | lr = 0.000730
epoch 008 | step 0240 | total = 3.2249 | box = 0.5041 | obj = 0.6616 | cls = 0.0428 | lr = 0.000730
epoch 008 | step 0260 | total = 3.1332 | box = 0.4819 | obj = 0.6788 | cls = 0.0450 | lr = 0.000730
epoch 008 | step 0280 | total = 3.2316 | box = 0.5009 | obj = 0.6809 | cls = 0.0460 | lr = 0.000730
epoch 008 | step 0300 | total = 3.2518 | box = 0.5082 | obj = 0.6654 | cls = 0.0453 | lr = 0.000730
epoch 008 | step 0320 | total = 3.3054 | box = 0.5192 | obj = 0.6632 | cls = 0.0461 | lr = 0.000730
epoch 008 | step 0340 | total = 3.0819 | box = 0.4720 | obj = 0.6766 | cls = 0.0455 | lr = 0.000730
epoch 008 | step 0360 | total = 3.2095 | box = 0.4956 | obj = 0.6875 | cls = 0.0439 | lr = 0.000730
epoch 008 | step 0380 | total = 3.0592 | box = 0.4700 | obj = 0.6639 | cls = 0.0454 | lr = 0.000730
epoch 008 | step 0400 | total = 3.1093 | box = 0.4778 | obj = 0.6751 | cls = 0.0453 | lr = 0.000730
epoch 008 | step 0420 | total = 3.1412 | box = 0.4871 | obj = 0.6607 | cls = 0.0450 | lr = 0.000730
epoch 008 | step 0440 | total = 3.1769 | box = 0.4871 | obj = 0.6949 | cls = 0.0465 | lr = 0.000730
epoch 008 | step 0460 | total = 3.2303 | box = 0.4990 | obj = 0.6871 | cls = 0.0483 | lr = 0.000730
epoch 008 | step 0480 | total = 3.0921 | box = 0.4749 | obj = 0.6718 | cls = 0.0458 | lr = 0.000730
[epoch 008 train] total = 3.1546 | box = 0.4871 | obj = 0.6740 | cls = 0.0452 | batches = 485 | time = 224.5s
[epoch 008 val] total = 2.7733 | box = 0.4068 | obj = 0.6813 | cls = 0.0580 | batches = 43 | time = 18.5s
epoch 009 | step 0001 | total = 3.0129 | box = 0.4594 | obj = 0.6689 | cls = 0.0468 | lr = 0.000658
epoch 009 | step 0020 | total = 3.1256 | box = 0.4819 | obj = 0.6724 | cls = 0.0436 | lr = 0.000658
epoch 009 | step 0040 | total = 3.0823 | box = 0.4723 | obj = 0.6756 | cls = 0.0452 | lr = 0.000658
epoch 009 | step 0060 | total = 3.2696 | box = 0.5129 | obj = 0.6605 | cls = 0.0446 | lr = 0.000658
epoch 009 | step 0080 | total = 3.1713 | box = 0.4936 | obj = 0.6593 | cls = 0.0439 | lr = 0.000658
epoch 009 | step 0100 | total = 3.0422 | box = 0.4710 | obj = 0.6447 | cls = 0.0422 | lr = 0.000658
epoch 009 | step 0120 | total = 3.1454 | box = 0.4880 | obj = 0.6608 | cls = 0.0446 | lr = 0.000658
epoch 009 | step 0140 | total = 3.1726 | box = 0.4895 | obj = 0.6801 | cls = 0.0449 | lr = 0.000658
epoch 009 | step 0160 | total = 3.1086 | box = 0.4786 | obj = 0.6722 | cls = 0.0435 | lr = 0.000658
epoch 009 | step 0180 | total = 3.0819 | box = 0.4715 | obj = 0.6781 | cls = 0.0465 | lr = 0.000658
epoch 009 | step 0200 | total = 3.1238 | box = 0.4808 | obj = 0.6734 | cls = 0.0465 | lr = 0.000658
epoch 009 | step 0220 | total = 3.0886 | box = 0.4732 | obj = 0.6778 | cls = 0.0447 | lr = 0.000658
epoch 009 | step 0240 | total = 2.9520 | box = 0.4454 | obj = 0.6803 | cls = 0.0449 | lr = 0.000658
epoch 009 | step 0260 | total = 2.9747 | box = 0.4520 | obj = 0.6696 | cls = 0.0451 | lr = 0.000658
epoch 009 | step 0280 | total = 3.1273 | box = 0.4839 | obj = 0.6628 | cls = 0.0447 | lr = 0.000658
epoch 009 | step 0300 | total = 3.0899 | box = 0.4758 | obj = 0.6652 | cls = 0.0455 | lr = 0.000658
epoch 009 | step 0320 | total = 3.1771 | box = 0.4957 | obj = 0.6546 | cls = 0.0437 | lr = 0.000658
epoch 009 | step 0340 | total = 3.0478 | box = 0.4676 | obj = 0.6634 | cls = 0.0462 | lr = 0.000658
epoch 009 | step 0360 | total = 3.1612 | box = 0.4908 | obj = 0.6632 | cls = 0.0442 | lr = 0.000658
epoch 009 | step 0380 | total = 3.0930 | box = 0.4748 | obj = 0.6747 | cls = 0.0441 | lr = 0.000658
epoch 009 | step 0400 | total = 3.0814 | box = 0.4720 | obj = 0.6775 | cls = 0.0438 | lr = 0.000658
epoch 009 | step 0420 | total = 3.1399 | box = 0.4853 | obj = 0.6705 | cls = 0.0429 | lr = 0.000658
epoch 009 | step 0440 | total = 3.1062 | box = 0.4783 | obj = 0.6701 | cls = 0.0448 | lr = 0.000658
epoch 009 | step 0460 | total = 3.0873 | box = 0.4751 | obj = 0.6673 | cls = 0.0442 | lr = 0.000658
epoch 009 | step 0480 | total = 3.1184 | box = 0.4801 | obj = 0.6724 | cls = 0.0457 | lr = 0.000658
[epoch 009 train] total = 3.0943 | box = 0.4764 | obj = 0.6679 | cls = 0.0444 | batches = 485 | time = 223.9s
[epoch 009 val] total = 2.7376 | box = 0.4011 | obj = 0.6748 | cls = 0.0576 | batches = 43 | time = 19.1s
epoch 010 | step 0001 | total = 3.0365 | box = 0.4627 | obj = 0.6782 | cls = 0.0449 | lr = 0.000582
epoch 010 | step 0020 | total = 2.9796 | box = 0.4560 | obj = 0.6561 | cls = 0.0433 | lr = 0.000582
epoch 010 | step 0040 | total = 3.0068 | box = 0.4601 | obj = 0.6627 | cls = 0.0437 | lr = 0.000582
epoch 010 | step 0060 | total = 3.0002 | box = 0.4575 | obj = 0.6685 | cls = 0.0443 | lr = 0.000582
epoch 010 | step 0080 | total = 2.9662 | box = 0.4504 | obj = 0.6675 | cls = 0.0466 | lr = 0.000582
epoch 010 | step 0100 | total = 2.9146 | box = 0.4387 | obj = 0.6764 | cls = 0.0445 | lr = 0.000582
epoch 010 | step 0120 | total = 3.0876 | box = 0.4741 | obj = 0.6719 | cls = 0.0452 | lr = 0.000582
epoch 010 | step 0140 | total = 3.0142 | box = 0.4612 | obj = 0.6644 | cls = 0.0438 | lr = 0.000582
epoch 010 | step 0160 | total = 2.9886 | box = 0.4569 | obj = 0.6602 | cls = 0.0441 | lr = 0.000582
epoch 010 | step 0180 | total = 3.0814 | box = 0.4751 | obj = 0.6616 | cls = 0.0441 | lr = 0.000582
epoch 010 | step 0200 | total = 3.0019 | box = 0.4572 | obj = 0.6711 | cls = 0.0446 | lr = 0.000582
epoch 010 | step 0220 | total = 3.0851 | box = 0.4759 | obj = 0.6618 | cls = 0.0437 | lr = 0.000582
epoch 010 | step 0240 | total = 3.0906 | box = 0.4757 | obj = 0.6684 | cls = 0.0434 | lr = 0.000582
epoch 010 | step 0260 | total = 2.9901 | box = 0.4573 | obj = 0.6598 | cls = 0.0437 | lr = 0.000582
epoch 010 | step 0280 | total = 2.9795 | box = 0.4577 | obj = 0.6456 | cls = 0.0451 | lr = 0.000582
epoch 010 | step 0300 | total = 3.0141 | box = 0.4658 | obj = 0.6409 | cls = 0.0439 | lr = 0.000582
epoch 010 | step 0320 | total = 3.0639 | box = 0.4681 | obj = 0.6801 | cls = 0.0434 | lr = 0.000582
epoch 010 | step 0340 | total = 3.0188 | box = 0.4605 | obj = 0.6701 | cls = 0.0462 | lr = 0.000582
epoch 010 | step 0360 | total = 2.9019 | box = 0.4378 | obj = 0.6687 | cls = 0.0442 | lr = 0.000582
epoch 010 | step 0380 | total = 2.9774 | box = 0.4544 | obj = 0.6631 | cls = 0.0425 | lr = 0.000582
epoch 010 | step 0400 | total = 2.9997 | box = 0.4579 | obj = 0.6673 | cls = 0.0430 | lr = 0.000582
epoch 010 | step 0420 | total = 3.0382 | box = 0.4701 | obj = 0.6437 | cls = 0.0439 | lr = 0.000582
epoch 010 | step 0440 | total = 2.9942 | box = 0.4556 | obj = 0.6723 | cls = 0.0439 | lr = 0.000582
epoch 010 | step 0460 | total = 3.1439 | box = 0.4901 | obj = 0.6502 | cls = 0.0431 | lr = 0.000582
epoch 010 | step 0480 | total = 2.9945 | box = 0.4575 | obj = 0.6642 | cls = 0.0430 | lr = 0.000582
[epoch 010 train] total = 3.0331 | box = 0.4656 | obj = 0.6615 | cls = 0.0437 | batches = 485 | time = 218.1s
[epoch 010 val] total = 2.7818 | box = 0.4077 | obj = 0.6854 | cls = 0.0578 | batches = 43 | time = 18.0s
epoch 011 | step 0001 | total = 2.9542 | box = 0.4524 | obj = 0.6477 | cls = 0.0447 | lr = 0.000505
epoch 011 | step 0020 | total = 3.0970 | box = 0.4840 | obj = 0.6341 | cls = 0.0427 | lr = 0.000505
epoch 011 | step 0040 | total = 3.0686 | box = 0.4755 | obj = 0.6490 | cls = 0.0419 | lr = 0.000505
epoch 011 | step 0060 | total = 2.9346 | box = 0.4475 | obj = 0.6533 | cls = 0.0439 | lr = 0.000505
epoch 011 | step 0080 | total = 3.0471 | box = 0.4713 | obj = 0.6464 | cls = 0.0444 | lr = 0.000505
epoch 011 | step 0100 | total = 3.0721 | box = 0.4763 | obj = 0.6499 | cls = 0.0406 | lr = 0.000505
epoch 011 | step 0120 | total = 3.0130 | box = 0.4653 | obj = 0.6428 | cls = 0.0436 | lr = 0.000505
epoch 011 | step 0140 | total = 2.9270 | box = 0.4449 | obj = 0.6593 | cls = 0.0431 | lr = 0.000505
epoch 011 | step 0160 | total = 2.9415 | box = 0.4509 | obj = 0.6469 | cls = 0.0399 | lr = 0.000505
epoch 011 | step 0180 | total = 2.9003 | box = 0.4405 | obj = 0.6550 | cls = 0.0429 | lr = 0.000505
epoch 011 | step 0200 | total = 2.9842 | box = 0.4553 | obj = 0.6639 | cls = 0.0439 | lr = 0.000505
epoch 011 | step 0220 | total = 3.0889 | box = 0.4773 | obj = 0.6599 | cls = 0.0423 | lr = 0.000505
epoch 011 | step 0240 | total = 2.8880 | box = 0.4351 | obj = 0.6688 | cls = 0.0437 | lr = 0.000505
epoch 011 | step 0260 | total = 2.9528 | box = 0.4479 | obj = 0.6714 | cls = 0.0421 | lr = 0.000505
epoch 011 | step 0280 | total = 3.0992 | box = 0.4824 | obj = 0.6450 | cls = 0.0421 | lr = 0.000505
epoch 011 | step 0300 | total = 2.9582 | box = 0.4513 | obj = 0.6577 | cls = 0.0439 | lr = 0.000505
epoch 011 | step 0320 | total = 2.8952 | box = 0.4389 | obj = 0.6568 | cls = 0.0440 | lr = 0.000505
epoch 011 | step 0340 | total = 2.9431 | box = 0.4489 | obj = 0.6552 | cls = 0.0433 | lr = 0.000505
epoch 011 | step 0360 | total = 2.8961 | box = 0.4388 | obj = 0.6600 | cls = 0.0421 | lr = 0.000505
epoch 011 | step 0380 | total = 3.0794 | box = 0.4764 | obj = 0.6519 | cls = 0.0454 | lr = 0.000505
epoch 011 | step 0400 | total = 3.1146 | box = 0.4812 | obj = 0.6647 | cls = 0.0439 | lr = 0.000505
epoch 011 | step 0420 | total = 2.9852 | box = 0.4591 | obj = 0.6487 | cls = 0.0411 | lr = 0.000505
epoch 011 | step 0440 | total = 3.1209 | box = 0.4858 | obj = 0.6495 | cls = 0.0424 | lr = 0.000505
epoch 011 | step 0460 | total = 2.9421 | box = 0.4514 | obj = 0.6414 | cls = 0.0438 | lr = 0.000505
epoch 011 | step 0480 | total = 2.9767 | box = 0.4568 | obj = 0.6492 | cls = 0.0434 | lr = 0.000505
[epoch 011 train] total = 2.9680 | box = 0.4541 | obj = 0.6543 | cls = 0.0431 | batches = 485 | time = 224.9s
[epoch 011 val] total = 2.6731 | box = 0.3910 | obj = 0.6615 | cls = 0.0567 | batches = 43 | time = 16.6s
epoch 012 | step 0001 | total = 3.0092 | box = 0.4645 | obj = 0.6430 | cls = 0.0438 | lr = 0.000428
epoch 012 | step 0020 | total = 2.8442 | box = 0.4292 | obj = 0.6569 | cls = 0.0414 | lr = 0.000428
epoch 012 | step 0040 | total = 2.9115 | box = 0.4406 | obj = 0.6671 | cls = 0.0414 | lr = 0.000428
epoch 012 | step 0060 | total = 2.9855 | box = 0.4590 | obj = 0.6493 | cls = 0.0414 | lr = 0.000428
epoch 012 | step 0080 | total = 2.9692 | box = 0.4563 | obj = 0.6454 | cls = 0.0424 | lr = 0.000428
epoch 012 | step 0100 | total = 2.8781 | box = 0.4380 | obj = 0.6449 | cls = 0.0434 | lr = 0.000428
epoch 012 | step 0120 | total = 2.9745 | box = 0.4570 | obj = 0.6482 | cls = 0.0412 | lr = 0.000428
epoch 012 | step 0140 | total = 2.9954 | box = 0.4607 | obj = 0.6492 | cls = 0.0425 | lr = 0.000428
epoch 012 | step 0160 | total = 2.9080 | box = 0.4445 | obj = 0.6425 | cls = 0.0430 | lr = 0.000428
epoch 012 | step 0180 | total = 2.7906 | box = 0.4193 | obj = 0.6527 | cls = 0.0414 | lr = 0.000428
epoch 012 | step 0200 | total = 2.9742 | box = 0.4605 | obj = 0.6279 | cls = 0.0437 | lr = 0.000428
epoch 012 | step 0220 | total = 2.9526 | box = 0.4495 | obj = 0.6620 | cls = 0.0431 | lr = 0.000428
epoch 012 | step 0240 | total = 2.8945 | box = 0.4396 | obj = 0.6545 | cls = 0.0420 | lr = 0.000428
epoch 012 | step 0260 | total = 2.7480 | box = 0.4092 | obj = 0.6577 | cls = 0.0442 | lr = 0.000428
epoch 012 | step 0280 | total = 2.8203 | box = 0.4242 | obj = 0.6570 | cls = 0.0421 | lr = 0.000428
epoch 012 | step 0300 | total = 2.8983 | box = 0.4396 | obj = 0.6577 | cls = 0.0426 | lr = 0.000428
epoch 012 | step 0320 | total = 2.9774 | box = 0.4592 | obj = 0.6392 | cls = 0.0424 | lr = 0.000428
epoch 012 | step 0340 | total = 2.9714 | box = 0.4578 | obj = 0.6400 | cls = 0.0426 | lr = 0.000428
epoch 012 | step 0360 | total = 2.9396 | box = 0.4507 | obj = 0.6441 | cls = 0.0421 | lr = 0.000428
epoch 012 | step 0380 | total = 2.8938 | box = 0.4415 | obj = 0.6454 | cls = 0.0408 | lr = 0.000428
epoch 012 | step 0400 | total = 2.7972 | box = 0.4188 | obj = 0.6598 | cls = 0.0434 | lr = 0.000428
epoch 012 | step 0420 | total = 2.9428 | box = 0.4527 | obj = 0.6373 | cls = 0.0422 | lr = 0.000428
epoch 012 | step 0440 | total = 2.9229 | box = 0.4455 | obj = 0.6536 | cls = 0.0417 | lr = 0.000428
epoch 012 | step 0460 | total = 2.9404 | box = 0.4501 | obj = 0.6470 | cls = 0.0430 | lr = 0.000428
epoch 012 | step 0480 | total = 2.9677 | box = 0.4551 | obj = 0.6495 | cls = 0.0425 | lr = 0.000428
[epoch 012 train] total = 2.8996 | box = 0.4422 | obj = 0.6462 | cls = 0.0426 | batches = 485 | time = 221.5s
[epoch 012 val] total = 2.6942 | box = 0.3931 | obj = 0.6716 | cls = 0.0570 | batches = 43 | time = 16.6s
epoch 013 | step 0001 | total = 2.7111 | box = 0.4058 | obj = 0.6392 | cls = 0.0427 | lr = 0.000352
epoch 013 | step 0020 | total = 2.8148 | box = 0.4263 | obj = 0.6416 | cls = 0.0418 | lr = 0.000352
epoch 013 | step 0040 | total = 2.8235 | box = 0.4276 | obj = 0.6440 | cls = 0.0416 | lr = 0.000352
epoch 013 | step 0060 | total = 2.9525 | box = 0.4530 | obj = 0.6457 | cls = 0.0418 | lr = 0.000352
epoch 013 | step 0080 | total = 2.8878 | box = 0.4406 | obj = 0.6418 | cls = 0.0432 | lr = 0.000352
epoch 013 | step 0100 | total = 2.7506 | box = 0.4143 | obj = 0.6367 | cls = 0.0424 | lr = 0.000352
epoch 013 | step 0120 | total = 2.8670 | box = 0.4371 | obj = 0.6399 | cls = 0.0413 | lr = 0.000352
epoch 013 | step 0140 | total = 2.7901 | box = 0.4230 | obj = 0.6341 | cls = 0.0409 | lr = 0.000352
epoch 013 | step 0160 | total = 2.7959 | box = 0.4253 | obj = 0.6270 | cls = 0.0422 | lr = 0.000352
epoch 013 | step 0180 | total = 2.8488 | box = 0.4297 | obj = 0.6581 | cls = 0.0420 | lr = 0.000352
epoch 013 | step 0200 | total = 2.8236 | box = 0.4289 | obj = 0.6376 | cls = 0.0414 | lr = 0.000352
epoch 013 | step 0220 | total = 2.8759 | box = 0.4386 | obj = 0.6420 | cls = 0.0410 | lr = 0.000352
epoch 013 | step 0240 | total = 2.7978 | box = 0.4253 | obj = 0.6293 | cls = 0.0420 | lr = 0.000352
epoch 013 | step 0260 | total = 2.9152 | box = 0.4436 | obj = 0.6556 | cls = 0.0419 | lr = 0.000352
epoch 013 | step 0280 | total = 2.9070 | box = 0.4450 | obj = 0.6400 | cls = 0.0422 | lr = 0.000352
epoch 013 | step 0300 | total = 2.7163 | box = 0.4092 | obj = 0.6274 | cls = 0.0428 | lr = 0.000352
epoch 013 | step 0320 | total = 2.7550 | box = 0.4137 | obj = 0.6419 | cls = 0.0445 | lr = 0.000352
epoch 013 | step 0340 | total = 2.8853 | box = 0.4410 | obj = 0.6383 | cls = 0.0422 | lr = 0.000352
epoch 013 | step 0360 | total = 2.8379 | box = 0.4321 | obj = 0.6341 | cls = 0.0433 | lr = 0.000352
epoch 013 | step 0380 | total = 2.8120 | box = 0.4275 | obj = 0.6331 | cls = 0.0413 | lr = 0.000352
epoch 013 | step 0400 | total = 2.9608 | box = 0.4565 | obj = 0.6367 | cls = 0.0414 | lr = 0.000352
epoch 013 | step 0420 | total = 2.8185 | box = 0.4315 | obj = 0.6202 | cls = 0.0408 | lr = 0.000352
epoch 013 | step 0440 | total = 2.7801 | box = 0.4201 | obj = 0.6387 | cls = 0.0409 | lr = 0.000352
epoch 013 | step 0460 | total = 2.7680 | box = 0.4170 | obj = 0.6414 | cls = 0.0418 | lr = 0.000352
epoch 013 | step 0480 | total = 2.8694 | box = 0.4376 | obj = 0.6405 | cls = 0.0410 | lr = 0.000352
[epoch 013 train] total = 2.8262 | box = 0.4293 | obj = 0.6376 | cls = 0.0421 | batches = 485 | time = 224.8s
[epoch 013 val] total = 2.6442 | box = 0.3856 | obj = 0.6587 | cls = 0.0577 | batches = 43 | time = 16.8s
epoch 014 | step 0001 | total = 2.7498 | box = 0.4139 | obj = 0.6390 | cls = 0.0412 | lr = 0.000280
epoch 014 | step 0020 | total = 2.6510 | box = 0.3965 | obj = 0.6265 | cls = 0.0422 | lr = 0.000280
epoch 014 | step 0040 | total = 2.9085 | box = 0.4462 | obj = 0.6350 | cls = 0.0425 | lr = 0.000280
epoch 014 | step 0060 | total = 2.8021 | box = 0.4245 | obj = 0.6386 | cls = 0.0408 | lr = 0.000280
epoch 014 | step 0080 | total = 2.6074 | box = 0.3849 | obj = 0.6397 | cls = 0.0434 | lr = 0.000280
epoch 014 | step 0100 | total = 2.8311 | box = 0.4329 | obj = 0.6251 | cls = 0.0417 | lr = 0.000280
epoch 014 | step 0120 | total = 2.7237 | box = 0.4071 | obj = 0.6452 | cls = 0.0429 | lr = 0.000280
epoch 014 | step 0140 | total = 2.7331 | box = 0.4130 | obj = 0.6284 | cls = 0.0395 | lr = 0.000280
epoch 014 | step 0160 | total = 2.6750 | box = 0.4016 | obj = 0.6255 | cls = 0.0413 | lr = 0.000280
epoch 014 | step 0180 | total = 2.6532 | box = 0.3940 | obj = 0.6403 | cls = 0.0430 | lr = 0.000280
epoch 014 | step 0200 | total = 2.7551 | box = 0.4192 | obj = 0.6198 | cls = 0.0394 | lr = 0.000280
epoch 014 | step 0220 | total = 2.7431 | box = 0.4161 | obj = 0.6210 | cls = 0.0415 | lr = 0.000280
epoch 014 | step 0240 | total = 2.7471 | box = 0.4140 | obj = 0.6342 | cls = 0.0427 | lr = 0.000280
epoch 014 | step 0260 | total = 2.7484 | box = 0.4173 | obj = 0.6208 | cls = 0.0410 | lr = 0.000280
epoch 014 | step 0280 | total = 2.7896 | box = 0.4242 | obj = 0.6263 | cls = 0.0423 | lr = 0.000280
epoch 014 | step 0300 | total = 2.7713 | box = 0.4202 | obj = 0.6278 | cls = 0.0422 | lr = 0.000280
epoch 014 | step 0320 | total = 2.7173 | box = 0.4138 | obj = 0.6071 | cls = 0.0412 | lr = 0.000280
epoch 014 | step 0340 | total = 2.8028 | box = 0.4264 | obj = 0.6293 | cls = 0.0413 | lr = 0.000280
epoch 014 | step 0360 | total = 2.6304 | box = 0.3922 | obj = 0.6270 | cls = 0.0423 | lr = 0.000280
epoch 014 | step 0380 | total = 2.8296 | box = 0.4320 | obj = 0.6280 | cls = 0.0415 | lr = 0.000280
epoch 014 | step 0400 | total = 2.8260 | box = 0.4289 | obj = 0.6391 | cls = 0.0423 | lr = 0.000280
epoch 014 | step 0420 | total = 2.7174 | box = 0.4115 | obj = 0.6176 | cls = 0.0422 | lr = 0.000280
epoch 014 | step 0440 | total = 2.7156 | box = 0.4130 | obj = 0.6077 | cls = 0.0430 | lr = 0.000280
epoch 014 | step 0460 | total = 2.8576 | box = 0.4349 | obj = 0.6410 | cls = 0.0422 | lr = 0.000280
epoch 014 | step 0480 | total = 2.6431 | box = 0.3948 | obj = 0.6286 | cls = 0.0406 | lr = 0.000280
[epoch 014 train] total = 2.7496 | box = 0.4160 | obj = 0.6278 | cls = 0.0417 | batches = 485 | time = 222.1s
[epoch 014 val] total = 2.6756 | box = 0.3889 | obj = 0.6746 | cls = 0.0564 | batches = 43 | time = 17.3s
epoch 015 | step 0001 | total = 2.5649 | box = 0.3824 | obj = 0.6109 | cls = 0.0419 | lr = 0.000214
epoch 015 | step 0020 | total = 2.6495 | box = 0.3976 | obj = 0.6199 | cls = 0.0417 | lr = 0.000214
epoch 015 | step 0040 | total = 2.5979 | box = 0.3884 | obj = 0.6152 | cls = 0.0408 | lr = 0.000214
epoch 015 | step 0060 | total = 2.6381 | box = 0.3948 | obj = 0.6212 | cls = 0.0428 | lr = 0.000214
epoch 015 | step 0080 | total = 2.7123 | box = 0.4107 | obj = 0.6172 | cls = 0.0417 | lr = 0.000214
epoch 015 | step 0100 | total = 2.6476 | box = 0.3990 | obj = 0.6126 | cls = 0.0400 | lr = 0.000214
epoch 015 | step 0120 | total = 2.7160 | box = 0.4110 | obj = 0.6220 | cls = 0.0392 | lr = 0.000214
epoch 015 | step 0140 | total = 2.6476 | box = 0.3958 | obj = 0.6280 | cls = 0.0407 | lr = 0.000214
epoch 015 | step 0160 | total = 2.6069 | box = 0.3861 | obj = 0.6339 | cls = 0.0427 | lr = 0.000214
epoch 015 | step 0180 | total = 2.7181 | box = 0.4090 | obj = 0.6310 | cls = 0.0420 | lr = 0.000214
epoch 015 | step 0200 | total = 2.6358 | box = 0.3962 | obj = 0.6138 | cls = 0.0408 | lr = 0.000214
epoch 015 | step 0220 | total = 2.6499 | box = 0.4015 | obj = 0.6011 | cls = 0.0413 | lr = 0.000214
epoch 015 | step 0240 | total = 2.6741 | box = 0.4023 | obj = 0.6219 | cls = 0.0407 | lr = 0.000214
epoch 015 | step 0260 | total = 2.6253 | box = 0.3939 | obj = 0.6154 | cls = 0.0402 | lr = 0.000214
epoch 015 | step 0280 | total = 2.6443 | box = 0.3953 | obj = 0.6258 | cls = 0.0419 | lr = 0.000214
epoch 015 | step 0300 | total = 2.7426 | box = 0.4162 | obj = 0.6211 | cls = 0.0407 | lr = 0.000214
epoch 015 | step 0320 | total = 2.6769 | box = 0.4037 | obj = 0.6183 | cls = 0.0401 | lr = 0.000214
epoch 015 | step 0340 | total = 2.6866 | box = 0.4025 | obj = 0.6320 | cls = 0.0421 | lr = 0.000214
epoch 015 | step 0360 | total = 2.7054 | box = 0.4100 | obj = 0.6123 | cls = 0.0432 | lr = 0.000214
epoch 015 | step 0380 | total = 2.6913 | box = 0.4035 | obj = 0.6321 | cls = 0.0416 | lr = 0.000214
epoch 015 | step 0400 | total = 2.6558 | box = 0.4008 | obj = 0.6092 | cls = 0.0428 | lr = 0.000214
epoch 015 | step 0420 | total = 2.7619 | box = 0.4204 | obj = 0.6193 | cls = 0.0406 | lr = 0.000214
epoch 015 | step 0440 | total = 2.6480 | box = 0.3980 | obj = 0.6174 | cls = 0.0406 | lr = 0.000214
epoch 015 | step 0460 | total = 2.6816 | box = 0.4068 | obj = 0.6085 | cls = 0.0392 | lr = 0.000214
epoch 015 | step 0480 | total = 2.5693 | box = 0.3826 | obj = 0.6171 | cls = 0.0391 | lr = 0.000214
[epoch 015 train] total = 2.6703 | box = 0.4023 | obj = 0.6173 | cls = 0.0413 | batches = 485 | time = 229.2s
[epoch 015 val] total = 2.6260 | box = 0.3817 | obj = 0.6602 | cls = 0.0572 | batches = 43 | time = 17.0s
epoch 016 | step 0001 | total = 2.5117 | box = 0.3753 | obj = 0.5936 | cls = 0.0414 | lr = 0.000155
epoch 016 | step 0020 | total = 2.4247 | box = 0.3570 | obj = 0.6001 | cls = 0.0395 | lr = 0.000155
epoch 016 | step 0040 | total = 2.5576 | box = 0.3820 | obj = 0.6088 | cls = 0.0390 | lr = 0.000155
epoch 016 | step 0060 | total = 2.6596 | box = 0.4039 | obj = 0.5996 | cls = 0.0407 | lr = 0.000155
epoch 016 | step 0080 | total = 2.5300 | box = 0.3764 | obj = 0.6076 | cls = 0.0404 | lr = 0.000155
epoch 016 | step 0100 | total = 2.5497 | box = 0.3813 | obj = 0.6032 | cls = 0.0400 | lr = 0.000155
epoch 016 | step 0120 | total = 2.6845 | box = 0.4036 | obj = 0.6238 | cls = 0.0425 | lr = 0.000155
epoch 016 | step 0140 | total = 2.5777 | box = 0.3840 | obj = 0.6159 | cls = 0.0418 | lr = 0.000155
epoch 016 | step 0160 | total = 2.5451 | box = 0.3819 | obj = 0.5916 | cls = 0.0440 | lr = 0.000155
epoch 016 | step 0180 | total = 2.7292 | box = 0.4135 | obj = 0.6206 | cls = 0.0413 | lr = 0.000155
epoch 016 | step 0200 | total = 2.6348 | box = 0.3962 | obj = 0.6115 | cls = 0.0425 | lr = 0.000155
epoch 016 | step 0220 | total = 2.5105 | box = 0.3709 | obj = 0.6148 | cls = 0.0414 | lr = 0.000155
epoch 016 | step 0240 | total = 2.5887 | box = 0.3896 | obj = 0.6005 | cls = 0.0399 | lr = 0.000155
epoch 016 | step 0260 | total = 2.6419 | box = 0.3989 | obj = 0.6069 | cls = 0.0408 | lr = 0.000155
epoch 016 | step 0280 | total = 2.6399 | box = 0.3974 | obj = 0.6118 | cls = 0.0411 | lr = 0.000155
epoch 016 | step 0300 | total = 2.5129 | box = 0.3735 | obj = 0.6044 | cls = 0.0408 | lr = 0.000155
epoch 016 | step 0320 | total = 2.7294 | box = 0.4150 | obj = 0.6124 | cls = 0.0421 | lr = 0.000155
epoch 016 | step 0340 | total = 2.6697 | box = 0.4032 | obj = 0.6128 | cls = 0.0407 | lr = 0.000155
epoch 016 | step 0360 | total = 2.5907 | box = 0.3864 | obj = 0.6167 | cls = 0.0421 | lr = 0.000155
epoch 016 | step 0380 | total = 2.6104 | box = 0.3921 | obj = 0.6076 | cls = 0.0425 | lr = 0.000155
epoch 016 | step 0400 | total = 2.6469 | box = 0.4027 | obj = 0.5914 | cls = 0.0422 | lr = 0.000155
epoch 016 | step 0420 | total = 2.4304 | box = 0.3558 | obj = 0.6107 | cls = 0.0407 | lr = 0.000155
epoch 016 | step 0440 | total = 2.7102 | box = 0.4123 | obj = 0.6083 | cls = 0.0404 | lr = 0.000155
epoch 016 | step 0460 | total = 2.7012 | box = 0.4099 | obj = 0.6116 | cls = 0.0400 | lr = 0.000155
epoch 016 | step 0480 | total = 2.6468 | box = 0.4009 | obj = 0.6004 | cls = 0.0420 | lr = 0.000155
[epoch 016 train] total = 2.5923 | box = 0.3889 | obj = 0.6070 | cls = 0.0410 | batches = 485 | time = 204.1s
[epoch 016 val] total = 2.6334 | box = 0.3823 | obj = 0.6650 | cls = 0.0570 | batches = 43 | time = 14.6s
epoch 017 | step 0001 | total = 2.5686 | box = 0.3860 | obj = 0.5955 | cls = 0.0429 | lr = 0.000105
epoch 017 | step 0020 | total = 2.6336 | box = 0.3981 | obj = 0.6028 | cls = 0.0403 | lr = 0.000105
epoch 017 | step 0040 | total = 2.6102 | box = 0.3957 | obj = 0.5925 | cls = 0.0392 | lr = 0.000105
epoch 017 | step 0060 | total = 2.5282 | box = 0.3778 | obj = 0.5993 | cls = 0.0400 | lr = 0.000105
epoch 017 | step 0080 | total = 2.5515 | box = 0.3821 | obj = 0.6023 | cls = 0.0385 | lr = 0.000105
epoch 017 | step 0100 | total = 2.3095 | box = 0.3325 | obj = 0.6047 | cls = 0.0424 | lr = 0.000105
epoch 017 | step 0120 | total = 2.5679 | box = 0.3851 | obj = 0.6010 | cls = 0.0412 | lr = 0.000105
epoch 017 | step 0140 | total = 2.3315 | box = 0.3372 | obj = 0.6027 | cls = 0.0428 | lr = 0.000105
epoch 017 | step 0160 | total = 2.4843 | box = 0.3708 | obj = 0.5879 | cls = 0.0422 | lr = 0.000105
epoch 017 | step 0180 | total = 2.4533 | box = 0.3653 | obj = 0.5851 | cls = 0.0414 | lr = 0.000105
epoch 017 | step 0200 | total = 2.6027 | box = 0.3928 | obj = 0.5957 | cls = 0.0429 | lr = 0.000105
epoch 017 | step 0220 | total = 2.4554 | box = 0.3647 | obj = 0.5909 | cls = 0.0411 | lr = 0.000105
epoch 017 | step 0240 | total = 2.5995 | box = 0.3918 | obj = 0.6006 | cls = 0.0398 | lr = 0.000105
epoch 017 | step 0260 | total = 2.4493 | box = 0.3635 | obj = 0.5915 | cls = 0.0401 | lr = 0.000105
epoch 017 | step 0280 | total = 2.4527 | box = 0.3610 | obj = 0.6052 | cls = 0.0423 | lr = 0.000105
epoch 017 | step 0300 | total = 2.6201 | box = 0.3962 | obj = 0.5986 | cls = 0.0405 | lr = 0.000105
epoch 017 | step 0320 | total = 2.6839 | box = 0.4093 | obj = 0.5973 | cls = 0.0398 | lr = 0.000105
epoch 017 | step 0340 | total = 2.5102 | box = 0.3733 | obj = 0.6038 | cls = 0.0401 | lr = 0.000105
epoch 017 | step 0360 | total = 2.5768 | box = 0.3889 | obj = 0.5939 | cls = 0.0385 | lr = 0.000105
epoch 017 | step 0380 | total = 2.4817 | box = 0.3679 | obj = 0.6011 | cls = 0.0410 | lr = 0.000105
epoch 017 | step 0400 | total = 2.5035 | box = 0.3764 | obj = 0.5822 | cls = 0.0393 | lr = 0.000105
epoch 017 | step 0420 | total = 2.5268 | box = 0.3767 | obj = 0.6025 | cls = 0.0406 | lr = 0.000105
epoch 017 | step 0440 | total = 2.4811 | box = 0.3668 | obj = 0.6077 | cls = 0.0396 | lr = 0.000105
epoch 017 | step 0460 | total = 2.4812 | box = 0.3697 | obj = 0.5909 | cls = 0.0418 | lr = 0.000105
epoch 017 | step 0480 | total = 2.4681 | box = 0.3660 | obj = 0.5964 | cls = 0.0416 | lr = 0.000105
[epoch 017 train] total = 2.5213 | box = 0.3766 | obj = 0.5973 | cls = 0.0409 | batches = 485 | time = 203.8s
[epoch 017 val] total = 2.6434 | box = 0.3829 | obj = 0.6721 | cls = 0.0569 | batches = 43 | time = 14.6s
epoch 018 | step 0001 | total = 2.4493 | box = 0.3640 | obj = 0.5873 | cls = 0.0419 | lr = 0.000064
epoch 018 | step 0020 | total = 2.5727 | box = 0.3871 | obj = 0.5976 | cls = 0.0397 | lr = 0.000064
epoch 018 | step 0040 | total = 2.3204 | box = 0.3426 | obj = 0.5662 | cls = 0.0412 | lr = 0.000064
epoch 018 | step 0060 | total = 2.5078 | box = 0.3754 | obj = 0.5909 | cls = 0.0402 | lr = 0.000064
epoch 018 | step 0080 | total = 2.4507 | box = 0.3638 | obj = 0.5900 | cls = 0.0417 | lr = 0.000064
epoch 018 | step 0100 | total = 2.4594 | box = 0.3663 | obj = 0.5882 | cls = 0.0395 | lr = 0.000064
epoch 018 | step 0120 | total = 2.3927 | box = 0.3538 | obj = 0.5827 | cls = 0.0409 | lr = 0.000064
epoch 018 | step 0140 | total = 2.4236 | box = 0.3599 | obj = 0.5828 | cls = 0.0412 | lr = 0.000064
epoch 018 | step 0160 | total = 2.4498 | box = 0.3636 | obj = 0.5912 | cls = 0.0406 | lr = 0.000064
epoch 018 | step 0180 | total = 2.4832 | box = 0.3693 | obj = 0.5960 | cls = 0.0409 | lr = 0.000064
epoch 018 | step 0200 | total = 2.5389 | box = 0.3803 | obj = 0.5972 | cls = 0.0404 | lr = 0.000064
epoch 018 | step 0220 | total = 2.4185 | box = 0.3551 | obj = 0.6007 | cls = 0.0425 | lr = 0.000064
epoch 018 | step 0240 | total = 2.4139 | box = 0.3562 | obj = 0.5914 | cls = 0.0415 | lr = 0.000064
epoch 018 | step 0260 | total = 2.5066 | box = 0.3757 | obj = 0.5886 | cls = 0.0397 | lr = 0.000064
epoch 018 | step 0280 | total = 2.4892 | box = 0.3732 | obj = 0.5811 | cls = 0.0423 | lr = 0.000064
epoch 018 | step 0300 | total = 2.5685 | box = 0.3884 | obj = 0.5853 | cls = 0.0413 | lr = 0.000064
epoch 018 | step 0320 | total = 2.5575 | box = 0.3854 | obj = 0.5913 | cls = 0.0392 | lr = 0.000064
epoch 018 | step 0340 | total = 2.6204 | box = 0.3978 | obj = 0.5913 | cls = 0.0399 | lr = 0.000064
epoch 018 | step 0360 | total = 2.4743 | box = 0.3707 | obj = 0.5799 | cls = 0.0406 | lr = 0.000064
epoch 018 | step 0380 | total = 2.4612 | box = 0.3670 | obj = 0.5857 | cls = 0.0403 | lr = 0.000064
epoch 018 | step 0400 | total = 2.5314 | box = 0.3813 | obj = 0.5879 | cls = 0.0373 | lr = 0.000064
epoch 018 | step 0420 | total = 2.5367 | box = 0.3806 | obj = 0.5932 | cls = 0.0403 | lr = 0.000064
epoch 018 | step 0440 | total = 2.4898 | box = 0.3752 | obj = 0.5745 | cls = 0.0395 | lr = 0.000064
epoch 018 | step 0460 | total = 2.4788 | box = 0.3685 | obj = 0.5971 | cls = 0.0394 | lr = 0.000064
epoch 018 | step 0480 | total = 2.5203 | box = 0.3757 | obj = 0.5996 | cls = 0.0424 | lr = 0.000064
[epoch 018 train] total = 2.4603 | box = 0.3661 | obj = 0.5890 | cls = 0.0407 | batches = 485 | time = 201.2s
[epoch 018 val] total = 2.6523 | box = 0.3831 | obj = 0.6800 | cls = 0.0569 | batches = 43 | time = 15.8s
epoch 019 | step 0001 | total = 2.4088 | box = 0.3589 | obj = 0.5728 | cls = 0.0414 | lr = 0.000034
epoch 019 | step 0020 | total = 2.4454 | box = 0.3616 | obj = 0.5945 | cls = 0.0426 | lr = 0.000034
epoch 019 | step 0040 | total = 2.2721 | box = 0.3273 | obj = 0.5932 | cls = 0.0422 | lr = 0.000034
epoch 019 | step 0060 | total = 2.4406 | box = 0.3613 | obj = 0.5946 | cls = 0.0396 | lr = 0.000034
epoch 019 | step 0080 | total = 2.5171 | box = 0.3771 | obj = 0.5907 | cls = 0.0407 | lr = 0.000034
epoch 019 | step 0100 | total = 2.4149 | box = 0.3597 | obj = 0.5766 | cls = 0.0396 | lr = 0.000034
epoch 019 | step 0120 | total = 2.3229 | box = 0.3370 | obj = 0.5955 | cls = 0.0423 | lr = 0.000034
epoch 019 | step 0140 | total = 2.2860 | box = 0.3339 | obj = 0.5776 | cls = 0.0390 | lr = 0.000034
epoch 019 | step 0160 | total = 2.3107 | box = 0.3369 | obj = 0.5863 | cls = 0.0397 | lr = 0.000034
epoch 019 | step 0180 | total = 2.3562 | box = 0.3489 | obj = 0.5710 | cls = 0.0405 | lr = 0.000034
epoch 019 | step 0200 | total = 2.4440 | box = 0.3616 | obj = 0.5961 | cls = 0.0397 | lr = 0.000034
epoch 019 | step 0220 | total = 2.3063 | box = 0.3381 | obj = 0.5764 | cls = 0.0391 | lr = 0.000034
epoch 019 | step 0240 | total = 2.3107 | box = 0.3376 | obj = 0.5814 | cls = 0.0414 | lr = 0.000034
epoch 019 | step 0260 | total = 2.3411 | box = 0.3430 | obj = 0.5856 | cls = 0.0406 | lr = 0.000034
epoch 019 | step 0280 | total = 2.6150 | box = 0.3947 | obj = 0.6009 | cls = 0.0406 | lr = 0.000034
epoch 019 | step 0300 | total = 2.3126 | box = 0.3399 | obj = 0.5737 | cls = 0.0392 | lr = 0.000034
epoch 019 | step 0320 | total = 2.4355 | box = 0.3636 | obj = 0.5768 | cls = 0.0406 | lr = 0.000034
epoch 019 | step 0340 | total = 2.4542 | box = 0.3615 | obj = 0.6059 | cls = 0.0408 | lr = 0.000034
epoch 019 | step 0360 | total = 2.4731 | box = 0.3695 | obj = 0.5843 | cls = 0.0414 | lr = 0.000034
epoch 019 | step 0380 | total = 2.2894 | box = 0.3317 | obj = 0.5889 | cls = 0.0422 | lr = 0.000034
epoch 019 | step 0400 | total = 2.4620 | box = 0.3668 | obj = 0.5874 | cls = 0.0409 | lr = 0.000034
epoch 019 | step 0420 | total = 2.5431 | box = 0.3814 | obj = 0.5945 | cls = 0.0417 | lr = 0.000034
epoch 019 | step 0440 | total = 2.4185 | box = 0.3580 | obj = 0.5885 | cls = 0.0400 | lr = 0.000034
epoch 019 | step 0460 | total = 2.4352 | box = 0.3617 | obj = 0.5847 | cls = 0.0420 | lr = 0.000034
epoch 019 | step 0480 | total = 2.2850 | box = 0.3344 | obj = 0.5713 | cls = 0.0415 | lr = 0.000034
[epoch 019 train] total = 2.4145 | box = 0.3582 | obj = 0.5830 | cls = 0.0406 | batches = 485 | time = 195.3s
[epoch 019 val] total = 2.6667 | box = 0.3845 | obj = 0.6875 | cls = 0.0569 | batches = 43 | time = 15.4s
epoch 020 | step 0001 | total = 2.3946 | box = 0.3589 | obj = 0.5614 | cls = 0.0387 | lr = 0.000016
epoch 020 | step 0020 | total = 2.2003 | box = 0.3194 | obj = 0.5615 | cls = 0.0420 | lr = 0.000016
epoch 020 | step 0040 | total = 2.4107 | box = 0.3544 | obj = 0.5975 | cls = 0.0409 | lr = 0.000016
epoch 020 | step 0060 | total = 2.4120 | box = 0.3581 | obj = 0.5825 | cls = 0.0389 | lr = 0.000016
epoch 020 | step 0080 | total = 2.2368 | box = 0.3265 | obj = 0.5631 | cls = 0.0413 | lr = 0.000016
epoch 020 | step 0100 | total = 2.4173 | box = 0.3607 | obj = 0.5719 | cls = 0.0418 | lr = 0.000016
epoch 020 | step 0120 | total = 2.0978 | box = 0.2973 | obj = 0.5703 | cls = 0.0408 | lr = 0.000016
epoch 020 | step 0140 | total = 2.2988 | box = 0.3386 | obj = 0.5669 | cls = 0.0391 | lr = 0.000016
epoch 020 | step 0160 | total = 2.3342 | box = 0.3434 | obj = 0.5769 | cls = 0.0402 | lr = 0.000016
epoch 020 | step 0180 | total = 2.4416 | box = 0.3624 | obj = 0.5886 | cls = 0.0410 | lr = 0.000016
epoch 020 | step 0200 | total = 2.4581 | box = 0.3650 | obj = 0.5930 | cls = 0.0402 | lr = 0.000016
epoch 020 | step 0220 | total = 2.3009 | box = 0.3357 | obj = 0.5796 | cls = 0.0427 | lr = 0.000016
epoch 020 | step 0240 | total = 2.4695 | box = 0.3662 | obj = 0.5969 | cls = 0.0414 | lr = 0.000016
epoch 020 | step 0260 | total = 2.4237 | box = 0.3624 | obj = 0.5713 | cls = 0.0404 | lr = 0.000016
epoch 020 | step 0280 | total = 2.2971 | box = 0.3381 | obj = 0.5664 | cls = 0.0400 | lr = 0.000016
epoch 020 | step 0300 | total = 2.3299 | box = 0.3439 | obj = 0.5710 | cls = 0.0393 | lr = 0.000016
epoch 020 | step 0320 | total = 2.4923 | box = 0.3751 | obj = 0.5772 | cls = 0.0396 | lr = 0.000016
epoch 020 | step 0340 | total = 2.2074 | box = 0.3171 | obj = 0.5788 | cls = 0.0428 | lr = 0.000016
epoch 020 | step 0360 | total = 2.4593 | box = 0.3677 | obj = 0.5799 | cls = 0.0410 | lr = 0.000016
epoch 020 | step 0380 | total = 2.3424 | box = 0.3438 | obj = 0.5842 | cls = 0.0394 | lr = 0.000016
epoch 020 | step 0400 | total = 2.3973 | box = 0.3562 | obj = 0.5753 | cls = 0.0412 | lr = 0.000016
epoch 020 | step 0420 | total = 2.2864 | box = 0.3347 | obj = 0.5715 | cls = 0.0413 | lr = 0.000016
epoch 020 | step 0440 | total = 2.4032 | box = 0.3559 | obj = 0.5843 | cls = 0.0393 | lr = 0.000016
epoch 020 | step 0460 | total = 2.4359 | box = 0.3639 | obj = 0.5755 | cls = 0.0412 | lr = 0.000016
epoch 020 | step 0480 | total = 2.3457 | box = 0.3466 | obj = 0.5731 | cls = 0.0397 | lr = 0.000016
[epoch 020 train] total = 2.3861 | box = 0.3532 | obj = 0.5795 | cls = 0.0406 | batches = 485 | time = 200.6s
[epoch 020 val] total = 2.6779 | box = 0.3852 | obj = 0.6953 | cls = 0.0568 | batches = 43 | time = 14.9s
training status: completed
result summary: logs/records/deep_residual_three_box_v5box_softobj_shapematch_ignore_20260419_215025/result.txt
