starting yolov0 training
run id: deep_residual_three_box_v5box_softobj_20260419_135531
device: cuda
train dataset length: 124004
val dataset length: 10823
model output shape: (1, 10, 10, 255)
parameter total: 26560607
parameter trainable: 26560607
gpu count: 8
tensorboard dir: runs/deep_residual_three_box_v5box_softobj_20260419_135531
output dir: outputs/deep_residual_three_box_v5box_softobj_20260419_135531
epoch 001 | step 0001 | total = 6.3592 | box = 0.9156 | obj = 1.0572 | cls = 0.7241 | lr = 0.001000
epoch 001 | step 0020 | total = 4.7783 | box = 0.6999 | obj = 0.8773 | cls = 0.4015 | lr = 0.001000
epoch 001 | step 0040 | total = 4.2697 | box = 0.6638 | obj = 0.8159 | cls = 0.1349 | lr = 0.001000
epoch 001 | step 0060 | total = 4.2536 | box = 0.6772 | obj = 0.7803 | cls = 0.0875 | lr = 0.001000
epoch 001 | step 0080 | total = 4.2291 | box = 0.6771 | obj = 0.7775 | cls = 0.0660 | lr = 0.001000
epoch 001 | step 0100 | total = 4.1799 | box = 0.6685 | obj = 0.7750 | cls = 0.0625 | lr = 0.001000
epoch 001 | step 0120 | total = 4.2220 | box = 0.6776 | obj = 0.7732 | cls = 0.0608 | lr = 0.001000
epoch 001 | step 0140 | total = 4.1331 | box = 0.6634 | obj = 0.7574 | cls = 0.0587 | lr = 0.001000
epoch 001 | step 0160 | total = 4.1494 | box = 0.6645 | obj = 0.7679 | cls = 0.0592 | lr = 0.001000
epoch 001 | step 0180 | total = 4.0974 | box = 0.6545 | obj = 0.7688 | cls = 0.0562 | lr = 0.001000
epoch 001 | step 0200 | total = 4.0903 | box = 0.6536 | obj = 0.7650 | cls = 0.0570 | lr = 0.001000
epoch 001 | step 0220 | total = 4.0209 | box = 0.6355 | obj = 0.7887 | cls = 0.0548 | lr = 0.001000
epoch 001 | step 0240 | total = 4.0426 | box = 0.6459 | obj = 0.7600 | cls = 0.0533 | lr = 0.001000
epoch 001 | step 0260 | total = 3.9600 | box = 0.6290 | obj = 0.7610 | cls = 0.0543 | lr = 0.001000
epoch 001 | step 0280 | total = 3.9326 | box = 0.6214 | obj = 0.7698 | cls = 0.0559 | lr = 0.001000
epoch 001 | step 0300 | total = 4.0200 | box = 0.6417 | obj = 0.7559 | cls = 0.0557 | lr = 0.001000
epoch 001 | step 0320 | total = 3.9503 | box = 0.6282 | obj = 0.7552 | cls = 0.0539 | lr = 0.001000
epoch 001 | step 0340 | total = 3.9497 | box = 0.6261 | obj = 0.7656 | cls = 0.0534 | lr = 0.001000
epoch 001 | step 0360 | total = 3.9194 | box = 0.6229 | obj = 0.7490 | cls = 0.0559 | lr = 0.001000
epoch 001 | step 0380 | total = 3.8165 | box = 0.5995 | obj = 0.7648 | cls = 0.0544 | lr = 0.001000
epoch 001 | step 0400 | total = 3.8343 | box = 0.6006 | obj = 0.7768 | cls = 0.0547 | lr = 0.001000
epoch 001 | step 0420 | total = 3.8909 | box = 0.6198 | obj = 0.7391 | cls = 0.0529 | lr = 0.001000
epoch 001 | step 0440 | total = 3.8933 | box = 0.6157 | obj = 0.7624 | cls = 0.0526 | lr = 0.001000
epoch 001 | step 0460 | total = 3.8511 | box = 0.6066 | obj = 0.7646 | cls = 0.0534 | lr = 0.001000
epoch 001 | step 0480 | total = 3.8681 | box = 0.6137 | obj = 0.7453 | cls = 0.0545 | lr = 0.001000
[epoch 001 train] total = 4.0915 | box = 0.6451 | obj = 0.7787 | cls = 0.0873 | batches = 485 | time = 210.9s
[epoch 001 val] total = 3.4674 | box = 0.5245 | obj = 0.7838 | cls = 0.0612 | batches = 43 | time = 19.0s
epoch 002 | step 0001 | total = 3.7268 | box = 0.5804 | obj = 0.7709 | cls = 0.0539 | lr = 0.000994
epoch 002 | step 0020 | total = 3.7970 | box = 0.5953 | obj = 0.7669 | cls = 0.0535 | lr = 0.000994
epoch 002 | step 0040 | total = 3.7398 | box = 0.5857 | obj = 0.7586 | cls = 0.0525 | lr = 0.000994
epoch 002 | step 0060 | total = 3.8823 | box = 0.6185 | obj = 0.7379 | cls = 0.0521 | lr = 0.000994
epoch 002 | step 0080 | total = 3.8280 | box = 0.6058 | obj = 0.7472 | cls = 0.0520 | lr = 0.000994
epoch 002 | step 0100 | total = 3.7306 | box = 0.5843 | obj = 0.7550 | cls = 0.0541 | lr = 0.000994
epoch 002 | step 0120 | total = 3.6793 | box = 0.5720 | obj = 0.7662 | cls = 0.0530 | lr = 0.000994
epoch 002 | step 0140 | total = 3.6813 | box = 0.5753 | obj = 0.7509 | cls = 0.0537 | lr = 0.000994
epoch 002 | step 0160 | total = 3.7532 | box = 0.5889 | obj = 0.7562 | cls = 0.0526 | lr = 0.000994
epoch 002 | step 0180 | total = 3.7325 | box = 0.5871 | obj = 0.7440 | cls = 0.0532 | lr = 0.000994
epoch 002 | step 0200 | total = 3.7163 | box = 0.5823 | obj = 0.7524 | cls = 0.0523 | lr = 0.000994
epoch 002 | step 0220 | total = 3.6076 | box = 0.5590 | obj = 0.7605 | cls = 0.0522 | lr = 0.000994
epoch 002 | step 0240 | total = 3.6591 | box = 0.5721 | obj = 0.7470 | cls = 0.0515 | lr = 0.000994
epoch 002 | step 0260 | total = 3.6876 | box = 0.5797 | obj = 0.7386 | cls = 0.0504 | lr = 0.000994
epoch 002 | step 0280 | total = 3.7327 | box = 0.5902 | obj = 0.7293 | cls = 0.0526 | lr = 0.000994
epoch 002 | step 0300 | total = 3.5527 | box = 0.5487 | obj = 0.7550 | cls = 0.0541 | lr = 0.000994
epoch 002 | step 0320 | total = 3.5985 | box = 0.5587 | obj = 0.7518 | cls = 0.0530 | lr = 0.000994
epoch 002 | step 0340 | total = 3.6791 | box = 0.5787 | obj = 0.7356 | cls = 0.0502 | lr = 0.000994
epoch 002 | step 0360 | total = 3.5213 | box = 0.5443 | obj = 0.7473 | cls = 0.0523 | lr = 0.000994
epoch 002 | step 0380 | total = 3.5492 | box = 0.5485 | obj = 0.7545 | cls = 0.0523 | lr = 0.000994
epoch 002 | step 0400 | total = 3.5807 | box = 0.5593 | obj = 0.7316 | cls = 0.0528 | lr = 0.000994
epoch 002 | step 0420 | total = 3.6121 | box = 0.5614 | obj = 0.7523 | cls = 0.0529 | lr = 0.000994
epoch 002 | step 0440 | total = 3.5557 | box = 0.5522 | obj = 0.7423 | cls = 0.0523 | lr = 0.000994
epoch 002 | step 0460 | total = 3.5797 | box = 0.5579 | obj = 0.7390 | cls = 0.0510 | lr = 0.000994
epoch 002 | step 0480 | total = 3.5639 | box = 0.5563 | obj = 0.7317 | cls = 0.0509 | lr = 0.000994
[epoch 002 train] total = 3.6750 | box = 0.5753 | obj = 0.7460 | cls = 0.0524 | batches = 485 | time = 201.9s
[epoch 002 val] total = 3.1354 | box = 0.4640 | obj = 0.7546 | cls = 0.0608 | batches = 43 | time = 14.7s
epoch 003 | step 0001 | total = 3.6339 | box = 0.5707 | obj = 0.7267 | cls = 0.0536 | lr = 0.000976
epoch 003 | step 0020 | total = 3.5459 | box = 0.5526 | obj = 0.7316 | cls = 0.0513 | lr = 0.000976
epoch 003 | step 0040 | total = 3.5010 | box = 0.5435 | obj = 0.7326 | cls = 0.0506 | lr = 0.000976
epoch 003 | step 0060 | total = 3.4008 | box = 0.5210 | obj = 0.7456 | cls = 0.0505 | lr = 0.000976
epoch 003 | step 0080 | total = 3.5632 | box = 0.5567 | obj = 0.7302 | cls = 0.0498 | lr = 0.000976
epoch 003 | step 0100 | total = 3.5706 | box = 0.5579 | obj = 0.7301 | cls = 0.0512 | lr = 0.000976
epoch 003 | step 0120 | total = 3.5629 | box = 0.5533 | obj = 0.7456 | cls = 0.0507 | lr = 0.000976
epoch 003 | step 0140 | total = 3.5696 | box = 0.5573 | obj = 0.7323 | cls = 0.0508 | lr = 0.000976
epoch 003 | step 0160 | total = 3.5643 | box = 0.5546 | obj = 0.7417 | cls = 0.0496 | lr = 0.000976
epoch 003 | step 0180 | total = 3.4273 | box = 0.5281 | obj = 0.7360 | cls = 0.0506 | lr = 0.000976
epoch 003 | step 0200 | total = 3.5220 | box = 0.5479 | obj = 0.7318 | cls = 0.0507 | lr = 0.000976
epoch 003 | step 0220 | total = 3.5154 | box = 0.5469 | obj = 0.7315 | cls = 0.0496 | lr = 0.000976
epoch 003 | step 0240 | total = 3.4172 | box = 0.5247 | obj = 0.7432 | cls = 0.0506 | lr = 0.000976
epoch 003 | step 0260 | total = 3.3734 | box = 0.5189 | obj = 0.7282 | cls = 0.0504 | lr = 0.000976
epoch 003 | step 0280 | total = 3.4864 | box = 0.5391 | obj = 0.7397 | cls = 0.0511 | lr = 0.000976
epoch 003 | step 0300 | total = 3.4832 | box = 0.5414 | obj = 0.7242 | cls = 0.0522 | lr = 0.000976
epoch 003 | step 0320 | total = 3.4891 | box = 0.5427 | obj = 0.7248 | cls = 0.0507 | lr = 0.000976
epoch 003 | step 0340 | total = 3.3086 | box = 0.5023 | obj = 0.7465 | cls = 0.0508 | lr = 0.000976
epoch 003 | step 0360 | total = 3.4690 | box = 0.5392 | obj = 0.7225 | cls = 0.0503 | lr = 0.000976
epoch 003 | step 0380 | total = 3.3241 | box = 0.5089 | obj = 0.7293 | cls = 0.0505 | lr = 0.000976
epoch 003 | step 0400 | total = 3.4574 | box = 0.5368 | obj = 0.7230 | cls = 0.0504 | lr = 0.000976
epoch 003 | step 0420 | total = 3.4164 | box = 0.5302 | obj = 0.7147 | cls = 0.0509 | lr = 0.000976
epoch 003 | step 0440 | total = 3.3837 | box = 0.5202 | obj = 0.7324 | cls = 0.0502 | lr = 0.000976
epoch 003 | step 0460 | total = 3.3632 | box = 0.5172 | obj = 0.7255 | cls = 0.0516 | lr = 0.000976
epoch 003 | step 0480 | total = 3.2975 | box = 0.5023 | obj = 0.7351 | cls = 0.0509 | lr = 0.000976
[epoch 003 train] total = 3.4600 | box = 0.5353 | obj = 0.7327 | cls = 0.0507 | batches = 485 | time = 200.9s
[epoch 003 val] total = 2.9825 | box = 0.4364 | obj = 0.7403 | cls = 0.0603 | batches = 43 | time = 13.9s
epoch 004 | step 0001 | total = 3.3208 | box = 0.5089 | obj = 0.7266 | cls = 0.0495 | lr = 0.000946
epoch 004 | step 0020 | total = 3.4149 | box = 0.5290 | obj = 0.7195 | cls = 0.0504 | lr = 0.000946
epoch 004 | step 0040 | total = 3.3134 | box = 0.5040 | obj = 0.7428 | cls = 0.0504 | lr = 0.000946
epoch 004 | step 0060 | total = 3.2067 | box = 0.4877 | obj = 0.7192 | cls = 0.0491 | lr = 0.000946
epoch 004 | step 0080 | total = 3.2895 | box = 0.5035 | obj = 0.7206 | cls = 0.0515 | lr = 0.000946
epoch 004 | step 0100 | total = 3.3561 | box = 0.5151 | obj = 0.7309 | cls = 0.0498 | lr = 0.000946
epoch 004 | step 0120 | total = 3.3330 | box = 0.5136 | obj = 0.7154 | cls = 0.0498 | lr = 0.000946
epoch 004 | step 0140 | total = 3.4563 | box = 0.5363 | obj = 0.7235 | cls = 0.0512 | lr = 0.000946
epoch 004 | step 0160 | total = 3.2549 | box = 0.4955 | obj = 0.7282 | cls = 0.0494 | lr = 0.000946
epoch 004 | step 0180 | total = 3.3233 | box = 0.5103 | obj = 0.7217 | cls = 0.0502 | lr = 0.000946
epoch 004 | step 0200 | total = 3.3142 | box = 0.5085 | obj = 0.7242 | cls = 0.0474 | lr = 0.000946
epoch 004 | step 0220 | total = 3.5055 | box = 0.5476 | obj = 0.7171 | cls = 0.0505 | lr = 0.000946
epoch 004 | step 0240 | total = 3.4420 | box = 0.5317 | obj = 0.7353 | cls = 0.0485 | lr = 0.000946
epoch 004 | step 0260 | total = 3.3458 | box = 0.5157 | obj = 0.7183 | cls = 0.0491 | lr = 0.000946
epoch 004 | step 0280 | total = 3.2734 | box = 0.5005 | obj = 0.7221 | cls = 0.0490 | lr = 0.000946
epoch 004 | step 0300 | total = 3.2689 | box = 0.4984 | obj = 0.7284 | cls = 0.0487 | lr = 0.000946
epoch 004 | step 0320 | total = 3.2718 | box = 0.4978 | obj = 0.7327 | cls = 0.0502 | lr = 0.000946
epoch 004 | step 0340 | total = 3.2996 | box = 0.5023 | obj = 0.7376 | cls = 0.0506 | lr = 0.000946
epoch 004 | step 0360 | total = 3.3608 | box = 0.5161 | obj = 0.7300 | cls = 0.0502 | lr = 0.000946
epoch 004 | step 0380 | total = 3.4139 | box = 0.5301 | obj = 0.7156 | cls = 0.0481 | lr = 0.000946
epoch 004 | step 0400 | total = 3.3202 | box = 0.5121 | obj = 0.7098 | cls = 0.0501 | lr = 0.000946
epoch 004 | step 0420 | total = 3.3548 | box = 0.5168 | obj = 0.7224 | cls = 0.0484 | lr = 0.000946
epoch 004 | step 0440 | total = 3.3291 | box = 0.5150 | obj = 0.7053 | cls = 0.0489 | lr = 0.000946
epoch 004 | step 0460 | total = 3.2805 | box = 0.5009 | obj = 0.7271 | cls = 0.0490 | lr = 0.000946
epoch 004 | step 0480 | total = 3.1872 | box = 0.4819 | obj = 0.7285 | cls = 0.0491 | lr = 0.000946
[epoch 004 train] total = 3.3187 | box = 0.5094 | obj = 0.7225 | cls = 0.0493 | batches = 485 | time = 199.0s
[epoch 004 val] total = 2.8825 | box = 0.4200 | obj = 0.7238 | cls = 0.0589 | batches = 43 | time = 14.9s
epoch 005 | step 0001 | total = 3.2365 | box = 0.4934 | obj = 0.7197 | cls = 0.0498 | lr = 0.000905
epoch 005 | step 0020 | total = 3.1808 | box = 0.4806 | obj = 0.7310 | cls = 0.0469 | lr = 0.000905
epoch 005 | step 0040 | total = 3.2677 | box = 0.4981 | obj = 0.7291 | cls = 0.0482 | lr = 0.000905
epoch 005 | step 0060 | total = 3.2518 | box = 0.4968 | obj = 0.7189 | cls = 0.0490 | lr = 0.000905
epoch 005 | step 0080 | total = 3.1359 | box = 0.4724 | obj = 0.7256 | cls = 0.0480 | lr = 0.000905
epoch 005 | step 0100 | total = 3.2965 | box = 0.5051 | obj = 0.7214 | cls = 0.0494 | lr = 0.000905
epoch 005 | step 0120 | total = 3.2243 | box = 0.4907 | obj = 0.7232 | cls = 0.0478 | lr = 0.000905
epoch 005 | step 0140 | total = 3.2504 | box = 0.4972 | obj = 0.7156 | cls = 0.0488 | lr = 0.000905
epoch 005 | step 0160 | total = 3.1842 | box = 0.4855 | obj = 0.7084 | cls = 0.0481 | lr = 0.000905
epoch 005 | step 0180 | total = 3.1043 | box = 0.4688 | obj = 0.7124 | cls = 0.0481 | lr = 0.000905
epoch 005 | step 0200 | total = 3.2354 | box = 0.4960 | obj = 0.7085 | cls = 0.0467 | lr = 0.000905
epoch 005 | step 0220 | total = 3.2494 | box = 0.4976 | obj = 0.7145 | cls = 0.0472 | lr = 0.000905
epoch 005 | step 0240 | total = 3.2786 | box = 0.5034 | obj = 0.7148 | cls = 0.0468 | lr = 0.000905
epoch 005 | step 0260 | total = 3.1709 | box = 0.4809 | obj = 0.7182 | cls = 0.0482 | lr = 0.000905
epoch 005 | step 0280 | total = 3.1762 | box = 0.4816 | obj = 0.7203 | cls = 0.0479 | lr = 0.000905
epoch 005 | step 0300 | total = 3.0903 | box = 0.4658 | obj = 0.7151 | cls = 0.0463 | lr = 0.000905
epoch 005 | step 0320 | total = 3.2008 | box = 0.4897 | obj = 0.7030 | cls = 0.0491 | lr = 0.000905
epoch 005 | step 0340 | total = 3.3305 | box = 0.5118 | obj = 0.7231 | cls = 0.0484 | lr = 0.000905
epoch 005 | step 0360 | total = 3.2970 | box = 0.5068 | obj = 0.7157 | cls = 0.0474 | lr = 0.000905
epoch 005 | step 0380 | total = 3.2468 | box = 0.4975 | obj = 0.7099 | cls = 0.0496 | lr = 0.000905
epoch 005 | step 0400 | total = 3.1659 | box = 0.4792 | obj = 0.7197 | cls = 0.0504 | lr = 0.000905
epoch 005 | step 0420 | total = 3.1304 | box = 0.4729 | obj = 0.7211 | cls = 0.0448 | lr = 0.000905
epoch 005 | step 0440 | total = 3.2107 | box = 0.4893 | obj = 0.7160 | cls = 0.0483 | lr = 0.000905
epoch 005 | step 0460 | total = 3.1362 | box = 0.4770 | obj = 0.7030 | cls = 0.0483 | lr = 0.000905
epoch 005 | step 0480 | total = 3.2437 | box = 0.4993 | obj = 0.7020 | cls = 0.0453 | lr = 0.000905
[epoch 005 train] total = 3.2185 | box = 0.4913 | obj = 0.7142 | cls = 0.0481 | batches = 485 | time = 196.1s
[epoch 005 val] total = 2.7961 | box = 0.4066 | obj = 0.7044 | cls = 0.0588 | batches = 43 | time = 14.7s
epoch 006 | step 0001 | total = 3.1966 | box = 0.4883 | obj = 0.7067 | cls = 0.0484 | lr = 0.000855
epoch 006 | step 0020 | total = 3.2101 | box = 0.4935 | obj = 0.6971 | cls = 0.0456 | lr = 0.000855
epoch 006 | step 0040 | total = 3.0635 | box = 0.4612 | obj = 0.7085 | cls = 0.0487 | lr = 0.000855
epoch 006 | step 0060 | total = 3.2456 | box = 0.4989 | obj = 0.7041 | cls = 0.0467 | lr = 0.000855
epoch 006 | step 0080 | total = 3.2243 | box = 0.4945 | obj = 0.7045 | cls = 0.0475 | lr = 0.000855
epoch 006 | step 0100 | total = 3.1832 | box = 0.4906 | obj = 0.6829 | cls = 0.0474 | lr = 0.000855
epoch 006 | step 0120 | total = 3.0760 | box = 0.4661 | obj = 0.6985 | cls = 0.0472 | lr = 0.000855
epoch 006 | step 0140 | total = 3.1893 | box = 0.4882 | obj = 0.7033 | cls = 0.0449 | lr = 0.000855
epoch 006 | step 0160 | total = 2.9891 | box = 0.4453 | obj = 0.7151 | cls = 0.0475 | lr = 0.000855
epoch 006 | step 0180 | total = 3.1315 | box = 0.4768 | obj = 0.6994 | cls = 0.0482 | lr = 0.000855
epoch 006 | step 0200 | total = 3.2202 | box = 0.4922 | obj = 0.7095 | cls = 0.0495 | lr = 0.000855
epoch 006 | step 0220 | total = 3.1624 | box = 0.4803 | obj = 0.7139 | cls = 0.0470 | lr = 0.000855
epoch 006 | step 0240 | total = 3.0966 | box = 0.4706 | obj = 0.6991 | cls = 0.0447 | lr = 0.000855
epoch 006 | step 0260 | total = 3.1180 | box = 0.4733 | obj = 0.7042 | cls = 0.0474 | lr = 0.000855
epoch 006 | step 0280 | total = 3.1983 | box = 0.4896 | obj = 0.7037 | cls = 0.0467 | lr = 0.000855
epoch 006 | step 0300 | total = 3.0798 | box = 0.4615 | obj = 0.7227 | cls = 0.0495 | lr = 0.000855
epoch 006 | step 0320 | total = 3.1276 | box = 0.4722 | obj = 0.7207 | cls = 0.0460 | lr = 0.000855
epoch 006 | step 0340 | total = 3.1217 | box = 0.4746 | obj = 0.7015 | cls = 0.0472 | lr = 0.000855
epoch 006 | step 0360 | total = 3.0515 | box = 0.4587 | obj = 0.7108 | cls = 0.0473 | lr = 0.000855
epoch 006 | step 0380 | total = 3.1727 | box = 0.4853 | obj = 0.7015 | cls = 0.0445 | lr = 0.000855
epoch 006 | step 0400 | total = 3.0895 | box = 0.4675 | obj = 0.7057 | cls = 0.0464 | lr = 0.000855
epoch 006 | step 0420 | total = 3.1315 | box = 0.4784 | obj = 0.6919 | cls = 0.0475 | lr = 0.000855
epoch 006 | step 0440 | total = 3.1501 | box = 0.4784 | obj = 0.7115 | cls = 0.0464 | lr = 0.000855
epoch 006 | step 0460 | total = 3.0804 | box = 0.4653 | obj = 0.7071 | cls = 0.0468 | lr = 0.000855
epoch 006 | step 0480 | total = 3.1104 | box = 0.4713 | obj = 0.7071 | cls = 0.0466 | lr = 0.000855
[epoch 006 train] total = 3.1351 | box = 0.4763 | obj = 0.7066 | cls = 0.0470 | batches = 485 | time = 195.9s
[epoch 006 val] total = 2.7586 | box = 0.4006 | obj = 0.6971 | cls = 0.0585 | batches = 43 | time = 14.6s
epoch 007 | step 0001 | total = 3.0806 | box = 0.4608 | obj = 0.7282 | cls = 0.0482 | lr = 0.000796
epoch 007 | step 0020 | total = 3.0919 | box = 0.4700 | obj = 0.6964 | cls = 0.0453 | lr = 0.000796
epoch 007 | step 0040 | total = 2.9350 | box = 0.4389 | obj = 0.6940 | cls = 0.0464 | lr = 0.000796
epoch 007 | step 0060 | total = 2.9988 | box = 0.4532 | obj = 0.6871 | cls = 0.0458 | lr = 0.000796
epoch 007 | step 0080 | total = 3.0386 | box = 0.4602 | obj = 0.6914 | cls = 0.0461 | lr = 0.000796
epoch 007 | step 0100 | total = 3.0824 | box = 0.4685 | obj = 0.6944 | cls = 0.0455 | lr = 0.000796
epoch 007 | step 0120 | total = 3.0396 | box = 0.4586 | obj = 0.6985 | cls = 0.0481 | lr = 0.000796
epoch 007 | step 0140 | total = 3.0774 | box = 0.4639 | obj = 0.7137 | cls = 0.0443 | lr = 0.000796
epoch 007 | step 0160 | total = 3.0646 | box = 0.4620 | obj = 0.7071 | cls = 0.0475 | lr = 0.000796
epoch 007 | step 0180 | total = 2.9741 | box = 0.4446 | obj = 0.7039 | cls = 0.0474 | lr = 0.000796
epoch 007 | step 0200 | total = 3.1609 | box = 0.4844 | obj = 0.6940 | cls = 0.0448 | lr = 0.000796
epoch 007 | step 0220 | total = 3.1628 | box = 0.4863 | obj = 0.6890 | cls = 0.0423 | lr = 0.000796
epoch 007 | step 0240 | total = 3.1136 | box = 0.4722 | obj = 0.7080 | cls = 0.0448 | lr = 0.000796
epoch 007 | step 0260 | total = 3.2196 | box = 0.4942 | obj = 0.7020 | cls = 0.0464 | lr = 0.000796
epoch 007 | step 0280 | total = 3.0593 | box = 0.4618 | obj = 0.7047 | cls = 0.0457 | lr = 0.000796
epoch 007 | step 0300 | total = 3.1206 | box = 0.4740 | obj = 0.7029 | cls = 0.0475 | lr = 0.000796
epoch 007 | step 0320 | total = 3.1355 | box = 0.4784 | obj = 0.6975 | cls = 0.0457 | lr = 0.000796
epoch 007 | step 0340 | total = 3.1116 | box = 0.4705 | obj = 0.7129 | cls = 0.0463 | lr = 0.000796
epoch 007 | step 0360 | total = 3.0639 | box = 0.4630 | obj = 0.7022 | cls = 0.0464 | lr = 0.000796
epoch 007 | step 0380 | total = 3.1215 | box = 0.4764 | obj = 0.6941 | cls = 0.0454 | lr = 0.000796
epoch 007 | step 0400 | total = 3.0750 | box = 0.4649 | obj = 0.7047 | cls = 0.0458 | lr = 0.000796
epoch 007 | step 0420 | total = 3.0013 | box = 0.4471 | obj = 0.7201 | cls = 0.0457 | lr = 0.000796
epoch 007 | step 0440 | total = 3.1828 | box = 0.4897 | obj = 0.6888 | cls = 0.0457 | lr = 0.000796
epoch 007 | step 0460 | total = 3.1132 | box = 0.4747 | obj = 0.6947 | cls = 0.0449 | lr = 0.000796
epoch 007 | step 0480 | total = 3.0964 | box = 0.4708 | obj = 0.6971 | cls = 0.0455 | lr = 0.000796
[epoch 007 train] total = 3.0632 | box = 0.4633 | obj = 0.7006 | cls = 0.0460 | batches = 485 | time = 196.8s
[epoch 007 val] total = 2.7303 | box = 0.3957 | obj = 0.6940 | cls = 0.0576 | batches = 43 | time = 15.0s
epoch 008 | step 0001 | total = 2.8282 | box = 0.4204 | obj = 0.6807 | cls = 0.0453 | lr = 0.000730
epoch 008 | step 0020 | total = 2.9935 | box = 0.4525 | obj = 0.6865 | cls = 0.0444 | lr = 0.000730
epoch 008 | step 0040 | total = 2.9348 | box = 0.4373 | obj = 0.7017 | cls = 0.0465 | lr = 0.000730
epoch 008 | step 0060 | total = 2.9991 | box = 0.4508 | obj = 0.6991 | cls = 0.0461 | lr = 0.000730
epoch 008 | step 0080 | total = 2.9839 | box = 0.4510 | obj = 0.6853 | cls = 0.0436 | lr = 0.000730
epoch 008 | step 0100 | total = 3.0151 | box = 0.4534 | obj = 0.7013 | cls = 0.0467 | lr = 0.000730
epoch 008 | step 0120 | total = 3.0250 | box = 0.4577 | obj = 0.6926 | cls = 0.0441 | lr = 0.000730
epoch 008 | step 0140 | total = 2.8776 | box = 0.4270 | obj = 0.6976 | cls = 0.0449 | lr = 0.000730
epoch 008 | step 0160 | total = 3.0645 | box = 0.4666 | obj = 0.6863 | cls = 0.0452 | lr = 0.000730
epoch 008 | step 0180 | total = 2.9703 | box = 0.4465 | obj = 0.6936 | cls = 0.0440 | lr = 0.000730
epoch 008 | step 0200 | total = 3.0542 | box = 0.4642 | obj = 0.6880 | cls = 0.0451 | lr = 0.000730
epoch 008 | step 0220 | total = 3.0030 | box = 0.4515 | obj = 0.6989 | cls = 0.0464 | lr = 0.000730
epoch 008 | step 0240 | total = 3.0577 | box = 0.4670 | obj = 0.6796 | cls = 0.0431 | lr = 0.000730
epoch 008 | step 0260 | total = 3.0159 | box = 0.4543 | obj = 0.6991 | cls = 0.0451 | lr = 0.000730
epoch 008 | step 0280 | total = 3.0493 | box = 0.4594 | obj = 0.7071 | cls = 0.0453 | lr = 0.000730
epoch 008 | step 0300 | total = 3.0503 | box = 0.4620 | obj = 0.6946 | cls = 0.0457 | lr = 0.000730
epoch 008 | step 0320 | total = 3.1044 | box = 0.4729 | obj = 0.6939 | cls = 0.0461 | lr = 0.000730
epoch 008 | step 0340 | total = 2.9518 | box = 0.4436 | obj = 0.6885 | cls = 0.0453 | lr = 0.000730
epoch 008 | step 0360 | total = 3.0285 | box = 0.4571 | obj = 0.6989 | cls = 0.0439 | lr = 0.000730
epoch 008 | step 0380 | total = 2.9056 | box = 0.4351 | obj = 0.6857 | cls = 0.0446 | lr = 0.000730
epoch 008 | step 0400 | total = 2.9206 | box = 0.4348 | obj = 0.7017 | cls = 0.0447 | lr = 0.000730
epoch 008 | step 0420 | total = 2.9757 | box = 0.4515 | obj = 0.6734 | cls = 0.0446 | lr = 0.000730
epoch 008 | step 0440 | total = 3.0225 | box = 0.4519 | obj = 0.7172 | cls = 0.0460 | lr = 0.000730
epoch 008 | step 0460 | total = 3.0446 | box = 0.4592 | obj = 0.7011 | cls = 0.0473 | lr = 0.000730
epoch 008 | step 0480 | total = 2.9784 | box = 0.4476 | obj = 0.6943 | cls = 0.0461 | lr = 0.000730
[epoch 008 train] total = 2.9934 | box = 0.4509 | obj = 0.6939 | cls = 0.0450 | batches = 485 | time = 192.2s
[epoch 008 val] total = 2.6664 | box = 0.3838 | obj = 0.6890 | cls = 0.0586 | batches = 43 | time = 14.6s
epoch 009 | step 0001 | total = 2.8556 | box = 0.4235 | obj = 0.6909 | cls = 0.0474 | lr = 0.000658
epoch 009 | step 0020 | total = 2.9392 | box = 0.4390 | obj = 0.6998 | cls = 0.0441 | lr = 0.000658
epoch 009 | step 0040 | total = 2.8880 | box = 0.4298 | obj = 0.6936 | cls = 0.0454 | lr = 0.000658
epoch 009 | step 0060 | total = 3.0543 | box = 0.4640 | obj = 0.6895 | cls = 0.0447 | lr = 0.000658
epoch 009 | step 0080 | total = 2.9985 | box = 0.4536 | obj = 0.6864 | cls = 0.0440 | lr = 0.000658
epoch 009 | step 0100 | total = 2.9142 | box = 0.4404 | obj = 0.6696 | cls = 0.0424 | lr = 0.000658
epoch 009 | step 0120 | total = 2.9537 | box = 0.4453 | obj = 0.6822 | cls = 0.0447 | lr = 0.000658
epoch 009 | step 0140 | total = 3.0074 | box = 0.4530 | obj = 0.6984 | cls = 0.0441 | lr = 0.000658
epoch 009 | step 0160 | total = 2.9458 | box = 0.4429 | obj = 0.6879 | cls = 0.0437 | lr = 0.000658
epoch 009 | step 0180 | total = 2.9330 | box = 0.4379 | obj = 0.6963 | cls = 0.0470 | lr = 0.000658
epoch 009 | step 0200 | total = 2.9564 | box = 0.4431 | obj = 0.6948 | cls = 0.0460 | lr = 0.000658
epoch 009 | step 0220 | total = 2.9360 | box = 0.4396 | obj = 0.6938 | cls = 0.0442 | lr = 0.000658
epoch 009 | step 0240 | total = 2.8596 | box = 0.4235 | obj = 0.6975 | cls = 0.0446 | lr = 0.000658
epoch 009 | step 0260 | total = 2.8542 | box = 0.4230 | obj = 0.6937 | cls = 0.0454 | lr = 0.000658
epoch 009 | step 0280 | total = 2.9381 | box = 0.4418 | obj = 0.6842 | cls = 0.0448 | lr = 0.000658
epoch 009 | step 0300 | total = 2.8756 | box = 0.4276 | obj = 0.6924 | cls = 0.0450 | lr = 0.000658
epoch 009 | step 0320 | total = 2.9450 | box = 0.4431 | obj = 0.6857 | cls = 0.0436 | lr = 0.000658
epoch 009 | step 0340 | total = 2.9438 | box = 0.4439 | obj = 0.6781 | cls = 0.0464 | lr = 0.000658
epoch 009 | step 0360 | total = 2.9794 | box = 0.4506 | obj = 0.6828 | cls = 0.0438 | lr = 0.000658
epoch 009 | step 0380 | total = 2.9326 | box = 0.4391 | obj = 0.6926 | cls = 0.0446 | lr = 0.000658
epoch 009 | step 0400 | total = 2.9107 | box = 0.4336 | obj = 0.6992 | cls = 0.0435 | lr = 0.000658
epoch 009 | step 0420 | total = 2.9832 | box = 0.4514 | obj = 0.6838 | cls = 0.0422 | lr = 0.000658
epoch 009 | step 0440 | total = 2.8991 | box = 0.4327 | obj = 0.6903 | cls = 0.0450 | lr = 0.000658
epoch 009 | step 0460 | total = 2.9466 | box = 0.4441 | obj = 0.6819 | cls = 0.0440 | lr = 0.000658
epoch 009 | step 0480 | total = 2.9551 | box = 0.4422 | obj = 0.6987 | cls = 0.0452 | lr = 0.000658
[epoch 009 train] total = 2.9275 | box = 0.4391 | obj = 0.6875 | cls = 0.0443 | batches = 485 | time = 192.1s
[epoch 009 val] total = 2.6206 | box = 0.3767 | obj = 0.6796 | cls = 0.0577 | batches = 43 | time = 14.1s
epoch 010 | step 0001 | total = 2.8903 | box = 0.4308 | obj = 0.6917 | cls = 0.0445 | lr = 0.000582
epoch 010 | step 0020 | total = 2.8107 | box = 0.4180 | obj = 0.6772 | cls = 0.0437 | lr = 0.000582
epoch 010 | step 0040 | total = 2.8116 | box = 0.4168 | obj = 0.6842 | cls = 0.0436 | lr = 0.000582
epoch 010 | step 0060 | total = 2.7952 | box = 0.4117 | obj = 0.6926 | cls = 0.0441 | lr = 0.000582
epoch 010 | step 0080 | total = 2.8089 | box = 0.4167 | obj = 0.6786 | cls = 0.0465 | lr = 0.000582
epoch 010 | step 0100 | total = 2.7936 | box = 0.4103 | obj = 0.6977 | cls = 0.0446 | lr = 0.000582
epoch 010 | step 0120 | total = 2.9189 | box = 0.4359 | obj = 0.6944 | cls = 0.0450 | lr = 0.000582
epoch 010 | step 0140 | total = 2.8178 | box = 0.4168 | obj = 0.6899 | cls = 0.0437 | lr = 0.000582
epoch 010 | step 0160 | total = 2.8368 | box = 0.4226 | obj = 0.6800 | cls = 0.0437 | lr = 0.000582
epoch 010 | step 0180 | total = 2.8771 | box = 0.4308 | obj = 0.6790 | cls = 0.0440 | lr = 0.000582
epoch 010 | step 0200 | total = 2.8470 | box = 0.4221 | obj = 0.6920 | cls = 0.0443 | lr = 0.000582
epoch 010 | step 0220 | total = 2.8929 | box = 0.4326 | obj = 0.6862 | cls = 0.0435 | lr = 0.000582
epoch 010 | step 0240 | total = 2.8747 | box = 0.4297 | obj = 0.6837 | cls = 0.0427 | lr = 0.000582
epoch 010 | step 0260 | total = 2.7945 | box = 0.4157 | obj = 0.6727 | cls = 0.0431 | lr = 0.000582
epoch 010 | step 0280 | total = 2.7936 | box = 0.4149 | obj = 0.6735 | cls = 0.0455 | lr = 0.000582
epoch 010 | step 0300 | total = 2.8353 | box = 0.4241 | obj = 0.6711 | cls = 0.0435 | lr = 0.000582
epoch 010 | step 0320 | total = 2.9047 | box = 0.4331 | obj = 0.6961 | cls = 0.0433 | lr = 0.000582
epoch 010 | step 0340 | total = 2.8382 | box = 0.4203 | obj = 0.6911 | cls = 0.0458 | lr = 0.000582
epoch 010 | step 0360 | total = 2.7653 | box = 0.4066 | obj = 0.6891 | cls = 0.0434 | lr = 0.000582
epoch 010 | step 0380 | total = 2.8728 | box = 0.4289 | obj = 0.6858 | cls = 0.0426 | lr = 0.000582
epoch 010 | step 0400 | total = 2.8017 | box = 0.4141 | obj = 0.6880 | cls = 0.0432 | lr = 0.000582
epoch 010 | step 0420 | total = 2.8589 | box = 0.4295 | obj = 0.6688 | cls = 0.0428 | lr = 0.000582
epoch 010 | step 0440 | total = 2.8216 | box = 0.4191 | obj = 0.6822 | cls = 0.0440 | lr = 0.000582
epoch 010 | step 0460 | total = 2.9505 | box = 0.4460 | obj = 0.6776 | cls = 0.0431 | lr = 0.000582
epoch 010 | step 0480 | total = 2.8751 | box = 0.4296 | obj = 0.6844 | cls = 0.0428 | lr = 0.000582
[epoch 010 train] total = 2.8584 | box = 0.4268 | obj = 0.6807 | cls = 0.0436 | batches = 485 | time = 195.3s
[epoch 010 val] total = 2.5992 | box = 0.3724 | obj = 0.6801 | cls = 0.0572 | batches = 43 | time = 14.6s
epoch 011 | step 0001 | total = 2.8011 | box = 0.4183 | obj = 0.6650 | cls = 0.0446 | lr = 0.000505
epoch 011 | step 0020 | total = 2.8531 | box = 0.4293 | obj = 0.6638 | cls = 0.0426 | lr = 0.000505
epoch 011 | step 0040 | total = 2.8596 | box = 0.4290 | obj = 0.6731 | cls = 0.0415 | lr = 0.000505
epoch 011 | step 0060 | total = 2.7471 | box = 0.4059 | obj = 0.6737 | cls = 0.0438 | lr = 0.000505
epoch 011 | step 0080 | total = 2.8192 | box = 0.4212 | obj = 0.6699 | cls = 0.0431 | lr = 0.000505
epoch 011 | step 0100 | total = 2.8963 | box = 0.4366 | obj = 0.6728 | cls = 0.0406 | lr = 0.000505
epoch 011 | step 0120 | total = 2.7963 | box = 0.4157 | obj = 0.6743 | cls = 0.0436 | lr = 0.000505
epoch 011 | step 0140 | total = 2.7441 | box = 0.4052 | obj = 0.6749 | cls = 0.0431 | lr = 0.000505
epoch 011 | step 0160 | total = 2.7835 | box = 0.4160 | obj = 0.6637 | cls = 0.0399 | lr = 0.000505
epoch 011 | step 0180 | total = 2.7292 | box = 0.4017 | obj = 0.6777 | cls = 0.0428 | lr = 0.000505
epoch 011 | step 0200 | total = 2.7759 | box = 0.4106 | obj = 0.6788 | cls = 0.0441 | lr = 0.000505
epoch 011 | step 0220 | total = 2.8803 | box = 0.4329 | obj = 0.6739 | cls = 0.0418 | lr = 0.000505
epoch 011 | step 0240 | total = 2.7332 | box = 0.4015 | obj = 0.6825 | cls = 0.0431 | lr = 0.000505
epoch 011 | step 0260 | total = 2.7745 | box = 0.4090 | obj = 0.6874 | cls = 0.0424 | lr = 0.000505
epoch 011 | step 0280 | total = 2.8818 | box = 0.4345 | obj = 0.6670 | cls = 0.0421 | lr = 0.000505
epoch 011 | step 0300 | total = 2.7438 | box = 0.4073 | obj = 0.6640 | cls = 0.0434 | lr = 0.000505
epoch 011 | step 0320 | total = 2.7835 | box = 0.4119 | obj = 0.6799 | cls = 0.0441 | lr = 0.000505
epoch 011 | step 0340 | total = 2.7768 | box = 0.4119 | obj = 0.6730 | cls = 0.0442 | lr = 0.000505
epoch 011 | step 0360 | total = 2.7135 | box = 0.4001 | obj = 0.6708 | cls = 0.0421 | lr = 0.000505
epoch 011 | step 0380 | total = 2.8373 | box = 0.4241 | obj = 0.6716 | cls = 0.0454 | lr = 0.000505
epoch 011 | step 0400 | total = 2.9146 | box = 0.4381 | obj = 0.6802 | cls = 0.0441 | lr = 0.000505
epoch 011 | step 0420 | total = 2.8143 | box = 0.4213 | obj = 0.6668 | cls = 0.0412 | lr = 0.000505
epoch 011 | step 0440 | total = 2.8952 | box = 0.4359 | obj = 0.6736 | cls = 0.0423 | lr = 0.000505
epoch 011 | step 0460 | total = 2.7946 | box = 0.4186 | obj = 0.6582 | cls = 0.0435 | lr = 0.000505
epoch 011 | step 0480 | total = 2.8055 | box = 0.4171 | obj = 0.6765 | cls = 0.0435 | lr = 0.000505
[epoch 011 train] total = 2.7880 | box = 0.4142 | obj = 0.6737 | cls = 0.0430 | batches = 485 | time = 196.0s
[epoch 011 val] total = 2.5909 | box = 0.3721 | obj = 0.6745 | cls = 0.0560 | batches = 43 | time = 14.5s
epoch 012 | step 0001 | total = 2.7483 | box = 0.4088 | obj = 0.6614 | cls = 0.0429 | lr = 0.000428
epoch 012 | step 0020 | total = 2.6820 | box = 0.3929 | obj = 0.6769 | cls = 0.0407 | lr = 0.000428
epoch 012 | step 0040 | total = 2.7586 | box = 0.4075 | obj = 0.6793 | cls = 0.0419 | lr = 0.000428
epoch 012 | step 0060 | total = 2.7759 | box = 0.4138 | obj = 0.6659 | cls = 0.0413 | lr = 0.000428
epoch 012 | step 0080 | total = 2.7617 | box = 0.4100 | obj = 0.6692 | cls = 0.0426 | lr = 0.000428
epoch 012 | step 0100 | total = 2.7255 | box = 0.4047 | obj = 0.6589 | cls = 0.0431 | lr = 0.000428
epoch 012 | step 0120 | total = 2.7985 | box = 0.4172 | obj = 0.6708 | cls = 0.0415 | lr = 0.000428
epoch 012 | step 0140 | total = 2.7976 | box = 0.4174 | obj = 0.6683 | cls = 0.0424 | lr = 0.000428
epoch 012 | step 0160 | total = 2.7051 | box = 0.4010 | obj = 0.6576 | cls = 0.0424 | lr = 0.000428
epoch 012 | step 0180 | total = 2.6313 | box = 0.3849 | obj = 0.6653 | cls = 0.0415 | lr = 0.000428
epoch 012 | step 0200 | total = 2.7150 | box = 0.4049 | obj = 0.6470 | cls = 0.0436 | lr = 0.000428
epoch 012 | step 0220 | total = 2.7463 | box = 0.4043 | obj = 0.6820 | cls = 0.0429 | lr = 0.000428
epoch 012 | step 0240 | total = 2.7501 | box = 0.4088 | obj = 0.6643 | cls = 0.0419 | lr = 0.000428
epoch 012 | step 0260 | total = 2.6392 | box = 0.3837 | obj = 0.6768 | cls = 0.0441 | lr = 0.000428
epoch 012 | step 0280 | total = 2.6390 | box = 0.3852 | obj = 0.6714 | cls = 0.0415 | lr = 0.000428
epoch 012 | step 0300 | total = 2.7554 | box = 0.4073 | obj = 0.6776 | cls = 0.0415 | lr = 0.000428
epoch 012 | step 0320 | total = 2.7348 | box = 0.4063 | obj = 0.6608 | cls = 0.0424 | lr = 0.000428
epoch 012 | step 0340 | total = 2.7452 | box = 0.4076 | obj = 0.6644 | cls = 0.0425 | lr = 0.000428
epoch 012 | step 0360 | total = 2.7486 | box = 0.4070 | obj = 0.6717 | cls = 0.0419 | lr = 0.000428
epoch 012 | step 0380 | total = 2.7007 | box = 0.3995 | obj = 0.6626 | cls = 0.0408 | lr = 0.000428
epoch 012 | step 0400 | total = 2.6385 | box = 0.3841 | obj = 0.6752 | cls = 0.0428 | lr = 0.000428
epoch 012 | step 0420 | total = 2.7605 | box = 0.4109 | obj = 0.6642 | cls = 0.0420 | lr = 0.000428
epoch 012 | step 0440 | total = 2.7638 | box = 0.4089 | obj = 0.6773 | cls = 0.0422 | lr = 0.000428
epoch 012 | step 0460 | total = 2.7699 | box = 0.4108 | obj = 0.6725 | cls = 0.0431 | lr = 0.000428
epoch 012 | step 0480 | total = 2.7665 | box = 0.4111 | obj = 0.6685 | cls = 0.0424 | lr = 0.000428
[epoch 012 train] total = 2.7118 | box = 0.4007 | obj = 0.6657 | cls = 0.0425 | batches = 485 | time = 197.1s
[epoch 012 val] total = 2.5913 | box = 0.3717 | obj = 0.6768 | cls = 0.0560 | batches = 43 | time = 14.4s
epoch 013 | step 0001 | total = 2.5527 | box = 0.3712 | obj = 0.6539 | cls = 0.0426 | lr = 0.000352
epoch 013 | step 0020 | total = 2.6676 | box = 0.3934 | obj = 0.6588 | cls = 0.0417 | lr = 0.000352
epoch 013 | step 0040 | total = 2.6516 | box = 0.3889 | obj = 0.6648 | cls = 0.0421 | lr = 0.000352
epoch 013 | step 0060 | total = 2.7157 | box = 0.4021 | obj = 0.6638 | cls = 0.0415 | lr = 0.000352
epoch 013 | step 0080 | total = 2.6803 | box = 0.3937 | obj = 0.6688 | cls = 0.0431 | lr = 0.000352
epoch 013 | step 0100 | total = 2.5591 | box = 0.3717 | obj = 0.6580 | cls = 0.0425 | lr = 0.000352
epoch 013 | step 0120 | total = 2.5979 | box = 0.3796 | obj = 0.6588 | cls = 0.0411 | lr = 0.000352
epoch 013 | step 0140 | total = 2.6310 | box = 0.3865 | obj = 0.6576 | cls = 0.0410 | lr = 0.000352
epoch 013 | step 0160 | total = 2.5991 | box = 0.3829 | obj = 0.6422 | cls = 0.0426 | lr = 0.000352
epoch 013 | step 0180 | total = 2.6471 | box = 0.3845 | obj = 0.6826 | cls = 0.0419 | lr = 0.000352
epoch 013 | step 0200 | total = 2.6496 | box = 0.3900 | obj = 0.6585 | cls = 0.0410 | lr = 0.000352
epoch 013 | step 0220 | total = 2.6768 | box = 0.3956 | obj = 0.6571 | cls = 0.0417 | lr = 0.000352
epoch 013 | step 0240 | total = 2.6542 | box = 0.3902 | obj = 0.6613 | cls = 0.0420 | lr = 0.000352
epoch 013 | step 0260 | total = 2.7190 | box = 0.4007 | obj = 0.6738 | cls = 0.0415 | lr = 0.000352
epoch 013 | step 0280 | total = 2.7321 | box = 0.4044 | obj = 0.6675 | cls = 0.0424 | lr = 0.000352
epoch 013 | step 0300 | total = 2.5448 | box = 0.3703 | obj = 0.6497 | cls = 0.0435 | lr = 0.000352
epoch 013 | step 0320 | total = 2.5931 | box = 0.3762 | obj = 0.6676 | cls = 0.0443 | lr = 0.000352
epoch 013 | step 0340 | total = 2.6974 | box = 0.4001 | obj = 0.6548 | cls = 0.0418 | lr = 0.000352
epoch 013 | step 0360 | total = 2.6752 | box = 0.3963 | obj = 0.6504 | cls = 0.0433 | lr = 0.000352
epoch 013 | step 0380 | total = 2.5932 | box = 0.3787 | obj = 0.6580 | cls = 0.0416 | lr = 0.000352
epoch 013 | step 0400 | total = 2.7214 | box = 0.4048 | obj = 0.6556 | cls = 0.0415 | lr = 0.000352
epoch 013 | step 0420 | total = 2.6398 | box = 0.3918 | obj = 0.6398 | cls = 0.0409 | lr = 0.000352
epoch 013 | step 0440 | total = 2.6266 | box = 0.3843 | obj = 0.6642 | cls = 0.0409 | lr = 0.000352
epoch 013 | step 0460 | total = 2.6351 | box = 0.3881 | obj = 0.6533 | cls = 0.0413 | lr = 0.000352
epoch 013 | step 0480 | total = 2.6368 | box = 0.3884 | obj = 0.6538 | cls = 0.0412 | lr = 0.000352
[epoch 013 train] total = 2.6307 | box = 0.3864 | obj = 0.6567 | cls = 0.0420 | batches = 485 | time = 193.7s
[epoch 013 val] total = 2.5761 | box = 0.3685 | obj = 0.6765 | cls = 0.0573 | batches = 43 | time = 15.1s
epoch 014 | step 0001 | total = 2.5479 | box = 0.3704 | obj = 0.6552 | cls = 0.0408 | lr = 0.000280
epoch 014 | step 0020 | total = 2.4552 | box = 0.3538 | obj = 0.6440 | cls = 0.0421 | lr = 0.000280
epoch 014 | step 0040 | total = 2.6465 | box = 0.3897 | obj = 0.6554 | cls = 0.0426 | lr = 0.000280
epoch 014 | step 0060 | total = 2.5653 | box = 0.3735 | obj = 0.6571 | cls = 0.0406 | lr = 0.000280
epoch 014 | step 0080 | total = 2.4978 | box = 0.3593 | obj = 0.6583 | cls = 0.0430 | lr = 0.000280
epoch 014 | step 0100 | total = 2.5983 | box = 0.3812 | obj = 0.6503 | cls = 0.0418 | lr = 0.000280
epoch 014 | step 0120 | total = 2.5123 | box = 0.3628 | obj = 0.6561 | cls = 0.0423 | lr = 0.000280
epoch 014 | step 0140 | total = 2.4559 | box = 0.3549 | obj = 0.6416 | cls = 0.0396 | lr = 0.000280
epoch 014 | step 0160 | total = 2.4603 | box = 0.3564 | obj = 0.6373 | cls = 0.0411 | lr = 0.000280
epoch 014 | step 0180 | total = 2.4731 | box = 0.3544 | obj = 0.6579 | cls = 0.0431 | lr = 0.000280
epoch 014 | step 0200 | total = 2.5776 | box = 0.3790 | obj = 0.6426 | cls = 0.0400 | lr = 0.000280
epoch 014 | step 0220 | total = 2.5337 | box = 0.3696 | obj = 0.6444 | cls = 0.0415 | lr = 0.000280
epoch 014 | step 0240 | total = 2.5552 | box = 0.3721 | obj = 0.6524 | cls = 0.0423 | lr = 0.000280
epoch 014 | step 0260 | total = 2.4985 | box = 0.3641 | obj = 0.6372 | cls = 0.0407 | lr = 0.000280
epoch 014 | step 0280 | total = 2.5659 | box = 0.3758 | obj = 0.6452 | cls = 0.0416 | lr = 0.000280
epoch 014 | step 0300 | total = 2.5706 | box = 0.3762 | obj = 0.6478 | cls = 0.0418 | lr = 0.000280
epoch 014 | step 0320 | total = 2.5235 | box = 0.3692 | obj = 0.6364 | cls = 0.0410 | lr = 0.000280
epoch 014 | step 0340 | total = 2.5724 | box = 0.3752 | obj = 0.6552 | cls = 0.0413 | lr = 0.000280
epoch 014 | step 0360 | total = 2.4149 | box = 0.3471 | obj = 0.6376 | cls = 0.0420 | lr = 0.000280
epoch 014 | step 0380 | total = 2.5827 | box = 0.3775 | obj = 0.6536 | cls = 0.0417 | lr = 0.000280
epoch 014 | step 0400 | total = 2.6600 | box = 0.3917 | obj = 0.6594 | cls = 0.0422 | lr = 0.000280
epoch 014 | step 0420 | total = 2.5067 | box = 0.3645 | obj = 0.6425 | cls = 0.0419 | lr = 0.000280
epoch 014 | step 0440 | total = 2.5461 | box = 0.3744 | obj = 0.6319 | cls = 0.0421 | lr = 0.000280
epoch 014 | step 0460 | total = 2.6253 | box = 0.3844 | obj = 0.6613 | cls = 0.0418 | lr = 0.000280
epoch 014 | step 0480 | total = 2.5131 | box = 0.3657 | obj = 0.6443 | cls = 0.0403 | lr = 0.000280
[epoch 014 train] total = 2.5441 | box = 0.3711 | obj = 0.6470 | cls = 0.0416 | batches = 485 | time = 196.1s
[epoch 014 val] total = 2.5842 | box = 0.3678 | obj = 0.6892 | cls = 0.0561 | batches = 43 | time = 15.1s
epoch 015 | step 0001 | total = 2.3766 | box = 0.3424 | obj = 0.6235 | cls = 0.0413 | lr = 0.000214
epoch 015 | step 0020 | total = 2.4656 | box = 0.3575 | obj = 0.6361 | cls = 0.0422 | lr = 0.000214
epoch 015 | step 0040 | total = 2.4041 | box = 0.3477 | obj = 0.6255 | cls = 0.0403 | lr = 0.000214
epoch 015 | step 0060 | total = 2.4250 | box = 0.3476 | obj = 0.6455 | cls = 0.0418 | lr = 0.000214
epoch 015 | step 0080 | total = 2.4545 | box = 0.3556 | obj = 0.6350 | cls = 0.0416 | lr = 0.000214
epoch 015 | step 0100 | total = 2.4968 | box = 0.3643 | obj = 0.6353 | cls = 0.0402 | lr = 0.000214
epoch 015 | step 0120 | total = 2.5058 | box = 0.3661 | obj = 0.6353 | cls = 0.0398 | lr = 0.000214
epoch 015 | step 0140 | total = 2.4021 | box = 0.3436 | obj = 0.6432 | cls = 0.0408 | lr = 0.000214
epoch 015 | step 0160 | total = 2.4071 | box = 0.3418 | obj = 0.6557 | cls = 0.0426 | lr = 0.000214
epoch 015 | step 0180 | total = 2.4602 | box = 0.3550 | obj = 0.6429 | cls = 0.0422 | lr = 0.000214
epoch 015 | step 0200 | total = 2.4457 | box = 0.3551 | obj = 0.6293 | cls = 0.0410 | lr = 0.000214
epoch 015 | step 0220 | total = 2.4344 | box = 0.3547 | obj = 0.6195 | cls = 0.0415 | lr = 0.000214
epoch 015 | step 0240 | total = 2.4722 | box = 0.3578 | obj = 0.6424 | cls = 0.0406 | lr = 0.000214
epoch 015 | step 0260 | total = 2.4338 | box = 0.3520 | obj = 0.6336 | cls = 0.0404 | lr = 0.000214
epoch 015 | step 0280 | total = 2.4639 | box = 0.3557 | obj = 0.6437 | cls = 0.0420 | lr = 0.000214
epoch 015 | step 0300 | total = 2.5407 | box = 0.3730 | obj = 0.6353 | cls = 0.0406 | lr = 0.000214
epoch 015 | step 0320 | total = 2.4591 | box = 0.3579 | obj = 0.6295 | cls = 0.0400 | lr = 0.000214
epoch 015 | step 0340 | total = 2.4292 | box = 0.3477 | obj = 0.6485 | cls = 0.0420 | lr = 0.000214
epoch 015 | step 0360 | total = 2.4781 | box = 0.3597 | obj = 0.6363 | cls = 0.0431 | lr = 0.000214
epoch 015 | step 0380 | total = 2.4567 | box = 0.3544 | obj = 0.6434 | cls = 0.0415 | lr = 0.000214
epoch 015 | step 0400 | total = 2.4454 | box = 0.3545 | obj = 0.6301 | cls = 0.0425 | lr = 0.000214
epoch 015 | step 0420 | total = 2.5170 | box = 0.3676 | obj = 0.6383 | cls = 0.0405 | lr = 0.000214
epoch 015 | step 0440 | total = 2.4520 | box = 0.3555 | obj = 0.6341 | cls = 0.0405 | lr = 0.000214
epoch 015 | step 0460 | total = 2.4724 | box = 0.3589 | obj = 0.6383 | cls = 0.0397 | lr = 0.000214
epoch 015 | step 0480 | total = 2.3823 | box = 0.3413 | obj = 0.6358 | cls = 0.0399 | lr = 0.000214
[epoch 015 train] total = 2.4543 | box = 0.3554 | obj = 0.6360 | cls = 0.0413 | batches = 485 | time = 198.0s
[epoch 015 val] total = 2.5310 | box = 0.3601 | obj = 0.6723 | cls = 0.0580 | batches = 43 | time = 15.4s
epoch 016 | step 0001 | total = 2.3147 | box = 0.3337 | obj = 0.6054 | cls = 0.0409 | lr = 0.000155
epoch 016 | step 0020 | total = 2.2560 | box = 0.3184 | obj = 0.6245 | cls = 0.0395 | lr = 0.000155
epoch 016 | step 0040 | total = 2.3285 | box = 0.3334 | obj = 0.6224 | cls = 0.0389 | lr = 0.000155
epoch 016 | step 0060 | total = 2.3814 | box = 0.3448 | obj = 0.6170 | cls = 0.0404 | lr = 0.000155
epoch 016 | step 0080 | total = 2.3149 | box = 0.3295 | obj = 0.6255 | cls = 0.0417 | lr = 0.000155
epoch 016 | step 0100 | total = 2.3287 | box = 0.3339 | obj = 0.6191 | cls = 0.0400 | lr = 0.000155
epoch 016 | step 0120 | total = 2.4538 | box = 0.3546 | obj = 0.6381 | cls = 0.0425 | lr = 0.000155
epoch 016 | step 0140 | total = 2.3063 | box = 0.3268 | obj = 0.6305 | cls = 0.0416 | lr = 0.000155
epoch 016 | step 0160 | total = 2.2869 | box = 0.3282 | obj = 0.6019 | cls = 0.0442 | lr = 0.000155
epoch 016 | step 0180 | total = 2.5082 | box = 0.3649 | obj = 0.6424 | cls = 0.0412 | lr = 0.000155
epoch 016 | step 0200 | total = 2.3907 | box = 0.3440 | obj = 0.6284 | cls = 0.0425 | lr = 0.000155
epoch 016 | step 0220 | total = 2.2741 | box = 0.3195 | obj = 0.6356 | cls = 0.0409 | lr = 0.000155
epoch 016 | step 0240 | total = 2.3151 | box = 0.3297 | obj = 0.6271 | cls = 0.0397 | lr = 0.000155
epoch 016 | step 0260 | total = 2.4249 | box = 0.3515 | obj = 0.6260 | cls = 0.0412 | lr = 0.000155
epoch 016 | step 0280 | total = 2.3582 | box = 0.3381 | obj = 0.6267 | cls = 0.0411 | lr = 0.000155
epoch 016 | step 0300 | total = 2.2999 | box = 0.3285 | obj = 0.6166 | cls = 0.0408 | lr = 0.000155
epoch 016 | step 0320 | total = 2.5045 | box = 0.3661 | obj = 0.6307 | cls = 0.0431 | lr = 0.000155
epoch 016 | step 0340 | total = 2.4532 | box = 0.3565 | obj = 0.6306 | cls = 0.0400 | lr = 0.000155
epoch 016 | step 0360 | total = 2.3656 | box = 0.3386 | obj = 0.6309 | cls = 0.0418 | lr = 0.000155
epoch 016 | step 0380 | total = 2.3637 | box = 0.3378 | obj = 0.6323 | cls = 0.0424 | lr = 0.000155
epoch 016 | step 0400 | total = 2.4182 | box = 0.3520 | obj = 0.6160 | cls = 0.0423 | lr = 0.000155
epoch 016 | step 0420 | total = 2.2772 | box = 0.3225 | obj = 0.6238 | cls = 0.0409 | lr = 0.000155
epoch 016 | step 0440 | total = 2.4756 | box = 0.3614 | obj = 0.6285 | cls = 0.0402 | lr = 0.000155
epoch 016 | step 0460 | total = 2.4444 | box = 0.3552 | obj = 0.6283 | cls = 0.0399 | lr = 0.000155
epoch 016 | step 0480 | total = 2.3861 | box = 0.3444 | obj = 0.6223 | cls = 0.0416 | lr = 0.000155
[epoch 016 train] total = 2.3645 | box = 0.3398 | obj = 0.6247 | cls = 0.0410 | batches = 485 | time = 193.3s
[epoch 016 val] total = 2.5406 | box = 0.3600 | obj = 0.6838 | cls = 0.0569 | batches = 43 | time = 14.9s
epoch 017 | step 0001 | total = 2.3127 | box = 0.3310 | obj = 0.6153 | cls = 0.0427 | lr = 0.000105
epoch 017 | step 0020 | total = 2.3577 | box = 0.3393 | obj = 0.6204 | cls = 0.0410 | lr = 0.000105
epoch 017 | step 0040 | total = 2.3669 | box = 0.3434 | obj = 0.6104 | cls = 0.0393 | lr = 0.000105
epoch 017 | step 0060 | total = 2.2683 | box = 0.3227 | obj = 0.6154 | cls = 0.0393 | lr = 0.000105
epoch 017 | step 0080 | total = 2.2654 | box = 0.3238 | obj = 0.6073 | cls = 0.0389 | lr = 0.000105
epoch 017 | step 0100 | total = 2.1877 | box = 0.3053 | obj = 0.6186 | cls = 0.0427 | lr = 0.000105
epoch 017 | step 0120 | total = 2.2964 | box = 0.3285 | obj = 0.6129 | cls = 0.0412 | lr = 0.000105
epoch 017 | step 0140 | total = 2.1023 | box = 0.2894 | obj = 0.6125 | cls = 0.0429 | lr = 0.000105
epoch 017 | step 0160 | total = 2.2584 | box = 0.3214 | obj = 0.6090 | cls = 0.0422 | lr = 0.000105
epoch 017 | step 0180 | total = 2.2648 | box = 0.3241 | obj = 0.6033 | cls = 0.0411 | lr = 0.000105
epoch 017 | step 0200 | total = 2.3714 | box = 0.3421 | obj = 0.6177 | cls = 0.0432 | lr = 0.000105
epoch 017 | step 0220 | total = 2.2611 | box = 0.3218 | obj = 0.6114 | cls = 0.0409 | lr = 0.000105
epoch 017 | step 0240 | total = 2.3438 | box = 0.3376 | obj = 0.6161 | cls = 0.0396 | lr = 0.000105
epoch 017 | step 0260 | total = 2.2162 | box = 0.3148 | obj = 0.6027 | cls = 0.0397 | lr = 0.000105
epoch 017 | step 0280 | total = 2.2537 | box = 0.3180 | obj = 0.6221 | cls = 0.0414 | lr = 0.000105
epoch 017 | step 0300 | total = 2.3500 | box = 0.3385 | obj = 0.6173 | cls = 0.0404 | lr = 0.000105
epoch 017 | step 0320 | total = 2.3636 | box = 0.3425 | obj = 0.6114 | cls = 0.0397 | lr = 0.000105
epoch 017 | step 0340 | total = 2.3055 | box = 0.3279 | obj = 0.6262 | cls = 0.0401 | lr = 0.000105
epoch 017 | step 0360 | total = 2.2910 | box = 0.3294 | obj = 0.6061 | cls = 0.0378 | lr = 0.000105
epoch 017 | step 0380 | total = 2.2284 | box = 0.3142 | obj = 0.6169 | cls = 0.0406 | lr = 0.000105
epoch 017 | step 0400 | total = 2.2530 | box = 0.3220 | obj = 0.6031 | cls = 0.0397 | lr = 0.000105
epoch 017 | step 0420 | total = 2.2685 | box = 0.3215 | obj = 0.6204 | cls = 0.0408 | lr = 0.000105
epoch 017 | step 0440 | total = 2.2727 | box = 0.3214 | obj = 0.6260 | cls = 0.0398 | lr = 0.000105
epoch 017 | step 0460 | total = 2.2199 | box = 0.3147 | obj = 0.6050 | cls = 0.0415 | lr = 0.000105
epoch 017 | step 0480 | total = 2.2509 | box = 0.3200 | obj = 0.6091 | cls = 0.0418 | lr = 0.000105
[epoch 017 train] total = 2.2815 | box = 0.3254 | obj = 0.6138 | cls = 0.0409 | batches = 485 | time = 202.3s
[epoch 017 val] total = 2.5544 | box = 0.3613 | obj = 0.6910 | cls = 0.0570 | batches = 43 | time = 14.6s
epoch 018 | step 0001 | total = 2.2023 | box = 0.3119 | obj = 0.6014 | cls = 0.0415 | lr = 0.000064
epoch 018 | step 0020 | total = 2.2730 | box = 0.3240 | obj = 0.6116 | cls = 0.0412 | lr = 0.000064
epoch 018 | step 0040 | total = 2.1104 | box = 0.2979 | obj = 0.5793 | cls = 0.0414 | lr = 0.000064
epoch 018 | step 0060 | total = 2.2371 | box = 0.3190 | obj = 0.6018 | cls = 0.0402 | lr = 0.000064
epoch 018 | step 0080 | total = 2.1708 | box = 0.3067 | obj = 0.5953 | cls = 0.0421 | lr = 0.000064
epoch 018 | step 0100 | total = 2.2263 | box = 0.3173 | obj = 0.6004 | cls = 0.0394 | lr = 0.000064
epoch 018 | step 0120 | total = 2.1580 | box = 0.3027 | obj = 0.6037 | cls = 0.0411 | lr = 0.000064
epoch 018 | step 0140 | total = 2.1707 | box = 0.3064 | obj = 0.5972 | cls = 0.0416 | lr = 0.000064
epoch 018 | step 0160 | total = 2.2501 | box = 0.3204 | obj = 0.6078 | cls = 0.0401 | lr = 0.000064
epoch 018 | step 0180 | total = 2.2106 | box = 0.3104 | obj = 0.6184 | cls = 0.0404 | lr = 0.000064
epoch 018 | step 0200 | total = 2.2904 | box = 0.3286 | obj = 0.6068 | cls = 0.0405 | lr = 0.000064
epoch 018 | step 0220 | total = 2.1767 | box = 0.3059 | obj = 0.6049 | cls = 0.0422 | lr = 0.000064
epoch 018 | step 0240 | total = 2.2122 | box = 0.3120 | obj = 0.6106 | cls = 0.0416 | lr = 0.000064
epoch 018 | step 0260 | total = 2.2098 | box = 0.3144 | obj = 0.5975 | cls = 0.0403 | lr = 0.000064
epoch 018 | step 0280 | total = 2.2465 | box = 0.3204 | obj = 0.6025 | cls = 0.0420 | lr = 0.000064
epoch 018 | step 0300 | total = 2.2966 | box = 0.3303 | obj = 0.6043 | cls = 0.0410 | lr = 0.000064
epoch 018 | step 0320 | total = 2.3138 | box = 0.3329 | obj = 0.6101 | cls = 0.0393 | lr = 0.000064
epoch 018 | step 0340 | total = 2.3162 | box = 0.3344 | obj = 0.6047 | cls = 0.0396 | lr = 0.000064
epoch 018 | step 0360 | total = 2.1843 | box = 0.3080 | obj = 0.6032 | cls = 0.0411 | lr = 0.000064
epoch 018 | step 0380 | total = 2.2012 | box = 0.3122 | obj = 0.5993 | cls = 0.0408 | lr = 0.000064
epoch 018 | step 0400 | total = 2.2656 | box = 0.3254 | obj = 0.6011 | cls = 0.0373 | lr = 0.000064
epoch 018 | step 0420 | total = 2.2839 | box = 0.3271 | obj = 0.6085 | cls = 0.0402 | lr = 0.000064
epoch 018 | step 0440 | total = 2.2551 | box = 0.3230 | obj = 0.6008 | cls = 0.0393 | lr = 0.000064
epoch 018 | step 0460 | total = 2.2401 | box = 0.3173 | obj = 0.6137 | cls = 0.0400 | lr = 0.000064
epoch 018 | step 0480 | total = 2.2398 | box = 0.3168 | obj = 0.6131 | cls = 0.0425 | lr = 0.000064
[epoch 018 train] total = 2.2101 | box = 0.3130 | obj = 0.6042 | cls = 0.0407 | batches = 485 | time = 196.4s
[epoch 018 val] total = 2.5654 | box = 0.3615 | obj = 0.7013 | cls = 0.0568 | batches = 43 | time = 15.4s
epoch 019 | step 0001 | total = 2.1421 | box = 0.3006 | obj = 0.5982 | cls = 0.0412 | lr = 0.000034
epoch 019 | step 0020 | total = 2.1631 | box = 0.3027 | obj = 0.6077 | cls = 0.0421 | lr = 0.000034
epoch 019 | step 0040 | total = 2.0831 | box = 0.2871 | obj = 0.6048 | cls = 0.0429 | lr = 0.000034
epoch 019 | step 0060 | total = 2.1393 | box = 0.3000 | obj = 0.5994 | cls = 0.0401 | lr = 0.000034
epoch 019 | step 0080 | total = 2.2291 | box = 0.3167 | obj = 0.6046 | cls = 0.0408 | lr = 0.000034
epoch 019 | step 0100 | total = 2.1459 | box = 0.3031 | obj = 0.5916 | cls = 0.0389 | lr = 0.000034
epoch 019 | step 0120 | total = 2.1017 | box = 0.2906 | obj = 0.6076 | cls = 0.0413 | lr = 0.000034
epoch 019 | step 0140 | total = 2.0406 | box = 0.2835 | obj = 0.5838 | cls = 0.0394 | lr = 0.000034
epoch 019 | step 0160 | total = 2.1149 | box = 0.2955 | obj = 0.5973 | cls = 0.0401 | lr = 0.000034
epoch 019 | step 0180 | total = 2.1106 | box = 0.2954 | obj = 0.5928 | cls = 0.0407 | lr = 0.000034
epoch 019 | step 0200 | total = 2.1564 | box = 0.3013 | obj = 0.6105 | cls = 0.0396 | lr = 0.000034
epoch 019 | step 0220 | total = 2.0722 | box = 0.2903 | obj = 0.5815 | cls = 0.0392 | lr = 0.000034
epoch 019 | step 0240 | total = 2.1044 | box = 0.2938 | obj = 0.5935 | cls = 0.0420 | lr = 0.000034
epoch 019 | step 0260 | total = 2.1000 | box = 0.2927 | obj = 0.5965 | cls = 0.0401 | lr = 0.000034
epoch 019 | step 0280 | total = 2.3100 | box = 0.3309 | obj = 0.6152 | cls = 0.0404 | lr = 0.000034
epoch 019 | step 0300 | total = 2.0684 | box = 0.2894 | obj = 0.5819 | cls = 0.0393 | lr = 0.000034
epoch 019 | step 0320 | total = 2.2049 | box = 0.3142 | obj = 0.5934 | cls = 0.0403 | lr = 0.000034
epoch 019 | step 0340 | total = 2.1858 | box = 0.3080 | obj = 0.6060 | cls = 0.0399 | lr = 0.000034
epoch 019 | step 0360 | total = 2.1803 | box = 0.3087 | obj = 0.5956 | cls = 0.0411 | lr = 0.000034
epoch 019 | step 0380 | total = 2.0263 | box = 0.2767 | obj = 0.6005 | cls = 0.0422 | lr = 0.000034
epoch 019 | step 0400 | total = 2.1551 | box = 0.3032 | obj = 0.5975 | cls = 0.0414 | lr = 0.000034
epoch 019 | step 0420 | total = 2.2433 | box = 0.3189 | obj = 0.6065 | cls = 0.0422 | lr = 0.000034
epoch 019 | step 0440 | total = 2.1684 | box = 0.3062 | obj = 0.5976 | cls = 0.0396 | lr = 0.000034
epoch 019 | step 0460 | total = 2.2314 | box = 0.3165 | obj = 0.6069 | cls = 0.0420 | lr = 0.000034
epoch 019 | step 0480 | total = 2.1130 | box = 0.2964 | obj = 0.5904 | cls = 0.0408 | lr = 0.000034
[epoch 019 train] total = 2.1571 | box = 0.3038 | obj = 0.5973 | cls = 0.0407 | batches = 485 | time = 193.3s
[epoch 019 val] total = 2.5697 | box = 0.3614 | obj = 0.7054 | cls = 0.0571 | batches = 43 | time = 14.7s
epoch 020 | step 0001 | total = 2.0934 | box = 0.2952 | obj = 0.5789 | cls = 0.0383 | lr = 0.000016
epoch 020 | step 0020 | total = 1.9813 | box = 0.2731 | obj = 0.5738 | cls = 0.0418 | lr = 0.000016
epoch 020 | step 0040 | total = 2.1565 | box = 0.3022 | obj = 0.6041 | cls = 0.0414 | lr = 0.000016
epoch 020 | step 0060 | total = 2.1373 | box = 0.3003 | obj = 0.5974 | cls = 0.0383 | lr = 0.000016
epoch 020 | step 0080 | total = 2.0180 | box = 0.2797 | obj = 0.5784 | cls = 0.0410 | lr = 0.000016
epoch 020 | step 0100 | total = 2.1562 | box = 0.3064 | obj = 0.5830 | cls = 0.0414 | lr = 0.000016
epoch 020 | step 0120 | total = 1.8644 | box = 0.2492 | obj = 0.5776 | cls = 0.0406 | lr = 0.000016
epoch 020 | step 0140 | total = 2.0911 | box = 0.2946 | obj = 0.5789 | cls = 0.0390 | lr = 0.000016
epoch 020 | step 0160 | total = 2.1153 | box = 0.2959 | obj = 0.5956 | cls = 0.0401 | lr = 0.000016
epoch 020 | step 0180 | total = 2.2212 | box = 0.3172 | obj = 0.5934 | cls = 0.0419 | lr = 0.000016
epoch 020 | step 0200 | total = 2.1504 | box = 0.3013 | obj = 0.6036 | cls = 0.0403 | lr = 0.000016
epoch 020 | step 0220 | total = 2.0336 | box = 0.2802 | obj = 0.5900 | cls = 0.0427 | lr = 0.000016
epoch 020 | step 0240 | total = 2.1787 | box = 0.3058 | obj = 0.6090 | cls = 0.0408 | lr = 0.000016
epoch 020 | step 0260 | total = 2.1374 | box = 0.3036 | obj = 0.5783 | cls = 0.0411 | lr = 0.000016
epoch 020 | step 0280 | total = 2.0096 | box = 0.2777 | obj = 0.5809 | cls = 0.0402 | lr = 0.000016
epoch 020 | step 0300 | total = 2.0959 | box = 0.2935 | obj = 0.5885 | cls = 0.0399 | lr = 0.000016
epoch 020 | step 0320 | total = 2.1858 | box = 0.3106 | obj = 0.5926 | cls = 0.0402 | lr = 0.000016
epoch 020 | step 0340 | total = 1.9812 | box = 0.2690 | obj = 0.5931 | cls = 0.0429 | lr = 0.000016
epoch 020 | step 0360 | total = 2.1448 | box = 0.3011 | obj = 0.5989 | cls = 0.0405 | lr = 0.000016
epoch 020 | step 0380 | total = 2.1003 | box = 0.2924 | obj = 0.5987 | cls = 0.0394 | lr = 0.000016
epoch 020 | step 0400 | total = 2.1696 | box = 0.3072 | obj = 0.5918 | cls = 0.0416 | lr = 0.000016
epoch 020 | step 0420 | total = 2.0606 | box = 0.2866 | obj = 0.5866 | cls = 0.0409 | lr = 0.000016
epoch 020 | step 0440 | total = 2.1379 | box = 0.3001 | obj = 0.5987 | cls = 0.0386 | lr = 0.000016
epoch 020 | step 0460 | total = 2.1341 | box = 0.3023 | obj = 0.5822 | cls = 0.0402 | lr = 0.000016
epoch 020 | step 0480 | total = 2.1241 | box = 0.2974 | obj = 0.5969 | cls = 0.0401 | lr = 0.000016
[epoch 020 train] total = 2.1230 | box = 0.2979 | obj = 0.5929 | cls = 0.0406 | batches = 485 | time = 195.6s
[epoch 020 val] total = 2.5867 | box = 0.3632 | obj = 0.7142 | cls = 0.0567 | batches = 43 | time = 14.5s
training status: completed
result summary: logs/records/deep_residual_three_box_v5box_softobj_20260419_135531/result.txt
