starting yolov0 training
run id: deep_residual_three_box_v5box_softobj_assign_20260419_152713
device: cuda
train dataset length: 124004
val dataset length: 10823
model output shape: (1, 10, 10, 255)
parameter total: 26560607
parameter trainable: 26560607
gpu count: 8
tensorboard dir: runs/deep_residual_three_box_v5box_softobj_assign_20260419_152713
output dir: outputs/deep_residual_three_box_v5box_softobj_assign_20260419_152713
epoch 001 | step 0001 | total = 6.3804 | box = 0.9177 | obj = 1.0678 | cls = 0.7240 | lr = 0.001000
epoch 001 | step 0020 | total = 4.8549 | box = 0.7270 | obj = 0.8365 | cls = 0.3833 | lr = 0.001000
epoch 001 | step 0040 | total = 4.4040 | box = 0.6974 | obj = 0.7848 | cls = 0.1325 | lr = 0.001000
epoch 001 | step 0060 | total = 4.4039 | box = 0.7152 | obj = 0.7459 | cls = 0.0819 | lr = 0.001000
epoch 001 | step 0080 | total = 4.3409 | box = 0.7055 | obj = 0.7486 | cls = 0.0648 | lr = 0.001000
epoch 001 | step 0100 | total = 4.3080 | box = 0.6997 | obj = 0.7490 | cls = 0.0606 | lr = 0.001000
epoch 001 | step 0120 | total = 4.3244 | box = 0.7042 | obj = 0.7460 | cls = 0.0574 | lr = 0.001000
epoch 001 | step 0140 | total = 4.2274 | box = 0.6857 | obj = 0.7415 | cls = 0.0573 | lr = 0.001000
epoch 001 | step 0160 | total = 4.2271 | box = 0.6844 | obj = 0.7478 | cls = 0.0574 | lr = 0.001000
epoch 001 | step 0180 | total = 4.1576 | box = 0.6717 | obj = 0.7445 | cls = 0.0546 | lr = 0.001000
epoch 001 | step 0200 | total = 4.1658 | box = 0.6714 | obj = 0.7527 | cls = 0.0564 | lr = 0.001000
epoch 001 | step 0220 | total = 4.0990 | box = 0.6553 | obj = 0.7678 | cls = 0.0546 | lr = 0.001000
epoch 001 | step 0240 | total = 4.1238 | box = 0.6658 | obj = 0.7414 | cls = 0.0535 | lr = 0.001000
epoch 001 | step 0260 | total = 4.0380 | box = 0.6482 | obj = 0.7438 | cls = 0.0530 | lr = 0.001000
epoch 001 | step 0280 | total = 4.0848 | box = 0.6569 | obj = 0.7452 | cls = 0.0553 | lr = 0.001000
epoch 001 | step 0300 | total = 4.0966 | box = 0.6614 | obj = 0.7344 | cls = 0.0550 | lr = 0.001000
epoch 001 | step 0320 | total = 4.0343 | box = 0.6492 | obj = 0.7347 | cls = 0.0536 | lr = 0.001000
epoch 001 | step 0340 | total = 4.0585 | box = 0.6521 | obj = 0.7453 | cls = 0.0528 | lr = 0.001000
epoch 001 | step 0360 | total = 4.0674 | box = 0.6572 | obj = 0.7261 | cls = 0.0555 | lr = 0.001000
epoch 001 | step 0380 | total = 3.9048 | box = 0.6198 | obj = 0.7523 | cls = 0.0535 | lr = 0.001000
epoch 001 | step 0400 | total = 3.9070 | box = 0.6182 | obj = 0.7619 | cls = 0.0539 | lr = 0.001000
epoch 001 | step 0420 | total = 3.9970 | box = 0.6461 | obj = 0.7139 | cls = 0.0524 | lr = 0.001000
epoch 001 | step 0440 | total = 4.0206 | box = 0.6467 | obj = 0.7340 | cls = 0.0529 | lr = 0.001000
epoch 001 | step 0460 | total = 3.9315 | box = 0.6270 | obj = 0.7441 | cls = 0.0525 | lr = 0.001000
epoch 001 | step 0480 | total = 3.9733 | box = 0.6397 | obj = 0.7201 | cls = 0.0546 | lr = 0.001000
[epoch 001 train] total = 4.1935 | box = 0.6701 | obj = 0.7567 | cls = 0.0864 | batches = 485 | time = 219.0s
[epoch 001 val] total = 3.5218 | box = 0.5350 | obj = 0.7855 | cls = 0.0614 | batches = 43 | time = 20.6s
epoch 002 | step 0001 | total = 3.8111 | box = 0.5986 | obj = 0.7644 | cls = 0.0537 | lr = 0.000994
epoch 002 | step 0020 | total = 3.8733 | box = 0.6149 | obj = 0.7459 | cls = 0.0530 | lr = 0.000994
epoch 002 | step 0040 | total = 3.8277 | box = 0.6078 | obj = 0.7362 | cls = 0.0525 | lr = 0.000994
epoch 002 | step 0060 | total = 3.9893 | box = 0.6437 | obj = 0.7190 | cls = 0.0519 | lr = 0.000994
epoch 002 | step 0080 | total = 3.9359 | box = 0.6316 | obj = 0.7261 | cls = 0.0519 | lr = 0.000994
epoch 002 | step 0100 | total = 3.8191 | box = 0.6077 | obj = 0.7267 | cls = 0.0537 | lr = 0.000994
epoch 002 | step 0120 | total = 3.7589 | box = 0.5933 | obj = 0.7391 | cls = 0.0532 | lr = 0.000994
epoch 002 | step 0140 | total = 3.7606 | box = 0.5939 | obj = 0.7381 | cls = 0.0531 | lr = 0.000994
epoch 002 | step 0160 | total = 3.8562 | box = 0.6145 | obj = 0.7316 | cls = 0.0522 | lr = 0.000994
epoch 002 | step 0180 | total = 3.8185 | box = 0.6091 | obj = 0.7204 | cls = 0.0525 | lr = 0.000994
epoch 002 | step 0200 | total = 3.8036 | box = 0.6046 | obj = 0.7289 | cls = 0.0518 | lr = 0.000994
epoch 002 | step 0220 | total = 3.6457 | box = 0.5685 | obj = 0.7511 | cls = 0.0518 | lr = 0.000994
epoch 002 | step 0240 | total = 3.7839 | box = 0.6022 | obj = 0.7225 | cls = 0.0503 | lr = 0.000994
epoch 002 | step 0260 | total = 3.7812 | box = 0.6046 | obj = 0.7083 | cls = 0.0499 | lr = 0.000994
epoch 002 | step 0280 | total = 3.7968 | box = 0.6070 | obj = 0.7095 | cls = 0.0525 | lr = 0.000994
epoch 002 | step 0300 | total = 3.6340 | box = 0.5679 | obj = 0.7411 | cls = 0.0536 | lr = 0.000994
epoch 002 | step 0320 | total = 3.6799 | box = 0.5777 | obj = 0.7382 | cls = 0.0530 | lr = 0.000994
epoch 002 | step 0340 | total = 3.7664 | box = 0.6000 | obj = 0.7164 | cls = 0.0498 | lr = 0.000994
epoch 002 | step 0360 | total = 3.6567 | box = 0.5758 | obj = 0.7259 | cls = 0.0520 | lr = 0.000994
epoch 002 | step 0380 | total = 3.5856 | box = 0.5590 | obj = 0.7388 | cls = 0.0516 | lr = 0.000994
epoch 002 | step 0400 | total = 3.6308 | box = 0.5720 | obj = 0.7177 | cls = 0.0528 | lr = 0.000994
epoch 002 | step 0420 | total = 3.7019 | box = 0.5844 | obj = 0.7283 | cls = 0.0517 | lr = 0.000994
epoch 002 | step 0440 | total = 3.6942 | box = 0.5864 | obj = 0.7100 | cls = 0.0520 | lr = 0.000994
epoch 002 | step 0460 | total = 3.6749 | box = 0.5818 | obj = 0.7149 | cls = 0.0508 | lr = 0.000994
epoch 002 | step 0480 | total = 3.6423 | box = 0.5751 | obj = 0.7162 | cls = 0.0507 | lr = 0.000994
[epoch 002 train] total = 3.7730 | box = 0.5996 | obj = 0.7228 | cls = 0.0520 | batches = 485 | time = 193.2s
[epoch 002 val] total = 3.2032 | box = 0.4808 | obj = 0.7383 | cls = 0.0608 | batches = 43 | time = 14.8s
epoch 003 | step 0001 | total = 3.7174 | box = 0.5933 | obj = 0.6977 | cls = 0.0529 | lr = 0.000976
epoch 003 | step 0020 | total = 3.6559 | box = 0.5772 | obj = 0.7187 | cls = 0.0511 | lr = 0.000976
epoch 003 | step 0040 | total = 3.6400 | box = 0.5760 | obj = 0.7103 | cls = 0.0499 | lr = 0.000976
epoch 003 | step 0060 | total = 3.5117 | box = 0.5477 | obj = 0.7230 | cls = 0.0500 | lr = 0.000976
epoch 003 | step 0080 | total = 3.6871 | box = 0.5872 | obj = 0.7017 | cls = 0.0492 | lr = 0.000976
epoch 003 | step 0100 | total = 3.7141 | box = 0.5947 | obj = 0.6900 | cls = 0.0504 | lr = 0.000976
epoch 003 | step 0120 | total = 3.7112 | box = 0.5875 | obj = 0.7230 | cls = 0.0505 | lr = 0.000976
epoch 003 | step 0140 | total = 3.7042 | box = 0.5893 | obj = 0.7077 | cls = 0.0500 | lr = 0.000976
epoch 003 | step 0160 | total = 3.7009 | box = 0.5877 | obj = 0.7134 | cls = 0.0493 | lr = 0.000976
epoch 003 | step 0180 | total = 3.5795 | box = 0.5629 | obj = 0.7141 | cls = 0.0509 | lr = 0.000976
epoch 003 | step 0200 | total = 3.6080 | box = 0.5694 | obj = 0.7106 | cls = 0.0506 | lr = 0.000976
epoch 003 | step 0220 | total = 3.5891 | box = 0.5689 | obj = 0.6953 | cls = 0.0495 | lr = 0.000976
epoch 003 | step 0240 | total = 3.5086 | box = 0.5478 | obj = 0.7190 | cls = 0.0504 | lr = 0.000976
epoch 003 | step 0260 | total = 3.4935 | box = 0.5459 | obj = 0.7137 | cls = 0.0501 | lr = 0.000976
epoch 003 | step 0280 | total = 3.6021 | box = 0.5675 | obj = 0.7139 | cls = 0.0505 | lr = 0.000976
epoch 003 | step 0300 | total = 3.5483 | box = 0.5590 | obj = 0.7019 | cls = 0.0512 | lr = 0.000976
epoch 003 | step 0320 | total = 3.5950 | box = 0.5682 | obj = 0.7034 | cls = 0.0508 | lr = 0.000976
epoch 003 | step 0340 | total = 3.3885 | box = 0.5226 | obj = 0.7250 | cls = 0.0507 | lr = 0.000976
epoch 003 | step 0360 | total = 3.6244 | box = 0.5761 | obj = 0.6934 | cls = 0.0503 | lr = 0.000976
epoch 003 | step 0380 | total = 3.4218 | box = 0.5303 | obj = 0.7201 | cls = 0.0502 | lr = 0.000976
epoch 003 | step 0400 | total = 3.6183 | box = 0.5745 | obj = 0.6955 | cls = 0.0502 | lr = 0.000976
epoch 003 | step 0420 | total = 3.5655 | box = 0.5669 | obj = 0.6807 | cls = 0.0505 | lr = 0.000976
epoch 003 | step 0440 | total = 3.4960 | box = 0.5476 | obj = 0.7080 | cls = 0.0503 | lr = 0.000976
epoch 003 | step 0460 | total = 3.4920 | box = 0.5480 | obj = 0.7014 | cls = 0.0505 | lr = 0.000976
epoch 003 | step 0480 | total = 3.4349 | box = 0.5333 | obj = 0.7181 | cls = 0.0505 | lr = 0.000976
[epoch 003 train] total = 3.5735 | box = 0.5629 | obj = 0.7084 | cls = 0.0504 | batches = 485 | time = 197.9s
[epoch 003 val] total = 3.0539 | box = 0.4540 | obj = 0.7235 | cls = 0.0604 | batches = 43 | time = 14.9s
epoch 004 | step 0001 | total = 3.4211 | box = 0.5341 | obj = 0.7009 | cls = 0.0498 | lr = 0.000946
epoch 004 | step 0020 | total = 3.5422 | box = 0.5609 | obj = 0.6871 | cls = 0.0507 | lr = 0.000946
epoch 004 | step 0040 | total = 3.4182 | box = 0.5286 | obj = 0.7246 | cls = 0.0503 | lr = 0.000946
epoch 004 | step 0060 | total = 3.3270 | box = 0.5177 | obj = 0.6895 | cls = 0.0489 | lr = 0.000946
epoch 004 | step 0080 | total = 3.3920 | box = 0.5281 | obj = 0.6998 | cls = 0.0519 | lr = 0.000946
epoch 004 | step 0100 | total = 3.4730 | box = 0.5440 | obj = 0.7030 | cls = 0.0498 | lr = 0.000946
epoch 004 | step 0120 | total = 3.4793 | box = 0.5486 | obj = 0.6864 | cls = 0.0497 | lr = 0.000946
epoch 004 | step 0140 | total = 3.5878 | box = 0.5691 | obj = 0.6909 | cls = 0.0513 | lr = 0.000946
epoch 004 | step 0160 | total = 3.4062 | box = 0.5288 | obj = 0.7136 | cls = 0.0488 | lr = 0.000946
epoch 004 | step 0180 | total = 3.4476 | box = 0.5412 | obj = 0.6910 | cls = 0.0504 | lr = 0.000946
epoch 004 | step 0200 | total = 3.4214 | box = 0.5371 | obj = 0.6888 | cls = 0.0472 | lr = 0.000946
epoch 004 | step 0220 | total = 3.6572 | box = 0.5832 | obj = 0.6898 | cls = 0.0512 | lr = 0.000946
epoch 004 | step 0240 | total = 3.5510 | box = 0.5600 | obj = 0.7034 | cls = 0.0478 | lr = 0.000946
epoch 004 | step 0260 | total = 3.4864 | box = 0.5491 | obj = 0.6922 | cls = 0.0487 | lr = 0.000946
epoch 004 | step 0280 | total = 3.3995 | box = 0.5293 | obj = 0.7040 | cls = 0.0490 | lr = 0.000946
epoch 004 | step 0300 | total = 3.4041 | box = 0.5306 | obj = 0.7026 | cls = 0.0484 | lr = 0.000946
epoch 004 | step 0320 | total = 3.4134 | box = 0.5304 | obj = 0.7115 | cls = 0.0502 | lr = 0.000946
epoch 004 | step 0340 | total = 3.4132 | box = 0.5283 | obj = 0.7210 | cls = 0.0507 | lr = 0.000946
epoch 004 | step 0360 | total = 3.4848 | box = 0.5445 | obj = 0.7116 | cls = 0.0505 | lr = 0.000946
epoch 004 | step 0380 | total = 3.5546 | box = 0.5651 | obj = 0.6813 | cls = 0.0477 | lr = 0.000946
epoch 004 | step 0400 | total = 3.4712 | box = 0.5470 | obj = 0.6861 | cls = 0.0501 | lr = 0.000946
epoch 004 | step 0420 | total = 3.5314 | box = 0.5573 | obj = 0.6969 | cls = 0.0483 | lr = 0.000946
epoch 004 | step 0440 | total = 3.4914 | box = 0.5513 | obj = 0.6856 | cls = 0.0494 | lr = 0.000946
epoch 004 | step 0460 | total = 3.4172 | box = 0.5357 | obj = 0.6902 | cls = 0.0486 | lr = 0.000946
epoch 004 | step 0480 | total = 3.3593 | box = 0.5223 | obj = 0.6989 | cls = 0.0489 | lr = 0.000946
[epoch 004 train] total = 3.4465 | box = 0.5399 | obj = 0.6978 | cls = 0.0491 | batches = 485 | time = 202.4s
[epoch 004 val] total = 2.9583 | box = 0.4382 | obj = 0.7077 | cls = 0.0597 | batches = 43 | time = 15.2s
epoch 005 | step 0001 | total = 3.3628 | box = 0.5210 | obj = 0.7079 | cls = 0.0501 | lr = 0.000905
epoch 005 | step 0020 | total = 3.3216 | box = 0.5136 | obj = 0.7065 | cls = 0.0470 | lr = 0.000905
epoch 005 | step 0040 | total = 3.4234 | box = 0.5331 | obj = 0.7093 | cls = 0.0487 | lr = 0.000905
epoch 005 | step 0060 | total = 3.3841 | box = 0.5290 | obj = 0.6906 | cls = 0.0488 | lr = 0.000905
epoch 005 | step 0080 | total = 3.2681 | box = 0.5027 | obj = 0.7069 | cls = 0.0475 | lr = 0.000905
epoch 005 | step 0100 | total = 3.4987 | box = 0.5493 | obj = 0.7025 | cls = 0.0497 | lr = 0.000905
epoch 005 | step 0120 | total = 3.3637 | box = 0.5245 | obj = 0.6929 | cls = 0.0482 | lr = 0.000905
epoch 005 | step 0140 | total = 3.3945 | box = 0.5317 | obj = 0.6877 | cls = 0.0486 | lr = 0.000905
epoch 005 | step 0160 | total = 3.3123 | box = 0.5139 | obj = 0.6948 | cls = 0.0480 | lr = 0.000905
epoch 005 | step 0180 | total = 3.2584 | box = 0.5058 | obj = 0.6820 | cls = 0.0474 | lr = 0.000905
epoch 005 | step 0200 | total = 3.3632 | box = 0.5267 | obj = 0.6831 | cls = 0.0465 | lr = 0.000905
epoch 005 | step 0220 | total = 3.3808 | box = 0.5287 | obj = 0.6903 | cls = 0.0467 | lr = 0.000905
epoch 005 | step 0240 | total = 3.4594 | box = 0.5434 | obj = 0.6955 | cls = 0.0470 | lr = 0.000905
epoch 005 | step 0260 | total = 3.2548 | box = 0.5017 | obj = 0.6978 | cls = 0.0484 | lr = 0.000905
epoch 005 | step 0280 | total = 3.2589 | box = 0.5027 | obj = 0.6974 | cls = 0.0481 | lr = 0.000905
epoch 005 | step 0300 | total = 3.2541 | box = 0.5033 | obj = 0.6909 | cls = 0.0467 | lr = 0.000905
epoch 005 | step 0320 | total = 3.3462 | box = 0.5223 | obj = 0.6854 | cls = 0.0494 | lr = 0.000905
epoch 005 | step 0340 | total = 3.5104 | box = 0.5543 | obj = 0.6909 | cls = 0.0482 | lr = 0.000905
epoch 005 | step 0360 | total = 3.4318 | box = 0.5402 | obj = 0.6834 | cls = 0.0472 | lr = 0.000905
epoch 005 | step 0380 | total = 3.3940 | box = 0.5310 | obj = 0.6897 | cls = 0.0493 | lr = 0.000905
epoch 005 | step 0400 | total = 3.2655 | box = 0.5016 | obj = 0.7066 | cls = 0.0508 | lr = 0.000905
epoch 005 | step 0420 | total = 3.2517 | box = 0.5003 | obj = 0.7056 | cls = 0.0447 | lr = 0.000905
epoch 005 | step 0440 | total = 3.4145 | box = 0.5347 | obj = 0.6916 | cls = 0.0493 | lr = 0.000905
epoch 005 | step 0460 | total = 3.2667 | box = 0.5055 | obj = 0.6904 | cls = 0.0488 | lr = 0.000905
epoch 005 | step 0480 | total = 3.4111 | box = 0.5376 | obj = 0.6777 | cls = 0.0453 | lr = 0.000905
[epoch 005 train] total = 3.3579 | box = 0.5238 | obj = 0.6907 | cls = 0.0481 | batches = 485 | time = 195.1s
[epoch 005 val] total = 2.9132 | box = 0.4310 | obj = 0.6993 | cls = 0.0591 | batches = 43 | time = 14.8s
epoch 006 | step 0001 | total = 3.3479 | box = 0.5225 | obj = 0.6865 | cls = 0.0490 | lr = 0.000855
epoch 006 | step 0020 | total = 3.3420 | box = 0.5245 | obj = 0.6739 | cls = 0.0459 | lr = 0.000855
epoch 006 | step 0040 | total = 3.2087 | box = 0.4930 | obj = 0.6949 | cls = 0.0486 | lr = 0.000855
epoch 006 | step 0060 | total = 3.4218 | box = 0.5394 | obj = 0.6775 | cls = 0.0475 | lr = 0.000855
epoch 006 | step 0080 | total = 3.4148 | box = 0.5386 | obj = 0.6743 | cls = 0.0476 | lr = 0.000855
epoch 006 | step 0100 | total = 3.3231 | box = 0.5240 | obj = 0.6553 | cls = 0.0477 | lr = 0.000855
epoch 006 | step 0120 | total = 3.2580 | box = 0.5068 | obj = 0.6762 | cls = 0.0477 | lr = 0.000855
epoch 006 | step 0140 | total = 3.3481 | box = 0.5262 | obj = 0.6716 | cls = 0.0453 | lr = 0.000855
epoch 006 | step 0160 | total = 3.0882 | box = 0.4686 | obj = 0.6980 | cls = 0.0474 | lr = 0.000855
epoch 006 | step 0180 | total = 3.2978 | box = 0.5143 | obj = 0.6780 | cls = 0.0484 | lr = 0.000855
epoch 006 | step 0200 | total = 3.3842 | box = 0.5302 | obj = 0.6838 | cls = 0.0492 | lr = 0.000855
epoch 006 | step 0220 | total = 3.2880 | box = 0.5116 | obj = 0.6833 | cls = 0.0470 | lr = 0.000855
epoch 006 | step 0240 | total = 3.2585 | box = 0.5079 | obj = 0.6738 | cls = 0.0451 | lr = 0.000855
epoch 006 | step 0260 | total = 3.2744 | box = 0.5095 | obj = 0.6792 | cls = 0.0477 | lr = 0.000855
epoch 006 | step 0280 | total = 3.3392 | box = 0.5237 | obj = 0.6741 | cls = 0.0466 | lr = 0.000855
epoch 006 | step 0300 | total = 3.2089 | box = 0.4925 | obj = 0.6969 | cls = 0.0494 | lr = 0.000855
epoch 006 | step 0320 | total = 3.3018 | box = 0.5104 | obj = 0.7034 | cls = 0.0461 | lr = 0.000855
epoch 006 | step 0340 | total = 3.2517 | box = 0.5051 | obj = 0.6785 | cls = 0.0476 | lr = 0.000855
epoch 006 | step 0360 | total = 3.2245 | box = 0.4974 | obj = 0.6905 | cls = 0.0472 | lr = 0.000855
epoch 006 | step 0380 | total = 3.3610 | box = 0.5285 | obj = 0.6731 | cls = 0.0452 | lr = 0.000855
epoch 006 | step 0400 | total = 3.2054 | box = 0.4963 | obj = 0.6779 | cls = 0.0460 | lr = 0.000855
epoch 006 | step 0420 | total = 3.2930 | box = 0.5154 | obj = 0.6689 | cls = 0.0471 | lr = 0.000855
epoch 006 | step 0440 | total = 3.2842 | box = 0.5108 | obj = 0.6834 | cls = 0.0467 | lr = 0.000855
epoch 006 | step 0460 | total = 3.2134 | box = 0.4978 | obj = 0.6781 | cls = 0.0465 | lr = 0.000855
epoch 006 | step 0480 | total = 3.2554 | box = 0.5041 | obj = 0.6884 | cls = 0.0466 | lr = 0.000855
[epoch 006 train] total = 3.2819 | box = 0.5103 | obj = 0.6832 | cls = 0.0472 | batches = 485 | time = 202.0s
[epoch 006 val] total = 2.8855 | box = 0.4254 | obj = 0.7000 | cls = 0.0585 | batches = 43 | time = 14.1s
epoch 007 | step 0001 | total = 3.1890 | box = 0.4879 | obj = 0.7012 | cls = 0.0482 | lr = 0.000796
epoch 007 | step 0020 | total = 3.2691 | box = 0.5086 | obj = 0.6802 | cls = 0.0460 | lr = 0.000796
epoch 007 | step 0040 | total = 3.1298 | box = 0.4816 | obj = 0.6750 | cls = 0.0466 | lr = 0.000796
epoch 007 | step 0060 | total = 3.1495 | box = 0.4893 | obj = 0.6567 | cls = 0.0460 | lr = 0.000796
epoch 007 | step 0080 | total = 3.2204 | box = 0.4995 | obj = 0.6764 | cls = 0.0465 | lr = 0.000796
epoch 007 | step 0100 | total = 3.2626 | box = 0.5088 | obj = 0.6736 | cls = 0.0452 | lr = 0.000796
epoch 007 | step 0120 | total = 3.2095 | box = 0.4968 | obj = 0.6771 | cls = 0.0482 | lr = 0.000796
epoch 007 | step 0140 | total = 3.2180 | box = 0.4962 | obj = 0.6924 | cls = 0.0448 | lr = 0.000796
epoch 007 | step 0160 | total = 3.1973 | box = 0.4939 | obj = 0.6804 | cls = 0.0472 | lr = 0.000796
epoch 007 | step 0180 | total = 3.1117 | box = 0.4782 | obj = 0.6734 | cls = 0.0471 | lr = 0.000796
epoch 007 | step 0200 | total = 3.2813 | box = 0.5135 | obj = 0.6686 | cls = 0.0451 | lr = 0.000796
epoch 007 | step 0220 | total = 3.3459 | box = 0.5275 | obj = 0.6650 | cls = 0.0434 | lr = 0.000796
epoch 007 | step 0240 | total = 3.2354 | box = 0.5025 | obj = 0.6778 | cls = 0.0450 | lr = 0.000796
epoch 007 | step 0260 | total = 3.3723 | box = 0.5311 | obj = 0.6700 | cls = 0.0468 | lr = 0.000796
epoch 007 | step 0280 | total = 3.2064 | box = 0.4974 | obj = 0.6733 | cls = 0.0459 | lr = 0.000796
epoch 007 | step 0300 | total = 3.2814 | box = 0.5100 | obj = 0.6834 | cls = 0.0483 | lr = 0.000796
epoch 007 | step 0320 | total = 3.3359 | box = 0.5230 | obj = 0.6755 | cls = 0.0457 | lr = 0.000796
epoch 007 | step 0340 | total = 3.2393 | box = 0.5001 | obj = 0.6921 | cls = 0.0466 | lr = 0.000796
epoch 007 | step 0360 | total = 3.2498 | box = 0.5051 | obj = 0.6775 | cls = 0.0469 | lr = 0.000796
epoch 007 | step 0380 | total = 3.2844 | box = 0.5135 | obj = 0.6708 | cls = 0.0460 | lr = 0.000796
epoch 007 | step 0400 | total = 3.1533 | box = 0.4864 | obj = 0.6754 | cls = 0.0459 | lr = 0.000796
epoch 007 | step 0420 | total = 3.0873 | box = 0.4674 | obj = 0.7040 | cls = 0.0462 | lr = 0.000796
epoch 007 | step 0440 | total = 3.3380 | box = 0.5249 | obj = 0.6678 | cls = 0.0456 | lr = 0.000796
epoch 007 | step 0460 | total = 3.2401 | box = 0.5048 | obj = 0.6702 | cls = 0.0457 | lr = 0.000796
epoch 007 | step 0480 | total = 3.2483 | box = 0.5042 | obj = 0.6815 | cls = 0.0459 | lr = 0.000796
[epoch 007 train] total = 3.2156 | box = 0.4985 | obj = 0.6770 | cls = 0.0462 | batches = 485 | time = 197.8s
[epoch 007 val] total = 2.8293 | box = 0.4169 | obj = 0.6858 | cls = 0.0588 | batches = 43 | time = 14.2s
epoch 008 | step 0001 | total = 2.9135 | box = 0.4428 | obj = 0.6539 | cls = 0.0456 | lr = 0.000730
epoch 008 | step 0020 | total = 3.1909 | box = 0.4973 | obj = 0.6598 | cls = 0.0445 | lr = 0.000730
epoch 008 | step 0040 | total = 3.0530 | box = 0.4639 | obj = 0.6871 | cls = 0.0465 | lr = 0.000730
epoch 008 | step 0060 | total = 3.1273 | box = 0.4792 | obj = 0.6856 | cls = 0.0457 | lr = 0.000730
epoch 008 | step 0080 | total = 3.0880 | box = 0.4759 | obj = 0.6639 | cls = 0.0448 | lr = 0.000730
epoch 008 | step 0100 | total = 3.1568 | box = 0.4861 | obj = 0.6800 | cls = 0.0464 | lr = 0.000730
epoch 008 | step 0120 | total = 3.2155 | box = 0.5003 | obj = 0.6700 | cls = 0.0442 | lr = 0.000730
epoch 008 | step 0140 | total = 3.0618 | box = 0.4668 | obj = 0.6826 | cls = 0.0451 | lr = 0.000730
epoch 008 | step 0160 | total = 3.2151 | box = 0.4985 | obj = 0.6769 | cls = 0.0459 | lr = 0.000730
epoch 008 | step 0180 | total = 3.0913 | box = 0.4767 | obj = 0.6635 | cls = 0.0441 | lr = 0.000730
epoch 008 | step 0200 | total = 3.2543 | box = 0.5112 | obj = 0.6528 | cls = 0.0453 | lr = 0.000730
epoch 008 | step 0220 | total = 3.1471 | box = 0.4849 | obj = 0.6761 | cls = 0.0467 | lr = 0.000730
epoch 008 | step 0240 | total = 3.2053 | box = 0.5004 | obj = 0.6604 | cls = 0.0430 | lr = 0.000730
epoch 008 | step 0260 | total = 3.1290 | box = 0.4819 | obj = 0.6740 | cls = 0.0454 | lr = 0.000730
epoch 008 | step 0280 | total = 3.2291 | box = 0.5020 | obj = 0.6727 | cls = 0.0466 | lr = 0.000730
epoch 008 | step 0300 | total = 3.2689 | box = 0.5130 | obj = 0.6578 | cls = 0.0462 | lr = 0.000730
epoch 008 | step 0320 | total = 3.2924 | box = 0.5176 | obj = 0.6583 | cls = 0.0462 | lr = 0.000730
epoch 008 | step 0340 | total = 3.0873 | box = 0.4748 | obj = 0.6673 | cls = 0.0457 | lr = 0.000730
epoch 008 | step 0360 | total = 3.2059 | box = 0.4956 | obj = 0.6835 | cls = 0.0443 | lr = 0.000730
epoch 008 | step 0380 | total = 3.0823 | box = 0.4741 | obj = 0.6665 | cls = 0.0452 | lr = 0.000730
epoch 008 | step 0400 | total = 3.1211 | box = 0.4792 | obj = 0.6802 | cls = 0.0451 | lr = 0.000730
epoch 008 | step 0420 | total = 3.1002 | box = 0.4803 | obj = 0.6534 | cls = 0.0453 | lr = 0.000730
epoch 008 | step 0440 | total = 3.1577 | box = 0.4835 | obj = 0.6934 | cls = 0.0467 | lr = 0.000730
epoch 008 | step 0460 | total = 3.2149 | box = 0.4972 | obj = 0.6806 | cls = 0.0483 | lr = 0.000730
epoch 008 | step 0480 | total = 3.1088 | box = 0.4789 | obj = 0.6681 | cls = 0.0462 | lr = 0.000730
[epoch 008 train] total = 3.1515 | box = 0.4872 | obj = 0.6703 | cls = 0.0454 | batches = 485 | time = 196.8s
[epoch 008 val] total = 2.7561 | box = 0.4048 | obj = 0.6742 | cls = 0.0582 | batches = 43 | time = 14.8s
epoch 009 | step 0001 | total = 3.0321 | box = 0.4657 | obj = 0.6565 | cls = 0.0473 | lr = 0.000658
epoch 009 | step 0020 | total = 3.1349 | box = 0.4813 | obj = 0.6838 | cls = 0.0445 | lr = 0.000658
epoch 009 | step 0040 | total = 3.0981 | box = 0.4758 | obj = 0.6739 | cls = 0.0452 | lr = 0.000658
epoch 009 | step 0060 | total = 3.2664 | box = 0.5130 | obj = 0.6565 | cls = 0.0452 | lr = 0.000658
epoch 009 | step 0080 | total = 3.1448 | box = 0.4893 | obj = 0.6545 | cls = 0.0439 | lr = 0.000658
epoch 009 | step 0100 | total = 3.0432 | box = 0.4713 | obj = 0.6444 | cls = 0.0423 | lr = 0.000658
epoch 009 | step 0120 | total = 3.1479 | box = 0.4889 | obj = 0.6582 | cls = 0.0450 | lr = 0.000658
epoch 009 | step 0140 | total = 3.1476 | box = 0.4872 | obj = 0.6664 | cls = 0.0450 | lr = 0.000658
epoch 009 | step 0160 | total = 3.1132 | box = 0.4815 | obj = 0.6622 | cls = 0.0436 | lr = 0.000658
epoch 009 | step 0180 | total = 3.0643 | box = 0.4688 | obj = 0.6733 | cls = 0.0469 | lr = 0.000658
epoch 009 | step 0200 | total = 3.1164 | box = 0.4804 | obj = 0.6674 | cls = 0.0469 | lr = 0.000658
epoch 009 | step 0220 | total = 3.1083 | box = 0.4778 | obj = 0.6742 | cls = 0.0451 | lr = 0.000658
epoch 009 | step 0240 | total = 2.9800 | box = 0.4498 | obj = 0.6855 | cls = 0.0454 | lr = 0.000658
epoch 009 | step 0260 | total = 2.9605 | box = 0.4494 | obj = 0.6682 | cls = 0.0452 | lr = 0.000658
epoch 009 | step 0280 | total = 3.1265 | box = 0.4837 | obj = 0.6628 | cls = 0.0452 | lr = 0.000658
epoch 009 | step 0300 | total = 3.0813 | box = 0.4742 | obj = 0.6651 | cls = 0.0455 | lr = 0.000658
epoch 009 | step 0320 | total = 3.1677 | box = 0.4956 | obj = 0.6461 | cls = 0.0437 | lr = 0.000658
epoch 009 | step 0340 | total = 3.0667 | box = 0.4714 | obj = 0.6628 | cls = 0.0468 | lr = 0.000658
epoch 009 | step 0360 | total = 3.1607 | box = 0.4922 | obj = 0.6557 | cls = 0.0442 | lr = 0.000658
epoch 009 | step 0380 | total = 3.0932 | box = 0.4760 | obj = 0.6690 | cls = 0.0444 | lr = 0.000658
epoch 009 | step 0400 | total = 3.0843 | box = 0.4740 | obj = 0.6707 | cls = 0.0437 | lr = 0.000658
epoch 009 | step 0420 | total = 3.1305 | box = 0.4861 | obj = 0.6571 | cls = 0.0428 | lr = 0.000658
epoch 009 | step 0440 | total = 3.0853 | box = 0.4740 | obj = 0.6700 | cls = 0.0453 | lr = 0.000658
epoch 009 | step 0460 | total = 3.0834 | box = 0.4739 | obj = 0.6697 | cls = 0.0443 | lr = 0.000658
epoch 009 | step 0480 | total = 3.1051 | box = 0.4780 | obj = 0.6694 | cls = 0.0458 | lr = 0.000658
[epoch 009 train] total = 3.0919 | box = 0.4766 | obj = 0.6643 | cls = 0.0446 | batches = 485 | time = 199.5s
[epoch 009 val] total = 2.7865 | box = 0.4084 | obj = 0.6867 | cls = 0.0579 | batches = 43 | time = 15.1s
epoch 010 | step 0001 | total = 3.0453 | box = 0.4656 | obj = 0.6726 | cls = 0.0449 | lr = 0.000582
epoch 010 | step 0020 | total = 2.9698 | box = 0.4550 | obj = 0.6511 | cls = 0.0439 | lr = 0.000582
epoch 010 | step 0040 | total = 2.9990 | box = 0.4588 | obj = 0.6607 | cls = 0.0441 | lr = 0.000582
epoch 010 | step 0060 | total = 3.0044 | box = 0.4563 | obj = 0.6788 | cls = 0.0443 | lr = 0.000582
epoch 010 | step 0080 | total = 2.9704 | box = 0.4518 | obj = 0.6650 | cls = 0.0464 | lr = 0.000582
epoch 010 | step 0100 | total = 2.9404 | box = 0.4430 | obj = 0.6806 | cls = 0.0447 | lr = 0.000582
epoch 010 | step 0120 | total = 3.1010 | box = 0.4779 | obj = 0.6660 | cls = 0.0457 | lr = 0.000582
epoch 010 | step 0140 | total = 3.0105 | box = 0.4610 | obj = 0.6618 | cls = 0.0437 | lr = 0.000582
epoch 010 | step 0160 | total = 2.9847 | box = 0.4570 | obj = 0.6552 | cls = 0.0444 | lr = 0.000582
epoch 010 | step 0180 | total = 3.0483 | box = 0.4702 | obj = 0.6528 | cls = 0.0442 | lr = 0.000582
epoch 010 | step 0200 | total = 3.0062 | box = 0.4586 | obj = 0.6685 | cls = 0.0448 | lr = 0.000582
epoch 010 | step 0220 | total = 3.0415 | box = 0.4675 | obj = 0.6604 | cls = 0.0437 | lr = 0.000582
epoch 010 | step 0240 | total = 3.0943 | box = 0.4776 | obj = 0.6628 | cls = 0.0435 | lr = 0.000582
epoch 010 | step 0260 | total = 2.9593 | box = 0.4530 | obj = 0.6503 | cls = 0.0442 | lr = 0.000582
epoch 010 | step 0280 | total = 2.9694 | box = 0.4573 | obj = 0.6380 | cls = 0.0451 | lr = 0.000582
epoch 010 | step 0300 | total = 3.0157 | box = 0.4646 | obj = 0.6484 | cls = 0.0444 | lr = 0.000582
epoch 010 | step 0320 | total = 3.0405 | box = 0.4637 | obj = 0.6782 | cls = 0.0438 | lr = 0.000582
epoch 010 | step 0340 | total = 2.9779 | box = 0.4543 | obj = 0.6604 | cls = 0.0460 | lr = 0.000582
epoch 010 | step 0360 | total = 2.9049 | box = 0.4376 | obj = 0.6729 | cls = 0.0441 | lr = 0.000582
epoch 010 | step 0380 | total = 2.9912 | box = 0.4564 | obj = 0.6665 | cls = 0.0428 | lr = 0.000582
epoch 010 | step 0400 | total = 3.0063 | box = 0.4585 | obj = 0.6701 | cls = 0.0436 | lr = 0.000582
epoch 010 | step 0420 | total = 3.0759 | box = 0.4768 | obj = 0.6481 | cls = 0.0440 | lr = 0.000582
epoch 010 | step 0440 | total = 3.0038 | box = 0.4578 | obj = 0.6705 | cls = 0.0441 | lr = 0.000582
epoch 010 | step 0460 | total = 3.1504 | box = 0.4921 | obj = 0.6462 | cls = 0.0438 | lr = 0.000582
epoch 010 | step 0480 | total = 3.0092 | box = 0.4615 | obj = 0.6590 | cls = 0.0429 | lr = 0.000582
[epoch 010 train] total = 3.0272 | box = 0.4652 | obj = 0.6571 | cls = 0.0439 | batches = 485 | time = 199.1s
[epoch 010 val] total = 2.7025 | box = 0.3953 | obj = 0.6683 | cls = 0.0577 | batches = 43 | time = 15.0s
epoch 011 | step 0001 | total = 2.9391 | box = 0.4498 | obj = 0.6455 | cls = 0.0448 | lr = 0.000505
epoch 011 | step 0020 | total = 3.0895 | box = 0.4833 | obj = 0.6302 | cls = 0.0427 | lr = 0.000505
epoch 011 | step 0040 | total = 3.0587 | box = 0.4747 | obj = 0.6433 | cls = 0.0417 | lr = 0.000505
epoch 011 | step 0060 | total = 2.9261 | box = 0.4467 | obj = 0.6486 | cls = 0.0440 | lr = 0.000505
epoch 011 | step 0080 | total = 3.0484 | box = 0.4723 | obj = 0.6427 | cls = 0.0440 | lr = 0.000505
epoch 011 | step 0100 | total = 3.0459 | box = 0.4719 | obj = 0.6460 | cls = 0.0403 | lr = 0.000505
epoch 011 | step 0120 | total = 3.0192 | box = 0.4663 | obj = 0.6440 | cls = 0.0438 | lr = 0.000505
epoch 011 | step 0140 | total = 2.9292 | box = 0.4462 | obj = 0.6547 | cls = 0.0435 | lr = 0.000505
epoch 011 | step 0160 | total = 2.9327 | box = 0.4489 | obj = 0.6483 | cls = 0.0400 | lr = 0.000505
epoch 011 | step 0180 | total = 2.8811 | box = 0.4368 | obj = 0.6538 | cls = 0.0431 | lr = 0.000505
epoch 011 | step 0200 | total = 2.9857 | box = 0.4552 | obj = 0.6656 | cls = 0.0443 | lr = 0.000505
epoch 011 | step 0220 | total = 3.0994 | box = 0.4823 | obj = 0.6461 | cls = 0.0419 | lr = 0.000505
epoch 011 | step 0240 | total = 2.8941 | box = 0.4384 | obj = 0.6585 | cls = 0.0439 | lr = 0.000505
epoch 011 | step 0260 | total = 2.9580 | box = 0.4486 | obj = 0.6728 | cls = 0.0423 | lr = 0.000505
epoch 011 | step 0280 | total = 3.0693 | box = 0.4777 | obj = 0.6380 | cls = 0.0426 | lr = 0.000505
epoch 011 | step 0300 | total = 2.9228 | box = 0.4469 | obj = 0.6440 | cls = 0.0441 | lr = 0.000505
epoch 011 | step 0320 | total = 2.9191 | box = 0.4434 | obj = 0.6579 | cls = 0.0444 | lr = 0.000505
epoch 011 | step 0340 | total = 2.9374 | box = 0.4495 | obj = 0.6460 | cls = 0.0436 | lr = 0.000505
epoch 011 | step 0360 | total = 2.8680 | box = 0.4349 | obj = 0.6510 | cls = 0.0424 | lr = 0.000505
epoch 011 | step 0380 | total = 3.0626 | box = 0.4754 | obj = 0.6404 | cls = 0.0453 | lr = 0.000505
epoch 011 | step 0400 | total = 3.0804 | box = 0.4769 | obj = 0.6516 | cls = 0.0444 | lr = 0.000505
epoch 011 | step 0420 | total = 2.9952 | box = 0.4615 | obj = 0.6466 | cls = 0.0412 | lr = 0.000505
epoch 011 | step 0440 | total = 3.1212 | box = 0.4870 | obj = 0.6439 | cls = 0.0422 | lr = 0.000505
epoch 011 | step 0460 | total = 2.9168 | box = 0.4470 | obj = 0.6377 | cls = 0.0439 | lr = 0.000505
epoch 011 | step 0480 | total = 2.9939 | box = 0.4610 | obj = 0.6448 | cls = 0.0442 | lr = 0.000505
[epoch 011 train] total = 2.9639 | box = 0.4541 | obj = 0.6503 | cls = 0.0433 | batches = 485 | time = 198.3s
[epoch 011 val] total = 2.6961 | box = 0.3923 | obj = 0.6786 | cls = 0.0562 | batches = 43 | time = 14.4s
epoch 012 | step 0001 | total = 3.0087 | box = 0.4662 | obj = 0.6333 | cls = 0.0443 | lr = 0.000428
epoch 012 | step 0020 | total = 2.8701 | box = 0.4343 | obj = 0.6569 | cls = 0.0416 | lr = 0.000428
epoch 012 | step 0040 | total = 2.8999 | box = 0.4415 | obj = 0.6509 | cls = 0.0414 | lr = 0.000428
epoch 012 | step 0060 | total = 2.9768 | box = 0.4592 | obj = 0.6394 | cls = 0.0415 | lr = 0.000428
epoch 012 | step 0080 | total = 2.9626 | box = 0.4563 | obj = 0.6387 | cls = 0.0424 | lr = 0.000428
epoch 012 | step 0100 | total = 2.8868 | box = 0.4399 | obj = 0.6436 | cls = 0.0436 | lr = 0.000428
epoch 012 | step 0120 | total = 2.9780 | box = 0.4569 | obj = 0.6517 | cls = 0.0415 | lr = 0.000428
epoch 012 | step 0140 | total = 3.0143 | box = 0.4640 | obj = 0.6510 | cls = 0.0431 | lr = 0.000428
epoch 012 | step 0160 | total = 2.9072 | box = 0.4461 | obj = 0.6336 | cls = 0.0430 | lr = 0.000428
epoch 012 | step 0180 | total = 2.7864 | box = 0.4189 | obj = 0.6506 | cls = 0.0416 | lr = 0.000428
epoch 012 | step 0200 | total = 2.9874 | box = 0.4630 | obj = 0.6288 | cls = 0.0438 | lr = 0.000428
epoch 012 | step 0220 | total = 2.9718 | box = 0.4544 | obj = 0.6564 | cls = 0.0435 | lr = 0.000428
epoch 012 | step 0240 | total = 2.8839 | box = 0.4385 | obj = 0.6495 | cls = 0.0419 | lr = 0.000428
epoch 012 | step 0260 | total = 2.7453 | box = 0.4079 | obj = 0.6613 | cls = 0.0446 | lr = 0.000428
epoch 012 | step 0280 | total = 2.8188 | box = 0.4241 | obj = 0.6561 | cls = 0.0420 | lr = 0.000428
epoch 012 | step 0300 | total = 2.9068 | box = 0.4431 | obj = 0.6489 | cls = 0.0422 | lr = 0.000428
epoch 012 | step 0320 | total = 2.9895 | box = 0.4611 | obj = 0.6413 | cls = 0.0428 | lr = 0.000428
epoch 012 | step 0340 | total = 2.9751 | box = 0.4586 | obj = 0.6392 | cls = 0.0430 | lr = 0.000428
epoch 012 | step 0360 | total = 2.9421 | box = 0.4502 | obj = 0.6486 | cls = 0.0425 | lr = 0.000428
epoch 012 | step 0380 | total = 2.8780 | box = 0.4393 | obj = 0.6399 | cls = 0.0416 | lr = 0.000428
epoch 012 | step 0400 | total = 2.8021 | box = 0.4211 | obj = 0.6532 | cls = 0.0434 | lr = 0.000428
epoch 012 | step 0420 | total = 2.9443 | box = 0.4537 | obj = 0.6336 | cls = 0.0423 | lr = 0.000428
epoch 012 | step 0440 | total = 2.9190 | box = 0.4461 | obj = 0.6466 | cls = 0.0421 | lr = 0.000428
epoch 012 | step 0460 | total = 2.9248 | box = 0.4462 | obj = 0.6504 | cls = 0.0431 | lr = 0.000428
epoch 012 | step 0480 | total = 2.9945 | box = 0.4607 | obj = 0.6479 | cls = 0.0429 | lr = 0.000428
[epoch 012 train] total = 2.8957 | box = 0.4421 | obj = 0.6423 | cls = 0.0428 | batches = 485 | time = 200.8s
[epoch 012 val] total = 2.6701 | box = 0.3893 | obj = 0.6662 | cls = 0.0574 | batches = 43 | time = 14.1s
epoch 013 | step 0001 | total = 2.7199 | box = 0.4085 | obj = 0.6342 | cls = 0.0431 | lr = 0.000352
epoch 013 | step 0020 | total = 2.8073 | box = 0.4260 | obj = 0.6354 | cls = 0.0421 | lr = 0.000352
epoch 013 | step 0040 | total = 2.8256 | box = 0.4292 | obj = 0.6380 | cls = 0.0417 | lr = 0.000352
epoch 013 | step 0060 | total = 2.9338 | box = 0.4504 | obj = 0.6398 | cls = 0.0419 | lr = 0.000352
epoch 013 | step 0080 | total = 2.8494 | box = 0.4335 | obj = 0.6388 | cls = 0.0431 | lr = 0.000352
epoch 013 | step 0100 | total = 2.7713 | box = 0.4179 | obj = 0.6393 | cls = 0.0425 | lr = 0.000352
epoch 013 | step 0120 | total = 2.8778 | box = 0.4403 | obj = 0.6348 | cls = 0.0414 | lr = 0.000352
epoch 013 | step 0140 | total = 2.8352 | box = 0.4322 | obj = 0.6333 | cls = 0.0411 | lr = 0.000352
epoch 013 | step 0160 | total = 2.7856 | box = 0.4249 | obj = 0.6185 | cls = 0.0423 | lr = 0.000352
epoch 013 | step 0180 | total = 2.8505 | box = 0.4305 | obj = 0.6557 | cls = 0.0421 | lr = 0.000352
epoch 013 | step 0200 | total = 2.8159 | box = 0.4280 | obj = 0.6346 | cls = 0.0413 | lr = 0.000352
epoch 013 | step 0220 | total = 2.8414 | box = 0.4333 | obj = 0.6335 | cls = 0.0414 | lr = 0.000352
epoch 013 | step 0240 | total = 2.8510 | box = 0.4347 | obj = 0.6356 | cls = 0.0420 | lr = 0.000352
epoch 013 | step 0260 | total = 2.9354 | box = 0.4472 | obj = 0.6571 | cls = 0.0424 | lr = 0.000352
epoch 013 | step 0280 | total = 2.9044 | box = 0.4441 | obj = 0.6416 | cls = 0.0422 | lr = 0.000352
epoch 013 | step 0300 | total = 2.7144 | box = 0.4094 | obj = 0.6242 | cls = 0.0433 | lr = 0.000352
epoch 013 | step 0320 | total = 2.7495 | box = 0.4124 | obj = 0.6431 | cls = 0.0444 | lr = 0.000352
epoch 013 | step 0340 | total = 2.9022 | box = 0.4458 | obj = 0.6311 | cls = 0.0422 | lr = 0.000352
epoch 013 | step 0360 | total = 2.8360 | box = 0.4334 | obj = 0.6248 | cls = 0.0439 | lr = 0.000352
epoch 013 | step 0380 | total = 2.8120 | box = 0.4265 | obj = 0.6376 | cls = 0.0419 | lr = 0.000352
epoch 013 | step 0400 | total = 2.9613 | box = 0.4575 | obj = 0.6323 | cls = 0.0415 | lr = 0.000352
epoch 013 | step 0420 | total = 2.8129 | box = 0.4312 | obj = 0.6159 | cls = 0.0411 | lr = 0.000352
epoch 013 | step 0440 | total = 2.7736 | box = 0.4198 | obj = 0.6334 | cls = 0.0411 | lr = 0.000352
epoch 013 | step 0460 | total = 2.7725 | box = 0.4194 | obj = 0.6339 | cls = 0.0419 | lr = 0.000352
epoch 013 | step 0480 | total = 2.8616 | box = 0.4373 | obj = 0.6337 | cls = 0.0415 | lr = 0.000352
[epoch 013 train] total = 2.8209 | box = 0.4291 | obj = 0.6332 | cls = 0.0423 | batches = 485 | time = 199.5s
[epoch 013 val] total = 2.6459 | box = 0.3859 | obj = 0.6588 | cls = 0.0576 | batches = 43 | time = 15.1s
epoch 014 | step 0001 | total = 2.7290 | box = 0.4119 | obj = 0.6284 | cls = 0.0413 | lr = 0.000280
epoch 014 | step 0020 | total = 2.6299 | box = 0.3928 | obj = 0.6235 | cls = 0.0424 | lr = 0.000280
epoch 014 | step 0040 | total = 2.9015 | box = 0.4464 | obj = 0.6274 | cls = 0.0422 | lr = 0.000280
epoch 014 | step 0060 | total = 2.7830 | box = 0.4222 | obj = 0.6311 | cls = 0.0409 | lr = 0.000280
epoch 014 | step 0080 | total = 2.6272 | box = 0.3893 | obj = 0.6368 | cls = 0.0438 | lr = 0.000280
epoch 014 | step 0100 | total = 2.8177 | box = 0.4301 | obj = 0.6243 | cls = 0.0427 | lr = 0.000280
epoch 014 | step 0120 | total = 2.7007 | box = 0.4049 | obj = 0.6338 | cls = 0.0426 | lr = 0.000280
epoch 014 | step 0140 | total = 2.7045 | box = 0.4072 | obj = 0.6286 | cls = 0.0401 | lr = 0.000280
epoch 014 | step 0160 | total = 2.6726 | box = 0.4029 | obj = 0.6161 | cls = 0.0419 | lr = 0.000280
epoch 014 | step 0180 | total = 2.6526 | box = 0.3943 | obj = 0.6378 | cls = 0.0431 | lr = 0.000280
epoch 014 | step 0200 | total = 2.7614 | box = 0.4220 | obj = 0.6119 | cls = 0.0396 | lr = 0.000280
epoch 014 | step 0220 | total = 2.7223 | box = 0.4128 | obj = 0.6167 | cls = 0.0416 | lr = 0.000280
epoch 014 | step 0240 | total = 2.7501 | box = 0.4168 | obj = 0.6234 | cls = 0.0427 | lr = 0.000280
epoch 014 | step 0260 | total = 2.7543 | box = 0.4201 | obj = 0.6129 | cls = 0.0410 | lr = 0.000280
epoch 014 | step 0280 | total = 2.7819 | box = 0.4235 | obj = 0.6222 | cls = 0.0422 | lr = 0.000280
epoch 014 | step 0300 | total = 2.7434 | box = 0.4154 | obj = 0.6241 | cls = 0.0424 | lr = 0.000280
epoch 014 | step 0320 | total = 2.7176 | box = 0.4137 | obj = 0.6074 | cls = 0.0418 | lr = 0.000280
epoch 014 | step 0340 | total = 2.7782 | box = 0.4224 | obj = 0.6247 | cls = 0.0416 | lr = 0.000280
epoch 014 | step 0360 | total = 2.6237 | box = 0.3942 | obj = 0.6106 | cls = 0.0422 | lr = 0.000280
epoch 014 | step 0380 | total = 2.8048 | box = 0.4278 | obj = 0.6241 | cls = 0.0416 | lr = 0.000280
epoch 014 | step 0400 | total = 2.8386 | box = 0.4322 | obj = 0.6348 | cls = 0.0426 | lr = 0.000280
epoch 014 | step 0420 | total = 2.7143 | box = 0.4121 | obj = 0.6120 | cls = 0.0421 | lr = 0.000280
epoch 014 | step 0440 | total = 2.7431 | box = 0.4192 | obj = 0.6037 | cls = 0.0432 | lr = 0.000280
epoch 014 | step 0460 | total = 2.8329 | box = 0.4307 | obj = 0.6368 | cls = 0.0427 | lr = 0.000280
epoch 014 | step 0480 | total = 2.6564 | box = 0.3986 | obj = 0.6225 | cls = 0.0408 | lr = 0.000280
[epoch 014 train] total = 2.7451 | box = 0.4160 | obj = 0.6233 | cls = 0.0419 | batches = 485 | time = 196.1s
[epoch 014 val] total = 2.6819 | box = 0.3910 | obj = 0.6699 | cls = 0.0571 | batches = 43 | time = 15.4s
epoch 015 | step 0001 | total = 2.5800 | box = 0.3856 | obj = 0.6100 | cls = 0.0422 | lr = 0.000214
epoch 015 | step 0020 | total = 2.6435 | box = 0.3985 | obj = 0.6087 | cls = 0.0423 | lr = 0.000214
epoch 015 | step 0040 | total = 2.6142 | box = 0.3921 | obj = 0.6129 | cls = 0.0408 | lr = 0.000214
epoch 015 | step 0060 | total = 2.6866 | box = 0.4035 | obj = 0.6259 | cls = 0.0429 | lr = 0.000214
epoch 015 | step 0080 | total = 2.7124 | box = 0.4110 | obj = 0.6162 | cls = 0.0411 | lr = 0.000214
epoch 015 | step 0100 | total = 2.6744 | box = 0.4055 | obj = 0.6066 | cls = 0.0403 | lr = 0.000214
epoch 015 | step 0120 | total = 2.7047 | box = 0.4113 | obj = 0.6085 | cls = 0.0395 | lr = 0.000214
epoch 015 | step 0140 | total = 2.6234 | box = 0.3918 | obj = 0.6234 | cls = 0.0409 | lr = 0.000214
epoch 015 | step 0160 | total = 2.6195 | box = 0.3887 | obj = 0.6333 | cls = 0.0427 | lr = 0.000214
epoch 015 | step 0180 | total = 2.6932 | box = 0.4059 | obj = 0.6215 | cls = 0.0422 | lr = 0.000214
epoch 015 | step 0200 | total = 2.6413 | box = 0.3980 | obj = 0.6100 | cls = 0.0410 | lr = 0.000214
epoch 015 | step 0220 | total = 2.6415 | box = 0.3997 | obj = 0.6004 | cls = 0.0426 | lr = 0.000214
epoch 015 | step 0240 | total = 2.6819 | box = 0.4041 | obj = 0.6206 | cls = 0.0410 | lr = 0.000214
epoch 015 | step 0260 | total = 2.6031 | box = 0.3914 | obj = 0.6058 | cls = 0.0405 | lr = 0.000214
epoch 015 | step 0280 | total = 2.6317 | box = 0.3936 | obj = 0.6219 | cls = 0.0417 | lr = 0.000214
epoch 015 | step 0300 | total = 2.7357 | box = 0.4163 | obj = 0.6125 | cls = 0.0417 | lr = 0.000214
epoch 015 | step 0320 | total = 2.6458 | box = 0.4005 | obj = 0.6028 | cls = 0.0405 | lr = 0.000214
epoch 015 | step 0340 | total = 2.6389 | box = 0.3944 | obj = 0.6242 | cls = 0.0428 | lr = 0.000214
epoch 015 | step 0360 | total = 2.7295 | box = 0.4153 | obj = 0.6095 | cls = 0.0436 | lr = 0.000214
epoch 015 | step 0380 | total = 2.6826 | box = 0.4038 | obj = 0.6216 | cls = 0.0420 | lr = 0.000214
epoch 015 | step 0400 | total = 2.6675 | box = 0.4030 | obj = 0.6098 | cls = 0.0429 | lr = 0.000214
epoch 015 | step 0420 | total = 2.7710 | box = 0.4230 | obj = 0.6148 | cls = 0.0411 | lr = 0.000214
epoch 015 | step 0440 | total = 2.6291 | box = 0.3935 | obj = 0.6205 | cls = 0.0412 | lr = 0.000214
epoch 015 | step 0460 | total = 2.6818 | box = 0.4078 | obj = 0.6039 | cls = 0.0389 | lr = 0.000214
epoch 015 | step 0480 | total = 2.5650 | box = 0.3838 | obj = 0.6061 | cls = 0.0398 | lr = 0.000214
[epoch 015 train] total = 2.6639 | box = 0.4020 | obj = 0.6122 | cls = 0.0416 | batches = 485 | time = 200.7s
[epoch 015 val] total = 2.6449 | box = 0.3837 | obj = 0.6688 | cls = 0.0576 | batches = 43 | time = 15.0s
epoch 016 | step 0001 | total = 2.4936 | box = 0.3721 | obj = 0.5921 | cls = 0.0411 | lr = 0.000155
epoch 016 | step 0020 | total = 2.4436 | box = 0.3612 | obj = 0.5981 | cls = 0.0394 | lr = 0.000155
epoch 016 | step 0040 | total = 2.5808 | box = 0.3871 | obj = 0.6061 | cls = 0.0392 | lr = 0.000155
epoch 016 | step 0060 | total = 2.6598 | box = 0.4053 | obj = 0.5925 | cls = 0.0410 | lr = 0.000155
epoch 016 | step 0080 | total = 2.5437 | box = 0.3791 | obj = 0.6075 | cls = 0.0410 | lr = 0.000155
epoch 016 | step 0100 | total = 2.5318 | box = 0.3794 | obj = 0.5945 | cls = 0.0403 | lr = 0.000155
epoch 016 | step 0120 | total = 2.6757 | box = 0.4026 | obj = 0.6203 | cls = 0.0427 | lr = 0.000155
epoch 016 | step 0140 | total = 2.5706 | box = 0.3838 | obj = 0.6093 | cls = 0.0422 | lr = 0.000155
epoch 016 | step 0160 | total = 2.5571 | box = 0.3856 | obj = 0.5846 | cls = 0.0444 | lr = 0.000155
epoch 016 | step 0180 | total = 2.7153 | box = 0.4122 | obj = 0.6129 | cls = 0.0411 | lr = 0.000155
epoch 016 | step 0200 | total = 2.6238 | box = 0.3952 | obj = 0.6051 | cls = 0.0425 | lr = 0.000155
epoch 016 | step 0220 | total = 2.5217 | box = 0.3737 | obj = 0.6113 | cls = 0.0418 | lr = 0.000155
epoch 016 | step 0240 | total = 2.5971 | box = 0.3916 | obj = 0.5986 | cls = 0.0403 | lr = 0.000155
epoch 016 | step 0260 | total = 2.6100 | box = 0.3943 | obj = 0.5978 | cls = 0.0408 | lr = 0.000155
epoch 016 | step 0280 | total = 2.6441 | box = 0.3990 | obj = 0.6074 | cls = 0.0418 | lr = 0.000155
epoch 016 | step 0300 | total = 2.5149 | box = 0.3749 | obj = 0.5993 | cls = 0.0412 | lr = 0.000155
epoch 016 | step 0320 | total = 2.7334 | box = 0.4180 | obj = 0.6003 | cls = 0.0429 | lr = 0.000155
epoch 016 | step 0340 | total = 2.6710 | box = 0.4044 | obj = 0.6082 | cls = 0.0410 | lr = 0.000155
epoch 016 | step 0360 | total = 2.5842 | box = 0.3852 | obj = 0.6155 | cls = 0.0426 | lr = 0.000155
epoch 016 | step 0380 | total = 2.5756 | box = 0.3847 | obj = 0.6090 | cls = 0.0431 | lr = 0.000155
epoch 016 | step 0400 | total = 2.6276 | box = 0.3993 | obj = 0.5888 | cls = 0.0423 | lr = 0.000155
epoch 016 | step 0420 | total = 2.4291 | box = 0.3560 | obj = 0.6081 | cls = 0.0409 | lr = 0.000155
epoch 016 | step 0440 | total = 2.6935 | box = 0.4108 | obj = 0.5991 | cls = 0.0404 | lr = 0.000155
epoch 016 | step 0460 | total = 2.6996 | box = 0.4101 | obj = 0.6087 | cls = 0.0403 | lr = 0.000155
epoch 016 | step 0480 | total = 2.6316 | box = 0.3985 | obj = 0.5970 | cls = 0.0423 | lr = 0.000155
[epoch 016 train] total = 2.5856 | box = 0.3885 | obj = 0.6018 | cls = 0.0414 | batches = 485 | time = 198.8s
[epoch 016 val] total = 2.6409 | box = 0.3820 | obj = 0.6736 | cls = 0.0572 | batches = 43 | time = 15.3s
epoch 017 | step 0001 | total = 2.5706 | box = 0.3872 | obj = 0.5911 | cls = 0.0434 | lr = 0.000105
epoch 017 | step 0020 | total = 2.6469 | box = 0.4005 | obj = 0.6035 | cls = 0.0410 | lr = 0.000105
epoch 017 | step 0040 | total = 2.6080 | box = 0.3964 | obj = 0.5861 | cls = 0.0400 | lr = 0.000105
epoch 017 | step 0060 | total = 2.5026 | box = 0.3752 | obj = 0.5864 | cls = 0.0404 | lr = 0.000105
epoch 017 | step 0080 | total = 2.5460 | box = 0.3819 | obj = 0.5973 | cls = 0.0394 | lr = 0.000105
epoch 017 | step 0100 | total = 2.3293 | box = 0.3374 | obj = 0.6000 | cls = 0.0421 | lr = 0.000105
epoch 017 | step 0120 | total = 2.5379 | box = 0.3801 | obj = 0.5956 | cls = 0.0417 | lr = 0.000105
epoch 017 | step 0140 | total = 2.3307 | box = 0.3375 | obj = 0.5999 | cls = 0.0431 | lr = 0.000105
epoch 017 | step 0160 | total = 2.4685 | box = 0.3682 | obj = 0.5852 | cls = 0.0420 | lr = 0.000105
epoch 017 | step 0180 | total = 2.4686 | box = 0.3692 | obj = 0.5802 | cls = 0.0423 | lr = 0.000105
epoch 017 | step 0200 | total = 2.5995 | box = 0.3944 | obj = 0.5848 | cls = 0.0424 | lr = 0.000105
epoch 017 | step 0220 | total = 2.4725 | box = 0.3687 | obj = 0.5880 | cls = 0.0410 | lr = 0.000105
epoch 017 | step 0240 | total = 2.5936 | box = 0.3929 | obj = 0.5893 | cls = 0.0399 | lr = 0.000105
epoch 017 | step 0260 | total = 2.3998 | box = 0.3551 | obj = 0.5840 | cls = 0.0403 | lr = 0.000105
epoch 017 | step 0280 | total = 2.4689 | box = 0.3655 | obj = 0.5987 | cls = 0.0425 | lr = 0.000105
epoch 017 | step 0300 | total = 2.6092 | box = 0.3953 | obj = 0.5918 | cls = 0.0410 | lr = 0.000105
epoch 017 | step 0320 | total = 2.6660 | box = 0.4076 | obj = 0.5881 | cls = 0.0398 | lr = 0.000105
epoch 017 | step 0340 | total = 2.5028 | box = 0.3731 | obj = 0.5964 | cls = 0.0406 | lr = 0.000105
epoch 017 | step 0360 | total = 2.5585 | box = 0.3876 | obj = 0.5816 | cls = 0.0387 | lr = 0.000105
epoch 017 | step 0380 | total = 2.4582 | box = 0.3653 | obj = 0.5901 | cls = 0.0418 | lr = 0.000105
epoch 017 | step 0400 | total = 2.5123 | box = 0.3783 | obj = 0.5809 | cls = 0.0399 | lr = 0.000105
epoch 017 | step 0420 | total = 2.5260 | box = 0.3777 | obj = 0.5966 | cls = 0.0408 | lr = 0.000105
epoch 017 | step 0440 | total = 2.5055 | box = 0.3710 | obj = 0.6105 | cls = 0.0403 | lr = 0.000105
epoch 017 | step 0460 | total = 2.4671 | box = 0.3684 | obj = 0.5828 | cls = 0.0423 | lr = 0.000105
epoch 017 | step 0480 | total = 2.4635 | box = 0.3664 | obj = 0.5895 | cls = 0.0422 | lr = 0.000105
[epoch 017 train] total = 2.5127 | box = 0.3760 | obj = 0.5917 | cls = 0.0412 | batches = 485 | time = 200.8s
[epoch 017 val] total = 2.6460 | box = 0.3819 | obj = 0.6793 | cls = 0.0573 | batches = 43 | time = 15.2s
epoch 018 | step 0001 | total = 2.4890 | box = 0.3720 | obj = 0.5867 | cls = 0.0421 | lr = 0.000064
epoch 018 | step 0020 | total = 2.5755 | box = 0.3869 | obj = 0.6008 | cls = 0.0404 | lr = 0.000064
epoch 018 | step 0040 | total = 2.2933 | box = 0.3389 | obj = 0.5568 | cls = 0.0420 | lr = 0.000064
epoch 018 | step 0060 | total = 2.4732 | box = 0.3714 | obj = 0.5758 | cls = 0.0406 | lr = 0.000064
epoch 018 | step 0080 | total = 2.4109 | box = 0.3587 | obj = 0.5751 | cls = 0.0420 | lr = 0.000064
epoch 018 | step 0100 | total = 2.4521 | box = 0.3654 | obj = 0.5857 | cls = 0.0394 | lr = 0.000064
epoch 018 | step 0120 | total = 2.4030 | box = 0.3553 | obj = 0.5857 | cls = 0.0408 | lr = 0.000064
epoch 018 | step 0140 | total = 2.3957 | box = 0.3552 | obj = 0.5782 | cls = 0.0417 | lr = 0.000064
epoch 018 | step 0160 | total = 2.4503 | box = 0.3656 | obj = 0.5817 | cls = 0.0406 | lr = 0.000064
epoch 018 | step 0180 | total = 2.5289 | box = 0.3793 | obj = 0.5910 | cls = 0.0416 | lr = 0.000064
epoch 018 | step 0200 | total = 2.5253 | box = 0.3793 | obj = 0.5885 | cls = 0.0405 | lr = 0.000064
epoch 018 | step 0220 | total = 2.4166 | box = 0.3559 | obj = 0.5942 | cls = 0.0430 | lr = 0.000064
epoch 018 | step 0240 | total = 2.4168 | box = 0.3570 | obj = 0.5897 | cls = 0.0419 | lr = 0.000064
epoch 018 | step 0260 | total = 2.4798 | box = 0.3719 | obj = 0.5804 | cls = 0.0401 | lr = 0.000064
epoch 018 | step 0280 | total = 2.5220 | box = 0.3790 | obj = 0.5839 | cls = 0.0429 | lr = 0.000064
epoch 018 | step 0300 | total = 2.5870 | box = 0.3928 | obj = 0.5811 | cls = 0.0417 | lr = 0.000064
epoch 018 | step 0320 | total = 2.5291 | box = 0.3806 | obj = 0.5865 | cls = 0.0398 | lr = 0.000064
epoch 018 | step 0340 | total = 2.6284 | box = 0.4005 | obj = 0.5853 | cls = 0.0404 | lr = 0.000064
epoch 018 | step 0360 | total = 2.4839 | box = 0.3743 | obj = 0.5716 | cls = 0.0410 | lr = 0.000064
epoch 018 | step 0380 | total = 2.4549 | box = 0.3675 | obj = 0.5769 | cls = 0.0406 | lr = 0.000064
epoch 018 | step 0400 | total = 2.5223 | box = 0.3808 | obj = 0.5812 | cls = 0.0373 | lr = 0.000064
epoch 018 | step 0420 | total = 2.5086 | box = 0.3744 | obj = 0.5952 | cls = 0.0413 | lr = 0.000064
epoch 018 | step 0440 | total = 2.4853 | box = 0.3740 | obj = 0.5753 | cls = 0.0400 | lr = 0.000064
epoch 018 | step 0460 | total = 2.4989 | box = 0.3734 | obj = 0.5922 | cls = 0.0399 | lr = 0.000064
epoch 018 | step 0480 | total = 2.4932 | box = 0.3715 | obj = 0.5932 | cls = 0.0427 | lr = 0.000064
[epoch 018 train] total = 2.4509 | box = 0.3654 | obj = 0.5831 | cls = 0.0410 | batches = 485 | time = 201.2s
[epoch 018 val] total = 2.6665 | box = 0.3844 | obj = 0.6874 | cls = 0.0572 | batches = 43 | time = 14.1s
epoch 019 | step 0001 | total = 2.4146 | box = 0.3605 | obj = 0.5705 | cls = 0.0417 | lr = 0.000034
epoch 019 | step 0020 | total = 2.4330 | box = 0.3599 | obj = 0.5907 | cls = 0.0427 | lr = 0.000034
epoch 019 | step 0040 | total = 2.2534 | box = 0.3244 | obj = 0.5885 | cls = 0.0430 | lr = 0.000034
epoch 019 | step 0060 | total = 2.4273 | box = 0.3606 | obj = 0.5840 | cls = 0.0402 | lr = 0.000034
epoch 019 | step 0080 | total = 2.5118 | box = 0.3773 | obj = 0.5846 | cls = 0.0408 | lr = 0.000034
epoch 019 | step 0100 | total = 2.4272 | box = 0.3624 | obj = 0.5750 | cls = 0.0401 | lr = 0.000034
epoch 019 | step 0120 | total = 2.2892 | box = 0.3317 | obj = 0.5883 | cls = 0.0424 | lr = 0.000034
epoch 019 | step 0140 | total = 2.2622 | box = 0.3305 | obj = 0.5700 | cls = 0.0396 | lr = 0.000034
epoch 019 | step 0160 | total = 2.3214 | box = 0.3395 | obj = 0.5835 | cls = 0.0402 | lr = 0.000034
epoch 019 | step 0180 | total = 2.3362 | box = 0.3464 | obj = 0.5631 | cls = 0.0411 | lr = 0.000034
epoch 019 | step 0200 | total = 2.4045 | box = 0.3550 | obj = 0.5899 | cls = 0.0397 | lr = 0.000034
epoch 019 | step 0220 | total = 2.2675 | box = 0.3319 | obj = 0.5682 | cls = 0.0398 | lr = 0.000034
epoch 019 | step 0240 | total = 2.3027 | box = 0.3377 | obj = 0.5725 | cls = 0.0419 | lr = 0.000034
epoch 019 | step 0260 | total = 2.3393 | box = 0.3428 | obj = 0.5840 | cls = 0.0413 | lr = 0.000034
epoch 019 | step 0280 | total = 2.6137 | box = 0.3967 | obj = 0.5895 | cls = 0.0406 | lr = 0.000034
epoch 019 | step 0300 | total = 2.2937 | box = 0.3377 | obj = 0.5659 | cls = 0.0395 | lr = 0.000034
epoch 019 | step 0320 | total = 2.4173 | box = 0.3624 | obj = 0.5645 | cls = 0.0407 | lr = 0.000034
epoch 019 | step 0340 | total = 2.4291 | box = 0.3593 | obj = 0.5920 | cls = 0.0405 | lr = 0.000034
epoch 019 | step 0360 | total = 2.4424 | box = 0.3637 | obj = 0.5829 | cls = 0.0412 | lr = 0.000034
epoch 019 | step 0380 | total = 2.2593 | box = 0.3253 | obj = 0.5909 | cls = 0.0421 | lr = 0.000034
epoch 019 | step 0400 | total = 2.4929 | box = 0.3729 | obj = 0.5867 | cls = 0.0416 | lr = 0.000034
epoch 019 | step 0420 | total = 2.5124 | box = 0.3768 | obj = 0.5857 | cls = 0.0428 | lr = 0.000034
epoch 019 | step 0440 | total = 2.4071 | box = 0.3575 | obj = 0.5792 | cls = 0.0406 | lr = 0.000034
epoch 019 | step 0460 | total = 2.4294 | box = 0.3614 | obj = 0.5799 | cls = 0.0423 | lr = 0.000034
epoch 019 | step 0480 | total = 2.2835 | box = 0.3341 | obj = 0.5715 | cls = 0.0416 | lr = 0.000034
[epoch 019 train] total = 2.4048 | box = 0.3573 | obj = 0.5771 | cls = 0.0410 | batches = 485 | time = 199.5s
[epoch 019 val] total = 2.6793 | box = 0.3858 | obj = 0.6932 | cls = 0.0572 | batches = 43 | time = 14.4s
epoch 020 | step 0001 | total = 2.3862 | box = 0.3580 | obj = 0.5571 | cls = 0.0393 | lr = 0.000016
epoch 020 | step 0020 | total = 2.2455 | box = 0.3271 | obj = 0.5673 | cls = 0.0425 | lr = 0.000016
epoch 020 | step 0040 | total = 2.4164 | box = 0.3564 | obj = 0.5934 | cls = 0.0413 | lr = 0.000016
epoch 020 | step 0060 | total = 2.3805 | box = 0.3526 | obj = 0.5784 | cls = 0.0389 | lr = 0.000016
epoch 020 | step 0080 | total = 2.2396 | box = 0.3278 | obj = 0.5590 | cls = 0.0416 | lr = 0.000016
epoch 020 | step 0100 | total = 2.4070 | box = 0.3608 | obj = 0.5615 | cls = 0.0416 | lr = 0.000016
epoch 020 | step 0120 | total = 2.0873 | box = 0.2962 | obj = 0.5650 | cls = 0.0414 | lr = 0.000016
epoch 020 | step 0140 | total = 2.2893 | box = 0.3374 | obj = 0.5628 | cls = 0.0393 | lr = 0.000016
epoch 020 | step 0160 | total = 2.3174 | box = 0.3407 | obj = 0.5736 | cls = 0.0401 | lr = 0.000016
epoch 020 | step 0180 | total = 2.4274 | box = 0.3614 | obj = 0.5784 | cls = 0.0419 | lr = 0.000016
epoch 020 | step 0200 | total = 2.4356 | box = 0.3624 | obj = 0.5828 | cls = 0.0408 | lr = 0.000016
epoch 020 | step 0220 | total = 2.2982 | box = 0.3366 | obj = 0.5717 | cls = 0.0434 | lr = 0.000016
epoch 020 | step 0240 | total = 2.4701 | box = 0.3662 | obj = 0.5976 | cls = 0.0416 | lr = 0.000016
epoch 020 | step 0260 | total = 2.4276 | box = 0.3642 | obj = 0.5656 | cls = 0.0413 | lr = 0.000016
epoch 020 | step 0280 | total = 2.2922 | box = 0.3375 | obj = 0.5641 | cls = 0.0404 | lr = 0.000016
epoch 020 | step 0300 | total = 2.3543 | box = 0.3488 | obj = 0.5702 | cls = 0.0399 | lr = 0.000016
epoch 020 | step 0320 | total = 2.4770 | box = 0.3735 | obj = 0.5696 | cls = 0.0400 | lr = 0.000016
epoch 020 | step 0340 | total = 2.2056 | box = 0.3164 | obj = 0.5803 | cls = 0.0430 | lr = 0.000016
epoch 020 | step 0360 | total = 2.4521 | box = 0.3675 | obj = 0.5731 | cls = 0.0417 | lr = 0.000016
epoch 020 | step 0380 | total = 2.3339 | box = 0.3429 | obj = 0.5799 | cls = 0.0397 | lr = 0.000016
epoch 020 | step 0400 | total = 2.3944 | box = 0.3564 | obj = 0.5709 | cls = 0.0416 | lr = 0.000016
epoch 020 | step 0420 | total = 2.3061 | box = 0.3388 | obj = 0.5704 | cls = 0.0415 | lr = 0.000016
epoch 020 | step 0440 | total = 2.3866 | box = 0.3543 | obj = 0.5754 | cls = 0.0399 | lr = 0.000016
epoch 020 | step 0460 | total = 2.4098 | box = 0.3611 | obj = 0.5626 | cls = 0.0418 | lr = 0.000016
epoch 020 | step 0480 | total = 2.3134 | box = 0.3408 | obj = 0.5687 | cls = 0.0410 | lr = 0.000016
[epoch 020 train] total = 2.3761 | box = 0.3524 | obj = 0.5733 | cls = 0.0409 | batches = 485 | time = 198.3s
[epoch 020 val] total = 2.6876 | box = 0.3859 | obj = 0.7007 | cls = 0.0572 | batches = 43 | time = 14.9s
training status: completed
result summary: logs/records/deep_residual_three_box_v5box_softobj_assign_20260419_152713/result.txt
