starting yolov0 training
run id: deep_residual_three_box_v5box_softobj_shapematch_20260419_184314
device: cuda
train dataset length: 124004
val dataset length: 10823
model output shape: (1, 10, 10, 255)
parameter total: 26560607
parameter trainable: 26560607
gpu count: 8
tensorboard dir: runs/deep_residual_three_box_v5box_softobj_shapematch_20260419_184314
output dir: outputs/deep_residual_three_box_v5box_softobj_shapematch_20260419_184314
epoch 001 | step 0001 | total = 6.3513 | box = 0.9109 | obj = 1.0737 | cls = 0.7232 | lr = 0.001000
epoch 001 | step 0020 | total = 4.9032 | box = 0.7242 | obj = 0.9296 | cls = 0.3527 | lr = 0.001000
epoch 001 | step 0040 | total = 4.4544 | box = 0.6868 | obj = 0.9095 | cls = 0.1109 | lr = 0.001000
epoch 001 | step 0060 | total = 4.4690 | box = 0.6985 | obj = 0.9028 | cls = 0.0738 | lr = 0.001000
epoch 001 | step 0080 | total = 4.4172 | box = 0.6927 | obj = 0.8908 | cls = 0.0630 | lr = 0.001000
epoch 001 | step 0100 | total = 4.3242 | box = 0.6753 | obj = 0.8872 | cls = 0.0604 | lr = 0.001000
epoch 001 | step 0120 | total = 4.3069 | box = 0.6731 | obj = 0.8841 | cls = 0.0571 | lr = 0.001000
epoch 001 | step 0140 | total = 4.1870 | box = 0.6493 | obj = 0.8829 | cls = 0.0575 | lr = 0.001000
epoch 001 | step 0160 | total = 4.2645 | box = 0.6663 | obj = 0.8748 | cls = 0.0582 | lr = 0.001000
epoch 001 | step 0180 | total = 4.1022 | box = 0.6354 | obj = 0.8699 | cls = 0.0554 | lr = 0.001000
epoch 001 | step 0200 | total = 4.1224 | box = 0.6366 | obj = 0.8826 | cls = 0.0570 | lr = 0.001000
epoch 001 | step 0220 | total = 4.0970 | box = 0.6331 | obj = 0.8766 | cls = 0.0552 | lr = 0.001000
epoch 001 | step 0240 | total = 4.1286 | box = 0.6428 | obj = 0.8607 | cls = 0.0540 | lr = 0.001000
epoch 001 | step 0260 | total = 4.0026 | box = 0.6168 | obj = 0.8648 | cls = 0.0540 | lr = 0.001000
epoch 001 | step 0280 | total = 4.0295 | box = 0.6230 | obj = 0.8583 | cls = 0.0562 | lr = 0.001000
epoch 001 | step 0300 | total = 4.0914 | box = 0.6347 | obj = 0.8618 | cls = 0.0559 | lr = 0.001000
epoch 001 | step 0320 | total = 4.0136 | box = 0.6209 | obj = 0.8556 | cls = 0.0534 | lr = 0.001000
epoch 001 | step 0340 | total = 3.9802 | box = 0.6138 | obj = 0.8579 | cls = 0.0531 | lr = 0.001000
epoch 001 | step 0360 | total = 4.0033 | box = 0.6186 | obj = 0.8541 | cls = 0.0562 | lr = 0.001000
epoch 001 | step 0380 | total = 3.8257 | box = 0.5841 | obj = 0.8506 | cls = 0.0545 | lr = 0.001000
epoch 001 | step 0400 | total = 3.8715 | box = 0.5922 | obj = 0.8562 | cls = 0.0544 | lr = 0.001000
epoch 001 | step 0420 | total = 3.9421 | box = 0.6090 | obj = 0.8435 | cls = 0.0537 | lr = 0.001000
epoch 001 | step 0440 | total = 3.9590 | box = 0.6114 | obj = 0.8492 | cls = 0.0528 | lr = 0.001000
epoch 001 | step 0460 | total = 3.9137 | box = 0.6026 | obj = 0.8473 | cls = 0.0532 | lr = 0.001000
epoch 001 | step 0480 | total = 3.9217 | box = 0.6046 | obj = 0.8441 | cls = 0.0544 | lr = 0.001000
[epoch 001 train] total = 4.1769 | box = 0.6441 | obj = 0.8731 | cls = 0.0832 | batches = 485 | time = 214.1s
[epoch 001 val] total = 3.5067 | box = 0.5220 | obj = 0.8350 | cls = 0.0619 | batches = 43 | time = 20.3s
epoch 002 | step 0001 | total = 3.7065 | box = 0.5621 | obj = 0.8426 | cls = 0.0535 | lr = 0.000994
epoch 002 | step 0020 | total = 3.8114 | box = 0.5830 | obj = 0.8430 | cls = 0.0536 | lr = 0.000994
epoch 002 | step 0040 | total = 3.7922 | box = 0.5798 | obj = 0.8402 | cls = 0.0529 | lr = 0.000994
epoch 002 | step 0060 | total = 3.8952 | box = 0.6011 | obj = 0.8375 | cls = 0.0522 | lr = 0.000994
epoch 002 | step 0080 | total = 3.8706 | box = 0.5968 | obj = 0.8348 | cls = 0.0518 | lr = 0.000994
epoch 002 | step 0100 | total = 3.7695 | box = 0.5767 | obj = 0.8315 | cls = 0.0544 | lr = 0.000994
epoch 002 | step 0120 | total = 3.6735 | box = 0.5579 | obj = 0.8306 | cls = 0.0533 | lr = 0.000994
epoch 002 | step 0140 | total = 3.7346 | box = 0.5670 | obj = 0.8458 | cls = 0.0536 | lr = 0.000994
epoch 002 | step 0160 | total = 3.7891 | box = 0.5812 | obj = 0.8302 | cls = 0.0531 | lr = 0.000994
epoch 002 | step 0180 | total = 3.7415 | box = 0.5711 | obj = 0.8323 | cls = 0.0535 | lr = 0.000994
epoch 002 | step 0200 | total = 3.7409 | box = 0.5717 | obj = 0.8300 | cls = 0.0523 | lr = 0.000994
epoch 002 | step 0220 | total = 3.6027 | box = 0.5439 | obj = 0.8309 | cls = 0.0525 | lr = 0.000994
epoch 002 | step 0240 | total = 3.6984 | box = 0.5645 | obj = 0.8244 | cls = 0.0515 | lr = 0.000994
epoch 002 | step 0260 | total = 3.7473 | box = 0.5745 | obj = 0.8245 | cls = 0.0505 | lr = 0.000994
epoch 002 | step 0280 | total = 3.7450 | box = 0.5741 | obj = 0.8212 | cls = 0.0531 | lr = 0.000994
epoch 002 | step 0300 | total = 3.5774 | box = 0.5382 | obj = 0.8327 | cls = 0.0538 | lr = 0.000994
epoch 002 | step 0320 | total = 3.6317 | box = 0.5505 | obj = 0.8257 | cls = 0.0532 | lr = 0.000994
epoch 002 | step 0340 | total = 3.7117 | box = 0.5675 | obj = 0.8237 | cls = 0.0505 | lr = 0.000994
epoch 002 | step 0360 | total = 3.5924 | box = 0.5435 | obj = 0.8227 | cls = 0.0524 | lr = 0.000994
epoch 002 | step 0380 | total = 3.5227 | box = 0.5285 | obj = 0.8279 | cls = 0.0524 | lr = 0.000994
epoch 002 | step 0400 | total = 3.6066 | box = 0.5481 | obj = 0.8130 | cls = 0.0533 | lr = 0.000994
epoch 002 | step 0420 | total = 3.6524 | box = 0.5557 | obj = 0.8214 | cls = 0.0527 | lr = 0.000994
epoch 002 | step 0440 | total = 3.5883 | box = 0.5444 | obj = 0.8136 | cls = 0.0527 | lr = 0.000994
epoch 002 | step 0460 | total = 3.6237 | box = 0.5516 | obj = 0.8139 | cls = 0.0517 | lr = 0.000994
epoch 002 | step 0480 | total = 3.5618 | box = 0.5401 | obj = 0.8102 | cls = 0.0510 | lr = 0.000994
[epoch 002 train] total = 3.7132 | box = 0.5666 | obj = 0.8274 | cls = 0.0526 | batches = 485 | time = 196.9s
[epoch 002 val] total = 3.1977 | box = 0.4660 | obj = 0.8060 | cls = 0.0614 | batches = 43 | time = 15.0s
epoch 003 | step 0001 | total = 3.6635 | box = 0.5576 | obj = 0.8221 | cls = 0.0531 | lr = 0.000976
epoch 003 | step 0020 | total = 3.6314 | box = 0.5521 | obj = 0.8193 | cls = 0.0515 | lr = 0.000976
epoch 003 | step 0040 | total = 3.5522 | box = 0.5387 | obj = 0.8079 | cls = 0.0506 | lr = 0.000976
epoch 003 | step 0060 | total = 3.4741 | box = 0.5222 | obj = 0.8120 | cls = 0.0512 | lr = 0.000976
epoch 003 | step 0080 | total = 3.6505 | box = 0.5583 | obj = 0.8089 | cls = 0.0499 | lr = 0.000976
epoch 003 | step 0100 | total = 3.6134 | box = 0.5512 | obj = 0.8062 | cls = 0.0514 | lr = 0.000976
epoch 003 | step 0120 | total = 3.6462 | box = 0.5550 | obj = 0.8198 | cls = 0.0512 | lr = 0.000976
epoch 003 | step 0140 | total = 3.6439 | box = 0.5557 | obj = 0.8142 | cls = 0.0511 | lr = 0.000976
epoch 003 | step 0160 | total = 3.5919 | box = 0.5457 | obj = 0.8137 | cls = 0.0499 | lr = 0.000976
epoch 003 | step 0180 | total = 3.5276 | box = 0.5341 | obj = 0.8057 | cls = 0.0516 | lr = 0.000976
epoch 003 | step 0200 | total = 3.5826 | box = 0.5443 | obj = 0.8103 | cls = 0.0509 | lr = 0.000976
epoch 003 | step 0220 | total = 3.5539 | box = 0.5402 | obj = 0.8023 | cls = 0.0504 | lr = 0.000976
epoch 003 | step 0240 | total = 3.4548 | box = 0.5198 | obj = 0.8042 | cls = 0.0515 | lr = 0.000976
epoch 003 | step 0260 | total = 3.4503 | box = 0.5201 | obj = 0.7988 | cls = 0.0511 | lr = 0.000976
epoch 003 | step 0280 | total = 3.5962 | box = 0.5481 | obj = 0.8049 | cls = 0.0511 | lr = 0.000976
epoch 003 | step 0300 | total = 3.4899 | box = 0.5288 | obj = 0.7940 | cls = 0.0521 | lr = 0.000976
epoch 003 | step 0320 | total = 3.5185 | box = 0.5334 | obj = 0.7997 | cls = 0.0517 | lr = 0.000976
epoch 003 | step 0340 | total = 3.3411 | box = 0.4969 | obj = 0.8047 | cls = 0.0517 | lr = 0.000976
epoch 003 | step 0360 | total = 3.5355 | box = 0.5368 | obj = 0.8007 | cls = 0.0509 | lr = 0.000976
epoch 003 | step 0380 | total = 3.3570 | box = 0.5010 | obj = 0.8017 | cls = 0.0504 | lr = 0.000976
epoch 003 | step 0400 | total = 3.5353 | box = 0.5372 | obj = 0.7985 | cls = 0.0509 | lr = 0.000976
epoch 003 | step 0420 | total = 3.4588 | box = 0.5241 | obj = 0.7871 | cls = 0.0512 | lr = 0.000976
epoch 003 | step 0440 | total = 3.4429 | box = 0.5173 | obj = 0.8050 | cls = 0.0512 | lr = 0.000976
epoch 003 | step 0460 | total = 3.3734 | box = 0.5074 | obj = 0.7855 | cls = 0.0511 | lr = 0.000976
epoch 003 | step 0480 | total = 3.3890 | box = 0.5089 | obj = 0.7934 | cls = 0.0510 | lr = 0.000976
[epoch 003 train] total = 3.5108 | box = 0.5311 | obj = 0.8041 | cls = 0.0512 | batches = 485 | time = 197.2s
[epoch 003 val] total = 3.0438 | box = 0.4405 | obj = 0.7803 | cls = 0.0608 | batches = 43 | time = 15.0s
epoch 004 | step 0001 | total = 3.3588 | box = 0.5040 | obj = 0.7884 | cls = 0.0505 | lr = 0.000946
epoch 004 | step 0020 | total = 3.4883 | box = 0.5296 | obj = 0.7895 | cls = 0.0509 | lr = 0.000946
epoch 004 | step 0040 | total = 3.3600 | box = 0.5036 | obj = 0.7912 | cls = 0.0509 | lr = 0.000946
epoch 004 | step 0060 | total = 3.2931 | box = 0.4929 | obj = 0.7791 | cls = 0.0497 | lr = 0.000946
epoch 004 | step 0080 | total = 3.3209 | box = 0.4946 | obj = 0.7959 | cls = 0.0521 | lr = 0.000946
epoch 004 | step 0100 | total = 3.3959 | box = 0.5111 | obj = 0.7902 | cls = 0.0503 | lr = 0.000946
epoch 004 | step 0120 | total = 3.3798 | box = 0.5088 | obj = 0.7849 | cls = 0.0510 | lr = 0.000946
epoch 004 | step 0140 | total = 3.5356 | box = 0.5373 | obj = 0.7968 | cls = 0.0522 | lr = 0.000946
epoch 004 | step 0160 | total = 3.3480 | box = 0.5033 | obj = 0.7817 | cls = 0.0498 | lr = 0.000946
epoch 004 | step 0180 | total = 3.4095 | box = 0.5136 | obj = 0.7904 | cls = 0.0511 | lr = 0.000946
epoch 004 | step 0200 | total = 3.4175 | box = 0.5169 | obj = 0.7847 | cls = 0.0484 | lr = 0.000946
epoch 004 | step 0220 | total = 3.6346 | box = 0.5540 | obj = 0.8127 | cls = 0.0518 | lr = 0.000946
epoch 004 | step 0240 | total = 3.5382 | box = 0.5372 | obj = 0.8040 | cls = 0.0484 | lr = 0.000946
epoch 004 | step 0260 | total = 3.4101 | box = 0.5148 | obj = 0.7866 | cls = 0.0497 | lr = 0.000946
epoch 004 | step 0280 | total = 3.3645 | box = 0.5052 | obj = 0.7887 | cls = 0.0498 | lr = 0.000946
epoch 004 | step 0300 | total = 3.3559 | box = 0.5011 | obj = 0.8013 | cls = 0.0493 | lr = 0.000946
epoch 004 | step 0320 | total = 3.3620 | box = 0.5060 | obj = 0.7809 | cls = 0.0510 | lr = 0.000946
epoch 004 | step 0340 | total = 3.3893 | box = 0.5067 | obj = 0.8048 | cls = 0.0511 | lr = 0.000946
epoch 004 | step 0360 | total = 3.4205 | box = 0.5136 | obj = 0.8020 | cls = 0.0507 | lr = 0.000946
epoch 004 | step 0380 | total = 3.4755 | box = 0.5290 | obj = 0.7815 | cls = 0.0488 | lr = 0.000946
epoch 004 | step 0400 | total = 3.3825 | box = 0.5106 | obj = 0.7782 | cls = 0.0511 | lr = 0.000946
epoch 004 | step 0420 | total = 3.4435 | box = 0.5204 | obj = 0.7923 | cls = 0.0492 | lr = 0.000946
epoch 004 | step 0440 | total = 3.4215 | box = 0.5169 | obj = 0.7873 | cls = 0.0499 | lr = 0.000946
epoch 004 | step 0460 | total = 3.3816 | box = 0.5103 | obj = 0.7808 | cls = 0.0495 | lr = 0.000946
epoch 004 | step 0480 | total = 3.2955 | box = 0.4919 | obj = 0.7861 | cls = 0.0497 | lr = 0.000946
[epoch 004 train] total = 3.3839 | box = 0.5092 | obj = 0.7878 | cls = 0.0500 | batches = 485 | time = 204.3s
[epoch 004 val] total = 3.0064 | box = 0.4352 | obj = 0.7708 | cls = 0.0598 | batches = 43 | time = 14.9s
epoch 005 | step 0001 | total = 3.2710 | box = 0.4869 | obj = 0.7852 | cls = 0.0511 | lr = 0.000905
epoch 005 | step 0020 | total = 3.2592 | box = 0.4856 | obj = 0.7836 | cls = 0.0478 | lr = 0.000905
epoch 005 | step 0040 | total = 3.3391 | box = 0.5019 | obj = 0.7804 | cls = 0.0493 | lr = 0.000905
epoch 005 | step 0060 | total = 3.3259 | box = 0.4996 | obj = 0.7787 | cls = 0.0490 | lr = 0.000905
epoch 005 | step 0080 | total = 3.1543 | box = 0.4671 | obj = 0.7705 | cls = 0.0481 | lr = 0.000905
epoch 005 | step 0100 | total = 3.4013 | box = 0.5134 | obj = 0.7837 | cls = 0.0503 | lr = 0.000905
epoch 005 | step 0120 | total = 3.3349 | box = 0.5013 | obj = 0.7796 | cls = 0.0487 | lr = 0.000905
epoch 005 | step 0140 | total = 3.2883 | box = 0.4936 | obj = 0.7712 | cls = 0.0488 | lr = 0.000905
epoch 005 | step 0160 | total = 3.2310 | box = 0.4812 | obj = 0.7769 | cls = 0.0482 | lr = 0.000905
epoch 005 | step 0180 | total = 3.2029 | box = 0.4771 | obj = 0.7686 | cls = 0.0489 | lr = 0.000905
epoch 005 | step 0200 | total = 3.3080 | box = 0.4971 | obj = 0.7752 | cls = 0.0475 | lr = 0.000905
epoch 005 | step 0220 | total = 3.3241 | box = 0.4995 | obj = 0.7788 | cls = 0.0477 | lr = 0.000905
epoch 005 | step 0240 | total = 3.3749 | box = 0.5076 | obj = 0.7892 | cls = 0.0476 | lr = 0.000905
epoch 005 | step 0260 | total = 3.2128 | box = 0.4777 | obj = 0.7751 | cls = 0.0489 | lr = 0.000905
epoch 005 | step 0280 | total = 3.1995 | box = 0.4760 | obj = 0.7703 | cls = 0.0491 | lr = 0.000905
epoch 005 | step 0300 | total = 3.2360 | box = 0.4824 | obj = 0.7757 | cls = 0.0481 | lr = 0.000905
epoch 005 | step 0320 | total = 3.2802 | box = 0.4928 | obj = 0.7662 | cls = 0.0501 | lr = 0.000905
epoch 005 | step 0340 | total = 3.4456 | box = 0.5230 | obj = 0.7817 | cls = 0.0490 | lr = 0.000905
epoch 005 | step 0360 | total = 3.3744 | box = 0.5097 | obj = 0.7780 | cls = 0.0481 | lr = 0.000905
epoch 005 | step 0380 | total = 3.3259 | box = 0.5000 | obj = 0.7761 | cls = 0.0498 | lr = 0.000905
epoch 005 | step 0400 | total = 3.2231 | box = 0.4782 | obj = 0.7803 | cls = 0.0516 | lr = 0.000905
epoch 005 | step 0420 | total = 3.1862 | box = 0.4733 | obj = 0.7742 | cls = 0.0457 | lr = 0.000905
epoch 005 | step 0440 | total = 3.3086 | box = 0.4972 | obj = 0.7728 | cls = 0.0498 | lr = 0.000905
epoch 005 | step 0460 | total = 3.1747 | box = 0.4714 | obj = 0.7684 | cls = 0.0492 | lr = 0.000905
epoch 005 | step 0480 | total = 3.3097 | box = 0.4995 | obj = 0.7658 | cls = 0.0462 | lr = 0.000905
[epoch 005 train] total = 3.2891 | box = 0.4930 | obj = 0.7751 | cls = 0.0489 | batches = 485 | time = 211.5s
[epoch 005 val] total = 2.8820 | box = 0.4144 | obj = 0.7508 | cls = 0.0594 | batches = 43 | time = 15.1s
epoch 006 | step 0001 | total = 3.2728 | box = 0.4904 | obj = 0.7712 | cls = 0.0498 | lr = 0.000855
epoch 006 | step 0020 | total = 3.2779 | box = 0.4935 | obj = 0.7641 | cls = 0.0465 | lr = 0.000855
epoch 006 | step 0040 | total = 3.1565 | box = 0.4666 | obj = 0.7741 | cls = 0.0496 | lr = 0.000855
epoch 006 | step 0060 | total = 3.3202 | box = 0.4997 | obj = 0.7737 | cls = 0.0480 | lr = 0.000855
epoch 006 | step 0080 | total = 3.3558 | box = 0.5074 | obj = 0.7708 | cls = 0.0481 | lr = 0.000855
epoch 006 | step 0100 | total = 3.2280 | box = 0.4858 | obj = 0.7506 | cls = 0.0486 | lr = 0.000855
epoch 006 | step 0120 | total = 3.1695 | box = 0.4730 | obj = 0.7563 | cls = 0.0483 | lr = 0.000855
epoch 006 | step 0140 | total = 3.3206 | box = 0.5027 | obj = 0.7612 | cls = 0.0462 | lr = 0.000855
epoch 006 | step 0160 | total = 3.0341 | box = 0.4437 | obj = 0.7682 | cls = 0.0475 | lr = 0.000855
epoch 006 | step 0180 | total = 3.2086 | box = 0.4782 | obj = 0.7686 | cls = 0.0489 | lr = 0.000855
epoch 006 | step 0200 | total = 3.2896 | box = 0.4951 | obj = 0.7636 | cls = 0.0502 | lr = 0.000855
epoch 006 | step 0220 | total = 3.2326 | box = 0.4834 | obj = 0.7679 | cls = 0.0478 | lr = 0.000855
epoch 006 | step 0240 | total = 3.1839 | box = 0.4757 | obj = 0.7596 | cls = 0.0457 | lr = 0.000855
epoch 006 | step 0260 | total = 3.2113 | box = 0.4785 | obj = 0.7700 | cls = 0.0485 | lr = 0.000855
epoch 006 | step 0280 | total = 3.2524 | box = 0.4890 | obj = 0.7597 | cls = 0.0477 | lr = 0.000855
epoch 006 | step 0300 | total = 3.1101 | box = 0.4599 | obj = 0.7608 | cls = 0.0498 | lr = 0.000855
epoch 006 | step 0320 | total = 3.2185 | box = 0.4781 | obj = 0.7811 | cls = 0.0467 | lr = 0.000855
epoch 006 | step 0340 | total = 3.1635 | box = 0.4712 | obj = 0.7591 | cls = 0.0485 | lr = 0.000855
epoch 006 | step 0360 | total = 3.1874 | box = 0.4745 | obj = 0.7668 | cls = 0.0483 | lr = 0.000855
epoch 006 | step 0380 | total = 3.2884 | box = 0.4958 | obj = 0.7630 | cls = 0.0463 | lr = 0.000855
epoch 006 | step 0400 | total = 3.1589 | box = 0.4697 | obj = 0.7639 | cls = 0.0464 | lr = 0.000855
epoch 006 | step 0420 | total = 3.1662 | box = 0.4724 | obj = 0.7563 | cls = 0.0478 | lr = 0.000855
epoch 006 | step 0440 | total = 3.2191 | box = 0.4820 | obj = 0.7617 | cls = 0.0475 | lr = 0.000855
epoch 006 | step 0460 | total = 3.1238 | box = 0.4651 | obj = 0.7510 | cls = 0.0473 | lr = 0.000855
epoch 006 | step 0480 | total = 3.1677 | box = 0.4710 | obj = 0.7650 | cls = 0.0476 | lr = 0.000855
[epoch 006 train] total = 3.2114 | box = 0.4798 | obj = 0.7644 | cls = 0.0478 | batches = 485 | time = 193.6s
[epoch 006 val] total = 2.9395 | box = 0.4237 | obj = 0.7624 | cls = 0.0586 | batches = 43 | time = 15.3s
epoch 007 | step 0001 | total = 3.1801 | box = 0.4698 | obj = 0.7818 | cls = 0.0491 | lr = 0.000796
epoch 007 | step 0020 | total = 3.1862 | box = 0.4777 | obj = 0.7508 | cls = 0.0468 | lr = 0.000796
epoch 007 | step 0040 | total = 3.0324 | box = 0.4481 | obj = 0.7449 | cls = 0.0470 | lr = 0.000796
epoch 007 | step 0060 | total = 3.0763 | box = 0.4566 | obj = 0.7465 | cls = 0.0468 | lr = 0.000796
epoch 007 | step 0080 | total = 3.1183 | box = 0.4642 | obj = 0.7502 | cls = 0.0471 | lr = 0.000796
epoch 007 | step 0100 | total = 3.1790 | box = 0.4761 | obj = 0.7522 | cls = 0.0463 | lr = 0.000796
epoch 007 | step 0120 | total = 3.1640 | box = 0.4716 | obj = 0.7569 | cls = 0.0490 | lr = 0.000796
epoch 007 | step 0140 | total = 3.1737 | box = 0.4739 | obj = 0.7590 | cls = 0.0451 | lr = 0.000796
epoch 007 | step 0160 | total = 3.1315 | box = 0.4647 | obj = 0.7598 | cls = 0.0481 | lr = 0.000796
epoch 007 | step 0180 | total = 3.0658 | box = 0.4536 | obj = 0.7500 | cls = 0.0478 | lr = 0.000796
epoch 007 | step 0200 | total = 3.2375 | box = 0.4867 | obj = 0.7582 | cls = 0.0456 | lr = 0.000796
epoch 007 | step 0220 | total = 3.2643 | box = 0.4938 | obj = 0.7512 | cls = 0.0443 | lr = 0.000796
epoch 007 | step 0240 | total = 3.1817 | box = 0.4754 | obj = 0.7591 | cls = 0.0457 | lr = 0.000796
epoch 007 | step 0260 | total = 3.3287 | box = 0.5025 | obj = 0.7689 | cls = 0.0471 | lr = 0.000796
epoch 007 | step 0280 | total = 3.1302 | box = 0.4653 | obj = 0.7567 | cls = 0.0468 | lr = 0.000796
epoch 007 | step 0300 | total = 3.2170 | box = 0.4811 | obj = 0.7635 | cls = 0.0482 | lr = 0.000796
epoch 007 | step 0320 | total = 3.2567 | box = 0.4905 | obj = 0.7573 | cls = 0.0471 | lr = 0.000796
epoch 007 | step 0340 | total = 3.2008 | box = 0.4767 | obj = 0.7705 | cls = 0.0468 | lr = 0.000796
epoch 007 | step 0360 | total = 3.1825 | box = 0.4763 | obj = 0.7536 | cls = 0.0476 | lr = 0.000796
epoch 007 | step 0380 | total = 3.2112 | box = 0.4822 | obj = 0.7535 | cls = 0.0469 | lr = 0.000796
epoch 007 | step 0400 | total = 3.1120 | box = 0.4631 | obj = 0.7499 | cls = 0.0467 | lr = 0.000796
epoch 007 | step 0420 | total = 2.9908 | box = 0.4381 | obj = 0.7541 | cls = 0.0464 | lr = 0.000796
epoch 007 | step 0440 | total = 3.2615 | box = 0.4912 | obj = 0.7594 | cls = 0.0459 | lr = 0.000796
epoch 007 | step 0460 | total = 3.1661 | box = 0.4743 | obj = 0.7485 | cls = 0.0461 | lr = 0.000796
epoch 007 | step 0480 | total = 3.1517 | box = 0.4705 | obj = 0.7529 | cls = 0.0461 | lr = 0.000796
[epoch 007 train] total = 3.1413 | box = 0.4680 | obj = 0.7544 | cls = 0.0468 | batches = 485 | time = 198.1s
[epoch 007 val] total = 2.8164 | box = 0.4046 | obj = 0.7345 | cls = 0.0587 | batches = 43 | time = 15.1s
epoch 008 | step 0001 | total = 2.8422 | box = 0.4134 | obj = 0.7283 | cls = 0.0470 | lr = 0.000730
epoch 008 | step 0020 | total = 3.0881 | box = 0.4614 | obj = 0.7352 | cls = 0.0456 | lr = 0.000730
epoch 008 | step 0040 | total = 3.0033 | box = 0.4409 | obj = 0.7514 | cls = 0.0473 | lr = 0.000730
epoch 008 | step 0060 | total = 3.0697 | box = 0.4527 | obj = 0.7586 | cls = 0.0474 | lr = 0.000730
epoch 008 | step 0080 | total = 3.0170 | box = 0.4480 | obj = 0.7317 | cls = 0.0454 | lr = 0.000730
epoch 008 | step 0100 | total = 3.0862 | box = 0.4587 | obj = 0.7459 | cls = 0.0471 | lr = 0.000730
epoch 008 | step 0120 | total = 3.1071 | box = 0.4642 | obj = 0.7406 | cls = 0.0453 | lr = 0.000730
epoch 008 | step 0140 | total = 2.9675 | box = 0.4355 | obj = 0.7438 | cls = 0.0460 | lr = 0.000730
epoch 008 | step 0160 | total = 3.0987 | box = 0.4621 | obj = 0.7424 | cls = 0.0457 | lr = 0.000730
epoch 008 | step 0180 | total = 2.9992 | box = 0.4438 | obj = 0.7362 | cls = 0.0440 | lr = 0.000730
epoch 008 | step 0200 | total = 3.1967 | box = 0.4810 | obj = 0.7457 | cls = 0.0459 | lr = 0.000730
epoch 008 | step 0220 | total = 3.0987 | box = 0.4594 | obj = 0.7543 | cls = 0.0474 | lr = 0.000730
epoch 008 | step 0240 | total = 3.1014 | box = 0.4636 | obj = 0.7393 | cls = 0.0440 | lr = 0.000730
epoch 008 | step 0260 | total = 3.0575 | box = 0.4514 | obj = 0.7550 | cls = 0.0457 | lr = 0.000730
epoch 008 | step 0280 | total = 3.1486 | box = 0.4700 | obj = 0.7521 | cls = 0.0465 | lr = 0.000730
epoch 008 | step 0300 | total = 3.1798 | box = 0.4779 | obj = 0.7444 | cls = 0.0459 | lr = 0.000730
epoch 008 | step 0320 | total = 3.2159 | box = 0.4830 | obj = 0.7546 | cls = 0.0465 | lr = 0.000730
epoch 008 | step 0340 | total = 3.0432 | box = 0.4512 | obj = 0.7412 | cls = 0.0463 | lr = 0.000730
epoch 008 | step 0360 | total = 3.1595 | box = 0.4728 | obj = 0.7508 | cls = 0.0445 | lr = 0.000730
epoch 008 | step 0380 | total = 2.9692 | box = 0.4389 | obj = 0.7293 | cls = 0.0455 | lr = 0.000730
epoch 008 | step 0400 | total = 3.0252 | box = 0.4488 | obj = 0.7360 | cls = 0.0453 | lr = 0.000730
epoch 008 | step 0420 | total = 3.0308 | box = 0.4511 | obj = 0.7300 | cls = 0.0451 | lr = 0.000730
epoch 008 | step 0440 | total = 3.1199 | box = 0.4609 | obj = 0.7683 | cls = 0.0471 | lr = 0.000730
epoch 008 | step 0460 | total = 3.1256 | box = 0.4657 | obj = 0.7491 | cls = 0.0481 | lr = 0.000730
epoch 008 | step 0480 | total = 3.0110 | box = 0.4450 | obj = 0.7398 | cls = 0.0463 | lr = 0.000730
[epoch 008 train] total = 3.0729 | box = 0.4566 | obj = 0.7442 | cls = 0.0459 | batches = 485 | time = 200.8s
[epoch 008 val] total = 2.7601 | box = 0.3940 | obj = 0.7310 | cls = 0.0588 | batches = 43 | time = 15.2s
epoch 009 | step 0001 | total = 2.9749 | box = 0.4368 | obj = 0.7429 | cls = 0.0480 | lr = 0.000658
epoch 009 | step 0020 | total = 3.0412 | box = 0.4512 | obj = 0.7406 | cls = 0.0448 | lr = 0.000658
epoch 009 | step 0040 | total = 3.0065 | box = 0.4434 | obj = 0.7435 | cls = 0.0461 | lr = 0.000658
epoch 009 | step 0060 | total = 3.1793 | box = 0.4793 | obj = 0.7372 | cls = 0.0453 | lr = 0.000658
epoch 009 | step 0080 | total = 3.1161 | box = 0.4655 | obj = 0.7437 | cls = 0.0450 | lr = 0.000658
epoch 009 | step 0100 | total = 2.9659 | box = 0.4410 | obj = 0.7175 | cls = 0.0433 | lr = 0.000658
epoch 009 | step 0120 | total = 3.0429 | box = 0.4534 | obj = 0.7308 | cls = 0.0452 | lr = 0.000658
epoch 009 | step 0140 | total = 3.0699 | box = 0.4557 | obj = 0.7466 | cls = 0.0449 | lr = 0.000658
epoch 009 | step 0160 | total = 3.0246 | box = 0.4492 | obj = 0.7341 | cls = 0.0443 | lr = 0.000658
epoch 009 | step 0180 | total = 3.0018 | box = 0.4439 | obj = 0.7354 | cls = 0.0471 | lr = 0.000658
epoch 009 | step 0200 | total = 3.0065 | box = 0.4433 | obj = 0.7435 | cls = 0.0468 | lr = 0.000658
epoch 009 | step 0220 | total = 3.0244 | box = 0.4490 | obj = 0.7346 | cls = 0.0449 | lr = 0.000658
epoch 009 | step 0240 | total = 2.9217 | box = 0.4281 | obj = 0.7356 | cls = 0.0457 | lr = 0.000658
epoch 009 | step 0260 | total = 2.9042 | box = 0.4252 | obj = 0.7325 | cls = 0.0458 | lr = 0.000658
epoch 009 | step 0280 | total = 3.0532 | box = 0.4539 | obj = 0.7382 | cls = 0.0457 | lr = 0.000658
epoch 009 | step 0300 | total = 3.0086 | box = 0.4446 | obj = 0.7395 | cls = 0.0462 | lr = 0.000658
epoch 009 | step 0320 | total = 3.0968 | box = 0.4641 | obj = 0.7319 | cls = 0.0445 | lr = 0.000658
epoch 009 | step 0340 | total = 2.9830 | box = 0.4418 | obj = 0.7269 | cls = 0.0471 | lr = 0.000658
epoch 009 | step 0360 | total = 3.0550 | box = 0.4558 | obj = 0.7308 | cls = 0.0452 | lr = 0.000658
epoch 009 | step 0380 | total = 2.9996 | box = 0.4439 | obj = 0.7357 | cls = 0.0445 | lr = 0.000658
epoch 009 | step 0400 | total = 3.0170 | box = 0.4447 | obj = 0.7492 | cls = 0.0441 | lr = 0.000658
epoch 009 | step 0420 | total = 3.0337 | box = 0.4509 | obj = 0.7360 | cls = 0.0433 | lr = 0.000658
epoch 009 | step 0440 | total = 3.0324 | box = 0.4506 | obj = 0.7343 | cls = 0.0453 | lr = 0.000658
epoch 009 | step 0460 | total = 3.0083 | box = 0.4467 | obj = 0.7300 | cls = 0.0446 | lr = 0.000658
epoch 009 | step 0480 | total = 3.0378 | box = 0.4503 | obj = 0.7407 | cls = 0.0458 | lr = 0.000658
[epoch 009 train] total = 3.0084 | box = 0.4457 | obj = 0.7348 | cls = 0.0451 | batches = 485 | time = 197.1s
[epoch 009 val] total = 2.7522 | box = 0.3941 | obj = 0.7234 | cls = 0.0584 | batches = 43 | time = 14.0s
epoch 010 | step 0001 | total = 2.9158 | box = 0.4284 | obj = 0.7289 | cls = 0.0450 | lr = 0.000582
epoch 010 | step 0020 | total = 2.8863 | box = 0.4257 | obj = 0.7136 | cls = 0.0441 | lr = 0.000582
epoch 010 | step 0040 | total = 2.9236 | box = 0.4308 | obj = 0.7253 | cls = 0.0442 | lr = 0.000582
epoch 010 | step 0060 | total = 2.9124 | box = 0.4284 | obj = 0.7255 | cls = 0.0446 | lr = 0.000582
epoch 010 | step 0080 | total = 2.8542 | box = 0.4180 | obj = 0.7168 | cls = 0.0474 | lr = 0.000582
epoch 010 | step 0100 | total = 2.8606 | box = 0.4167 | obj = 0.7322 | cls = 0.0451 | lr = 0.000582
epoch 010 | step 0120 | total = 2.9660 | box = 0.4371 | obj = 0.7353 | cls = 0.0454 | lr = 0.000582
epoch 010 | step 0140 | total = 2.9444 | box = 0.4338 | obj = 0.7311 | cls = 0.0443 | lr = 0.000582
epoch 010 | step 0160 | total = 2.9277 | box = 0.4315 | obj = 0.7256 | cls = 0.0446 | lr = 0.000582
epoch 010 | step 0180 | total = 3.0137 | box = 0.4475 | obj = 0.7310 | cls = 0.0450 | lr = 0.000582
epoch 010 | step 0200 | total = 2.9232 | box = 0.4301 | obj = 0.7280 | cls = 0.0444 | lr = 0.000582
epoch 010 | step 0220 | total = 2.9813 | box = 0.4401 | obj = 0.7360 | cls = 0.0447 | lr = 0.000582
epoch 010 | step 0240 | total = 3.0048 | box = 0.4459 | obj = 0.7317 | cls = 0.0436 | lr = 0.000582
epoch 010 | step 0260 | total = 2.8981 | box = 0.4267 | obj = 0.7206 | cls = 0.0438 | lr = 0.000582
epoch 010 | step 0280 | total = 2.8869 | box = 0.4251 | obj = 0.7154 | cls = 0.0461 | lr = 0.000582
epoch 010 | step 0300 | total = 2.9208 | box = 0.4313 | obj = 0.7199 | cls = 0.0445 | lr = 0.000582
epoch 010 | step 0320 | total = 2.9682 | box = 0.4381 | obj = 0.7337 | cls = 0.0439 | lr = 0.000582
epoch 010 | step 0340 | total = 2.9213 | box = 0.4286 | obj = 0.7319 | cls = 0.0466 | lr = 0.000582
epoch 010 | step 0360 | total = 2.8169 | box = 0.4089 | obj = 0.7270 | cls = 0.0452 | lr = 0.000582
epoch 010 | step 0380 | total = 2.8849 | box = 0.4235 | obj = 0.7241 | cls = 0.0431 | lr = 0.000582
epoch 010 | step 0400 | total = 2.8955 | box = 0.4252 | obj = 0.7260 | cls = 0.0433 | lr = 0.000582
epoch 010 | step 0420 | total = 2.9562 | box = 0.4372 | obj = 0.7259 | cls = 0.0441 | lr = 0.000582
epoch 010 | step 0440 | total = 2.9068 | box = 0.4281 | obj = 0.7211 | cls = 0.0450 | lr = 0.000582
epoch 010 | step 0460 | total = 3.0375 | box = 0.4540 | obj = 0.7237 | cls = 0.0440 | lr = 0.000582
epoch 010 | step 0480 | total = 2.9273 | box = 0.4321 | obj = 0.7234 | cls = 0.0432 | lr = 0.000582
[epoch 010 train] total = 2.9424 | box = 0.4347 | obj = 0.7247 | cls = 0.0443 | batches = 485 | time = 196.8s
[epoch 010 val] total = 2.6838 | box = 0.3820 | obj = 0.7159 | cls = 0.0581 | batches = 43 | time = 14.4s
epoch 011 | step 0001 | total = 2.8855 | box = 0.4244 | obj = 0.7182 | cls = 0.0453 | lr = 0.000505
epoch 011 | step 0020 | total = 3.0196 | box = 0.4515 | obj = 0.7188 | cls = 0.0431 | lr = 0.000505
epoch 011 | step 0040 | total = 2.9824 | box = 0.4443 | obj = 0.7184 | cls = 0.0426 | lr = 0.000505
epoch 011 | step 0060 | total = 2.8199 | box = 0.4120 | obj = 0.7154 | cls = 0.0447 | lr = 0.000505
epoch 011 | step 0080 | total = 2.9277 | box = 0.4336 | obj = 0.7154 | cls = 0.0445 | lr = 0.000505
epoch 011 | step 0100 | total = 2.9756 | box = 0.4440 | obj = 0.7148 | cls = 0.0407 | lr = 0.000505
epoch 011 | step 0120 | total = 2.9007 | box = 0.4292 | obj = 0.7104 | cls = 0.0443 | lr = 0.000505
epoch 011 | step 0140 | total = 2.8418 | box = 0.4172 | obj = 0.7118 | cls = 0.0439 | lr = 0.000505
epoch 011 | step 0160 | total = 2.8488 | box = 0.4192 | obj = 0.7124 | cls = 0.0403 | lr = 0.000505
epoch 011 | step 0180 | total = 2.7754 | box = 0.4043 | obj = 0.7107 | cls = 0.0432 | lr = 0.000505
epoch 011 | step 0200 | total = 2.9277 | box = 0.4307 | obj = 0.7300 | cls = 0.0443 | lr = 0.000505
epoch 011 | step 0220 | total = 2.9903 | box = 0.4431 | obj = 0.7314 | cls = 0.0431 | lr = 0.000505
epoch 011 | step 0240 | total = 2.7783 | box = 0.4051 | obj = 0.7091 | cls = 0.0438 | lr = 0.000505
epoch 011 | step 0260 | total = 2.8743 | box = 0.4213 | obj = 0.7246 | cls = 0.0432 | lr = 0.000505
epoch 011 | step 0280 | total = 2.9880 | box = 0.4453 | obj = 0.7181 | cls = 0.0432 | lr = 0.000505
epoch 011 | step 0300 | total = 2.8449 | box = 0.4181 | obj = 0.7104 | cls = 0.0437 | lr = 0.000505
epoch 011 | step 0320 | total = 2.8045 | box = 0.4093 | obj = 0.7135 | cls = 0.0444 | lr = 0.000505
epoch 011 | step 0340 | total = 2.8434 | box = 0.4181 | obj = 0.7087 | cls = 0.0440 | lr = 0.000505
epoch 011 | step 0360 | total = 2.7934 | box = 0.4083 | obj = 0.7091 | cls = 0.0427 | lr = 0.000505
epoch 011 | step 0380 | total = 2.9682 | box = 0.4403 | obj = 0.7208 | cls = 0.0457 | lr = 0.000505
epoch 011 | step 0400 | total = 3.0206 | box = 0.4487 | obj = 0.7322 | cls = 0.0447 | lr = 0.000505
epoch 011 | step 0420 | total = 2.8890 | box = 0.4282 | obj = 0.7057 | cls = 0.0422 | lr = 0.000505
epoch 011 | step 0440 | total = 2.9932 | box = 0.4461 | obj = 0.7195 | cls = 0.0430 | lr = 0.000505
epoch 011 | step 0460 | total = 2.8343 | box = 0.4180 | obj = 0.7001 | cls = 0.0443 | lr = 0.000505
epoch 011 | step 0480 | total = 2.9232 | box = 0.4331 | obj = 0.7140 | cls = 0.0438 | lr = 0.000505
[epoch 011 train] total = 2.8725 | box = 0.4230 | obj = 0.7139 | cls = 0.0437 | batches = 485 | time = 199.9s
[epoch 011 val] total = 2.6461 | box = 0.3768 | obj = 0.7046 | cls = 0.0575 | batches = 43 | time = 15.0s
epoch 012 | step 0001 | total = 2.8682 | box = 0.4235 | obj = 0.7071 | cls = 0.0438 | lr = 0.000428
epoch 012 | step 0020 | total = 2.7965 | box = 0.4103 | obj = 0.7037 | cls = 0.0415 | lr = 0.000428
epoch 012 | step 0040 | total = 2.8271 | box = 0.4123 | obj = 0.7233 | cls = 0.0424 | lr = 0.000428
epoch 012 | step 0060 | total = 2.8938 | box = 0.4286 | obj = 0.7087 | cls = 0.0419 | lr = 0.000428
epoch 012 | step 0080 | total = 2.8521 | box = 0.4206 | obj = 0.7065 | cls = 0.0427 | lr = 0.000428
epoch 012 | step 0100 | total = 2.7942 | box = 0.4110 | obj = 0.6952 | cls = 0.0438 | lr = 0.000428
epoch 012 | step 0120 | total = 2.8748 | box = 0.4246 | obj = 0.7092 | cls = 0.0425 | lr = 0.000428
epoch 012 | step 0140 | total = 2.9143 | box = 0.4318 | obj = 0.7124 | cls = 0.0427 | lr = 0.000428
epoch 012 | step 0160 | total = 2.7876 | box = 0.4092 | obj = 0.6980 | cls = 0.0436 | lr = 0.000428
epoch 012 | step 0180 | total = 2.6722 | box = 0.3870 | obj = 0.6943 | cls = 0.0431 | lr = 0.000428
epoch 012 | step 0200 | total = 2.8882 | box = 0.4289 | obj = 0.6996 | cls = 0.0441 | lr = 0.000428
epoch 012 | step 0220 | total = 2.8402 | box = 0.4171 | obj = 0.7115 | cls = 0.0433 | lr = 0.000428
epoch 012 | step 0240 | total = 2.7860 | box = 0.4090 | obj = 0.6984 | cls = 0.0424 | lr = 0.000428
epoch 012 | step 0260 | total = 2.7320 | box = 0.3952 | obj = 0.7114 | cls = 0.0445 | lr = 0.000428
epoch 012 | step 0280 | total = 2.7338 | box = 0.3971 | obj = 0.7057 | cls = 0.0423 | lr = 0.000428
epoch 012 | step 0300 | total = 2.8480 | box = 0.4190 | obj = 0.7107 | cls = 0.0423 | lr = 0.000428
epoch 012 | step 0320 | total = 2.8429 | box = 0.4203 | obj = 0.6982 | cls = 0.0430 | lr = 0.000428
epoch 012 | step 0340 | total = 2.8555 | box = 0.4236 | obj = 0.6944 | cls = 0.0431 | lr = 0.000428
epoch 012 | step 0360 | total = 2.8342 | box = 0.4171 | obj = 0.7054 | cls = 0.0431 | lr = 0.000428
epoch 012 | step 0380 | total = 2.7848 | box = 0.4083 | obj = 0.7024 | cls = 0.0409 | lr = 0.000428
epoch 012 | step 0400 | total = 2.7084 | box = 0.3918 | obj = 0.7062 | cls = 0.0433 | lr = 0.000428
epoch 012 | step 0420 | total = 2.8478 | box = 0.4203 | obj = 0.7041 | cls = 0.0423 | lr = 0.000428
epoch 012 | step 0440 | total = 2.8621 | box = 0.4208 | obj = 0.7159 | cls = 0.0422 | lr = 0.000428
epoch 012 | step 0460 | total = 2.8545 | box = 0.4220 | obj = 0.7011 | cls = 0.0434 | lr = 0.000428
epoch 012 | step 0480 | total = 2.8709 | box = 0.4249 | obj = 0.7041 | cls = 0.0425 | lr = 0.000428
[epoch 012 train] total = 2.8010 | box = 0.4112 | obj = 0.7020 | cls = 0.0431 | batches = 485 | time = 197.1s
[epoch 012 val] total = 2.6020 | box = 0.3697 | obj = 0.6961 | cls = 0.0571 | batches = 43 | time = 14.9s
epoch 013 | step 0001 | total = 2.6482 | box = 0.3833 | obj = 0.6886 | cls = 0.0432 | lr = 0.000352
epoch 013 | step 0020 | total = 2.7075 | box = 0.3954 | obj = 0.6885 | cls = 0.0422 | lr = 0.000352
epoch 013 | step 0040 | total = 2.7507 | box = 0.4025 | obj = 0.6957 | cls = 0.0424 | lr = 0.000352
epoch 013 | step 0060 | total = 2.8462 | box = 0.4216 | obj = 0.6957 | cls = 0.0423 | lr = 0.000352
epoch 013 | step 0080 | total = 2.7602 | box = 0.4040 | obj = 0.6964 | cls = 0.0439 | lr = 0.000352
epoch 013 | step 0100 | total = 2.6343 | box = 0.3823 | obj = 0.6801 | cls = 0.0426 | lr = 0.000352
epoch 013 | step 0120 | total = 2.7796 | box = 0.4093 | obj = 0.6913 | cls = 0.0417 | lr = 0.000352
epoch 013 | step 0140 | total = 2.7223 | box = 0.3978 | obj = 0.6910 | cls = 0.0420 | lr = 0.000352
epoch 013 | step 0160 | total = 2.6831 | box = 0.3914 | obj = 0.6833 | cls = 0.0429 | lr = 0.000352
epoch 013 | step 0180 | total = 2.7741 | box = 0.4047 | obj = 0.7080 | cls = 0.0424 | lr = 0.000352
epoch 013 | step 0200 | total = 2.7248 | box = 0.3989 | obj = 0.6881 | cls = 0.0420 | lr = 0.000352
epoch 013 | step 0220 | total = 2.7548 | box = 0.4040 | obj = 0.6927 | cls = 0.0419 | lr = 0.000352
epoch 013 | step 0240 | total = 2.7161 | box = 0.3978 | obj = 0.6843 | cls = 0.0428 | lr = 0.000352
epoch 013 | step 0260 | total = 2.8235 | box = 0.4155 | obj = 0.7039 | cls = 0.0422 | lr = 0.000352
epoch 013 | step 0280 | total = 2.7647 | box = 0.4042 | obj = 0.7011 | cls = 0.0426 | lr = 0.000352
epoch 013 | step 0300 | total = 2.6280 | box = 0.3811 | obj = 0.6783 | cls = 0.0441 | lr = 0.000352
epoch 013 | step 0320 | total = 2.7061 | box = 0.3936 | obj = 0.6933 | cls = 0.0447 | lr = 0.000352
epoch 013 | step 0340 | total = 2.7773 | box = 0.4087 | obj = 0.6909 | cls = 0.0428 | lr = 0.000352
epoch 013 | step 0360 | total = 2.7389 | box = 0.4018 | obj = 0.6865 | cls = 0.0436 | lr = 0.000352
epoch 013 | step 0380 | total = 2.7053 | box = 0.3957 | obj = 0.6847 | cls = 0.0423 | lr = 0.000352
epoch 013 | step 0400 | total = 2.8519 | box = 0.4223 | obj = 0.6980 | cls = 0.0425 | lr = 0.000352
epoch 013 | step 0420 | total = 2.7296 | box = 0.4016 | obj = 0.6801 | cls = 0.0415 | lr = 0.000352
epoch 013 | step 0440 | total = 2.6706 | box = 0.3882 | obj = 0.6884 | cls = 0.0410 | lr = 0.000352
epoch 013 | step 0460 | total = 2.6745 | box = 0.3909 | obj = 0.6781 | cls = 0.0418 | lr = 0.000352
epoch 013 | step 0480 | total = 2.7115 | box = 0.3976 | obj = 0.6820 | cls = 0.0417 | lr = 0.000352
[epoch 013 train] total = 2.7251 | box = 0.3987 | obj = 0.6891 | cls = 0.0426 | batches = 485 | time = 199.3s
[epoch 013 val] total = 2.6150 | box = 0.3710 | obj = 0.7027 | cls = 0.0571 | batches = 43 | time = 15.1s
epoch 014 | step 0001 | total = 2.6391 | box = 0.3834 | obj = 0.6805 | cls = 0.0417 | lr = 0.000280
epoch 014 | step 0020 | total = 2.5387 | box = 0.3667 | obj = 0.6628 | cls = 0.0426 | lr = 0.000280
epoch 014 | step 0040 | total = 2.8253 | box = 0.4189 | obj = 0.6878 | cls = 0.0431 | lr = 0.000280
epoch 014 | step 0060 | total = 2.6794 | box = 0.3917 | obj = 0.6794 | cls = 0.0413 | lr = 0.000280
epoch 014 | step 0080 | total = 2.5241 | box = 0.3615 | obj = 0.6731 | cls = 0.0435 | lr = 0.000280
epoch 014 | step 0100 | total = 2.7446 | box = 0.4045 | obj = 0.6790 | cls = 0.0428 | lr = 0.000280
epoch 014 | step 0120 | total = 2.5959 | box = 0.3748 | obj = 0.6795 | cls = 0.0425 | lr = 0.000280
epoch 014 | step 0140 | total = 2.6140 | box = 0.3786 | obj = 0.6808 | cls = 0.0402 | lr = 0.000280
epoch 014 | step 0160 | total = 2.5843 | box = 0.3748 | obj = 0.6686 | cls = 0.0417 | lr = 0.000280
epoch 014 | step 0180 | total = 2.5268 | box = 0.3639 | obj = 0.6640 | cls = 0.0435 | lr = 0.000280
epoch 014 | step 0200 | total = 2.6685 | box = 0.3909 | obj = 0.6742 | cls = 0.0400 | lr = 0.000280
epoch 014 | step 0220 | total = 2.6286 | box = 0.3839 | obj = 0.6678 | cls = 0.0415 | lr = 0.000280
epoch 014 | step 0240 | total = 2.6441 | box = 0.3856 | obj = 0.6734 | cls = 0.0429 | lr = 0.000280
epoch 014 | step 0260 | total = 2.6243 | box = 0.3826 | obj = 0.6694 | cls = 0.0418 | lr = 0.000280
epoch 014 | step 0280 | total = 2.6329 | box = 0.3837 | obj = 0.6726 | cls = 0.0420 | lr = 0.000280
epoch 014 | step 0300 | total = 2.6538 | box = 0.3865 | obj = 0.6790 | cls = 0.0422 | lr = 0.000280
epoch 014 | step 0320 | total = 2.6010 | box = 0.3791 | obj = 0.6643 | cls = 0.0414 | lr = 0.000280
epoch 014 | step 0340 | total = 2.6828 | box = 0.3923 | obj = 0.6797 | cls = 0.0417 | lr = 0.000280
epoch 014 | step 0360 | total = 2.5395 | box = 0.3659 | obj = 0.6681 | cls = 0.0420 | lr = 0.000280
epoch 014 | step 0380 | total = 2.7357 | box = 0.4034 | obj = 0.6766 | cls = 0.0420 | lr = 0.000280
epoch 014 | step 0400 | total = 2.7104 | box = 0.3965 | obj = 0.6850 | cls = 0.0429 | lr = 0.000280
epoch 014 | step 0420 | total = 2.6073 | box = 0.3786 | obj = 0.6713 | cls = 0.0430 | lr = 0.000280
epoch 014 | step 0440 | total = 2.6500 | box = 0.3889 | obj = 0.6621 | cls = 0.0433 | lr = 0.000280
epoch 014 | step 0460 | total = 2.7672 | box = 0.4056 | obj = 0.6963 | cls = 0.0430 | lr = 0.000280
epoch 014 | step 0480 | total = 2.5536 | box = 0.3689 | obj = 0.6679 | cls = 0.0410 | lr = 0.000280
[epoch 014 train] total = 2.6470 | box = 0.3859 | obj = 0.6752 | cls = 0.0421 | batches = 485 | time = 198.4s
[epoch 014 val] total = 2.6110 | box = 0.3714 | obj = 0.6977 | cls = 0.0565 | batches = 43 | time = 15.3s
epoch 015 | step 0001 | total = 2.4671 | box = 0.3535 | obj = 0.6573 | cls = 0.0421 | lr = 0.000214
epoch 015 | step 0020 | total = 2.5527 | box = 0.3679 | obj = 0.6704 | cls = 0.0426 | lr = 0.000214
epoch 015 | step 0040 | total = 2.5044 | box = 0.3618 | obj = 0.6543 | cls = 0.0409 | lr = 0.000214
epoch 015 | step 0060 | total = 2.5761 | box = 0.3745 | obj = 0.6606 | cls = 0.0429 | lr = 0.000214
epoch 015 | step 0080 | total = 2.5920 | box = 0.3779 | obj = 0.6606 | cls = 0.0419 | lr = 0.000214
epoch 015 | step 0100 | total = 2.5577 | box = 0.3718 | obj = 0.6586 | cls = 0.0401 | lr = 0.000214
epoch 015 | step 0120 | total = 2.6117 | box = 0.3807 | obj = 0.6678 | cls = 0.0405 | lr = 0.000214
epoch 015 | step 0140 | total = 2.5575 | box = 0.3714 | obj = 0.6596 | cls = 0.0408 | lr = 0.000214
epoch 015 | step 0160 | total = 2.4818 | box = 0.3541 | obj = 0.6686 | cls = 0.0426 | lr = 0.000214
epoch 015 | step 0180 | total = 2.5834 | box = 0.3749 | obj = 0.6666 | cls = 0.0425 | lr = 0.000214
epoch 015 | step 0200 | total = 2.5603 | box = 0.3706 | obj = 0.6663 | cls = 0.0408 | lr = 0.000214
epoch 015 | step 0220 | total = 2.4931 | box = 0.3621 | obj = 0.6407 | cls = 0.0422 | lr = 0.000214
epoch 015 | step 0240 | total = 2.5665 | box = 0.3706 | obj = 0.6723 | cls = 0.0412 | lr = 0.000214
epoch 015 | step 0260 | total = 2.5229 | box = 0.3654 | obj = 0.6560 | cls = 0.0401 | lr = 0.000214
epoch 015 | step 0280 | total = 2.5276 | box = 0.3656 | obj = 0.6572 | cls = 0.0425 | lr = 0.000214
epoch 015 | step 0300 | total = 2.6287 | box = 0.3838 | obj = 0.6689 | cls = 0.0409 | lr = 0.000214
epoch 015 | step 0320 | total = 2.5614 | box = 0.3731 | obj = 0.6560 | cls = 0.0400 | lr = 0.000214
epoch 015 | step 0340 | total = 2.5319 | box = 0.3659 | obj = 0.6598 | cls = 0.0424 | lr = 0.000214
epoch 015 | step 0360 | total = 2.6333 | box = 0.3856 | obj = 0.6619 | cls = 0.0435 | lr = 0.000214
epoch 015 | step 0380 | total = 2.5787 | box = 0.3754 | obj = 0.6601 | cls = 0.0419 | lr = 0.000214
epoch 015 | step 0400 | total = 2.5705 | box = 0.3724 | obj = 0.6650 | cls = 0.0434 | lr = 0.000214
epoch 015 | step 0420 | total = 2.6677 | box = 0.3930 | obj = 0.6612 | cls = 0.0413 | lr = 0.000214
epoch 015 | step 0440 | total = 2.5763 | box = 0.3747 | obj = 0.6616 | cls = 0.0410 | lr = 0.000214
epoch 015 | step 0460 | total = 2.6165 | box = 0.3819 | obj = 0.6676 | cls = 0.0396 | lr = 0.000214
epoch 015 | step 0480 | total = 2.5171 | box = 0.3632 | obj = 0.6609 | cls = 0.0400 | lr = 0.000214
[epoch 015 train] total = 2.5681 | box = 0.3732 | obj = 0.6604 | cls = 0.0417 | batches = 485 | time = 199.0s
[epoch 015 val] total = 2.5924 | box = 0.3662 | obj = 0.7043 | cls = 0.0571 | batches = 43 | time = 15.0s
epoch 016 | step 0001 | total = 2.3999 | box = 0.3453 | obj = 0.6316 | cls = 0.0417 | lr = 0.000155
epoch 016 | step 0020 | total = 2.3502 | box = 0.3353 | obj = 0.6336 | cls = 0.0400 | lr = 0.000155
epoch 016 | step 0040 | total = 2.4936 | box = 0.3604 | obj = 0.6513 | cls = 0.0403 | lr = 0.000155
epoch 016 | step 0060 | total = 2.5556 | box = 0.3733 | obj = 0.6478 | cls = 0.0415 | lr = 0.000155
epoch 016 | step 0080 | total = 2.4324 | box = 0.3494 | obj = 0.6433 | cls = 0.0420 | lr = 0.000155
epoch 016 | step 0100 | total = 2.4529 | box = 0.3545 | obj = 0.6404 | cls = 0.0400 | lr = 0.000155
epoch 016 | step 0120 | total = 2.5587 | box = 0.3714 | obj = 0.6589 | cls = 0.0428 | lr = 0.000155
epoch 016 | step 0140 | total = 2.4426 | box = 0.3516 | obj = 0.6424 | cls = 0.0423 | lr = 0.000155
epoch 016 | step 0160 | total = 2.4319 | box = 0.3511 | obj = 0.6324 | cls = 0.0441 | lr = 0.000155
epoch 016 | step 0180 | total = 2.6373 | box = 0.3851 | obj = 0.6701 | cls = 0.0415 | lr = 0.000155
epoch 016 | step 0200 | total = 2.5219 | box = 0.3664 | obj = 0.6473 | cls = 0.0428 | lr = 0.000155
epoch 016 | step 0220 | total = 2.4129 | box = 0.3441 | obj = 0.6502 | cls = 0.0422 | lr = 0.000155
epoch 016 | step 0240 | total = 2.4764 | box = 0.3579 | obj = 0.6463 | cls = 0.0404 | lr = 0.000155
epoch 016 | step 0260 | total = 2.5280 | box = 0.3662 | obj = 0.6556 | cls = 0.0414 | lr = 0.000155
epoch 016 | step 0280 | total = 2.5449 | box = 0.3699 | obj = 0.6535 | cls = 0.0419 | lr = 0.000155
epoch 016 | step 0300 | total = 2.3921 | box = 0.3444 | obj = 0.6286 | cls = 0.0413 | lr = 0.000155
epoch 016 | step 0320 | total = 2.6450 | box = 0.3885 | obj = 0.6595 | cls = 0.0428 | lr = 0.000155
epoch 016 | step 0340 | total = 2.6151 | box = 0.3833 | obj = 0.6575 | cls = 0.0412 | lr = 0.000155
epoch 016 | step 0360 | total = 2.5060 | box = 0.3622 | obj = 0.6525 | cls = 0.0423 | lr = 0.000155
epoch 016 | step 0380 | total = 2.4868 | box = 0.3596 | obj = 0.6464 | cls = 0.0424 | lr = 0.000155
epoch 016 | step 0400 | total = 2.5320 | box = 0.3692 | obj = 0.6437 | cls = 0.0424 | lr = 0.000155
epoch 016 | step 0420 | total = 2.3244 | box = 0.3311 | obj = 0.6276 | cls = 0.0411 | lr = 0.000155
epoch 016 | step 0440 | total = 2.5925 | box = 0.3789 | obj = 0.6573 | cls = 0.0406 | lr = 0.000155
epoch 016 | step 0460 | total = 2.6168 | box = 0.3846 | obj = 0.6534 | cls = 0.0403 | lr = 0.000155
epoch 016 | step 0480 | total = 2.5326 | box = 0.3680 | obj = 0.6509 | cls = 0.0417 | lr = 0.000155
[epoch 016 train] total = 2.4919 | box = 0.3610 | obj = 0.6458 | cls = 0.0414 | batches = 485 | time = 201.1s
[epoch 016 val] total = 2.5851 | box = 0.3640 | obj = 0.7079 | cls = 0.0570 | batches = 43 | time = 15.3s
epoch 017 | step 0001 | total = 2.4815 | box = 0.3602 | obj = 0.6372 | cls = 0.0431 | lr = 0.000105
epoch 017 | step 0020 | total = 2.5537 | box = 0.3735 | obj = 0.6448 | cls = 0.0412 | lr = 0.000105
epoch 017 | step 0040 | total = 2.5142 | box = 0.3679 | obj = 0.6353 | cls = 0.0396 | lr = 0.000105
epoch 017 | step 0060 | total = 2.3934 | box = 0.3456 | obj = 0.6254 | cls = 0.0401 | lr = 0.000105
epoch 017 | step 0080 | total = 2.4545 | box = 0.3549 | obj = 0.6410 | cls = 0.0391 | lr = 0.000105
epoch 017 | step 0100 | total = 2.2732 | box = 0.3190 | obj = 0.6357 | cls = 0.0423 | lr = 0.000105
epoch 017 | step 0120 | total = 2.4497 | box = 0.3552 | obj = 0.6319 | cls = 0.0416 | lr = 0.000105
epoch 017 | step 0140 | total = 2.1982 | box = 0.3075 | obj = 0.6173 | cls = 0.0433 | lr = 0.000105
epoch 017 | step 0160 | total = 2.4149 | box = 0.3486 | obj = 0.6300 | cls = 0.0420 | lr = 0.000105
epoch 017 | step 0180 | total = 2.3990 | box = 0.3460 | obj = 0.6269 | cls = 0.0420 | lr = 0.000105
epoch 017 | step 0200 | total = 2.4814 | box = 0.3602 | obj = 0.6375 | cls = 0.0428 | lr = 0.000105
epoch 017 | step 0220 | total = 2.3576 | box = 0.3392 | obj = 0.6209 | cls = 0.0408 | lr = 0.000105
epoch 017 | step 0240 | total = 2.4913 | box = 0.3628 | obj = 0.6369 | cls = 0.0404 | lr = 0.000105
epoch 017 | step 0260 | total = 2.3326 | box = 0.3335 | obj = 0.6252 | cls = 0.0399 | lr = 0.000105
epoch 017 | step 0280 | total = 2.3959 | box = 0.3428 | obj = 0.6398 | cls = 0.0422 | lr = 0.000105
epoch 017 | step 0300 | total = 2.5012 | box = 0.3648 | obj = 0.6368 | cls = 0.0404 | lr = 0.000105
epoch 017 | step 0320 | total = 2.5716 | box = 0.3781 | obj = 0.6410 | cls = 0.0401 | lr = 0.000105
epoch 017 | step 0340 | total = 2.4057 | box = 0.3450 | obj = 0.6406 | cls = 0.0400 | lr = 0.000105
epoch 017 | step 0360 | total = 2.4743 | box = 0.3602 | obj = 0.6347 | cls = 0.0387 | lr = 0.000105
epoch 017 | step 0380 | total = 2.3826 | box = 0.3430 | obj = 0.6257 | cls = 0.0419 | lr = 0.000105
epoch 017 | step 0400 | total = 2.4038 | box = 0.3489 | obj = 0.6197 | cls = 0.0396 | lr = 0.000105
epoch 017 | step 0420 | total = 2.4493 | box = 0.3532 | obj = 0.6414 | cls = 0.0417 | lr = 0.000105
epoch 017 | step 0440 | total = 2.4100 | box = 0.3461 | obj = 0.6396 | cls = 0.0399 | lr = 0.000105
epoch 017 | step 0460 | total = 2.3637 | box = 0.3406 | obj = 0.6191 | cls = 0.0419 | lr = 0.000105
epoch 017 | step 0480 | total = 2.3916 | box = 0.3428 | obj = 0.6356 | cls = 0.0417 | lr = 0.000105
[epoch 017 train] total = 2.4237 | box = 0.3501 | obj = 0.6322 | cls = 0.0412 | batches = 485 | time = 199.2s
[epoch 017 val] total = 2.6008 | box = 0.3655 | obj = 0.7166 | cls = 0.0565 | batches = 43 | time = 15.6s
epoch 018 | step 0001 | total = 2.3684 | box = 0.3414 | obj = 0.6194 | cls = 0.0422 | lr = 0.000064
epoch 018 | step 0020 | total = 2.4609 | box = 0.3567 | obj = 0.6366 | cls = 0.0406 | lr = 0.000064
epoch 018 | step 0040 | total = 2.1911 | box = 0.3107 | obj = 0.5955 | cls = 0.0421 | lr = 0.000064
epoch 018 | step 0060 | total = 2.4080 | box = 0.3489 | obj = 0.6222 | cls = 0.0411 | lr = 0.000064
epoch 018 | step 0080 | total = 2.3510 | box = 0.3369 | obj = 0.6241 | cls = 0.0424 | lr = 0.000064
epoch 018 | step 0100 | total = 2.3701 | box = 0.3416 | obj = 0.6227 | cls = 0.0394 | lr = 0.000064
epoch 018 | step 0120 | total = 2.3078 | box = 0.3308 | obj = 0.6129 | cls = 0.0410 | lr = 0.000064
epoch 018 | step 0140 | total = 2.3415 | box = 0.3363 | obj = 0.6183 | cls = 0.0419 | lr = 0.000064
epoch 018 | step 0160 | total = 2.3508 | box = 0.3367 | obj = 0.6262 | cls = 0.0408 | lr = 0.000064
epoch 018 | step 0180 | total = 2.4122 | box = 0.3480 | obj = 0.6315 | cls = 0.0408 | lr = 0.000064
epoch 018 | step 0200 | total = 2.4158 | box = 0.3498 | obj = 0.6265 | cls = 0.0405 | lr = 0.000064
epoch 018 | step 0220 | total = 2.3028 | box = 0.3279 | obj = 0.6206 | cls = 0.0429 | lr = 0.000064
epoch 018 | step 0240 | total = 2.3385 | box = 0.3356 | obj = 0.6188 | cls = 0.0419 | lr = 0.000064
epoch 018 | step 0260 | total = 2.3815 | box = 0.3443 | obj = 0.6196 | cls = 0.0403 | lr = 0.000064
epoch 018 | step 0280 | total = 2.4079 | box = 0.3480 | obj = 0.6258 | cls = 0.0422 | lr = 0.000064
epoch 018 | step 0300 | total = 2.4822 | box = 0.3622 | obj = 0.6293 | cls = 0.0417 | lr = 0.000064
epoch 018 | step 0320 | total = 2.4337 | box = 0.3534 | obj = 0.6273 | cls = 0.0394 | lr = 0.000064
epoch 018 | step 0340 | total = 2.5622 | box = 0.3760 | obj = 0.6419 | cls = 0.0404 | lr = 0.000064
epoch 018 | step 0360 | total = 2.3749 | box = 0.3437 | obj = 0.6149 | cls = 0.0414 | lr = 0.000064
epoch 018 | step 0380 | total = 2.3577 | box = 0.3390 | obj = 0.6219 | cls = 0.0407 | lr = 0.000064
epoch 018 | step 0400 | total = 2.4416 | box = 0.3561 | obj = 0.6235 | cls = 0.0376 | lr = 0.000064
epoch 018 | step 0420 | total = 2.4494 | box = 0.3545 | obj = 0.6366 | cls = 0.0406 | lr = 0.000064
epoch 018 | step 0440 | total = 2.4260 | box = 0.3535 | obj = 0.6185 | cls = 0.0398 | lr = 0.000064
epoch 018 | step 0460 | total = 2.4044 | box = 0.3471 | obj = 0.6284 | cls = 0.0404 | lr = 0.000064
epoch 018 | step 0480 | total = 2.4140 | box = 0.3474 | obj = 0.6342 | cls = 0.0426 | lr = 0.000064
[epoch 018 train] total = 2.3675 | box = 0.3411 | obj = 0.6211 | cls = 0.0411 | batches = 485 | time = 207.4s
[epoch 018 val] total = 2.6124 | box = 0.3665 | obj = 0.7233 | cls = 0.0566 | batches = 43 | time = 15.1s
epoch 019 | step 0001 | total = 2.3015 | box = 0.3303 | obj = 0.6088 | cls = 0.0411 | lr = 0.000034
epoch 019 | step 0020 | total = 2.3359 | box = 0.3355 | obj = 0.6158 | cls = 0.0426 | lr = 0.000034
epoch 019 | step 0040 | total = 2.1881 | box = 0.3069 | obj = 0.6110 | cls = 0.0425 | lr = 0.000034
epoch 019 | step 0060 | total = 2.3574 | box = 0.3387 | obj = 0.6235 | cls = 0.0405 | lr = 0.000034
epoch 019 | step 0080 | total = 2.4697 | box = 0.3606 | obj = 0.6256 | cls = 0.0411 | lr = 0.000034
epoch 019 | step 0100 | total = 2.3306 | box = 0.3360 | obj = 0.6108 | cls = 0.0400 | lr = 0.000034
epoch 019 | step 0120 | total = 2.2218 | box = 0.3127 | obj = 0.6164 | cls = 0.0420 | lr = 0.000034
epoch 019 | step 0140 | total = 2.2300 | box = 0.3168 | obj = 0.6065 | cls = 0.0397 | lr = 0.000034
epoch 019 | step 0160 | total = 2.2626 | box = 0.3227 | obj = 0.6087 | cls = 0.0404 | lr = 0.000034
epoch 019 | step 0180 | total = 2.2634 | box = 0.3230 | obj = 0.6076 | cls = 0.0409 | lr = 0.000034
epoch 019 | step 0200 | total = 2.3540 | box = 0.3383 | obj = 0.6225 | cls = 0.0402 | lr = 0.000034
epoch 019 | step 0220 | total = 2.2116 | box = 0.3146 | obj = 0.5989 | cls = 0.0398 | lr = 0.000034
epoch 019 | step 0240 | total = 2.2028 | box = 0.3113 | obj = 0.6047 | cls = 0.0417 | lr = 0.000034
epoch 019 | step 0260 | total = 2.2295 | box = 0.3163 | obj = 0.6072 | cls = 0.0408 | lr = 0.000034
epoch 019 | step 0280 | total = 2.5408 | box = 0.3725 | obj = 0.6372 | cls = 0.0410 | lr = 0.000034
epoch 019 | step 0300 | total = 2.2093 | box = 0.3156 | obj = 0.5913 | cls = 0.0398 | lr = 0.000034
epoch 019 | step 0320 | total = 2.3469 | box = 0.3380 | obj = 0.6158 | cls = 0.0411 | lr = 0.000034
epoch 019 | step 0340 | total = 2.3388 | box = 0.3353 | obj = 0.6213 | cls = 0.0409 | lr = 0.000034
epoch 019 | step 0360 | total = 2.3713 | box = 0.3428 | obj = 0.6151 | cls = 0.0421 | lr = 0.000034
epoch 019 | step 0380 | total = 2.1949 | box = 0.3095 | obj = 0.6058 | cls = 0.0418 | lr = 0.000034
epoch 019 | step 0400 | total = 2.3941 | box = 0.3469 | obj = 0.6177 | cls = 0.0418 | lr = 0.000034
epoch 019 | step 0420 | total = 2.4544 | box = 0.3569 | obj = 0.6279 | cls = 0.0422 | lr = 0.000034
epoch 019 | step 0440 | total = 2.3210 | box = 0.3328 | obj = 0.6170 | cls = 0.0399 | lr = 0.000034
epoch 019 | step 0460 | total = 2.3354 | box = 0.3359 | obj = 0.6140 | cls = 0.0419 | lr = 0.000034
epoch 019 | step 0480 | total = 2.2005 | box = 0.3121 | obj = 0.5986 | cls = 0.0414 | lr = 0.000034
[epoch 019 train] total = 2.3268 | box = 0.3345 | obj = 0.6132 | cls = 0.0410 | batches = 485 | time = 200.9s
[epoch 019 val] total = 2.6205 | box = 0.3666 | obj = 0.7304 | cls = 0.0569 | batches = 43 | time = 15.2s
epoch 020 | step 0001 | total = 2.3313 | box = 0.3376 | obj = 0.6039 | cls = 0.0392 | lr = 0.000016
epoch 020 | step 0020 | total = 2.1352 | box = 0.3013 | obj = 0.5859 | cls = 0.0428 | lr = 0.000016
epoch 020 | step 0040 | total = 2.3471 | box = 0.3369 | obj = 0.6217 | cls = 0.0412 | lr = 0.000016
epoch 020 | step 0060 | total = 2.2958 | box = 0.3291 | obj = 0.6114 | cls = 0.0390 | lr = 0.000016
epoch 020 | step 0080 | total = 2.1621 | box = 0.3067 | obj = 0.5874 | cls = 0.0410 | lr = 0.000016
epoch 020 | step 0100 | total = 2.2961 | box = 0.3320 | obj = 0.5944 | cls = 0.0416 | lr = 0.000016
epoch 020 | step 0120 | total = 2.0053 | box = 0.2772 | obj = 0.5789 | cls = 0.0405 | lr = 0.000016
epoch 020 | step 0140 | total = 2.1865 | box = 0.3107 | obj = 0.5935 | cls = 0.0393 | lr = 0.000016
epoch 020 | step 0160 | total = 2.2369 | box = 0.3203 | obj = 0.5949 | cls = 0.0406 | lr = 0.000016
epoch 020 | step 0180 | total = 2.3387 | box = 0.3366 | obj = 0.6136 | cls = 0.0419 | lr = 0.000016
epoch 020 | step 0200 | total = 2.3825 | box = 0.3446 | obj = 0.6188 | cls = 0.0407 | lr = 0.000016
epoch 020 | step 0220 | total = 2.2127 | box = 0.3146 | obj = 0.5972 | cls = 0.0425 | lr = 0.000016
epoch 020 | step 0240 | total = 2.4077 | box = 0.3469 | obj = 0.6322 | cls = 0.0409 | lr = 0.000016
epoch 020 | step 0260 | total = 2.3563 | box = 0.3404 | obj = 0.6133 | cls = 0.0410 | lr = 0.000016
epoch 020 | step 0280 | total = 2.2046 | box = 0.3160 | obj = 0.5840 | cls = 0.0408 | lr = 0.000016
epoch 020 | step 0300 | total = 2.2485 | box = 0.3206 | obj = 0.6052 | cls = 0.0403 | lr = 0.000016
epoch 020 | step 0320 | total = 2.4101 | box = 0.3509 | obj = 0.6156 | cls = 0.0397 | lr = 0.000016
epoch 020 | step 0340 | total = 2.1522 | box = 0.3006 | obj = 0.6061 | cls = 0.0429 | lr = 0.000016
epoch 020 | step 0360 | total = 2.3682 | box = 0.3422 | obj = 0.6161 | cls = 0.0413 | lr = 0.000016
epoch 020 | step 0380 | total = 2.2892 | box = 0.3273 | obj = 0.6130 | cls = 0.0397 | lr = 0.000016
epoch 020 | step 0400 | total = 2.3416 | box = 0.3388 | obj = 0.6059 | cls = 0.0418 | lr = 0.000016
epoch 020 | step 0420 | total = 2.2036 | box = 0.3144 | obj = 0.5900 | cls = 0.0415 | lr = 0.000016
epoch 020 | step 0440 | total = 2.3393 | box = 0.3364 | obj = 0.6176 | cls = 0.0395 | lr = 0.000016
epoch 020 | step 0460 | total = 2.3381 | box = 0.3374 | obj = 0.6100 | cls = 0.0413 | lr = 0.000016
epoch 020 | step 0480 | total = 2.2501 | box = 0.3218 | obj = 0.6003 | cls = 0.0407 | lr = 0.000016
[epoch 020 train] total = 2.3010 | box = 0.3304 | obj = 0.6083 | cls = 0.0409 | batches = 485 | time = 201.3s
[epoch 020 val] total = 2.6309 | box = 0.3670 | obj = 0.7391 | cls = 0.0567 | batches = 43 | time = 15.3s
training status: completed
result summary: logs/records/deep_residual_three_box_v5box_softobj_shapematch_20260419_184314/result.txt
