starting yolov0 training
run id: deep_residual_three_box_qualitycls_20260420_001813
device: cuda
train dataset length: 124004
val dataset length: 10823
model output shape: (1, 10, 10, 255)
parameter total: 26560607
parameter trainable: 26560607
gpu count: 8
tensorboard dir: runs/deep_residual_three_box_qualitycls_20260420_001813
output dir: outputs/deep_residual_three_box_qualitycls_20260420_001813
epoch 001 | step 0001 | total = 6.3871 | box = 0.9190 | obj = 1.0674 | cls = 0.7245 | lr = 0.001000
epoch 001 | step 0020 | total = 4.9042 | box = 0.7228 | obj = 0.8731 | cls = 0.4171 | lr = 0.001000
epoch 001 | step 0040 | total = 4.3980 | box = 0.6946 | obj = 0.8020 | cls = 0.1232 | lr = 0.001000
epoch 001 | step 0060 | total = 4.3661 | box = 0.7079 | obj = 0.7649 | cls = 0.0619 | lr = 0.001000
epoch 001 | step 0080 | total = 4.2953 | box = 0.6986 | obj = 0.7616 | cls = 0.0405 | lr = 0.001000
epoch 001 | step 0100 | total = 4.2207 | box = 0.6851 | obj = 0.7607 | cls = 0.0343 | lr = 0.001000
epoch 001 | step 0120 | total = 4.2505 | box = 0.6931 | obj = 0.7530 | cls = 0.0318 | lr = 0.001000
epoch 001 | step 0140 | total = 4.1301 | box = 0.6699 | obj = 0.7489 | cls = 0.0316 | lr = 0.001000
epoch 001 | step 0160 | total = 4.1763 | box = 0.6796 | obj = 0.7495 | cls = 0.0291 | lr = 0.001000
epoch 001 | step 0180 | total = 4.0726 | box = 0.6588 | obj = 0.7502 | cls = 0.0283 | lr = 0.001000
epoch 001 | step 0200 | total = 4.0711 | box = 0.6564 | obj = 0.7616 | cls = 0.0274 | lr = 0.001000
epoch 001 | step 0220 | total = 4.0507 | box = 0.6506 | obj = 0.7703 | cls = 0.0274 | lr = 0.001000
epoch 001 | step 0240 | total = 4.0803 | box = 0.6610 | obj = 0.7488 | cls = 0.0262 | lr = 0.001000
epoch 001 | step 0260 | total = 4.0082 | box = 0.6449 | obj = 0.7578 | cls = 0.0258 | lr = 0.001000
epoch 001 | step 0280 | total = 4.0427 | box = 0.6523 | obj = 0.7544 | cls = 0.0270 | lr = 0.001000
epoch 001 | step 0300 | total = 4.0274 | box = 0.6517 | obj = 0.7425 | cls = 0.0263 | lr = 0.001000
epoch 001 | step 0320 | total = 3.9851 | box = 0.6441 | obj = 0.7393 | cls = 0.0255 | lr = 0.001000
epoch 001 | step 0340 | total = 4.0297 | box = 0.6512 | obj = 0.7484 | cls = 0.0251 | lr = 0.001000
epoch 001 | step 0360 | total = 4.0183 | box = 0.6513 | obj = 0.7359 | cls = 0.0256 | lr = 0.001000
epoch 001 | step 0380 | total = 3.8781 | box = 0.6192 | obj = 0.7548 | cls = 0.0272 | lr = 0.001000
epoch 001 | step 0400 | total = 3.8670 | box = 0.6152 | obj = 0.7636 | cls = 0.0272 | lr = 0.001000
epoch 001 | step 0420 | total = 3.9649 | box = 0.6435 | obj = 0.7215 | cls = 0.0259 | lr = 0.001000
epoch 001 | step 0440 | total = 3.9788 | box = 0.6429 | obj = 0.7388 | cls = 0.0255 | lr = 0.001000
epoch 001 | step 0460 | total = 3.9218 | box = 0.6281 | obj = 0.7550 | cls = 0.0263 | lr = 0.001000
epoch 001 | step 0480 | total = 3.9424 | box = 0.6376 | obj = 0.7288 | cls = 0.0254 | lr = 0.001000
[epoch 001 train] total = 4.1469 | box = 0.6646 | obj = 0.7633 | cls = 0.0608 | batches = 485 | time = 215.4s
[epoch 001 val] total = 3.5033 | box = 0.5356 | obj = 0.7905 | cls = 0.0346 | batches = 43 | time = 20.1s
epoch 002 | step 0001 | total = 3.7720 | box = 0.5947 | obj = 0.7706 | cls = 0.0279 | lr = 0.000994
epoch 002 | step 0020 | total = 3.8817 | box = 0.6222 | obj = 0.7439 | cls = 0.0266 | lr = 0.000994
epoch 002 | step 0040 | total = 3.8474 | box = 0.6171 | obj = 0.7357 | cls = 0.0262 | lr = 0.000994
epoch 002 | step 0060 | total = 3.9634 | box = 0.6422 | obj = 0.7273 | cls = 0.0250 | lr = 0.000994
epoch 002 | step 0080 | total = 3.9132 | box = 0.6305 | obj = 0.7353 | cls = 0.0252 | lr = 0.000994
epoch 002 | step 0100 | total = 3.7999 | box = 0.6065 | obj = 0.7401 | cls = 0.0275 | lr = 0.000994
epoch 002 | step 0120 | total = 3.7359 | box = 0.5922 | obj = 0.7478 | cls = 0.0273 | lr = 0.000994
epoch 002 | step 0140 | total = 3.7517 | box = 0.5962 | obj = 0.7433 | cls = 0.0274 | lr = 0.000994
epoch 002 | step 0160 | total = 3.8308 | box = 0.6131 | obj = 0.7388 | cls = 0.0266 | lr = 0.000994
epoch 002 | step 0180 | total = 3.7947 | box = 0.6082 | obj = 0.7269 | cls = 0.0268 | lr = 0.000994
epoch 002 | step 0200 | total = 3.7866 | box = 0.6039 | obj = 0.7405 | cls = 0.0268 | lr = 0.000994
epoch 002 | step 0220 | total = 3.6482 | box = 0.5733 | obj = 0.7539 | cls = 0.0278 | lr = 0.000994
epoch 002 | step 0240 | total = 3.7542 | box = 0.5996 | obj = 0.7297 | cls = 0.0266 | lr = 0.000994
epoch 002 | step 0260 | total = 3.7878 | box = 0.6079 | obj = 0.7227 | cls = 0.0255 | lr = 0.000994
epoch 002 | step 0280 | total = 3.7765 | box = 0.6050 | obj = 0.7246 | cls = 0.0267 | lr = 0.000994
epoch 002 | step 0300 | total = 3.6200 | box = 0.5694 | obj = 0.7437 | cls = 0.0292 | lr = 0.000994
epoch 002 | step 0320 | total = 3.6541 | box = 0.5776 | obj = 0.7381 | cls = 0.0281 | lr = 0.000994
epoch 002 | step 0340 | total = 3.7427 | box = 0.5987 | obj = 0.7229 | cls = 0.0263 | lr = 0.000994
epoch 002 | step 0360 | total = 3.6394 | box = 0.5768 | obj = 0.7274 | cls = 0.0278 | lr = 0.000994
epoch 002 | step 0380 | total = 3.5871 | box = 0.5628 | obj = 0.7445 | cls = 0.0283 | lr = 0.000994
epoch 002 | step 0400 | total = 3.6078 | box = 0.5710 | obj = 0.7244 | cls = 0.0285 | lr = 0.000994
epoch 002 | step 0420 | total = 3.6911 | box = 0.5869 | obj = 0.7289 | cls = 0.0275 | lr = 0.000994
epoch 002 | step 0440 | total = 3.6427 | box = 0.5800 | obj = 0.7148 | cls = 0.0280 | lr = 0.000994
epoch 002 | step 0460 | total = 3.6531 | box = 0.5817 | obj = 0.7173 | cls = 0.0274 | lr = 0.000994
epoch 002 | step 0480 | total = 3.6454 | box = 0.5792 | obj = 0.7219 | cls = 0.0276 | lr = 0.000994
[epoch 002 train] total = 3.7524 | box = 0.5992 | obj = 0.7294 | cls = 0.0269 | batches = 485 | time = 191.1s
[epoch 002 val] total = 3.2064 | box = 0.4852 | obj = 0.7434 | cls = 0.0370 | batches = 43 | time = 14.3s
epoch 003 | step 0001 | total = 3.6994 | box = 0.5931 | obj = 0.7061 | cls = 0.0276 | lr = 0.000976
epoch 003 | step 0020 | total = 3.6330 | box = 0.5774 | obj = 0.7187 | cls = 0.0274 | lr = 0.000976
epoch 003 | step 0040 | total = 3.6236 | box = 0.5758 | obj = 0.7173 | cls = 0.0275 | lr = 0.000976
epoch 003 | step 0060 | total = 3.4748 | box = 0.5417 | obj = 0.7371 | cls = 0.0290 | lr = 0.000976
epoch 003 | step 0080 | total = 3.6674 | box = 0.5885 | obj = 0.6988 | cls = 0.0262 | lr = 0.000976
epoch 003 | step 0100 | total = 3.6657 | box = 0.5879 | obj = 0.6994 | cls = 0.0270 | lr = 0.000976
epoch 003 | step 0120 | total = 3.6725 | box = 0.5837 | obj = 0.7269 | cls = 0.0272 | lr = 0.000976
epoch 003 | step 0140 | total = 3.6903 | box = 0.5904 | obj = 0.7121 | cls = 0.0264 | lr = 0.000976
epoch 003 | step 0160 | total = 3.6622 | box = 0.5833 | obj = 0.7191 | cls = 0.0266 | lr = 0.000976
epoch 003 | step 0180 | total = 3.5546 | box = 0.5615 | obj = 0.7187 | cls = 0.0282 | lr = 0.000976
epoch 003 | step 0200 | total = 3.6051 | box = 0.5722 | obj = 0.7171 | cls = 0.0271 | lr = 0.000976
epoch 003 | step 0220 | total = 3.5849 | box = 0.5705 | obj = 0.7056 | cls = 0.0270 | lr = 0.000976
epoch 003 | step 0240 | total = 3.5200 | box = 0.5515 | obj = 0.7336 | cls = 0.0289 | lr = 0.000976
epoch 003 | step 0260 | total = 3.4786 | box = 0.5463 | obj = 0.7188 | cls = 0.0283 | lr = 0.000976
epoch 003 | step 0280 | total = 3.5887 | box = 0.5686 | obj = 0.7184 | cls = 0.0274 | lr = 0.000976
epoch 003 | step 0300 | total = 3.5554 | box = 0.5643 | obj = 0.7059 | cls = 0.0281 | lr = 0.000976
epoch 003 | step 0320 | total = 3.5842 | box = 0.5706 | obj = 0.7035 | cls = 0.0275 | lr = 0.000976
epoch 003 | step 0340 | total = 3.3796 | box = 0.5250 | obj = 0.7247 | cls = 0.0300 | lr = 0.000976
epoch 003 | step 0360 | total = 3.5955 | box = 0.5731 | obj = 0.7027 | cls = 0.0273 | lr = 0.000976
epoch 003 | step 0380 | total = 3.4074 | box = 0.5308 | obj = 0.7245 | cls = 0.0291 | lr = 0.000976
epoch 003 | step 0400 | total = 3.5779 | box = 0.5704 | obj = 0.6986 | cls = 0.0274 | lr = 0.000976
epoch 003 | step 0420 | total = 3.5282 | box = 0.5623 | obj = 0.6886 | cls = 0.0280 | lr = 0.000976
epoch 003 | step 0440 | total = 3.4720 | box = 0.5458 | obj = 0.7142 | cls = 0.0286 | lr = 0.000976
epoch 003 | step 0460 | total = 3.4456 | box = 0.5429 | obj = 0.7018 | cls = 0.0294 | lr = 0.000976
epoch 003 | step 0480 | total = 3.4360 | box = 0.5376 | obj = 0.7188 | cls = 0.0291 | lr = 0.000976
[epoch 003 train] total = 3.5524 | box = 0.5622 | obj = 0.7134 | cls = 0.0280 | batches = 485 | time = 193.3s
[epoch 003 val] total = 3.0563 | box = 0.4586 | obj = 0.7253 | cls = 0.0381 | batches = 43 | time = 15.5s
epoch 004 | step 0001 | total = 3.4183 | box = 0.5365 | obj = 0.7077 | cls = 0.0283 | lr = 0.000946
epoch 004 | step 0020 | total = 3.5245 | box = 0.5603 | obj = 0.6950 | cls = 0.0280 | lr = 0.000946
epoch 004 | step 0040 | total = 3.4008 | box = 0.5293 | obj = 0.7247 | cls = 0.0295 | lr = 0.000946
epoch 004 | step 0060 | total = 3.3044 | box = 0.5153 | obj = 0.6983 | cls = 0.0297 | lr = 0.000946
epoch 004 | step 0080 | total = 3.3706 | box = 0.5261 | obj = 0.7100 | cls = 0.0301 | lr = 0.000946
epoch 004 | step 0100 | total = 3.4350 | box = 0.5387 | obj = 0.7123 | cls = 0.0293 | lr = 0.000946
epoch 004 | step 0120 | total = 3.4407 | box = 0.5444 | obj = 0.6901 | cls = 0.0284 | lr = 0.000946
epoch 004 | step 0140 | total = 3.5613 | box = 0.5675 | obj = 0.6960 | cls = 0.0278 | lr = 0.000946
epoch 004 | step 0160 | total = 3.3563 | box = 0.5233 | obj = 0.7101 | cls = 0.0298 | lr = 0.000946
epoch 004 | step 0180 | total = 3.4272 | box = 0.5411 | obj = 0.6925 | cls = 0.0292 | lr = 0.000946
epoch 004 | step 0200 | total = 3.4310 | box = 0.5429 | obj = 0.6893 | cls = 0.0272 | lr = 0.000946
epoch 004 | step 0220 | total = 3.6288 | box = 0.5808 | obj = 0.6976 | cls = 0.0270 | lr = 0.000946
epoch 004 | step 0240 | total = 3.5597 | box = 0.5657 | obj = 0.7046 | cls = 0.0264 | lr = 0.000946
epoch 004 | step 0260 | total = 3.4769 | box = 0.5496 | obj = 0.7010 | cls = 0.0277 | lr = 0.000946
epoch 004 | step 0280 | total = 3.4091 | box = 0.5337 | obj = 0.7126 | cls = 0.0282 | lr = 0.000946
epoch 004 | step 0300 | total = 3.3820 | box = 0.5283 | obj = 0.7122 | cls = 0.0286 | lr = 0.000946
epoch 004 | step 0320 | total = 3.3977 | box = 0.5313 | obj = 0.7118 | cls = 0.0292 | lr = 0.000946
epoch 004 | step 0340 | total = 3.3827 | box = 0.5248 | obj = 0.7296 | cls = 0.0293 | lr = 0.000946
epoch 004 | step 0360 | total = 3.4716 | box = 0.5451 | obj = 0.7177 | cls = 0.0283 | lr = 0.000946
epoch 004 | step 0380 | total = 3.5517 | box = 0.5669 | obj = 0.6903 | cls = 0.0269 | lr = 0.000946
epoch 004 | step 0400 | total = 3.4366 | box = 0.5439 | obj = 0.6885 | cls = 0.0286 | lr = 0.000946
epoch 004 | step 0420 | total = 3.4926 | box = 0.5527 | obj = 0.7019 | cls = 0.0273 | lr = 0.000946
epoch 004 | step 0440 | total = 3.4805 | box = 0.5537 | obj = 0.6847 | cls = 0.0275 | lr = 0.000946
epoch 004 | step 0460 | total = 3.3918 | box = 0.5325 | obj = 0.7012 | cls = 0.0284 | lr = 0.000946
epoch 004 | step 0480 | total = 3.3476 | box = 0.5230 | obj = 0.7035 | cls = 0.0289 | lr = 0.000946
[epoch 004 train] total = 3.4275 | box = 0.5393 | obj = 0.7024 | cls = 0.0284 | batches = 485 | time = 195.4s
[epoch 004 val] total = 3.0141 | box = 0.4506 | obj = 0.7227 | cls = 0.0384 | batches = 43 | time = 15.0s
epoch 005 | step 0001 | total = 3.3540 | box = 0.5226 | obj = 0.7116 | cls = 0.0296 | lr = 0.000905
epoch 005 | step 0020 | total = 3.3136 | box = 0.5156 | obj = 0.7069 | cls = 0.0287 | lr = 0.000905
epoch 005 | step 0040 | total = 3.4117 | box = 0.5354 | obj = 0.7066 | cls = 0.0282 | lr = 0.000905
epoch 005 | step 0060 | total = 3.3524 | box = 0.5259 | obj = 0.6945 | cls = 0.0285 | lr = 0.000905
epoch 005 | step 0080 | total = 3.2242 | box = 0.4977 | obj = 0.7058 | cls = 0.0299 | lr = 0.000905
epoch 005 | step 0100 | total = 3.4398 | box = 0.5422 | obj = 0.7006 | cls = 0.0282 | lr = 0.000905
epoch 005 | step 0120 | total = 3.3597 | box = 0.5259 | obj = 0.7015 | cls = 0.0285 | lr = 0.000905
epoch 005 | step 0140 | total = 3.3838 | box = 0.5308 | obj = 0.7012 | cls = 0.0284 | lr = 0.000905
epoch 005 | step 0160 | total = 3.2852 | box = 0.5131 | obj = 0.6911 | cls = 0.0289 | lr = 0.000905
epoch 005 | step 0180 | total = 3.2636 | box = 0.5086 | obj = 0.6917 | cls = 0.0291 | lr = 0.000905
epoch 005 | step 0200 | total = 3.3431 | box = 0.5250 | obj = 0.6903 | cls = 0.0278 | lr = 0.000905
epoch 005 | step 0220 | total = 3.3556 | box = 0.5253 | obj = 0.7006 | cls = 0.0284 | lr = 0.000905
epoch 005 | step 0240 | total = 3.4169 | box = 0.5381 | obj = 0.6990 | cls = 0.0272 | lr = 0.000905
epoch 005 | step 0260 | total = 3.2520 | box = 0.5035 | obj = 0.7050 | cls = 0.0293 | lr = 0.000905
epoch 005 | step 0280 | total = 3.2383 | box = 0.5025 | obj = 0.6966 | cls = 0.0291 | lr = 0.000905
epoch 005 | step 0300 | total = 3.2698 | box = 0.5076 | obj = 0.7033 | cls = 0.0284 | lr = 0.000905
epoch 005 | step 0320 | total = 3.3240 | box = 0.5216 | obj = 0.6867 | cls = 0.0292 | lr = 0.000905
epoch 005 | step 0340 | total = 3.4773 | box = 0.5496 | obj = 0.7016 | cls = 0.0278 | lr = 0.000905
epoch 005 | step 0360 | total = 3.3933 | box = 0.5350 | obj = 0.6907 | cls = 0.0278 | lr = 0.000905
epoch 005 | step 0380 | total = 3.3937 | box = 0.5335 | obj = 0.6976 | cls = 0.0286 | lr = 0.000905
epoch 005 | step 0400 | total = 3.2599 | box = 0.5048 | obj = 0.7052 | cls = 0.0308 | lr = 0.000905
epoch 005 | step 0420 | total = 3.2116 | box = 0.4938 | obj = 0.7141 | cls = 0.0284 | lr = 0.000905
epoch 005 | step 0440 | total = 3.3721 | box = 0.5297 | obj = 0.6949 | cls = 0.0287 | lr = 0.000905
epoch 005 | step 0460 | total = 3.1989 | box = 0.4951 | obj = 0.6935 | cls = 0.0300 | lr = 0.000905
epoch 005 | step 0480 | total = 3.3870 | box = 0.5348 | obj = 0.6861 | cls = 0.0271 | lr = 0.000905
[epoch 005 train] total = 3.3396 | box = 0.5232 | obj = 0.6949 | cls = 0.0286 | batches = 485 | time = 196.1s
[epoch 005 val] total = 2.8801 | box = 0.4284 | obj = 0.6994 | cls = 0.0389 | batches = 43 | time = 14.5s
epoch 006 | step 0001 | total = 3.3173 | box = 0.5204 | obj = 0.6862 | cls = 0.0291 | lr = 0.000855
epoch 006 | step 0020 | total = 3.3336 | box = 0.5261 | obj = 0.6756 | cls = 0.0274 | lr = 0.000855
epoch 006 | step 0040 | total = 3.1739 | box = 0.4908 | obj = 0.6900 | cls = 0.0300 | lr = 0.000855
epoch 006 | step 0060 | total = 3.3782 | box = 0.5339 | obj = 0.6814 | cls = 0.0273 | lr = 0.000855
epoch 006 | step 0080 | total = 3.3961 | box = 0.5383 | obj = 0.6774 | cls = 0.0273 | lr = 0.000855
epoch 006 | step 0100 | total = 3.3170 | box = 0.5241 | obj = 0.6683 | cls = 0.0282 | lr = 0.000855
epoch 006 | step 0120 | total = 3.2508 | box = 0.5088 | obj = 0.6775 | cls = 0.0291 | lr = 0.000855
epoch 006 | step 0140 | total = 3.3546 | box = 0.5303 | obj = 0.6759 | cls = 0.0269 | lr = 0.000855
epoch 006 | step 0160 | total = 3.0985 | box = 0.4730 | obj = 0.7030 | cls = 0.0304 | lr = 0.000855
epoch 006 | step 0180 | total = 3.2637 | box = 0.5111 | obj = 0.6788 | cls = 0.0292 | lr = 0.000855
epoch 006 | step 0200 | total = 3.3409 | box = 0.5241 | obj = 0.6904 | cls = 0.0299 | lr = 0.000855
epoch 006 | step 0220 | total = 3.2725 | box = 0.5109 | obj = 0.6895 | cls = 0.0284 | lr = 0.000855
epoch 006 | step 0240 | total = 3.2417 | box = 0.5065 | obj = 0.6811 | cls = 0.0280 | lr = 0.000855
epoch 006 | step 0260 | total = 3.2755 | box = 0.5112 | obj = 0.6903 | cls = 0.0290 | lr = 0.000855
epoch 006 | step 0280 | total = 3.3214 | box = 0.5221 | obj = 0.6824 | cls = 0.0283 | lr = 0.000855
epoch 006 | step 0300 | total = 3.2007 | box = 0.4923 | obj = 0.7085 | cls = 0.0307 | lr = 0.000855
epoch 006 | step 0320 | total = 3.2686 | box = 0.5063 | obj = 0.7087 | cls = 0.0283 | lr = 0.000855
epoch 006 | step 0340 | total = 3.2170 | box = 0.5005 | obj = 0.6848 | cls = 0.0297 | lr = 0.000855
epoch 006 | step 0360 | total = 3.1921 | box = 0.4941 | obj = 0.6918 | cls = 0.0298 | lr = 0.000855
epoch 006 | step 0380 | total = 3.3288 | box = 0.5248 | obj = 0.6775 | cls = 0.0272 | lr = 0.000855
epoch 006 | step 0400 | total = 3.2125 | box = 0.4996 | obj = 0.6859 | cls = 0.0285 | lr = 0.000855
epoch 006 | step 0420 | total = 3.2500 | box = 0.5100 | obj = 0.6712 | cls = 0.0289 | lr = 0.000855
epoch 006 | step 0440 | total = 3.2559 | box = 0.5083 | obj = 0.6853 | cls = 0.0290 | lr = 0.000855
epoch 006 | step 0460 | total = 3.1831 | box = 0.4940 | obj = 0.6833 | cls = 0.0296 | lr = 0.000855
epoch 006 | step 0480 | total = 3.2438 | box = 0.5057 | obj = 0.6865 | cls = 0.0285 | lr = 0.000855
[epoch 006 train] total = 3.2640 | box = 0.5097 | obj = 0.6868 | cls = 0.0287 | batches = 485 | time = 190.3s
[epoch 006 val] total = 2.8835 | box = 0.4269 | obj = 0.7106 | cls = 0.0386 | batches = 43 | time = 13.8s
epoch 007 | step 0001 | total = 3.2171 | box = 0.4938 | obj = 0.7177 | cls = 0.0304 | lr = 0.000796
epoch 007 | step 0020 | total = 3.2226 | box = 0.5037 | obj = 0.6759 | cls = 0.0283 | lr = 0.000796
epoch 007 | step 0040 | total = 3.0914 | box = 0.4768 | obj = 0.6771 | cls = 0.0301 | lr = 0.000796
epoch 007 | step 0060 | total = 3.1442 | box = 0.4913 | obj = 0.6588 | cls = 0.0288 | lr = 0.000796
epoch 007 | step 0080 | total = 3.1789 | box = 0.4943 | obj = 0.6783 | cls = 0.0288 | lr = 0.000796
epoch 007 | step 0100 | total = 3.2718 | box = 0.5122 | obj = 0.6829 | cls = 0.0281 | lr = 0.000796
epoch 007 | step 0120 | total = 3.1847 | box = 0.4942 | obj = 0.6840 | cls = 0.0298 | lr = 0.000796
epoch 007 | step 0140 | total = 3.2041 | box = 0.4971 | obj = 0.6902 | cls = 0.0283 | lr = 0.000796
epoch 007 | step 0160 | total = 3.2012 | box = 0.4973 | obj = 0.6854 | cls = 0.0291 | lr = 0.000796
epoch 007 | step 0180 | total = 3.1072 | box = 0.4786 | obj = 0.6842 | cls = 0.0300 | lr = 0.000796
epoch 007 | step 0200 | total = 3.2682 | box = 0.5129 | obj = 0.6761 | cls = 0.0277 | lr = 0.000796
epoch 007 | step 0220 | total = 3.3484 | box = 0.5303 | obj = 0.6715 | cls = 0.0256 | lr = 0.000796
epoch 007 | step 0240 | total = 3.2258 | box = 0.5021 | obj = 0.6871 | cls = 0.0283 | lr = 0.000796
epoch 007 | step 0260 | total = 3.3560 | box = 0.5295 | obj = 0.6812 | cls = 0.0272 | lr = 0.000796
epoch 007 | step 0280 | total = 3.1893 | box = 0.4955 | obj = 0.6827 | cls = 0.0289 | lr = 0.000796
epoch 007 | step 0300 | total = 3.2737 | box = 0.5107 | obj = 0.6914 | cls = 0.0291 | lr = 0.000796
epoch 007 | step 0320 | total = 3.3097 | box = 0.5207 | obj = 0.6782 | cls = 0.0281 | lr = 0.000796
epoch 007 | step 0340 | total = 3.2100 | box = 0.4986 | obj = 0.6881 | cls = 0.0289 | lr = 0.000796
epoch 007 | step 0360 | total = 3.2251 | box = 0.5033 | obj = 0.6797 | cls = 0.0287 | lr = 0.000796
epoch 007 | step 0380 | total = 3.2691 | box = 0.5134 | obj = 0.6740 | cls = 0.0283 | lr = 0.000796
epoch 007 | step 0400 | total = 3.1680 | box = 0.4918 | obj = 0.6803 | cls = 0.0289 | lr = 0.000796
epoch 007 | step 0420 | total = 3.0760 | box = 0.4682 | obj = 0.7048 | cls = 0.0302 | lr = 0.000796
epoch 007 | step 0440 | total = 3.3193 | box = 0.5240 | obj = 0.6719 | cls = 0.0273 | lr = 0.000796
epoch 007 | step 0460 | total = 3.2169 | box = 0.5035 | obj = 0.6712 | cls = 0.0282 | lr = 0.000796
epoch 007 | step 0480 | total = 3.2105 | box = 0.5009 | obj = 0.6776 | cls = 0.0284 | lr = 0.000796
[epoch 007 train] total = 3.2002 | box = 0.4981 | obj = 0.6810 | cls = 0.0288 | batches = 485 | time = 192.3s
[epoch 007 val] total = 2.8134 | box = 0.4164 | obj = 0.6920 | cls = 0.0396 | batches = 43 | time = 14.2s
epoch 008 | step 0001 | total = 2.8997 | box = 0.4397 | obj = 0.6696 | cls = 0.0316 | lr = 0.000730
epoch 008 | step 0020 | total = 3.1749 | box = 0.4954 | obj = 0.6696 | cls = 0.0283 | lr = 0.000730
epoch 008 | step 0040 | total = 3.0184 | box = 0.4591 | obj = 0.6918 | cls = 0.0310 | lr = 0.000730
epoch 008 | step 0060 | total = 3.1087 | box = 0.4788 | obj = 0.6848 | cls = 0.0298 | lr = 0.000730
epoch 008 | step 0080 | total = 3.0942 | box = 0.4801 | obj = 0.6645 | cls = 0.0290 | lr = 0.000730
epoch 008 | step 0100 | total = 3.1363 | box = 0.4844 | obj = 0.6848 | cls = 0.0297 | lr = 0.000730
epoch 008 | step 0120 | total = 3.2044 | box = 0.4997 | obj = 0.6778 | cls = 0.0280 | lr = 0.000730
epoch 008 | step 0140 | total = 3.0495 | box = 0.4681 | obj = 0.6792 | cls = 0.0295 | lr = 0.000730
epoch 008 | step 0160 | total = 3.1807 | box = 0.4952 | obj = 0.6763 | cls = 0.0286 | lr = 0.000730
epoch 008 | step 0180 | total = 3.0859 | box = 0.4754 | obj = 0.6804 | cls = 0.0286 | lr = 0.000730
epoch 008 | step 0200 | total = 3.2555 | box = 0.5125 | obj = 0.6652 | cls = 0.0280 | lr = 0.000730
epoch 008 | step 0220 | total = 3.1295 | box = 0.4821 | obj = 0.6892 | cls = 0.0301 | lr = 0.000730
epoch 008 | step 0240 | total = 3.2146 | box = 0.5041 | obj = 0.6672 | cls = 0.0269 | lr = 0.000730
epoch 008 | step 0260 | total = 3.1136 | box = 0.4805 | obj = 0.6815 | cls = 0.0294 | lr = 0.000730
epoch 008 | step 0280 | total = 3.2091 | box = 0.5003 | obj = 0.6790 | cls = 0.0285 | lr = 0.000730
epoch 008 | step 0300 | total = 3.2274 | box = 0.5079 | obj = 0.6597 | cls = 0.0280 | lr = 0.000730
epoch 008 | step 0320 | total = 3.2822 | box = 0.5171 | obj = 0.6684 | cls = 0.0285 | lr = 0.000730
epoch 008 | step 0340 | total = 3.0850 | box = 0.4751 | obj = 0.6797 | cls = 0.0297 | lr = 0.000730
epoch 008 | step 0360 | total = 3.1898 | box = 0.4963 | obj = 0.6805 | cls = 0.0277 | lr = 0.000730
epoch 008 | step 0380 | total = 3.0748 | box = 0.4752 | obj = 0.6699 | cls = 0.0291 | lr = 0.000730
epoch 008 | step 0400 | total = 3.1170 | box = 0.4817 | obj = 0.6796 | cls = 0.0291 | lr = 0.000730
epoch 008 | step 0420 | total = 3.1052 | box = 0.4835 | obj = 0.6591 | cls = 0.0287 | lr = 0.000730
epoch 008 | step 0440 | total = 3.1664 | box = 0.4879 | obj = 0.6974 | cls = 0.0293 | lr = 0.000730
epoch 008 | step 0460 | total = 3.1678 | box = 0.4909 | obj = 0.6832 | cls = 0.0300 | lr = 0.000730
epoch 008 | step 0480 | total = 3.0995 | box = 0.4808 | obj = 0.6660 | cls = 0.0295 | lr = 0.000730
[epoch 008 train] total = 3.1379 | box = 0.4869 | obj = 0.6743 | cls = 0.0289 | batches = 485 | time = 194.8s
[epoch 008 val] total = 2.7688 | box = 0.4095 | obj = 0.6821 | cls = 0.0393 | batches = 43 | time = 15.0s
epoch 009 | step 0001 | total = 3.0304 | box = 0.4644 | obj = 0.6774 | cls = 0.0311 | lr = 0.000658
epoch 009 | step 0020 | total = 3.1058 | box = 0.4792 | obj = 0.6808 | cls = 0.0289 | lr = 0.000658
epoch 009 | step 0040 | total = 3.0545 | box = 0.4699 | obj = 0.6751 | cls = 0.0296 | lr = 0.000658
epoch 009 | step 0060 | total = 3.2566 | box = 0.5141 | obj = 0.6588 | cls = 0.0275 | lr = 0.000658
epoch 009 | step 0080 | total = 3.1475 | box = 0.4914 | obj = 0.6628 | cls = 0.0280 | lr = 0.000658
epoch 009 | step 0100 | total = 3.0356 | box = 0.4723 | obj = 0.6458 | cls = 0.0281 | lr = 0.000658
epoch 009 | step 0120 | total = 3.1390 | box = 0.4887 | obj = 0.6668 | cls = 0.0287 | lr = 0.000658
epoch 009 | step 0140 | total = 3.1353 | box = 0.4870 | obj = 0.6728 | cls = 0.0276 | lr = 0.000658
epoch 009 | step 0160 | total = 3.1080 | box = 0.4819 | obj = 0.6710 | cls = 0.0276 | lr = 0.000658
epoch 009 | step 0180 | total = 3.0341 | box = 0.4664 | obj = 0.6712 | cls = 0.0307 | lr = 0.000658
epoch 009 | step 0200 | total = 3.0928 | box = 0.4801 | obj = 0.6625 | cls = 0.0297 | lr = 0.000658
epoch 009 | step 0220 | total = 3.0840 | box = 0.4756 | obj = 0.6774 | cls = 0.0288 | lr = 0.000658
epoch 009 | step 0240 | total = 2.9457 | box = 0.4465 | obj = 0.6826 | cls = 0.0307 | lr = 0.000658
epoch 009 | step 0260 | total = 2.9692 | box = 0.4526 | obj = 0.6759 | cls = 0.0303 | lr = 0.000658
epoch 009 | step 0280 | total = 3.1374 | box = 0.4878 | obj = 0.6693 | cls = 0.0288 | lr = 0.000658
epoch 009 | step 0300 | total = 3.0631 | box = 0.4745 | obj = 0.6616 | cls = 0.0291 | lr = 0.000658
epoch 009 | step 0320 | total = 3.1607 | box = 0.4957 | obj = 0.6541 | cls = 0.0281 | lr = 0.000658
epoch 009 | step 0340 | total = 3.0632 | box = 0.4728 | obj = 0.6692 | cls = 0.0301 | lr = 0.000658
epoch 009 | step 0360 | total = 3.1567 | box = 0.4934 | obj = 0.6612 | cls = 0.0282 | lr = 0.000658
epoch 009 | step 0380 | total = 3.0974 | box = 0.4780 | obj = 0.6782 | cls = 0.0289 | lr = 0.000658
epoch 009 | step 0400 | total = 3.0704 | box = 0.4726 | obj = 0.6788 | cls = 0.0287 | lr = 0.000658
epoch 009 | step 0420 | total = 3.1127 | box = 0.4851 | obj = 0.6598 | cls = 0.0275 | lr = 0.000658
epoch 009 | step 0440 | total = 3.0840 | box = 0.4773 | obj = 0.6688 | cls = 0.0288 | lr = 0.000658
epoch 009 | step 0460 | total = 3.0781 | box = 0.4761 | obj = 0.6686 | cls = 0.0289 | lr = 0.000658
epoch 009 | step 0480 | total = 3.0858 | box = 0.4772 | obj = 0.6703 | cls = 0.0296 | lr = 0.000658
[epoch 009 train] total = 3.0780 | box = 0.4762 | obj = 0.6680 | cls = 0.0290 | batches = 485 | time = 192.1s
[epoch 009 val] total = 2.7492 | box = 0.4065 | obj = 0.6769 | cls = 0.0397 | batches = 43 | time = 15.3s
epoch 010 | step 0001 | total = 2.9966 | box = 0.4584 | obj = 0.6746 | cls = 0.0300 | lr = 0.000582
epoch 010 | step 0020 | total = 2.9705 | box = 0.4561 | obj = 0.6611 | cls = 0.0291 | lr = 0.000582
epoch 010 | step 0040 | total = 2.9872 | box = 0.4585 | obj = 0.6652 | cls = 0.0295 | lr = 0.000582
epoch 010 | step 0060 | total = 2.9808 | box = 0.4557 | obj = 0.6726 | cls = 0.0297 | lr = 0.000582
epoch 010 | step 0080 | total = 2.9478 | box = 0.4508 | obj = 0.6626 | cls = 0.0314 | lr = 0.000582
epoch 010 | step 0100 | total = 2.9020 | box = 0.4385 | obj = 0.6791 | cls = 0.0306 | lr = 0.000582
epoch 010 | step 0120 | total = 3.0822 | box = 0.4758 | obj = 0.6732 | cls = 0.0298 | lr = 0.000582
epoch 010 | step 0140 | total = 2.9834 | box = 0.4579 | obj = 0.6643 | cls = 0.0295 | lr = 0.000582
epoch 010 | step 0160 | total = 2.9611 | box = 0.4554 | obj = 0.6544 | cls = 0.0295 | lr = 0.000582
epoch 010 | step 0180 | total = 3.0604 | box = 0.4742 | obj = 0.6605 | cls = 0.0290 | lr = 0.000582
epoch 010 | step 0200 | total = 2.9769 | box = 0.4549 | obj = 0.6733 | cls = 0.0288 | lr = 0.000582
epoch 010 | step 0220 | total = 3.0564 | box = 0.4730 | obj = 0.6630 | cls = 0.0286 | lr = 0.000582
epoch 010 | step 0240 | total = 3.0724 | box = 0.4766 | obj = 0.6615 | cls = 0.0281 | lr = 0.000582
epoch 010 | step 0260 | total = 2.9768 | box = 0.4580 | obj = 0.6574 | cls = 0.0294 | lr = 0.000582
epoch 010 | step 0280 | total = 2.9616 | box = 0.4568 | obj = 0.6473 | cls = 0.0303 | lr = 0.000582
epoch 010 | step 0300 | total = 2.9925 | box = 0.4649 | obj = 0.6390 | cls = 0.0289 | lr = 0.000582
epoch 010 | step 0320 | total = 3.0522 | box = 0.4689 | obj = 0.6789 | cls = 0.0285 | lr = 0.000582
epoch 010 | step 0340 | total = 3.0046 | box = 0.4613 | obj = 0.6685 | cls = 0.0297 | lr = 0.000582
epoch 010 | step 0360 | total = 2.8927 | box = 0.4385 | obj = 0.6703 | cls = 0.0298 | lr = 0.000582
epoch 010 | step 0380 | total = 2.9667 | box = 0.4542 | obj = 0.6670 | cls = 0.0288 | lr = 0.000582
epoch 010 | step 0400 | total = 2.9781 | box = 0.4563 | obj = 0.6675 | cls = 0.0290 | lr = 0.000582
epoch 010 | step 0420 | total = 3.0215 | box = 0.4681 | obj = 0.6527 | cls = 0.0282 | lr = 0.000582
epoch 010 | step 0440 | total = 2.9659 | box = 0.4533 | obj = 0.6695 | cls = 0.0300 | lr = 0.000582
epoch 010 | step 0460 | total = 3.1553 | box = 0.4950 | obj = 0.6527 | cls = 0.0276 | lr = 0.000582
epoch 010 | step 0480 | total = 2.9821 | box = 0.4575 | obj = 0.6655 | cls = 0.0290 | lr = 0.000582
[epoch 010 train] total = 3.0169 | box = 0.4654 | obj = 0.6611 | cls = 0.0290 | batches = 485 | time = 191.4s
[epoch 010 val] total = 2.6887 | box = 0.3956 | obj = 0.6707 | cls = 0.0402 | batches = 43 | time = 15.2s
epoch 011 | step 0001 | total = 2.9236 | box = 0.4486 | obj = 0.6511 | cls = 0.0296 | lr = 0.000505
epoch 011 | step 0020 | total = 3.0879 | box = 0.4857 | obj = 0.6324 | cls = 0.0271 | lr = 0.000505
epoch 011 | step 0040 | total = 3.0740 | box = 0.4792 | obj = 0.6507 | cls = 0.0274 | lr = 0.000505
epoch 011 | step 0060 | total = 2.9093 | box = 0.4445 | obj = 0.6568 | cls = 0.0299 | lr = 0.000505
epoch 011 | step 0080 | total = 3.0270 | box = 0.4711 | obj = 0.6428 | cls = 0.0289 | lr = 0.000505
epoch 011 | step 0100 | total = 3.0696 | box = 0.4782 | obj = 0.6520 | cls = 0.0267 | lr = 0.000505
epoch 011 | step 0120 | total = 2.9825 | box = 0.4618 | obj = 0.6445 | cls = 0.0291 | lr = 0.000505
epoch 011 | step 0140 | total = 2.8888 | box = 0.4405 | obj = 0.6561 | cls = 0.0301 | lr = 0.000505
epoch 011 | step 0160 | total = 2.9212 | box = 0.4491 | obj = 0.6478 | cls = 0.0280 | lr = 0.000505
epoch 011 | step 0180 | total = 2.8720 | box = 0.4364 | obj = 0.6607 | cls = 0.0295 | lr = 0.000505
epoch 011 | step 0200 | total = 2.9748 | box = 0.4566 | obj = 0.6619 | cls = 0.0298 | lr = 0.000505
epoch 011 | step 0220 | total = 3.0842 | box = 0.4811 | obj = 0.6514 | cls = 0.0275 | lr = 0.000505
epoch 011 | step 0240 | total = 2.8719 | box = 0.4355 | obj = 0.6646 | cls = 0.0298 | lr = 0.000505
epoch 011 | step 0260 | total = 2.9262 | box = 0.4449 | obj = 0.6727 | cls = 0.0289 | lr = 0.000505
epoch 011 | step 0280 | total = 3.0721 | box = 0.4796 | obj = 0.6468 | cls = 0.0275 | lr = 0.000505
epoch 011 | step 0300 | total = 2.9338 | box = 0.4524 | obj = 0.6422 | cls = 0.0297 | lr = 0.000505
epoch 011 | step 0320 | total = 2.8703 | box = 0.4364 | obj = 0.6579 | cls = 0.0302 | lr = 0.000505
epoch 011 | step 0340 | total = 2.9233 | box = 0.4493 | obj = 0.6473 | cls = 0.0294 | lr = 0.000505
epoch 011 | step 0360 | total = 2.9077 | box = 0.4446 | obj = 0.6558 | cls = 0.0290 | lr = 0.000505
epoch 011 | step 0380 | total = 3.0565 | box = 0.4762 | obj = 0.6462 | cls = 0.0292 | lr = 0.000505
epoch 011 | step 0400 | total = 3.1023 | box = 0.4818 | obj = 0.6644 | cls = 0.0288 | lr = 0.000505
epoch 011 | step 0420 | total = 2.9828 | box = 0.4613 | obj = 0.6480 | cls = 0.0284 | lr = 0.000505
epoch 011 | step 0440 | total = 3.0916 | box = 0.4821 | obj = 0.6528 | cls = 0.0282 | lr = 0.000505
epoch 011 | step 0460 | total = 2.9174 | box = 0.4502 | obj = 0.6366 | cls = 0.0299 | lr = 0.000505
epoch 011 | step 0480 | total = 2.9907 | box = 0.4634 | obj = 0.6440 | cls = 0.0296 | lr = 0.000505
[epoch 011 train] total = 2.9533 | box = 0.4539 | obj = 0.6544 | cls = 0.0291 | batches = 485 | time = 196.0s
[epoch 011 val] total = 2.6952 | box = 0.3965 | obj = 0.6736 | cls = 0.0392 | batches = 43 | time = 15.1s
epoch 012 | step 0001 | total = 2.9949 | box = 0.4641 | obj = 0.6460 | cls = 0.0286 | lr = 0.000428
epoch 012 | step 0020 | total = 2.8303 | box = 0.4289 | obj = 0.6566 | cls = 0.0294 | lr = 0.000428
epoch 012 | step 0040 | total = 2.9245 | box = 0.4459 | obj = 0.6663 | cls = 0.0286 | lr = 0.000428
epoch 012 | step 0060 | total = 2.9903 | box = 0.4635 | obj = 0.6451 | cls = 0.0278 | lr = 0.000428
epoch 012 | step 0080 | total = 2.9701 | box = 0.4590 | obj = 0.6467 | cls = 0.0285 | lr = 0.000428
epoch 012 | step 0100 | total = 2.8675 | box = 0.4382 | obj = 0.6473 | cls = 0.0294 | lr = 0.000428
epoch 012 | step 0120 | total = 2.9710 | box = 0.4582 | obj = 0.6517 | cls = 0.0282 | lr = 0.000428
epoch 012 | step 0140 | total = 2.9697 | box = 0.4588 | obj = 0.6470 | cls = 0.0286 | lr = 0.000428
epoch 012 | step 0160 | total = 2.8790 | box = 0.4421 | obj = 0.6388 | cls = 0.0295 | lr = 0.000428
epoch 012 | step 0180 | total = 2.7848 | box = 0.4206 | obj = 0.6516 | cls = 0.0302 | lr = 0.000428
epoch 012 | step 0200 | total = 2.9524 | box = 0.4587 | obj = 0.6300 | cls = 0.0290 | lr = 0.000428
epoch 012 | step 0220 | total = 2.9137 | box = 0.4447 | obj = 0.6604 | cls = 0.0297 | lr = 0.000428
epoch 012 | step 0240 | total = 2.8893 | box = 0.4411 | obj = 0.6547 | cls = 0.0291 | lr = 0.000428
epoch 012 | step 0260 | total = 2.7675 | box = 0.4157 | obj = 0.6577 | cls = 0.0311 | lr = 0.000428
epoch 012 | step 0280 | total = 2.8076 | box = 0.4239 | obj = 0.6582 | cls = 0.0297 | lr = 0.000428
epoch 012 | step 0300 | total = 2.8901 | box = 0.4400 | obj = 0.6610 | cls = 0.0289 | lr = 0.000428
epoch 012 | step 0320 | total = 2.9621 | box = 0.4581 | obj = 0.6429 | cls = 0.0286 | lr = 0.000428
epoch 012 | step 0340 | total = 2.9428 | box = 0.4546 | obj = 0.6414 | cls = 0.0287 | lr = 0.000428
epoch 012 | step 0360 | total = 2.9119 | box = 0.4467 | obj = 0.6491 | cls = 0.0291 | lr = 0.000428
epoch 012 | step 0380 | total = 2.8558 | box = 0.4359 | obj = 0.6479 | cls = 0.0285 | lr = 0.000428
epoch 012 | step 0400 | total = 2.7588 | box = 0.4149 | obj = 0.6537 | cls = 0.0305 | lr = 0.000428
epoch 012 | step 0420 | total = 2.9418 | box = 0.4537 | obj = 0.6446 | cls = 0.0287 | lr = 0.000428
epoch 012 | step 0440 | total = 2.9179 | box = 0.4465 | obj = 0.6559 | cls = 0.0294 | lr = 0.000428
epoch 012 | step 0460 | total = 2.9499 | box = 0.4537 | obj = 0.6519 | cls = 0.0293 | lr = 0.000428
epoch 012 | step 0480 | total = 2.9493 | box = 0.4543 | obj = 0.6495 | cls = 0.0285 | lr = 0.000428
[epoch 012 train] total = 2.8848 | box = 0.4418 | obj = 0.6464 | cls = 0.0293 | batches = 485 | time = 191.8s
[epoch 012 val] total = 2.6695 | box = 0.3924 | obj = 0.6676 | cls = 0.0396 | batches = 43 | time = 15.0s
epoch 013 | step 0001 | total = 2.7099 | box = 0.4078 | obj = 0.6406 | cls = 0.0302 | lr = 0.000352
epoch 013 | step 0020 | total = 2.7870 | box = 0.4233 | obj = 0.6406 | cls = 0.0298 | lr = 0.000352
epoch 013 | step 0040 | total = 2.8208 | box = 0.4294 | obj = 0.6445 | cls = 0.0292 | lr = 0.000352
epoch 013 | step 0060 | total = 2.9307 | box = 0.4524 | obj = 0.6402 | cls = 0.0282 | lr = 0.000352
epoch 013 | step 0080 | total = 2.8624 | box = 0.4378 | obj = 0.6432 | cls = 0.0300 | lr = 0.000352
epoch 013 | step 0100 | total = 2.7336 | box = 0.4128 | obj = 0.6392 | cls = 0.0305 | lr = 0.000352
epoch 013 | step 0120 | total = 2.8522 | box = 0.4364 | obj = 0.6414 | cls = 0.0287 | lr = 0.000352
epoch 013 | step 0140 | total = 2.8094 | box = 0.4290 | obj = 0.6346 | cls = 0.0296 | lr = 0.000352
epoch 013 | step 0160 | total = 2.7753 | box = 0.4248 | obj = 0.6220 | cls = 0.0295 | lr = 0.000352
epoch 013 | step 0180 | total = 2.8515 | box = 0.4335 | obj = 0.6543 | cls = 0.0295 | lr = 0.000352
epoch 013 | step 0200 | total = 2.8100 | box = 0.4291 | obj = 0.6353 | cls = 0.0290 | lr = 0.000352
epoch 013 | step 0220 | total = 2.8623 | box = 0.4385 | obj = 0.6413 | cls = 0.0287 | lr = 0.000352
epoch 013 | step 0240 | total = 2.8076 | box = 0.4292 | obj = 0.6312 | cls = 0.0303 | lr = 0.000352
epoch 013 | step 0260 | total = 2.8970 | box = 0.4434 | obj = 0.6513 | cls = 0.0285 | lr = 0.000352
epoch 013 | step 0280 | total = 2.9211 | box = 0.4493 | obj = 0.6455 | cls = 0.0290 | lr = 0.000352
epoch 013 | step 0300 | total = 2.6992 | box = 0.4070 | obj = 0.6335 | cls = 0.0309 | lr = 0.000352
epoch 013 | step 0320 | total = 2.7307 | box = 0.4104 | obj = 0.6474 | cls = 0.0313 | lr = 0.000352
epoch 013 | step 0340 | total = 2.8681 | box = 0.4408 | obj = 0.6352 | cls = 0.0290 | lr = 0.000352
epoch 013 | step 0360 | total = 2.8363 | box = 0.4343 | obj = 0.6348 | cls = 0.0301 | lr = 0.000352
epoch 013 | step 0380 | total = 2.8122 | box = 0.4288 | obj = 0.6383 | cls = 0.0300 | lr = 0.000352
epoch 013 | step 0400 | total = 2.9609 | box = 0.4586 | obj = 0.6395 | cls = 0.0283 | lr = 0.000352
epoch 013 | step 0420 | total = 2.8045 | box = 0.4312 | obj = 0.6201 | cls = 0.0284 | lr = 0.000352
epoch 013 | step 0440 | total = 2.7753 | box = 0.4214 | obj = 0.6394 | cls = 0.0288 | lr = 0.000352
epoch 013 | step 0460 | total = 2.7361 | box = 0.4133 | obj = 0.6397 | cls = 0.0299 | lr = 0.000352
epoch 013 | step 0480 | total = 2.8442 | box = 0.4359 | obj = 0.6356 | cls = 0.0289 | lr = 0.000352
[epoch 013 train] total = 2.8116 | box = 0.4290 | obj = 0.6373 | cls = 0.0295 | batches = 485 | time = 194.2s
[epoch 013 val] total = 2.6398 | box = 0.3867 | obj = 0.6664 | cls = 0.0400 | batches = 43 | time = 14.2s
epoch 014 | step 0001 | total = 2.7317 | box = 0.4131 | obj = 0.6363 | cls = 0.0297 | lr = 0.000280
epoch 014 | step 0020 | total = 2.6309 | box = 0.3953 | obj = 0.6234 | cls = 0.0311 | lr = 0.000280
epoch 014 | step 0040 | total = 2.9062 | box = 0.4483 | obj = 0.6362 | cls = 0.0288 | lr = 0.000280
epoch 014 | step 0060 | total = 2.7852 | box = 0.4246 | obj = 0.6335 | cls = 0.0290 | lr = 0.000280
epoch 014 | step 0080 | total = 2.6034 | box = 0.3863 | obj = 0.6395 | cls = 0.0322 | lr = 0.000280
epoch 014 | step 0100 | total = 2.8158 | box = 0.4322 | obj = 0.6254 | cls = 0.0293 | lr = 0.000280
epoch 014 | step 0120 | total = 2.6966 | box = 0.4056 | obj = 0.6383 | cls = 0.0301 | lr = 0.000280
epoch 014 | step 0140 | total = 2.7176 | box = 0.4115 | obj = 0.6313 | cls = 0.0289 | lr = 0.000280
epoch 014 | step 0160 | total = 2.6745 | box = 0.4042 | obj = 0.6236 | cls = 0.0300 | lr = 0.000280
epoch 014 | step 0180 | total = 2.6462 | box = 0.3953 | obj = 0.6381 | cls = 0.0318 | lr = 0.000280
epoch 014 | step 0200 | total = 2.7408 | box = 0.4188 | obj = 0.6184 | cls = 0.0285 | lr = 0.000280
epoch 014 | step 0220 | total = 2.7295 | box = 0.4149 | obj = 0.6256 | cls = 0.0296 | lr = 0.000280
epoch 014 | step 0240 | total = 2.7234 | box = 0.4126 | obj = 0.6296 | cls = 0.0307 | lr = 0.000280
epoch 014 | step 0260 | total = 2.7488 | box = 0.4193 | obj = 0.6235 | cls = 0.0287 | lr = 0.000280
epoch 014 | step 0280 | total = 2.7679 | box = 0.4230 | obj = 0.6231 | cls = 0.0296 | lr = 0.000280
epoch 014 | step 0300 | total = 2.7350 | box = 0.4151 | obj = 0.6301 | cls = 0.0296 | lr = 0.000280
epoch 014 | step 0320 | total = 2.7097 | box = 0.4134 | obj = 0.6132 | cls = 0.0297 | lr = 0.000280
epoch 014 | step 0340 | total = 2.7798 | box = 0.4256 | obj = 0.6226 | cls = 0.0292 | lr = 0.000280
epoch 014 | step 0360 | total = 2.6075 | box = 0.3914 | obj = 0.6203 | cls = 0.0300 | lr = 0.000280
epoch 014 | step 0380 | total = 2.8025 | box = 0.4288 | obj = 0.6293 | cls = 0.0291 | lr = 0.000280
epoch 014 | step 0400 | total = 2.8178 | box = 0.4311 | obj = 0.6332 | cls = 0.0293 | lr = 0.000280
epoch 014 | step 0420 | total = 2.7268 | box = 0.4149 | obj = 0.6223 | cls = 0.0302 | lr = 0.000280
epoch 014 | step 0440 | total = 2.7209 | box = 0.4161 | obj = 0.6098 | cls = 0.0305 | lr = 0.000280
epoch 014 | step 0460 | total = 2.8234 | box = 0.4319 | obj = 0.6349 | cls = 0.0290 | lr = 0.000280
epoch 014 | step 0480 | total = 2.6299 | box = 0.3937 | obj = 0.6311 | cls = 0.0302 | lr = 0.000280
[epoch 014 train] total = 2.7353 | box = 0.4156 | obj = 0.6275 | cls = 0.0297 | batches = 485 | time = 197.1s
[epoch 014 val] total = 2.6300 | box = 0.3861 | obj = 0.6598 | cls = 0.0399 | batches = 43 | time = 14.1s
epoch 015 | step 0001 | total = 2.5630 | box = 0.3834 | obj = 0.6149 | cls = 0.0312 | lr = 0.000214
epoch 015 | step 0020 | total = 2.6387 | box = 0.3976 | obj = 0.6197 | cls = 0.0308 | lr = 0.000214
epoch 015 | step 0040 | total = 2.6155 | box = 0.3928 | obj = 0.6216 | cls = 0.0297 | lr = 0.000214
epoch 015 | step 0060 | total = 2.6202 | box = 0.3938 | obj = 0.6206 | cls = 0.0306 | lr = 0.000214
epoch 015 | step 0080 | total = 2.7056 | box = 0.4121 | obj = 0.6150 | cls = 0.0299 | lr = 0.000214
epoch 015 | step 0100 | total = 2.6429 | box = 0.3991 | obj = 0.6183 | cls = 0.0293 | lr = 0.000214
epoch 015 | step 0120 | total = 2.7275 | box = 0.4155 | obj = 0.6213 | cls = 0.0285 | lr = 0.000214
epoch 015 | step 0140 | total = 2.6352 | box = 0.3950 | obj = 0.6301 | cls = 0.0298 | lr = 0.000214
epoch 015 | step 0160 | total = 2.5841 | box = 0.3832 | obj = 0.6366 | cls = 0.0317 | lr = 0.000214
epoch 015 | step 0180 | total = 2.6759 | box = 0.4044 | obj = 0.6238 | cls = 0.0303 | lr = 0.000214
epoch 015 | step 0200 | total = 2.6389 | box = 0.3987 | obj = 0.6147 | cls = 0.0304 | lr = 0.000214
epoch 015 | step 0220 | total = 2.6110 | box = 0.3967 | obj = 0.5973 | cls = 0.0303 | lr = 0.000214
epoch 015 | step 0240 | total = 2.6868 | box = 0.4054 | obj = 0.6303 | cls = 0.0296 | lr = 0.000214
epoch 015 | step 0260 | total = 2.6091 | box = 0.3935 | obj = 0.6123 | cls = 0.0294 | lr = 0.000214
epoch 015 | step 0280 | total = 2.6131 | box = 0.3918 | obj = 0.6235 | cls = 0.0305 | lr = 0.000214
epoch 015 | step 0300 | total = 2.7126 | box = 0.4133 | obj = 0.6170 | cls = 0.0293 | lr = 0.000214
epoch 015 | step 0320 | total = 2.6535 | box = 0.4022 | obj = 0.6132 | cls = 0.0293 | lr = 0.000214
epoch 015 | step 0340 | total = 2.6677 | box = 0.4007 | obj = 0.6333 | cls = 0.0311 | lr = 0.000214
epoch 015 | step 0360 | total = 2.6820 | box = 0.4081 | obj = 0.6109 | cls = 0.0306 | lr = 0.000214
epoch 015 | step 0380 | total = 2.6551 | box = 0.4000 | obj = 0.6250 | cls = 0.0302 | lr = 0.000214
epoch 015 | step 0400 | total = 2.6494 | box = 0.4012 | obj = 0.6123 | cls = 0.0309 | lr = 0.000214
epoch 015 | step 0420 | total = 2.7436 | box = 0.4185 | obj = 0.6225 | cls = 0.0286 | lr = 0.000214
epoch 015 | step 0440 | total = 2.6197 | box = 0.3934 | obj = 0.6227 | cls = 0.0298 | lr = 0.000214
epoch 015 | step 0460 | total = 2.6917 | box = 0.4112 | obj = 0.6073 | cls = 0.0285 | lr = 0.000214
epoch 015 | step 0480 | total = 2.6032 | box = 0.3901 | obj = 0.6228 | cls = 0.0299 | lr = 0.000214
[epoch 015 train] total = 2.6564 | box = 0.4019 | obj = 0.6168 | cls = 0.0301 | batches = 485 | time = 196.7s
[epoch 015 val] total = 2.6230 | box = 0.3837 | obj = 0.6640 | cls = 0.0404 | batches = 43 | time = 15.4s
epoch 016 | step 0001 | total = 2.5087 | box = 0.3758 | obj = 0.5988 | cls = 0.0308 | lr = 0.000155
epoch 016 | step 0020 | total = 2.4036 | box = 0.3550 | obj = 0.5981 | cls = 0.0304 | lr = 0.000155
epoch 016 | step 0040 | total = 2.5538 | box = 0.3830 | obj = 0.6091 | cls = 0.0298 | lr = 0.000155
epoch 016 | step 0060 | total = 2.6425 | box = 0.4019 | obj = 0.6040 | cls = 0.0292 | lr = 0.000155
epoch 016 | step 0080 | total = 2.5147 | box = 0.3757 | obj = 0.6048 | cls = 0.0312 | lr = 0.000155
epoch 016 | step 0100 | total = 2.5329 | box = 0.3806 | obj = 0.5999 | cls = 0.0302 | lr = 0.000155
epoch 016 | step 0120 | total = 2.6518 | box = 0.4006 | obj = 0.6178 | cls = 0.0312 | lr = 0.000155
epoch 016 | step 0140 | total = 2.5726 | box = 0.3855 | obj = 0.6139 | cls = 0.0311 | lr = 0.000155
epoch 016 | step 0160 | total = 2.5536 | box = 0.3855 | obj = 0.5941 | cls = 0.0322 | lr = 0.000155
epoch 016 | step 0180 | total = 2.7132 | box = 0.4133 | obj = 0.6170 | cls = 0.0296 | lr = 0.000155
epoch 016 | step 0200 | total = 2.6200 | box = 0.3971 | obj = 0.6033 | cls = 0.0312 | lr = 0.000155
epoch 016 | step 0220 | total = 2.4804 | box = 0.3667 | obj = 0.6152 | cls = 0.0317 | lr = 0.000155
epoch 016 | step 0240 | total = 2.5657 | box = 0.3875 | obj = 0.5980 | cls = 0.0300 | lr = 0.000155
epoch 016 | step 0260 | total = 2.6346 | box = 0.4005 | obj = 0.6029 | cls = 0.0293 | lr = 0.000155
epoch 016 | step 0280 | total = 2.6321 | box = 0.3986 | obj = 0.6091 | cls = 0.0299 | lr = 0.000155
epoch 016 | step 0300 | total = 2.4998 | box = 0.3735 | obj = 0.6015 | cls = 0.0310 | lr = 0.000155
epoch 016 | step 0320 | total = 2.7268 | box = 0.4172 | obj = 0.6111 | cls = 0.0299 | lr = 0.000155
epoch 016 | step 0340 | total = 2.6474 | box = 0.4019 | obj = 0.6080 | cls = 0.0297 | lr = 0.000155
epoch 016 | step 0360 | total = 2.5875 | box = 0.3868 | obj = 0.6222 | cls = 0.0310 | lr = 0.000155
epoch 016 | step 0380 | total = 2.5742 | box = 0.3870 | obj = 0.6074 | cls = 0.0317 | lr = 0.000155
epoch 016 | step 0400 | total = 2.6544 | box = 0.4047 | obj = 0.6010 | cls = 0.0299 | lr = 0.000155
epoch 016 | step 0420 | total = 2.4074 | box = 0.3540 | obj = 0.6057 | cls = 0.0318 | lr = 0.000155
epoch 016 | step 0440 | total = 2.6990 | box = 0.4125 | obj = 0.6078 | cls = 0.0289 | lr = 0.000155
epoch 016 | step 0460 | total = 2.6859 | box = 0.4095 | obj = 0.6093 | cls = 0.0290 | lr = 0.000155
epoch 016 | step 0480 | total = 2.6277 | box = 0.3986 | obj = 0.6044 | cls = 0.0302 | lr = 0.000155
[epoch 016 train] total = 2.5790 | box = 0.3885 | obj = 0.6061 | cls = 0.0304 | batches = 485 | time = 196.4s
[epoch 016 val] total = 2.6211 | box = 0.3819 | obj = 0.6715 | cls = 0.0400 | batches = 43 | time = 15.2s
epoch 017 | step 0001 | total = 2.5649 | box = 0.3877 | obj = 0.5952 | cls = 0.0312 | lr = 0.000105
epoch 017 | step 0020 | total = 2.6321 | box = 0.3988 | obj = 0.6086 | cls = 0.0294 | lr = 0.000105
epoch 017 | step 0040 | total = 2.5946 | box = 0.3942 | obj = 0.5950 | cls = 0.0286 | lr = 0.000105
epoch 017 | step 0060 | total = 2.5206 | box = 0.3797 | obj = 0.5925 | cls = 0.0297 | lr = 0.000105
epoch 017 | step 0080 | total = 2.5387 | box = 0.3822 | obj = 0.5985 | cls = 0.0292 | lr = 0.000105
epoch 017 | step 0100 | total = 2.2999 | box = 0.3326 | obj = 0.6036 | cls = 0.0333 | lr = 0.000105
epoch 017 | step 0120 | total = 2.5546 | box = 0.3851 | obj = 0.5995 | cls = 0.0297 | lr = 0.000105
epoch 017 | step 0140 | total = 2.3068 | box = 0.3357 | obj = 0.5949 | cls = 0.0334 | lr = 0.000105
epoch 017 | step 0160 | total = 2.4740 | box = 0.3705 | obj = 0.5897 | cls = 0.0316 | lr = 0.000105
epoch 017 | step 0180 | total = 2.4527 | box = 0.3674 | obj = 0.5847 | cls = 0.0313 | lr = 0.000105
epoch 017 | step 0200 | total = 2.6100 | box = 0.3968 | obj = 0.5952 | cls = 0.0306 | lr = 0.000105
epoch 017 | step 0220 | total = 2.4267 | box = 0.3611 | obj = 0.5900 | cls = 0.0312 | lr = 0.000105
epoch 017 | step 0240 | total = 2.6002 | box = 0.3947 | obj = 0.5980 | cls = 0.0289 | lr = 0.000105
epoch 017 | step 0260 | total = 2.3977 | box = 0.3568 | obj = 0.5834 | cls = 0.0304 | lr = 0.000105
epoch 017 | step 0280 | total = 2.4335 | box = 0.3608 | obj = 0.5975 | cls = 0.0321 | lr = 0.000105
epoch 017 | step 0300 | total = 2.5906 | box = 0.3924 | obj = 0.5983 | cls = 0.0301 | lr = 0.000105
epoch 017 | step 0320 | total = 2.6536 | box = 0.4062 | obj = 0.5933 | cls = 0.0291 | lr = 0.000105
epoch 017 | step 0340 | total = 2.5013 | box = 0.3732 | obj = 0.6051 | cls = 0.0302 | lr = 0.000105
epoch 017 | step 0360 | total = 2.5811 | box = 0.3910 | obj = 0.5971 | cls = 0.0288 | lr = 0.000105
epoch 017 | step 0380 | total = 2.4706 | box = 0.3683 | obj = 0.5978 | cls = 0.0315 | lr = 0.000105
epoch 017 | step 0400 | total = 2.5078 | box = 0.3793 | obj = 0.5817 | cls = 0.0296 | lr = 0.000105
epoch 017 | step 0420 | total = 2.4945 | box = 0.3730 | obj = 0.5985 | cls = 0.0307 | lr = 0.000105
epoch 017 | step 0440 | total = 2.4746 | box = 0.3686 | obj = 0.6017 | cls = 0.0300 | lr = 0.000105
epoch 017 | step 0460 | total = 2.4578 | box = 0.3672 | obj = 0.5900 | cls = 0.0316 | lr = 0.000105
epoch 017 | step 0480 | total = 2.4363 | box = 0.3617 | obj = 0.5963 | cls = 0.0315 | lr = 0.000105
[epoch 017 train] total = 2.5065 | box = 0.3760 | obj = 0.5960 | cls = 0.0307 | batches = 485 | time = 197.9s
[epoch 017 val] total = 2.6358 | box = 0.3834 | obj = 0.6789 | cls = 0.0401 | batches = 43 | time = 14.8s
epoch 018 | step 0001 | total = 2.4639 | box = 0.3686 | obj = 0.5902 | cls = 0.0308 | lr = 0.000064
epoch 018 | step 0020 | total = 2.5626 | box = 0.3871 | obj = 0.5976 | cls = 0.0297 | lr = 0.000064
epoch 018 | step 0040 | total = 2.3077 | box = 0.3418 | obj = 0.5665 | cls = 0.0323 | lr = 0.000064
epoch 018 | step 0060 | total = 2.4954 | box = 0.3748 | obj = 0.5910 | cls = 0.0303 | lr = 0.000064
epoch 018 | step 0080 | total = 2.4366 | box = 0.3641 | obj = 0.5846 | cls = 0.0315 | lr = 0.000064
epoch 018 | step 0100 | total = 2.4257 | box = 0.3618 | obj = 0.5870 | cls = 0.0298 | lr = 0.000064
epoch 018 | step 0120 | total = 2.3887 | box = 0.3559 | obj = 0.5773 | cls = 0.0316 | lr = 0.000064
epoch 018 | step 0140 | total = 2.4115 | box = 0.3589 | obj = 0.5853 | cls = 0.0318 | lr = 0.000064
epoch 018 | step 0160 | total = 2.4535 | box = 0.3670 | obj = 0.5881 | cls = 0.0304 | lr = 0.000064
epoch 018 | step 0180 | total = 2.4805 | box = 0.3713 | obj = 0.5939 | cls = 0.0302 | lr = 0.000064
epoch 018 | step 0200 | total = 2.5299 | box = 0.3805 | obj = 0.5972 | cls = 0.0301 | lr = 0.000064
epoch 018 | step 0220 | total = 2.4083 | box = 0.3555 | obj = 0.5983 | cls = 0.0325 | lr = 0.000064
epoch 018 | step 0240 | total = 2.3845 | box = 0.3526 | obj = 0.5897 | cls = 0.0320 | lr = 0.000064
epoch 018 | step 0260 | total = 2.4926 | box = 0.3756 | obj = 0.5841 | cls = 0.0303 | lr = 0.000064
epoch 018 | step 0280 | total = 2.4860 | box = 0.3744 | obj = 0.5824 | cls = 0.0315 | lr = 0.000064
epoch 018 | step 0300 | total = 2.5709 | box = 0.3921 | obj = 0.5807 | cls = 0.0299 | lr = 0.000064
epoch 018 | step 0320 | total = 2.5225 | box = 0.3809 | obj = 0.5892 | cls = 0.0288 | lr = 0.000064
epoch 018 | step 0340 | total = 2.5889 | box = 0.3940 | obj = 0.5903 | cls = 0.0286 | lr = 0.000064
epoch 018 | step 0360 | total = 2.4724 | box = 0.3729 | obj = 0.5767 | cls = 0.0311 | lr = 0.000064
epoch 018 | step 0380 | total = 2.4464 | box = 0.3658 | obj = 0.5863 | cls = 0.0311 | lr = 0.000064
epoch 018 | step 0400 | total = 2.5046 | box = 0.3782 | obj = 0.5852 | cls = 0.0284 | lr = 0.000064
epoch 018 | step 0420 | total = 2.5215 | box = 0.3790 | obj = 0.5964 | cls = 0.0303 | lr = 0.000064
epoch 018 | step 0440 | total = 2.4884 | box = 0.3765 | obj = 0.5762 | cls = 0.0298 | lr = 0.000064
epoch 018 | step 0460 | total = 2.4694 | box = 0.3693 | obj = 0.5923 | cls = 0.0303 | lr = 0.000064
epoch 018 | step 0480 | total = 2.4943 | box = 0.3727 | obj = 0.5988 | cls = 0.0319 | lr = 0.000064
[epoch 018 train] total = 2.4459 | box = 0.3655 | obj = 0.5874 | cls = 0.0310 | batches = 485 | time = 194.3s
[epoch 018 val] total = 2.6508 | box = 0.3848 | obj = 0.6865 | cls = 0.0402 | batches = 43 | time = 14.3s
epoch 019 | step 0001 | total = 2.4084 | box = 0.3603 | obj = 0.5755 | cls = 0.0313 | lr = 0.000034
epoch 019 | step 0020 | total = 2.4364 | box = 0.3625 | obj = 0.5924 | cls = 0.0317 | lr = 0.000034
epoch 019 | step 0040 | total = 2.2499 | box = 0.3259 | obj = 0.5870 | cls = 0.0335 | lr = 0.000034
epoch 019 | step 0060 | total = 2.4049 | box = 0.3584 | obj = 0.5821 | cls = 0.0307 | lr = 0.000034
epoch 019 | step 0080 | total = 2.4894 | box = 0.3739 | obj = 0.5893 | cls = 0.0306 | lr = 0.000034
epoch 019 | step 0100 | total = 2.4054 | box = 0.3597 | obj = 0.5763 | cls = 0.0307 | lr = 0.000034
epoch 019 | step 0120 | total = 2.2877 | box = 0.3336 | obj = 0.5875 | cls = 0.0322 | lr = 0.000034
epoch 019 | step 0140 | total = 2.2716 | box = 0.3343 | obj = 0.5690 | cls = 0.0311 | lr = 0.000034
epoch 019 | step 0160 | total = 2.2926 | box = 0.3349 | obj = 0.5862 | cls = 0.0318 | lr = 0.000034
epoch 019 | step 0180 | total = 2.3209 | box = 0.3436 | obj = 0.5714 | cls = 0.0315 | lr = 0.000034
epoch 019 | step 0200 | total = 2.4135 | box = 0.3583 | obj = 0.5921 | cls = 0.0300 | lr = 0.000034
epoch 019 | step 0220 | total = 2.3046 | box = 0.3381 | obj = 0.5826 | cls = 0.0316 | lr = 0.000034
epoch 019 | step 0240 | total = 2.2986 | box = 0.3381 | obj = 0.5757 | cls = 0.0325 | lr = 0.000034
epoch 019 | step 0260 | total = 2.3343 | box = 0.3432 | obj = 0.5863 | cls = 0.0318 | lr = 0.000034
epoch 019 | step 0280 | total = 2.6090 | box = 0.3965 | obj = 0.5976 | cls = 0.0292 | lr = 0.000034
epoch 019 | step 0300 | total = 2.2777 | box = 0.3357 | obj = 0.5681 | cls = 0.0311 | lr = 0.000034
epoch 019 | step 0320 | total = 2.4270 | box = 0.3649 | obj = 0.5711 | cls = 0.0313 | lr = 0.000034
epoch 019 | step 0340 | total = 2.4266 | box = 0.3596 | obj = 0.5975 | cls = 0.0311 | lr = 0.000034
epoch 019 | step 0360 | total = 2.4733 | box = 0.3716 | obj = 0.5842 | cls = 0.0310 | lr = 0.000034
epoch 019 | step 0380 | total = 2.2691 | box = 0.3298 | obj = 0.5869 | cls = 0.0334 | lr = 0.000034
epoch 019 | step 0400 | total = 2.4453 | box = 0.3657 | obj = 0.5855 | cls = 0.0312 | lr = 0.000034
epoch 019 | step 0420 | total = 2.5303 | box = 0.3820 | obj = 0.5892 | cls = 0.0311 | lr = 0.000034
epoch 019 | step 0440 | total = 2.3805 | box = 0.3530 | obj = 0.5850 | cls = 0.0307 | lr = 0.000034
epoch 019 | step 0460 | total = 2.4206 | box = 0.3606 | obj = 0.5855 | cls = 0.0319 | lr = 0.000034
epoch 019 | step 0480 | total = 2.2884 | box = 0.3361 | obj = 0.5752 | cls = 0.0326 | lr = 0.000034
[epoch 019 train] total = 2.4003 | box = 0.3576 | obj = 0.5813 | cls = 0.0312 | batches = 485 | time = 194.6s
[epoch 019 val] total = 2.6557 | box = 0.3847 | obj = 0.6916 | cls = 0.0404 | batches = 43 | time = 15.3s
epoch 020 | step 0001 | total = 2.3793 | box = 0.3577 | obj = 0.5608 | cls = 0.0299 | lr = 0.000016
epoch 020 | step 0020 | total = 2.2253 | box = 0.3250 | obj = 0.5665 | cls = 0.0337 | lr = 0.000016
epoch 020 | step 0040 | total = 2.4094 | box = 0.3565 | obj = 0.5952 | cls = 0.0318 | lr = 0.000016
epoch 020 | step 0060 | total = 2.3780 | box = 0.3539 | obj = 0.5783 | cls = 0.0304 | lr = 0.000016
epoch 020 | step 0080 | total = 2.2187 | box = 0.3244 | obj = 0.5637 | cls = 0.0330 | lr = 0.000016
epoch 020 | step 0100 | total = 2.3981 | box = 0.3599 | obj = 0.5671 | cls = 0.0314 | lr = 0.000016
epoch 020 | step 0120 | total = 2.0920 | box = 0.2978 | obj = 0.5692 | cls = 0.0338 | lr = 0.000016
epoch 020 | step 0140 | total = 2.2934 | box = 0.3393 | obj = 0.5659 | cls = 0.0308 | lr = 0.000016
epoch 020 | step 0160 | total = 2.3444 | box = 0.3463 | obj = 0.5816 | cls = 0.0315 | lr = 0.000016
epoch 020 | step 0180 | total = 2.4255 | box = 0.3615 | obj = 0.5862 | cls = 0.0315 | lr = 0.000016
epoch 020 | step 0200 | total = 2.4452 | box = 0.3643 | obj = 0.5931 | cls = 0.0304 | lr = 0.000016
epoch 020 | step 0220 | total = 2.2876 | box = 0.3364 | obj = 0.5728 | cls = 0.0330 | lr = 0.000016
epoch 020 | step 0240 | total = 2.4657 | box = 0.3673 | obj = 0.5989 | cls = 0.0305 | lr = 0.000016
epoch 020 | step 0260 | total = 2.4306 | box = 0.3660 | obj = 0.5697 | cls = 0.0312 | lr = 0.000016
epoch 020 | step 0280 | total = 2.2666 | box = 0.3345 | obj = 0.5617 | cls = 0.0324 | lr = 0.000016
epoch 020 | step 0300 | total = 2.3304 | box = 0.3454 | obj = 0.5723 | cls = 0.0312 | lr = 0.000016
epoch 020 | step 0320 | total = 2.4782 | box = 0.3744 | obj = 0.5764 | cls = 0.0297 | lr = 0.000016
epoch 020 | step 0340 | total = 2.1945 | box = 0.3158 | obj = 0.5813 | cls = 0.0344 | lr = 0.000016
epoch 020 | step 0360 | total = 2.4547 | box = 0.3693 | obj = 0.5771 | cls = 0.0309 | lr = 0.000016
epoch 020 | step 0380 | total = 2.3165 | box = 0.3410 | obj = 0.5803 | cls = 0.0310 | lr = 0.000016
epoch 020 | step 0400 | total = 2.4014 | box = 0.3587 | obj = 0.5763 | cls = 0.0316 | lr = 0.000016
epoch 020 | step 0420 | total = 2.2724 | box = 0.3345 | obj = 0.5675 | cls = 0.0325 | lr = 0.000016
epoch 020 | step 0440 | total = 2.3811 | box = 0.3535 | obj = 0.5829 | cls = 0.0306 | lr = 0.000016
epoch 020 | step 0460 | total = 2.4140 | box = 0.3613 | obj = 0.5766 | cls = 0.0309 | lr = 0.000016
epoch 020 | step 0480 | total = 2.3207 | box = 0.3438 | obj = 0.5706 | cls = 0.0313 | lr = 0.000016
[epoch 020 train] total = 2.3717 | box = 0.3526 | obj = 0.5775 | cls = 0.0313 | batches = 485 | time = 201.3s
[epoch 020 val] total = 2.6692 | box = 0.3862 | obj = 0.6978 | cls = 0.0402 | batches = 43 | time = 15.4s
training status: completed
result summary: logs/records/deep_residual_three_box_qualitycls_20260420_001813/result.txt
