starting yolov0 training
run id: deep_residual_three_box_v5box_softobj_clamp_20260419_171735
device: cuda
train dataset length: 124004
val dataset length: 10823
model output shape: (1, 10, 10, 255)
parameter total: 26560607
parameter trainable: 26560607
gpu count: 8
tensorboard dir: runs/deep_residual_three_box_v5box_softobj_clamp_20260419_171735
output dir: outputs/deep_residual_three_box_v5box_softobj_clamp_20260419_171735
epoch 001 | step 0001 | total = 6.3842 | box = 0.9177 | obj = 1.0716 | cls = 0.7240 | lr = 0.001000
epoch 001 | step 0020 | total = 4.9385 | box = 0.7200 | obj = 0.9370 | cls = 0.4013 | lr = 0.001000
epoch 001 | step 0040 | total = 4.5362 | box = 0.6920 | obj = 0.9184 | cls = 0.1577 | lr = 0.001000
epoch 001 | step 0060 | total = 4.5404 | box = 0.7116 | obj = 0.9063 | cls = 0.0761 | lr = 0.001000
epoch 001 | step 0080 | total = 4.4668 | box = 0.6997 | obj = 0.9033 | cls = 0.0649 | lr = 0.001000
epoch 001 | step 0100 | total = 4.4185 | box = 0.6909 | obj = 0.9016 | cls = 0.0624 | lr = 0.001000
epoch 001 | step 0120 | total = 4.4108 | box = 0.6923 | obj = 0.8905 | cls = 0.0590 | lr = 0.001000
epoch 001 | step 0140 | total = 4.3236 | box = 0.6739 | obj = 0.8961 | cls = 0.0579 | lr = 0.001000
epoch 001 | step 0160 | total = 4.3349 | box = 0.6761 | obj = 0.8967 | cls = 0.0575 | lr = 0.001000
epoch 001 | step 0180 | total = 4.2350 | box = 0.6602 | obj = 0.8786 | cls = 0.0555 | lr = 0.001000
epoch 001 | step 0200 | total = 4.2406 | box = 0.6591 | obj = 0.8882 | cls = 0.0569 | lr = 0.001000
epoch 001 | step 0220 | total = 4.1663 | box = 0.6467 | obj = 0.8790 | cls = 0.0539 | lr = 0.001000
epoch 001 | step 0240 | total = 4.2315 | box = 0.6612 | obj = 0.8714 | cls = 0.0543 | lr = 0.001000
epoch 001 | step 0260 | total = 4.1355 | box = 0.6423 | obj = 0.8712 | cls = 0.0530 | lr = 0.001000
epoch 001 | step 0280 | total = 4.1707 | box = 0.6498 | obj = 0.8664 | cls = 0.0552 | lr = 0.001000
epoch 001 | step 0300 | total = 4.1926 | box = 0.6538 | obj = 0.8686 | cls = 0.0550 | lr = 0.001000
epoch 001 | step 0320 | total = 4.1382 | box = 0.6446 | obj = 0.8615 | cls = 0.0534 | lr = 0.001000
epoch 001 | step 0340 | total = 4.1794 | box = 0.6534 | obj = 0.8599 | cls = 0.0527 | lr = 0.001000
epoch 001 | step 0360 | total = 4.1823 | box = 0.6526 | obj = 0.8640 | cls = 0.0555 | lr = 0.001000
epoch 001 | step 0380 | total = 4.0348 | box = 0.6241 | obj = 0.8607 | cls = 0.0535 | lr = 0.001000
epoch 001 | step 0400 | total = 3.9669 | box = 0.6109 | obj = 0.8584 | cls = 0.0542 | lr = 0.001000
epoch 001 | step 0420 | total = 4.1297 | box = 0.6456 | obj = 0.8488 | cls = 0.0528 | lr = 0.001000
epoch 001 | step 0440 | total = 4.1341 | box = 0.6445 | obj = 0.8589 | cls = 0.0528 | lr = 0.001000
epoch 001 | step 0460 | total = 4.0287 | box = 0.6248 | obj = 0.8521 | cls = 0.0527 | lr = 0.001000
epoch 001 | step 0480 | total = 4.0751 | box = 0.6359 | obj = 0.8411 | cls = 0.0543 | lr = 0.001000
[epoch 001 train] total = 4.2906 | box = 0.6646 | obj = 0.8813 | cls = 0.0863 | batches = 485 | time = 218.6s
[epoch 001 val] total = 3.5675 | box = 0.5329 | obj = 0.8417 | cls = 0.0612 | batches = 43 | time = 20.2s
epoch 002 | step 0001 | total = 3.8648 | box = 0.5919 | obj = 0.8522 | cls = 0.0533 | lr = 0.000994
epoch 002 | step 0020 | total = 3.9838 | box = 0.6168 | obj = 0.8468 | cls = 0.0532 | lr = 0.000994
epoch 002 | step 0040 | total = 3.9274 | box = 0.6071 | obj = 0.8395 | cls = 0.0525 | lr = 0.000994
epoch 002 | step 0060 | total = 4.0895 | box = 0.6396 | obj = 0.8399 | cls = 0.0519 | lr = 0.000994
epoch 002 | step 0080 | total = 4.0314 | box = 0.6289 | obj = 0.8350 | cls = 0.0521 | lr = 0.000994
epoch 002 | step 0100 | total = 3.9166 | box = 0.6051 | obj = 0.8372 | cls = 0.0538 | lr = 0.000994
epoch 002 | step 0120 | total = 3.8472 | box = 0.5920 | obj = 0.8342 | cls = 0.0531 | lr = 0.000994
epoch 002 | step 0140 | total = 3.8656 | box = 0.5948 | obj = 0.8386 | cls = 0.0530 | lr = 0.000994
epoch 002 | step 0160 | total = 3.9237 | box = 0.6085 | obj = 0.8291 | cls = 0.0522 | lr = 0.000994
epoch 002 | step 0180 | total = 3.9168 | box = 0.6070 | obj = 0.8293 | cls = 0.0526 | lr = 0.000994
epoch 002 | step 0200 | total = 3.9084 | box = 0.6053 | obj = 0.8300 | cls = 0.0518 | lr = 0.000994
epoch 002 | step 0220 | total = 3.7354 | box = 0.5710 | obj = 0.8287 | cls = 0.0519 | lr = 0.000994
epoch 002 | step 0240 | total = 3.8826 | box = 0.6018 | obj = 0.8230 | cls = 0.0503 | lr = 0.000994
epoch 002 | step 0260 | total = 3.8864 | box = 0.6033 | obj = 0.8199 | cls = 0.0500 | lr = 0.000994
epoch 002 | step 0280 | total = 3.9218 | box = 0.6086 | obj = 0.8265 | cls = 0.0525 | lr = 0.000994
epoch 002 | step 0300 | total = 3.7382 | box = 0.5694 | obj = 0.8374 | cls = 0.0536 | lr = 0.000994
epoch 002 | step 0320 | total = 3.7811 | box = 0.5808 | obj = 0.8242 | cls = 0.0530 | lr = 0.000994
epoch 002 | step 0340 | total = 3.8729 | box = 0.5999 | obj = 0.8237 | cls = 0.0498 | lr = 0.000994
epoch 002 | step 0360 | total = 3.7606 | box = 0.5766 | obj = 0.8254 | cls = 0.0521 | lr = 0.000994
epoch 002 | step 0380 | total = 3.6821 | box = 0.5609 | obj = 0.8261 | cls = 0.0516 | lr = 0.000994
epoch 002 | step 0400 | total = 3.7351 | box = 0.5736 | obj = 0.8143 | cls = 0.0528 | lr = 0.000994
epoch 002 | step 0420 | total = 3.8383 | box = 0.5919 | obj = 0.8270 | cls = 0.0519 | lr = 0.000994
epoch 002 | step 0440 | total = 3.7683 | box = 0.5806 | obj = 0.8134 | cls = 0.0520 | lr = 0.000994
epoch 002 | step 0460 | total = 3.7687 | box = 0.5812 | obj = 0.8116 | cls = 0.0512 | lr = 0.000994
epoch 002 | step 0480 | total = 3.7364 | box = 0.5749 | obj = 0.8112 | cls = 0.0507 | lr = 0.000994
[epoch 002 train] total = 3.8761 | box = 0.5991 | obj = 0.8285 | cls = 0.0521 | batches = 485 | time = 193.7s
[epoch 002 val] total = 3.2892 | box = 0.4853 | obj = 0.8015 | cls = 0.0611 | batches = 43 | time = 14.2s
epoch 003 | step 0001 | total = 3.8542 | box = 0.5963 | obj = 0.8196 | cls = 0.0530 | lr = 0.000976
epoch 003 | step 0020 | total = 3.7585 | box = 0.5786 | obj = 0.8144 | cls = 0.0510 | lr = 0.000976
epoch 003 | step 0040 | total = 3.7477 | box = 0.5783 | obj = 0.8061 | cls = 0.0500 | lr = 0.000976
epoch 003 | step 0060 | total = 3.5878 | box = 0.5449 | obj = 0.8130 | cls = 0.0503 | lr = 0.000976
epoch 003 | step 0080 | total = 3.8001 | box = 0.5880 | obj = 0.8102 | cls = 0.0496 | lr = 0.000976
epoch 003 | step 0100 | total = 3.8210 | box = 0.5927 | obj = 0.8068 | cls = 0.0508 | lr = 0.000976
epoch 003 | step 0120 | total = 3.7993 | box = 0.5869 | obj = 0.8141 | cls = 0.0507 | lr = 0.000976
epoch 003 | step 0140 | total = 3.7971 | box = 0.5867 | obj = 0.8133 | cls = 0.0503 | lr = 0.000976
epoch 003 | step 0160 | total = 3.7907 | box = 0.5856 | obj = 0.8134 | cls = 0.0494 | lr = 0.000976
epoch 003 | step 0180 | total = 3.6608 | box = 0.5617 | obj = 0.8015 | cls = 0.0509 | lr = 0.000976
epoch 003 | step 0200 | total = 3.7148 | box = 0.5715 | obj = 0.8064 | cls = 0.0509 | lr = 0.000976
epoch 003 | step 0220 | total = 3.7054 | box = 0.5709 | obj = 0.8010 | cls = 0.0496 | lr = 0.000976
epoch 003 | step 0240 | total = 3.6165 | box = 0.5532 | obj = 0.7998 | cls = 0.0506 | lr = 0.000976
epoch 003 | step 0260 | total = 3.5845 | box = 0.5465 | obj = 0.8019 | cls = 0.0503 | lr = 0.000976
epoch 003 | step 0280 | total = 3.6993 | box = 0.5688 | obj = 0.8050 | cls = 0.0506 | lr = 0.000976
epoch 003 | step 0300 | total = 3.6609 | box = 0.5633 | obj = 0.7927 | cls = 0.0518 | lr = 0.000976
epoch 003 | step 0320 | total = 3.6837 | box = 0.5668 | obj = 0.7987 | cls = 0.0508 | lr = 0.000976
epoch 003 | step 0340 | total = 3.4634 | box = 0.5226 | obj = 0.7995 | cls = 0.0507 | lr = 0.000976
epoch 003 | step 0360 | total = 3.7001 | box = 0.5701 | obj = 0.7989 | cls = 0.0506 | lr = 0.000976
epoch 003 | step 0380 | total = 3.5224 | box = 0.5343 | obj = 0.8007 | cls = 0.0502 | lr = 0.000976
epoch 003 | step 0400 | total = 3.7057 | box = 0.5721 | obj = 0.7951 | cls = 0.0500 | lr = 0.000976
epoch 003 | step 0420 | total = 3.6759 | box = 0.5664 | obj = 0.7931 | cls = 0.0506 | lr = 0.000976
epoch 003 | step 0440 | total = 3.5782 | box = 0.5453 | obj = 0.8010 | cls = 0.0505 | lr = 0.000976
epoch 003 | step 0460 | total = 3.5774 | box = 0.5477 | obj = 0.7882 | cls = 0.0507 | lr = 0.000976
epoch 003 | step 0480 | total = 3.5403 | box = 0.5390 | obj = 0.7945 | cls = 0.0511 | lr = 0.000976
[epoch 003 train] total = 3.6699 | box = 0.5632 | obj = 0.8033 | cls = 0.0506 | batches = 485 | time = 190.8s
[epoch 003 val] total = 3.1364 | box = 0.4597 | obj = 0.7770 | cls = 0.0608 | batches = 43 | time = 14.5s
epoch 004 | step 0001 | total = 3.5078 | box = 0.5345 | obj = 0.7853 | cls = 0.0501 | lr = 0.000946
epoch 004 | step 0020 | total = 3.6609 | box = 0.5641 | obj = 0.7896 | cls = 0.0510 | lr = 0.000946
epoch 004 | step 0040 | total = 3.4892 | box = 0.5293 | obj = 0.7920 | cls = 0.0505 | lr = 0.000946
epoch 004 | step 0060 | total = 3.4277 | box = 0.5202 | obj = 0.7779 | cls = 0.0490 | lr = 0.000946
epoch 004 | step 0080 | total = 3.4875 | box = 0.5287 | obj = 0.7920 | cls = 0.0521 | lr = 0.000946
epoch 004 | step 0100 | total = 3.5543 | box = 0.5437 | obj = 0.7857 | cls = 0.0499 | lr = 0.000946
epoch 004 | step 0120 | total = 3.5595 | box = 0.5452 | obj = 0.7836 | cls = 0.0500 | lr = 0.000946
epoch 004 | step 0140 | total = 3.6808 | box = 0.5670 | obj = 0.7941 | cls = 0.0517 | lr = 0.000946
epoch 004 | step 0160 | total = 3.4877 | box = 0.5308 | obj = 0.7847 | cls = 0.0491 | lr = 0.000946
epoch 004 | step 0180 | total = 3.5329 | box = 0.5392 | obj = 0.7862 | cls = 0.0507 | lr = 0.000946
epoch 004 | step 0200 | total = 3.5087 | box = 0.5364 | obj = 0.7794 | cls = 0.0476 | lr = 0.000946
epoch 004 | step 0220 | total = 3.8053 | box = 0.5869 | obj = 0.8194 | cls = 0.0513 | lr = 0.000946
epoch 004 | step 0240 | total = 3.6461 | box = 0.5605 | obj = 0.7952 | cls = 0.0482 | lr = 0.000946
epoch 004 | step 0260 | total = 3.5880 | box = 0.5498 | obj = 0.7901 | cls = 0.0489 | lr = 0.000946
epoch 004 | step 0280 | total = 3.4949 | box = 0.5325 | obj = 0.7831 | cls = 0.0493 | lr = 0.000946
epoch 004 | step 0300 | total = 3.4908 | box = 0.5280 | obj = 0.8022 | cls = 0.0485 | lr = 0.000946
epoch 004 | step 0320 | total = 3.4878 | box = 0.5317 | obj = 0.7788 | cls = 0.0505 | lr = 0.000946
epoch 004 | step 0340 | total = 3.5017 | box = 0.5306 | obj = 0.7980 | cls = 0.0508 | lr = 0.000946
epoch 004 | step 0360 | total = 3.5936 | box = 0.5478 | obj = 0.8041 | cls = 0.0506 | lr = 0.000946
epoch 004 | step 0380 | total = 3.6531 | box = 0.5634 | obj = 0.7881 | cls = 0.0481 | lr = 0.000946
epoch 004 | step 0400 | total = 3.5469 | box = 0.5438 | obj = 0.7776 | cls = 0.0506 | lr = 0.000946
epoch 004 | step 0420 | total = 3.6115 | box = 0.5544 | obj = 0.7911 | cls = 0.0484 | lr = 0.000946
epoch 004 | step 0440 | total = 3.5761 | box = 0.5494 | obj = 0.7793 | cls = 0.0496 | lr = 0.000946
epoch 004 | step 0460 | total = 3.4978 | box = 0.5346 | obj = 0.7761 | cls = 0.0485 | lr = 0.000946
epoch 004 | step 0480 | total = 3.4697 | box = 0.5272 | obj = 0.7843 | cls = 0.0494 | lr = 0.000946
[epoch 004 train] total = 3.5396 | box = 0.5407 | obj = 0.7865 | cls = 0.0494 | batches = 485 | time = 199.3s
[epoch 004 val] total = 3.0662 | box = 0.4483 | obj = 0.7642 | cls = 0.0605 | batches = 43 | time = 14.2s
epoch 005 | step 0001 | total = 3.4758 | box = 0.5277 | obj = 0.7870 | cls = 0.0505 | lr = 0.000905
epoch 005 | step 0020 | total = 3.3925 | box = 0.5136 | obj = 0.7770 | cls = 0.0474 | lr = 0.000905
epoch 005 | step 0040 | total = 3.5127 | box = 0.5353 | obj = 0.7871 | cls = 0.0491 | lr = 0.000905
epoch 005 | step 0060 | total = 3.4654 | box = 0.5273 | obj = 0.7796 | cls = 0.0490 | lr = 0.000905
epoch 005 | step 0080 | total = 3.3046 | box = 0.4984 | obj = 0.7649 | cls = 0.0479 | lr = 0.000905
epoch 005 | step 0100 | total = 3.5495 | box = 0.5440 | obj = 0.7796 | cls = 0.0498 | lr = 0.000905
epoch 005 | step 0120 | total = 3.4645 | box = 0.5273 | obj = 0.7792 | cls = 0.0487 | lr = 0.000905
epoch 005 | step 0140 | total = 3.4759 | box = 0.5309 | obj = 0.7731 | cls = 0.0485 | lr = 0.000905
epoch 005 | step 0160 | total = 3.3906 | box = 0.5144 | obj = 0.7704 | cls = 0.0484 | lr = 0.000905
epoch 005 | step 0180 | total = 3.3688 | box = 0.5103 | obj = 0.7693 | cls = 0.0478 | lr = 0.000905
epoch 005 | step 0200 | total = 3.4330 | box = 0.5233 | obj = 0.7701 | cls = 0.0467 | lr = 0.000905
epoch 005 | step 0220 | total = 3.4662 | box = 0.5285 | obj = 0.7767 | cls = 0.0470 | lr = 0.000905
epoch 005 | step 0240 | total = 3.5498 | box = 0.5420 | obj = 0.7921 | cls = 0.0476 | lr = 0.000905
epoch 005 | step 0260 | total = 3.3157 | box = 0.4997 | obj = 0.7686 | cls = 0.0485 | lr = 0.000905
epoch 005 | step 0280 | total = 3.3506 | box = 0.5063 | obj = 0.7707 | cls = 0.0485 | lr = 0.000905
epoch 005 | step 0300 | total = 3.3357 | box = 0.5037 | obj = 0.7702 | cls = 0.0470 | lr = 0.000905
epoch 005 | step 0320 | total = 3.4438 | box = 0.5248 | obj = 0.7699 | cls = 0.0499 | lr = 0.000905
epoch 005 | step 0340 | total = 3.5924 | box = 0.5519 | obj = 0.7842 | cls = 0.0488 | lr = 0.000905
epoch 005 | step 0360 | total = 3.5202 | box = 0.5404 | obj = 0.7709 | cls = 0.0475 | lr = 0.000905
epoch 005 | step 0380 | total = 3.4728 | box = 0.5297 | obj = 0.7744 | cls = 0.0499 | lr = 0.000905
epoch 005 | step 0400 | total = 3.3592 | box = 0.5050 | obj = 0.7828 | cls = 0.0513 | lr = 0.000905
epoch 005 | step 0420 | total = 3.3192 | box = 0.4996 | obj = 0.7760 | cls = 0.0451 | lr = 0.000905
epoch 005 | step 0440 | total = 3.4813 | box = 0.5323 | obj = 0.7701 | cls = 0.0495 | lr = 0.000905
epoch 005 | step 0460 | total = 3.3293 | box = 0.5021 | obj = 0.7699 | cls = 0.0490 | lr = 0.000905
epoch 005 | step 0480 | total = 3.4911 | box = 0.5366 | obj = 0.7625 | cls = 0.0459 | lr = 0.000905
[epoch 005 train] total = 3.4451 | box = 0.5245 | obj = 0.7744 | cls = 0.0484 | batches = 485 | time = 202.6s
[epoch 005 val] total = 2.9478 | box = 0.4281 | obj = 0.7477 | cls = 0.0596 | batches = 43 | time = 14.2s
epoch 006 | step 0001 | total = 3.4340 | box = 0.5232 | obj = 0.7687 | cls = 0.0494 | lr = 0.000855
epoch 006 | step 0020 | total = 3.4504 | box = 0.5272 | obj = 0.7684 | cls = 0.0461 | lr = 0.000855
epoch 006 | step 0040 | total = 3.2636 | box = 0.4899 | obj = 0.7656 | cls = 0.0487 | lr = 0.000855
epoch 006 | step 0060 | total = 3.5126 | box = 0.5387 | obj = 0.7715 | cls = 0.0477 | lr = 0.000855
epoch 006 | step 0080 | total = 3.5104 | box = 0.5395 | obj = 0.7649 | cls = 0.0480 | lr = 0.000855
epoch 006 | step 0100 | total = 3.4156 | box = 0.5235 | obj = 0.7499 | cls = 0.0483 | lr = 0.000855
epoch 006 | step 0120 | total = 3.3352 | box = 0.5056 | obj = 0.7591 | cls = 0.0479 | lr = 0.000855
epoch 006 | step 0140 | total = 3.4478 | box = 0.5289 | obj = 0.7578 | cls = 0.0454 | lr = 0.000855
epoch 006 | step 0160 | total = 3.1649 | box = 0.4703 | obj = 0.7655 | cls = 0.0478 | lr = 0.000855
epoch 006 | step 0180 | total = 3.3693 | box = 0.5109 | obj = 0.7658 | cls = 0.0490 | lr = 0.000855
epoch 006 | step 0200 | total = 3.4546 | box = 0.5284 | obj = 0.7631 | cls = 0.0495 | lr = 0.000855
epoch 006 | step 0220 | total = 3.3530 | box = 0.5088 | obj = 0.7617 | cls = 0.0473 | lr = 0.000855
epoch 006 | step 0240 | total = 3.3254 | box = 0.5038 | obj = 0.7612 | cls = 0.0454 | lr = 0.000855
epoch 006 | step 0260 | total = 3.3652 | box = 0.5109 | obj = 0.7628 | cls = 0.0482 | lr = 0.000855
epoch 006 | step 0280 | total = 3.4464 | box = 0.5273 | obj = 0.7630 | cls = 0.0470 | lr = 0.000855
epoch 006 | step 0300 | total = 3.3141 | box = 0.4999 | obj = 0.7650 | cls = 0.0497 | lr = 0.000855
epoch 006 | step 0320 | total = 3.3844 | box = 0.5109 | obj = 0.7834 | cls = 0.0464 | lr = 0.000855
epoch 006 | step 0340 | total = 3.3182 | box = 0.5030 | obj = 0.7553 | cls = 0.0480 | lr = 0.000855
epoch 006 | step 0360 | total = 3.3023 | box = 0.4988 | obj = 0.7611 | cls = 0.0473 | lr = 0.000855
epoch 006 | step 0380 | total = 3.4311 | box = 0.5247 | obj = 0.7622 | cls = 0.0455 | lr = 0.000855
epoch 006 | step 0400 | total = 3.2967 | box = 0.4993 | obj = 0.7532 | cls = 0.0468 | lr = 0.000855
epoch 006 | step 0420 | total = 3.3623 | box = 0.5115 | obj = 0.7569 | cls = 0.0478 | lr = 0.000855
epoch 006 | step 0440 | total = 3.3693 | box = 0.5118 | obj = 0.7629 | cls = 0.0474 | lr = 0.000855
epoch 006 | step 0460 | total = 3.2818 | box = 0.4969 | obj = 0.7503 | cls = 0.0470 | lr = 0.000855
epoch 006 | step 0480 | total = 3.3583 | box = 0.5086 | obj = 0.7679 | cls = 0.0474 | lr = 0.000855
[epoch 006 train] total = 3.3653 | box = 0.5109 | obj = 0.7635 | cls = 0.0475 | batches = 485 | time = 196.3s
[epoch 006 val] total = 2.8907 | box = 0.4185 | obj = 0.7399 | cls = 0.0583 | batches = 43 | time = 14.1s
epoch 007 | step 0001 | total = 3.2840 | box = 0.4923 | obj = 0.7737 | cls = 0.0488 | lr = 0.000796
epoch 007 | step 0020 | total = 3.3443 | box = 0.5095 | obj = 0.7505 | cls = 0.0465 | lr = 0.000796
epoch 007 | step 0040 | total = 3.1851 | box = 0.4792 | obj = 0.7421 | cls = 0.0470 | lr = 0.000796
epoch 007 | step 0060 | total = 3.2525 | box = 0.4926 | obj = 0.7429 | cls = 0.0465 | lr = 0.000796
epoch 007 | step 0080 | total = 3.3075 | box = 0.5010 | obj = 0.7556 | cls = 0.0470 | lr = 0.000796
epoch 007 | step 0100 | total = 3.3611 | box = 0.5114 | obj = 0.7581 | cls = 0.0458 | lr = 0.000796
epoch 007 | step 0120 | total = 3.2966 | box = 0.4992 | obj = 0.7518 | cls = 0.0489 | lr = 0.000796
epoch 007 | step 0140 | total = 3.2912 | box = 0.4963 | obj = 0.7639 | cls = 0.0455 | lr = 0.000796
epoch 007 | step 0160 | total = 3.2896 | box = 0.4961 | obj = 0.7610 | cls = 0.0480 | lr = 0.000796
epoch 007 | step 0180 | total = 3.2054 | box = 0.4827 | obj = 0.7444 | cls = 0.0474 | lr = 0.000796
epoch 007 | step 0200 | total = 3.3991 | box = 0.5190 | obj = 0.7583 | cls = 0.0458 | lr = 0.000796
epoch 007 | step 0220 | total = 3.4320 | box = 0.5269 | obj = 0.7535 | cls = 0.0440 | lr = 0.000796
epoch 007 | step 0240 | total = 3.3170 | box = 0.5025 | obj = 0.7590 | cls = 0.0457 | lr = 0.000796
epoch 007 | step 0260 | total = 3.4582 | box = 0.5286 | obj = 0.7678 | cls = 0.0476 | lr = 0.000796
epoch 007 | step 0280 | total = 3.2842 | box = 0.4954 | obj = 0.7606 | cls = 0.0465 | lr = 0.000796
epoch 007 | step 0300 | total = 3.3425 | box = 0.5056 | obj = 0.7662 | cls = 0.0483 | lr = 0.000796
epoch 007 | step 0320 | total = 3.3989 | box = 0.5194 | obj = 0.7558 | cls = 0.0460 | lr = 0.000796
epoch 007 | step 0340 | total = 3.3422 | box = 0.5054 | obj = 0.7684 | cls = 0.0468 | lr = 0.000796
epoch 007 | step 0360 | total = 3.3283 | box = 0.5051 | obj = 0.7550 | cls = 0.0476 | lr = 0.000796
epoch 007 | step 0380 | total = 3.3720 | box = 0.5146 | obj = 0.7527 | cls = 0.0464 | lr = 0.000796
epoch 007 | step 0400 | total = 3.2303 | box = 0.4876 | obj = 0.7461 | cls = 0.0462 | lr = 0.000796
epoch 007 | step 0420 | total = 3.1321 | box = 0.4655 | obj = 0.7579 | cls = 0.0466 | lr = 0.000796
epoch 007 | step 0440 | total = 3.4164 | box = 0.5230 | obj = 0.7551 | cls = 0.0463 | lr = 0.000796
epoch 007 | step 0460 | total = 3.3225 | box = 0.5060 | obj = 0.7461 | cls = 0.0463 | lr = 0.000796
epoch 007 | step 0480 | total = 3.3243 | box = 0.5043 | obj = 0.7563 | cls = 0.0463 | lr = 0.000796
[epoch 007 train] total = 3.2962 | box = 0.4991 | obj = 0.7539 | cls = 0.0467 | batches = 485 | time = 207.6s
[epoch 007 val] total = 2.8560 | box = 0.4146 | obj = 0.7244 | cls = 0.0587 | batches = 43 | time = 13.9s
epoch 008 | step 0001 | total = 2.9998 | box = 0.4457 | obj = 0.7254 | cls = 0.0461 | lr = 0.000730
epoch 008 | step 0020 | total = 3.2550 | box = 0.4954 | obj = 0.7336 | cls = 0.0446 | lr = 0.000730
epoch 008 | step 0040 | total = 3.1266 | box = 0.4665 | obj = 0.7468 | cls = 0.0473 | lr = 0.000730
epoch 008 | step 0060 | total = 3.2116 | box = 0.4825 | obj = 0.7521 | cls = 0.0468 | lr = 0.000730
epoch 008 | step 0080 | total = 3.1828 | box = 0.4811 | obj = 0.7323 | cls = 0.0450 | lr = 0.000730
epoch 008 | step 0100 | total = 3.2405 | box = 0.4897 | obj = 0.7448 | cls = 0.0471 | lr = 0.000730
epoch 008 | step 0120 | total = 3.2838 | box = 0.4994 | obj = 0.7421 | cls = 0.0448 | lr = 0.000730
epoch 008 | step 0140 | total = 3.1348 | box = 0.4694 | obj = 0.7420 | cls = 0.0456 | lr = 0.000730
epoch 008 | step 0160 | total = 3.2936 | box = 0.4995 | obj = 0.7499 | cls = 0.0462 | lr = 0.000730
epoch 008 | step 0180 | total = 3.1706 | box = 0.4779 | obj = 0.7368 | cls = 0.0444 | lr = 0.000730
epoch 008 | step 0200 | total = 3.3633 | box = 0.5139 | obj = 0.7482 | cls = 0.0457 | lr = 0.000730
epoch 008 | step 0220 | total = 3.2303 | box = 0.4860 | obj = 0.7532 | cls = 0.0471 | lr = 0.000730
epoch 008 | step 0240 | total = 3.2779 | box = 0.4998 | obj = 0.7356 | cls = 0.0435 | lr = 0.000730
epoch 008 | step 0260 | total = 3.2102 | box = 0.4837 | obj = 0.7463 | cls = 0.0454 | lr = 0.000730
epoch 008 | step 0280 | total = 3.3174 | box = 0.5030 | obj = 0.7554 | cls = 0.0467 | lr = 0.000730
epoch 008 | step 0300 | total = 3.3437 | box = 0.5103 | obj = 0.7452 | cls = 0.0469 | lr = 0.000730
epoch 008 | step 0320 | total = 3.4021 | box = 0.5216 | obj = 0.7473 | cls = 0.0468 | lr = 0.000730
epoch 008 | step 0340 | total = 3.1536 | box = 0.4742 | obj = 0.7360 | cls = 0.0463 | lr = 0.000730
epoch 008 | step 0360 | total = 3.2871 | box = 0.4980 | obj = 0.7523 | cls = 0.0447 | lr = 0.000730
epoch 008 | step 0380 | total = 3.1622 | box = 0.4770 | obj = 0.7313 | cls = 0.0459 | lr = 0.000730
epoch 008 | step 0400 | total = 3.1491 | box = 0.4735 | obj = 0.7355 | cls = 0.0460 | lr = 0.000730
epoch 008 | step 0420 | total = 3.1902 | box = 0.4816 | obj = 0.7370 | cls = 0.0453 | lr = 0.000730
epoch 008 | step 0440 | total = 3.2490 | box = 0.4871 | obj = 0.7668 | cls = 0.0466 | lr = 0.000730
epoch 008 | step 0460 | total = 3.2644 | box = 0.4932 | obj = 0.7500 | cls = 0.0482 | lr = 0.000730
epoch 008 | step 0480 | total = 3.1842 | box = 0.4787 | obj = 0.7444 | cls = 0.0464 | lr = 0.000730
[epoch 008 train] total = 3.2300 | box = 0.4879 | obj = 0.7444 | cls = 0.0458 | batches = 485 | time = 198.0s
[epoch 008 val] total = 2.8135 | box = 0.4073 | obj = 0.7191 | cls = 0.0581 | batches = 43 | time = 14.5s
epoch 009 | step 0001 | total = 3.1054 | box = 0.4644 | obj = 0.7357 | cls = 0.0476 | lr = 0.000658
epoch 009 | step 0020 | total = 3.1832 | box = 0.4791 | obj = 0.7429 | cls = 0.0450 | lr = 0.000658
epoch 009 | step 0040 | total = 3.1623 | box = 0.4744 | obj = 0.7438 | cls = 0.0462 | lr = 0.000658
epoch 009 | step 0060 | total = 3.3568 | box = 0.5141 | obj = 0.7405 | cls = 0.0458 | lr = 0.000658
epoch 009 | step 0080 | total = 3.2632 | box = 0.4946 | obj = 0.7459 | cls = 0.0443 | lr = 0.000658
epoch 009 | step 0100 | total = 3.1127 | box = 0.4703 | obj = 0.7179 | cls = 0.0432 | lr = 0.000658
epoch 009 | step 0120 | total = 3.2355 | box = 0.4905 | obj = 0.7374 | cls = 0.0458 | lr = 0.000658
epoch 009 | step 0140 | total = 3.2048 | box = 0.4837 | obj = 0.7413 | cls = 0.0452 | lr = 0.000658
epoch 009 | step 0160 | total = 3.1714 | box = 0.4793 | obj = 0.7312 | cls = 0.0436 | lr = 0.000658
epoch 009 | step 0180 | total = 3.1300 | box = 0.4696 | obj = 0.7349 | cls = 0.0473 | lr = 0.000658
epoch 009 | step 0200 | total = 3.2108 | box = 0.4831 | obj = 0.7478 | cls = 0.0474 | lr = 0.000658
epoch 009 | step 0220 | total = 3.1912 | box = 0.4809 | obj = 0.7415 | cls = 0.0453 | lr = 0.000658
epoch 009 | step 0240 | total = 3.0474 | box = 0.4524 | obj = 0.7396 | cls = 0.0457 | lr = 0.000658
epoch 009 | step 0260 | total = 3.0400 | box = 0.4530 | obj = 0.7292 | cls = 0.0457 | lr = 0.000658
epoch 009 | step 0280 | total = 3.1804 | box = 0.4792 | obj = 0.7386 | cls = 0.0459 | lr = 0.000658
epoch 009 | step 0300 | total = 3.1316 | box = 0.4700 | obj = 0.7355 | cls = 0.0461 | lr = 0.000658
epoch 009 | step 0320 | total = 3.2456 | box = 0.4936 | obj = 0.7332 | cls = 0.0442 | lr = 0.000658
epoch 009 | step 0340 | total = 3.1528 | box = 0.4759 | obj = 0.7257 | cls = 0.0474 | lr = 0.000658
epoch 009 | step 0360 | total = 3.2514 | box = 0.4944 | obj = 0.7342 | cls = 0.0451 | lr = 0.000658
epoch 009 | step 0380 | total = 3.1943 | box = 0.4827 | obj = 0.7359 | cls = 0.0447 | lr = 0.000658
epoch 009 | step 0400 | total = 3.1457 | box = 0.4724 | obj = 0.7399 | cls = 0.0440 | lr = 0.000658
epoch 009 | step 0420 | total = 3.2209 | box = 0.4888 | obj = 0.7335 | cls = 0.0434 | lr = 0.000658
epoch 009 | step 0440 | total = 3.1501 | box = 0.4731 | obj = 0.7386 | cls = 0.0459 | lr = 0.000658
epoch 009 | step 0460 | total = 3.1463 | box = 0.4742 | obj = 0.7308 | cls = 0.0446 | lr = 0.000658
epoch 009 | step 0480 | total = 3.1778 | box = 0.4780 | obj = 0.7416 | cls = 0.0461 | lr = 0.000658
[epoch 009 train] total = 3.1678 | box = 0.4774 | obj = 0.7357 | cls = 0.0451 | batches = 485 | time = 192.7s
[epoch 009 val] total = 2.7687 | box = 0.3998 | obj = 0.7118 | cls = 0.0580 | batches = 43 | time = 15.3s
epoch 010 | step 0001 | total = 3.0864 | box = 0.4615 | obj = 0.7340 | cls = 0.0451 | lr = 0.000582
epoch 010 | step 0020 | total = 3.0631 | box = 0.4596 | obj = 0.7206 | cls = 0.0443 | lr = 0.000582
epoch 010 | step 0040 | total = 3.0592 | box = 0.4578 | obj = 0.7254 | cls = 0.0446 | lr = 0.000582
epoch 010 | step 0060 | total = 3.0615 | box = 0.4562 | obj = 0.7360 | cls = 0.0447 | lr = 0.000582
epoch 010 | step 0080 | total = 3.0250 | box = 0.4500 | obj = 0.7273 | cls = 0.0475 | lr = 0.000582
epoch 010 | step 0100 | total = 2.9704 | box = 0.4390 | obj = 0.7305 | cls = 0.0451 | lr = 0.000582
epoch 010 | step 0120 | total = 3.1665 | box = 0.4762 | obj = 0.7392 | cls = 0.0460 | lr = 0.000582
epoch 010 | step 0140 | total = 3.0789 | box = 0.4615 | obj = 0.7271 | cls = 0.0441 | lr = 0.000582
epoch 010 | step 0160 | total = 3.0710 | box = 0.4609 | obj = 0.7215 | cls = 0.0450 | lr = 0.000582
epoch 010 | step 0180 | total = 3.1521 | box = 0.4757 | obj = 0.7286 | cls = 0.0449 | lr = 0.000582
epoch 010 | step 0200 | total = 3.0946 | box = 0.4636 | obj = 0.7316 | cls = 0.0453 | lr = 0.000582
epoch 010 | step 0220 | total = 3.1377 | box = 0.4717 | obj = 0.7349 | cls = 0.0445 | lr = 0.000582
epoch 010 | step 0240 | total = 3.1503 | box = 0.4756 | obj = 0.7282 | cls = 0.0440 | lr = 0.000582
epoch 010 | step 0260 | total = 3.0390 | box = 0.4551 | obj = 0.7184 | cls = 0.0448 | lr = 0.000582
epoch 010 | step 0280 | total = 3.0609 | box = 0.4604 | obj = 0.7127 | cls = 0.0459 | lr = 0.000582
epoch 010 | step 0300 | total = 3.1028 | box = 0.4663 | obj = 0.7263 | cls = 0.0449 | lr = 0.000582
epoch 010 | step 0320 | total = 3.0820 | box = 0.4609 | obj = 0.7331 | cls = 0.0444 | lr = 0.000582
epoch 010 | step 0340 | total = 3.0509 | box = 0.4557 | obj = 0.7254 | cls = 0.0467 | lr = 0.000582
epoch 010 | step 0360 | total = 2.9733 | box = 0.4391 | obj = 0.7331 | cls = 0.0448 | lr = 0.000582
epoch 010 | step 0380 | total = 3.0622 | box = 0.4580 | obj = 0.7288 | cls = 0.0433 | lr = 0.000582
epoch 010 | step 0400 | total = 3.0942 | box = 0.4641 | obj = 0.7295 | cls = 0.0442 | lr = 0.000582
epoch 010 | step 0420 | total = 3.1618 | box = 0.4781 | obj = 0.7268 | cls = 0.0447 | lr = 0.000582
epoch 010 | step 0440 | total = 3.0391 | box = 0.4548 | obj = 0.7206 | cls = 0.0446 | lr = 0.000582
epoch 010 | step 0460 | total = 3.2017 | box = 0.4872 | obj = 0.7217 | cls = 0.0442 | lr = 0.000582
epoch 010 | step 0480 | total = 3.0925 | box = 0.4646 | obj = 0.7261 | cls = 0.0434 | lr = 0.000582
[epoch 010 train] total = 3.1034 | box = 0.4665 | obj = 0.7264 | cls = 0.0444 | batches = 485 | time = 197.6s
[epoch 010 val] total = 2.7561 | box = 0.3977 | obj = 0.7099 | cls = 0.0578 | batches = 43 | time = 14.9s
epoch 011 | step 0001 | total = 3.0329 | box = 0.4534 | obj = 0.7205 | cls = 0.0453 | lr = 0.000505
epoch 011 | step 0020 | total = 3.1892 | box = 0.4856 | obj = 0.7183 | cls = 0.0430 | lr = 0.000505
epoch 011 | step 0040 | total = 3.1341 | box = 0.4753 | obj = 0.7155 | cls = 0.0422 | lr = 0.000505
epoch 011 | step 0060 | total = 2.9869 | box = 0.4452 | obj = 0.7168 | cls = 0.0441 | lr = 0.000505
epoch 011 | step 0080 | total = 3.1391 | box = 0.4750 | obj = 0.7194 | cls = 0.0446 | lr = 0.000505
epoch 011 | step 0100 | total = 3.1335 | box = 0.4753 | obj = 0.7159 | cls = 0.0412 | lr = 0.000505
epoch 011 | step 0120 | total = 3.0736 | box = 0.4626 | obj = 0.7161 | cls = 0.0447 | lr = 0.000505
epoch 011 | step 0140 | total = 2.9832 | box = 0.4457 | obj = 0.7114 | cls = 0.0436 | lr = 0.000505
epoch 011 | step 0160 | total = 3.0112 | box = 0.4520 | obj = 0.7105 | cls = 0.0407 | lr = 0.000505
epoch 011 | step 0180 | total = 2.9450 | box = 0.4380 | obj = 0.7115 | cls = 0.0435 | lr = 0.000505
epoch 011 | step 0200 | total = 3.0632 | box = 0.4576 | obj = 0.7306 | cls = 0.0449 | lr = 0.000505
epoch 011 | step 0220 | total = 3.1694 | box = 0.4796 | obj = 0.7292 | cls = 0.0423 | lr = 0.000505
epoch 011 | step 0240 | total = 2.9655 | box = 0.4400 | obj = 0.7217 | cls = 0.0440 | lr = 0.000505
epoch 011 | step 0260 | total = 2.9921 | box = 0.4445 | obj = 0.7267 | cls = 0.0427 | lr = 0.000505
epoch 011 | step 0280 | total = 3.1632 | box = 0.4797 | obj = 0.7214 | cls = 0.0431 | lr = 0.000505
epoch 011 | step 0300 | total = 3.0322 | box = 0.4542 | obj = 0.7165 | cls = 0.0446 | lr = 0.000505
epoch 011 | step 0320 | total = 2.9809 | box = 0.4439 | obj = 0.7167 | cls = 0.0448 | lr = 0.000505
epoch 011 | step 0340 | total = 3.0124 | box = 0.4517 | obj = 0.7097 | cls = 0.0443 | lr = 0.000505
epoch 011 | step 0360 | total = 2.9560 | box = 0.4403 | obj = 0.7115 | cls = 0.0431 | lr = 0.000505
epoch 011 | step 0380 | total = 3.1490 | box = 0.4764 | obj = 0.7210 | cls = 0.0458 | lr = 0.000505
epoch 011 | step 0400 | total = 3.1814 | box = 0.4802 | obj = 0.7353 | cls = 0.0450 | lr = 0.000505
epoch 011 | step 0420 | total = 3.0753 | box = 0.4643 | obj = 0.7118 | cls = 0.0422 | lr = 0.000505
epoch 011 | step 0440 | total = 3.1817 | box = 0.4830 | obj = 0.7240 | cls = 0.0426 | lr = 0.000505
epoch 011 | step 0460 | total = 3.0014 | box = 0.4505 | obj = 0.7047 | cls = 0.0441 | lr = 0.000505
epoch 011 | step 0480 | total = 3.0604 | box = 0.4608 | obj = 0.7121 | cls = 0.0442 | lr = 0.000505
[epoch 011 train] total = 3.0362 | box = 0.4551 | obj = 0.7168 | cls = 0.0438 | batches = 485 | time = 199.7s
[epoch 011 val] total = 2.7146 | box = 0.3914 | obj = 0.7008 | cls = 0.0568 | batches = 43 | time = 15.5s
epoch 012 | step 0001 | total = 3.1036 | box = 0.4681 | obj = 0.7186 | cls = 0.0445 | lr = 0.000428
epoch 012 | step 0020 | total = 2.9105 | box = 0.4333 | obj = 0.7022 | cls = 0.0417 | lr = 0.000428
epoch 012 | step 0040 | total = 2.9927 | box = 0.4464 | obj = 0.7190 | cls = 0.0417 | lr = 0.000428
epoch 012 | step 0060 | total = 3.0772 | box = 0.4646 | obj = 0.7123 | cls = 0.0418 | lr = 0.000428
epoch 012 | step 0080 | total = 3.0390 | box = 0.4568 | obj = 0.7120 | cls = 0.0431 | lr = 0.000428
epoch 012 | step 0100 | total = 2.9674 | box = 0.4449 | obj = 0.6989 | cls = 0.0440 | lr = 0.000428
epoch 012 | step 0120 | total = 3.0244 | box = 0.4542 | obj = 0.7111 | cls = 0.0421 | lr = 0.000428
epoch 012 | step 0140 | total = 3.0679 | box = 0.4617 | obj = 0.7158 | cls = 0.0434 | lr = 0.000428
epoch 012 | step 0160 | total = 2.9669 | box = 0.4448 | obj = 0.6992 | cls = 0.0435 | lr = 0.000428
epoch 012 | step 0180 | total = 2.8551 | box = 0.4207 | obj = 0.7095 | cls = 0.0422 | lr = 0.000428
epoch 012 | step 0200 | total = 3.0496 | box = 0.4603 | obj = 0.7036 | cls = 0.0444 | lr = 0.000428
epoch 012 | step 0220 | total = 3.0201 | box = 0.4524 | obj = 0.7146 | cls = 0.0436 | lr = 0.000428
epoch 012 | step 0240 | total = 2.9235 | box = 0.4345 | obj = 0.7081 | cls = 0.0428 | lr = 0.000428
epoch 012 | step 0260 | total = 2.8186 | box = 0.4134 | obj = 0.7066 | cls = 0.0449 | lr = 0.000428
epoch 012 | step 0280 | total = 2.8931 | box = 0.4287 | obj = 0.7074 | cls = 0.0422 | lr = 0.000428
epoch 012 | step 0300 | total = 2.9745 | box = 0.4438 | obj = 0.7131 | cls = 0.0423 | lr = 0.000428
epoch 012 | step 0320 | total = 3.0359 | box = 0.4576 | obj = 0.7051 | cls = 0.0430 | lr = 0.000428
epoch 012 | step 0340 | total = 3.0395 | box = 0.4591 | obj = 0.7006 | cls = 0.0434 | lr = 0.000428
epoch 012 | step 0360 | total = 3.0147 | box = 0.4518 | obj = 0.7128 | cls = 0.0428 | lr = 0.000428
epoch 012 | step 0380 | total = 2.9613 | box = 0.4434 | obj = 0.7024 | cls = 0.0421 | lr = 0.000428
epoch 012 | step 0400 | total = 2.8643 | box = 0.4218 | obj = 0.7112 | cls = 0.0439 | lr = 0.000428
epoch 012 | step 0420 | total = 3.0361 | box = 0.4577 | obj = 0.7048 | cls = 0.0429 | lr = 0.000428
epoch 012 | step 0440 | total = 2.9858 | box = 0.4463 | obj = 0.7121 | cls = 0.0423 | lr = 0.000428
epoch 012 | step 0460 | total = 3.0333 | box = 0.4559 | obj = 0.7100 | cls = 0.0436 | lr = 0.000428
epoch 012 | step 0480 | total = 3.0496 | box = 0.4591 | obj = 0.7114 | cls = 0.0428 | lr = 0.000428
[epoch 012 train] total = 2.9660 | box = 0.4433 | obj = 0.7065 | cls = 0.0432 | batches = 485 | time = 198.0s
[epoch 012 val] total = 2.7040 | box = 0.3892 | obj = 0.7007 | cls = 0.0575 | batches = 43 | time = 15.3s
epoch 013 | step 0001 | total = 2.7947 | box = 0.4106 | obj = 0.6983 | cls = 0.0435 | lr = 0.000352
epoch 013 | step 0020 | total = 2.8691 | box = 0.4263 | obj = 0.6952 | cls = 0.0424 | lr = 0.000352
epoch 013 | step 0040 | total = 2.9081 | box = 0.4322 | obj = 0.7049 | cls = 0.0420 | lr = 0.000352
epoch 013 | step 0060 | total = 3.0111 | box = 0.4521 | obj = 0.7082 | cls = 0.0424 | lr = 0.000352
epoch 013 | step 0080 | total = 2.9344 | box = 0.4381 | obj = 0.7005 | cls = 0.0436 | lr = 0.000352
epoch 013 | step 0100 | total = 2.8339 | box = 0.4201 | obj = 0.6908 | cls = 0.0427 | lr = 0.000352
epoch 013 | step 0120 | total = 2.9224 | box = 0.4374 | obj = 0.6936 | cls = 0.0416 | lr = 0.000352
epoch 013 | step 0140 | total = 2.8921 | box = 0.4315 | obj = 0.6928 | cls = 0.0417 | lr = 0.000352
epoch 013 | step 0160 | total = 2.8536 | box = 0.4250 | obj = 0.6861 | cls = 0.0427 | lr = 0.000352
epoch 013 | step 0180 | total = 2.9157 | box = 0.4325 | obj = 0.7105 | cls = 0.0426 | lr = 0.000352
epoch 013 | step 0200 | total = 2.8879 | box = 0.4315 | obj = 0.6882 | cls = 0.0420 | lr = 0.000352
epoch 013 | step 0220 | total = 2.9071 | box = 0.4338 | obj = 0.6963 | cls = 0.0417 | lr = 0.000352
epoch 013 | step 0240 | total = 2.8996 | box = 0.4331 | obj = 0.6914 | cls = 0.0426 | lr = 0.000352
epoch 013 | step 0260 | total = 2.9941 | box = 0.4476 | obj = 0.7135 | cls = 0.0425 | lr = 0.000352
epoch 013 | step 0280 | total = 2.9675 | box = 0.4429 | obj = 0.7102 | cls = 0.0426 | lr = 0.000352
epoch 013 | step 0300 | total = 2.7723 | box = 0.4092 | obj = 0.6826 | cls = 0.0435 | lr = 0.000352
epoch 013 | step 0320 | total = 2.7910 | box = 0.4114 | obj = 0.6894 | cls = 0.0447 | lr = 0.000352
epoch 013 | step 0340 | total = 2.9687 | box = 0.4456 | obj = 0.6978 | cls = 0.0428 | lr = 0.000352
epoch 013 | step 0360 | total = 2.9275 | box = 0.4377 | obj = 0.6949 | cls = 0.0444 | lr = 0.000352
epoch 013 | step 0380 | total = 2.8919 | box = 0.4311 | obj = 0.6942 | cls = 0.0421 | lr = 0.000352
epoch 013 | step 0400 | total = 3.0572 | box = 0.4626 | obj = 0.7019 | cls = 0.0421 | lr = 0.000352
epoch 013 | step 0420 | total = 2.9125 | box = 0.4372 | obj = 0.6847 | cls = 0.0416 | lr = 0.000352
epoch 013 | step 0440 | total = 2.8432 | box = 0.4216 | obj = 0.6938 | cls = 0.0414 | lr = 0.000352
epoch 013 | step 0460 | total = 2.8377 | box = 0.4211 | obj = 0.6900 | cls = 0.0425 | lr = 0.000352
epoch 013 | step 0480 | total = 2.9274 | box = 0.4392 | obj = 0.6896 | cls = 0.0420 | lr = 0.000352
[epoch 013 train] total = 2.8900 | box = 0.4305 | obj = 0.6950 | cls = 0.0427 | batches = 485 | time = 196.0s
[epoch 013 val] total = 2.7026 | box = 0.3891 | obj = 0.6995 | cls = 0.0574 | batches = 43 | time = 14.8s
epoch 014 | step 0001 | total = 2.7832 | box = 0.4104 | obj = 0.6894 | cls = 0.0416 | lr = 0.000280
epoch 014 | step 0020 | total = 2.6831 | box = 0.3938 | obj = 0.6711 | cls = 0.0429 | lr = 0.000280
epoch 014 | step 0040 | total = 2.9965 | box = 0.4514 | obj = 0.6967 | cls = 0.0427 | lr = 0.000280
epoch 014 | step 0060 | total = 2.8538 | box = 0.4243 | obj = 0.6908 | cls = 0.0413 | lr = 0.000280
epoch 014 | step 0080 | total = 2.6816 | box = 0.3906 | obj = 0.6840 | cls = 0.0444 | lr = 0.000280
epoch 014 | step 0100 | total = 2.8747 | box = 0.4294 | obj = 0.6847 | cls = 0.0429 | lr = 0.000280
epoch 014 | step 0120 | total = 2.7549 | box = 0.4053 | obj = 0.6850 | cls = 0.0432 | lr = 0.000280
epoch 014 | step 0140 | total = 2.7799 | box = 0.4100 | obj = 0.6898 | cls = 0.0402 | lr = 0.000280
epoch 014 | step 0160 | total = 2.7330 | box = 0.4034 | obj = 0.6741 | cls = 0.0421 | lr = 0.000280
epoch 014 | step 0180 | total = 2.6815 | box = 0.3919 | obj = 0.6784 | cls = 0.0435 | lr = 0.000280
epoch 014 | step 0200 | total = 2.8261 | box = 0.4225 | obj = 0.6738 | cls = 0.0399 | lr = 0.000280
epoch 014 | step 0220 | total = 2.7859 | box = 0.4142 | obj = 0.6730 | cls = 0.0421 | lr = 0.000280
epoch 014 | step 0240 | total = 2.8262 | box = 0.4203 | obj = 0.6819 | cls = 0.0429 | lr = 0.000280
epoch 014 | step 0260 | total = 2.8490 | box = 0.4250 | obj = 0.6827 | cls = 0.0415 | lr = 0.000280
epoch 014 | step 0280 | total = 2.8362 | box = 0.4230 | obj = 0.6782 | cls = 0.0429 | lr = 0.000280
epoch 014 | step 0300 | total = 2.8154 | box = 0.4175 | obj = 0.6857 | cls = 0.0424 | lr = 0.000280
epoch 014 | step 0320 | total = 2.7993 | box = 0.4154 | obj = 0.6808 | cls = 0.0417 | lr = 0.000280
epoch 014 | step 0340 | total = 2.8411 | box = 0.4230 | obj = 0.6841 | cls = 0.0422 | lr = 0.000280
epoch 014 | step 0360 | total = 2.6727 | box = 0.3930 | obj = 0.6654 | cls = 0.0424 | lr = 0.000280
epoch 014 | step 0380 | total = 2.8672 | box = 0.4284 | obj = 0.6829 | cls = 0.0421 | lr = 0.000280
epoch 014 | step 0400 | total = 2.9190 | box = 0.4363 | obj = 0.6951 | cls = 0.0425 | lr = 0.000280
epoch 014 | step 0420 | total = 2.8076 | box = 0.4168 | obj = 0.6813 | cls = 0.0423 | lr = 0.000280
epoch 014 | step 0440 | total = 2.8202 | box = 0.4212 | obj = 0.6709 | cls = 0.0435 | lr = 0.000280
epoch 014 | step 0460 | total = 2.9102 | box = 0.4339 | obj = 0.6974 | cls = 0.0434 | lr = 0.000280
epoch 014 | step 0480 | total = 2.7157 | box = 0.3998 | obj = 0.6758 | cls = 0.0409 | lr = 0.000280
[epoch 014 train] total = 2.8117 | box = 0.4173 | obj = 0.6830 | cls = 0.0423 | batches = 485 | time = 196.6s
[epoch 014 val] total = 2.6784 | box = 0.3851 | obj = 0.6956 | cls = 0.0571 | batches = 43 | time = 14.3s
epoch 015 | step 0001 | total = 2.6237 | box = 0.3833 | obj = 0.6649 | cls = 0.0425 | lr = 0.000214
epoch 015 | step 0020 | total = 2.7020 | box = 0.3973 | obj = 0.6730 | cls = 0.0426 | lr = 0.000214
epoch 015 | step 0040 | total = 2.6380 | box = 0.3867 | obj = 0.6631 | cls = 0.0415 | lr = 0.000214
epoch 015 | step 0060 | total = 2.7384 | box = 0.4033 | obj = 0.6789 | cls = 0.0432 | lr = 0.000214
epoch 015 | step 0080 | total = 2.7780 | box = 0.4123 | obj = 0.6751 | cls = 0.0414 | lr = 0.000214
epoch 015 | step 0100 | total = 2.7542 | box = 0.4077 | obj = 0.6748 | cls = 0.0408 | lr = 0.000214
epoch 015 | step 0120 | total = 2.7901 | box = 0.4148 | obj = 0.6763 | cls = 0.0398 | lr = 0.000214
epoch 015 | step 0140 | total = 2.6793 | box = 0.3929 | obj = 0.6738 | cls = 0.0411 | lr = 0.000214
epoch 015 | step 0160 | total = 2.6775 | box = 0.3898 | obj = 0.6859 | cls = 0.0428 | lr = 0.000214
epoch 015 | step 0180 | total = 2.7586 | box = 0.4073 | obj = 0.6796 | cls = 0.0426 | lr = 0.000214
epoch 015 | step 0200 | total = 2.7191 | box = 0.4008 | obj = 0.6733 | cls = 0.0418 | lr = 0.000214
epoch 015 | step 0220 | total = 2.7175 | box = 0.4029 | obj = 0.6604 | cls = 0.0425 | lr = 0.000214
epoch 015 | step 0240 | total = 2.7377 | box = 0.4035 | obj = 0.6791 | cls = 0.0410 | lr = 0.000214
epoch 015 | step 0260 | total = 2.6890 | box = 0.3965 | obj = 0.6656 | cls = 0.0406 | lr = 0.000214
epoch 015 | step 0280 | total = 2.6678 | box = 0.3908 | obj = 0.6711 | cls = 0.0425 | lr = 0.000214
epoch 015 | step 0300 | total = 2.8242 | box = 0.4198 | obj = 0.6836 | cls = 0.0416 | lr = 0.000214
epoch 015 | step 0320 | total = 2.7367 | box = 0.4061 | obj = 0.6655 | cls = 0.0408 | lr = 0.000214
epoch 015 | step 0340 | total = 2.7021 | box = 0.3978 | obj = 0.6707 | cls = 0.0424 | lr = 0.000214
epoch 015 | step 0360 | total = 2.7911 | box = 0.4151 | obj = 0.6717 | cls = 0.0438 | lr = 0.000214
epoch 015 | step 0380 | total = 2.7518 | box = 0.4070 | obj = 0.6744 | cls = 0.0425 | lr = 0.000214
epoch 015 | step 0400 | total = 2.6998 | box = 0.3968 | obj = 0.6727 | cls = 0.0431 | lr = 0.000214
epoch 015 | step 0420 | total = 2.8428 | box = 0.4249 | obj = 0.6767 | cls = 0.0415 | lr = 0.000214
epoch 015 | step 0440 | total = 2.7201 | box = 0.4021 | obj = 0.6676 | cls = 0.0418 | lr = 0.000214
epoch 015 | step 0460 | total = 2.7542 | box = 0.4080 | obj = 0.6747 | cls = 0.0393 | lr = 0.000214
epoch 015 | step 0480 | total = 2.6435 | box = 0.3875 | obj = 0.6661 | cls = 0.0398 | lr = 0.000214
[epoch 015 train] total = 2.7305 | box = 0.4036 | obj = 0.6703 | cls = 0.0420 | batches = 485 | time = 198.5s
[epoch 015 val] total = 2.6799 | box = 0.3842 | obj = 0.7016 | cls = 0.0572 | batches = 43 | time = 14.6s
epoch 016 | step 0001 | total = 2.5459 | box = 0.3711 | obj = 0.6486 | cls = 0.0418 | lr = 0.000155
epoch 016 | step 0020 | total = 2.4954 | box = 0.3627 | obj = 0.6423 | cls = 0.0398 | lr = 0.000155
epoch 016 | step 0040 | total = 2.6075 | box = 0.3822 | obj = 0.6569 | cls = 0.0396 | lr = 0.000155
epoch 016 | step 0060 | total = 2.7278 | box = 0.4050 | obj = 0.6616 | cls = 0.0410 | lr = 0.000155
epoch 016 | step 0080 | total = 2.6073 | box = 0.3819 | obj = 0.6565 | cls = 0.0414 | lr = 0.000155
epoch 016 | step 0100 | total = 2.5809 | box = 0.3783 | obj = 0.6489 | cls = 0.0406 | lr = 0.000155
epoch 016 | step 0120 | total = 2.7317 | box = 0.4031 | obj = 0.6729 | cls = 0.0432 | lr = 0.000155
epoch 016 | step 0140 | total = 2.6535 | box = 0.3906 | obj = 0.6578 | cls = 0.0425 | lr = 0.000155
epoch 016 | step 0160 | total = 2.6174 | box = 0.3854 | obj = 0.6457 | cls = 0.0448 | lr = 0.000155
epoch 016 | step 0180 | total = 2.7800 | box = 0.4115 | obj = 0.6810 | cls = 0.0414 | lr = 0.000155
epoch 016 | step 0200 | total = 2.6981 | box = 0.3992 | obj = 0.6590 | cls = 0.0429 | lr = 0.000155
epoch 016 | step 0220 | total = 2.5633 | box = 0.3721 | obj = 0.6604 | cls = 0.0422 | lr = 0.000155
epoch 016 | step 0240 | total = 2.6728 | box = 0.3953 | obj = 0.6555 | cls = 0.0406 | lr = 0.000155
epoch 016 | step 0260 | total = 2.6895 | box = 0.3964 | obj = 0.6664 | cls = 0.0413 | lr = 0.000155
epoch 016 | step 0280 | total = 2.7203 | box = 0.4042 | obj = 0.6573 | cls = 0.0418 | lr = 0.000155
epoch 016 | step 0300 | total = 2.5774 | box = 0.3778 | obj = 0.6469 | cls = 0.0416 | lr = 0.000155
epoch 016 | step 0320 | total = 2.8142 | box = 0.4188 | obj = 0.6768 | cls = 0.0435 | lr = 0.000155
epoch 016 | step 0340 | total = 2.7627 | box = 0.4111 | obj = 0.6660 | cls = 0.0414 | lr = 0.000155
epoch 016 | step 0360 | total = 2.6430 | box = 0.3871 | obj = 0.6649 | cls = 0.0428 | lr = 0.000155
epoch 016 | step 0380 | total = 2.6557 | box = 0.3905 | obj = 0.6597 | cls = 0.0434 | lr = 0.000155
epoch 016 | step 0400 | total = 2.7182 | box = 0.4027 | obj = 0.6617 | cls = 0.0428 | lr = 0.000155
epoch 016 | step 0420 | total = 2.4764 | box = 0.3579 | obj = 0.6457 | cls = 0.0413 | lr = 0.000155
epoch 016 | step 0440 | total = 2.7762 | box = 0.4126 | obj = 0.6723 | cls = 0.0407 | lr = 0.000155
epoch 016 | step 0460 | total = 2.7950 | box = 0.4174 | obj = 0.6674 | cls = 0.0407 | lr = 0.000155
epoch 016 | step 0480 | total = 2.6907 | box = 0.3980 | obj = 0.6582 | cls = 0.0422 | lr = 0.000155
[epoch 016 train] total = 2.6506 | box = 0.3903 | obj = 0.6576 | cls = 0.0417 | batches = 485 | time = 198.4s
[epoch 016 val] total = 2.6738 | box = 0.3825 | obj = 0.7040 | cls = 0.0575 | batches = 43 | time = 14.4s
epoch 017 | step 0001 | total = 2.6234 | box = 0.3863 | obj = 0.6489 | cls = 0.0431 | lr = 0.000105
epoch 017 | step 0020 | total = 2.6971 | box = 0.4005 | obj = 0.6535 | cls = 0.0411 | lr = 0.000105
epoch 017 | step 0040 | total = 2.6755 | box = 0.3975 | obj = 0.6475 | cls = 0.0405 | lr = 0.000105
epoch 017 | step 0060 | total = 2.5773 | box = 0.3790 | obj = 0.6422 | cls = 0.0403 | lr = 0.000105
epoch 017 | step 0080 | total = 2.5978 | box = 0.3818 | obj = 0.6490 | cls = 0.0395 | lr = 0.000105
epoch 017 | step 0100 | total = 2.3804 | box = 0.3394 | obj = 0.6407 | cls = 0.0425 | lr = 0.000105
epoch 017 | step 0120 | total = 2.6038 | box = 0.3836 | obj = 0.6438 | cls = 0.0421 | lr = 0.000105
epoch 017 | step 0140 | total = 2.3788 | box = 0.3399 | obj = 0.6358 | cls = 0.0434 | lr = 0.000105
epoch 017 | step 0160 | total = 2.5485 | box = 0.3740 | obj = 0.6356 | cls = 0.0427 | lr = 0.000105
epoch 017 | step 0180 | total = 2.5263 | box = 0.3697 | obj = 0.6356 | cls = 0.0422 | lr = 0.000105
epoch 017 | step 0200 | total = 2.6771 | box = 0.3961 | obj = 0.6532 | cls = 0.0433 | lr = 0.000105
epoch 017 | step 0220 | total = 2.5106 | box = 0.3664 | obj = 0.6369 | cls = 0.0417 | lr = 0.000105
epoch 017 | step 0240 | total = 2.6637 | box = 0.3953 | obj = 0.6467 | cls = 0.0404 | lr = 0.000105
epoch 017 | step 0260 | total = 2.4471 | box = 0.3555 | obj = 0.6295 | cls = 0.0403 | lr = 0.000105
epoch 017 | step 0280 | total = 2.5104 | box = 0.3631 | obj = 0.6522 | cls = 0.0427 | lr = 0.000105
epoch 017 | step 0300 | total = 2.6679 | box = 0.3951 | obj = 0.6514 | cls = 0.0409 | lr = 0.000105
epoch 017 | step 0320 | total = 2.7347 | box = 0.4091 | obj = 0.6489 | cls = 0.0405 | lr = 0.000105
epoch 017 | step 0340 | total = 2.5641 | box = 0.3744 | obj = 0.6513 | cls = 0.0407 | lr = 0.000105
epoch 017 | step 0360 | total = 2.6128 | box = 0.3856 | obj = 0.6455 | cls = 0.0393 | lr = 0.000105
epoch 017 | step 0380 | total = 2.5343 | box = 0.3698 | obj = 0.6432 | cls = 0.0420 | lr = 0.000105
epoch 017 | step 0400 | total = 2.5605 | box = 0.3771 | obj = 0.6349 | cls = 0.0402 | lr = 0.000105
epoch 017 | step 0420 | total = 2.5614 | box = 0.3750 | obj = 0.6454 | cls = 0.0410 | lr = 0.000105
epoch 017 | step 0440 | total = 2.5684 | box = 0.3748 | obj = 0.6540 | cls = 0.0403 | lr = 0.000105
epoch 017 | step 0460 | total = 2.5309 | box = 0.3704 | obj = 0.6366 | cls = 0.0422 | lr = 0.000105
epoch 017 | step 0480 | total = 2.5498 | box = 0.3714 | obj = 0.6502 | cls = 0.0426 | lr = 0.000105
[epoch 017 train] total = 2.5769 | box = 0.3779 | obj = 0.6457 | cls = 0.0415 | batches = 485 | time = 198.7s
[epoch 017 val] total = 2.7018 | box = 0.3846 | obj = 0.7221 | cls = 0.0569 | batches = 43 | time = 15.4s
epoch 018 | step 0001 | total = 2.5392 | box = 0.3713 | obj = 0.6402 | cls = 0.0423 | lr = 0.000064
epoch 018 | step 0020 | total = 2.6573 | box = 0.3921 | obj = 0.6560 | cls = 0.0406 | lr = 0.000064
epoch 018 | step 0040 | total = 2.3591 | box = 0.3416 | obj = 0.6091 | cls = 0.0421 | lr = 0.000064
epoch 018 | step 0060 | total = 2.5669 | box = 0.3776 | obj = 0.6384 | cls = 0.0407 | lr = 0.000064
epoch 018 | step 0080 | total = 2.4858 | box = 0.3624 | obj = 0.6320 | cls = 0.0419 | lr = 0.000064
epoch 018 | step 0100 | total = 2.5231 | box = 0.3682 | obj = 0.6425 | cls = 0.0395 | lr = 0.000064
epoch 018 | step 0120 | total = 2.4483 | box = 0.3560 | obj = 0.6269 | cls = 0.0416 | lr = 0.000064
epoch 018 | step 0140 | total = 2.4788 | box = 0.3611 | obj = 0.6311 | cls = 0.0423 | lr = 0.000064
epoch 018 | step 0160 | total = 2.4967 | box = 0.3635 | obj = 0.6380 | cls = 0.0411 | lr = 0.000064
epoch 018 | step 0180 | total = 2.5602 | box = 0.3740 | obj = 0.6486 | cls = 0.0419 | lr = 0.000064
epoch 018 | step 0200 | total = 2.6013 | box = 0.3833 | obj = 0.6436 | cls = 0.0411 | lr = 0.000064
epoch 018 | step 0220 | total = 2.4724 | box = 0.3571 | obj = 0.6432 | cls = 0.0435 | lr = 0.000064
epoch 018 | step 0240 | total = 2.4613 | box = 0.3574 | obj = 0.6321 | cls = 0.0422 | lr = 0.000064
epoch 018 | step 0260 | total = 2.5459 | box = 0.3729 | obj = 0.6414 | cls = 0.0402 | lr = 0.000064
epoch 018 | step 0280 | total = 2.5882 | box = 0.3812 | obj = 0.6389 | cls = 0.0431 | lr = 0.000064
epoch 018 | step 0300 | total = 2.6371 | box = 0.3911 | obj = 0.6398 | cls = 0.0418 | lr = 0.000064
epoch 018 | step 0320 | total = 2.5699 | box = 0.3779 | obj = 0.6406 | cls = 0.0398 | lr = 0.000064
epoch 018 | step 0340 | total = 2.6936 | box = 0.4009 | obj = 0.6485 | cls = 0.0407 | lr = 0.000064
epoch 018 | step 0360 | total = 2.5416 | box = 0.3733 | obj = 0.6336 | cls = 0.0417 | lr = 0.000064
epoch 018 | step 0380 | total = 2.5299 | box = 0.3715 | obj = 0.6304 | cls = 0.0417 | lr = 0.000064
epoch 018 | step 0400 | total = 2.5989 | box = 0.3845 | obj = 0.6384 | cls = 0.0379 | lr = 0.000064
epoch 018 | step 0420 | total = 2.5946 | box = 0.3820 | obj = 0.6434 | cls = 0.0410 | lr = 0.000064
epoch 018 | step 0440 | total = 2.5328 | box = 0.3728 | obj = 0.6282 | cls = 0.0407 | lr = 0.000064
epoch 018 | step 0460 | total = 2.5577 | box = 0.3736 | obj = 0.6494 | cls = 0.0401 | lr = 0.000064
epoch 018 | step 0480 | total = 2.5535 | box = 0.3731 | obj = 0.6449 | cls = 0.0433 | lr = 0.000064
[epoch 018 train] total = 2.5148 | box = 0.3675 | obj = 0.6357 | cls = 0.0413 | batches = 485 | time = 199.4s
[epoch 018 val] total = 2.6942 | box = 0.3832 | obj = 0.7211 | cls = 0.0572 | batches = 43 | time = 15.2s
epoch 019 | step 0001 | total = 2.4745 | box = 0.3613 | obj = 0.6262 | cls = 0.0418 | lr = 0.000034
epoch 019 | step 0020 | total = 2.4937 | box = 0.3627 | obj = 0.6373 | cls = 0.0430 | lr = 0.000034
epoch 019 | step 0040 | total = 2.3077 | box = 0.3282 | obj = 0.6234 | cls = 0.0433 | lr = 0.000034
epoch 019 | step 0060 | total = 2.4701 | box = 0.3598 | obj = 0.6304 | cls = 0.0408 | lr = 0.000034
epoch 019 | step 0080 | total = 2.5957 | box = 0.3826 | obj = 0.6416 | cls = 0.0411 | lr = 0.000034
epoch 019 | step 0100 | total = 2.4890 | box = 0.3639 | obj = 0.6293 | cls = 0.0404 | lr = 0.000034
epoch 019 | step 0120 | total = 2.3270 | box = 0.3331 | obj = 0.6188 | cls = 0.0428 | lr = 0.000034
epoch 019 | step 0140 | total = 2.3174 | box = 0.3329 | obj = 0.6132 | cls = 0.0398 | lr = 0.000034
epoch 019 | step 0160 | total = 2.3583 | box = 0.3394 | obj = 0.6208 | cls = 0.0408 | lr = 0.000034
epoch 019 | step 0180 | total = 2.3847 | box = 0.3458 | obj = 0.6144 | cls = 0.0414 | lr = 0.000034
epoch 019 | step 0200 | total = 2.4796 | box = 0.3614 | obj = 0.6326 | cls = 0.0401 | lr = 0.000034
epoch 019 | step 0220 | total = 2.3345 | box = 0.3364 | obj = 0.6121 | cls = 0.0402 | lr = 0.000034
epoch 019 | step 0240 | total = 2.3408 | box = 0.3356 | obj = 0.6206 | cls = 0.0421 | lr = 0.000034
epoch 019 | step 0260 | total = 2.3898 | box = 0.3442 | obj = 0.6272 | cls = 0.0415 | lr = 0.000034
epoch 019 | step 0280 | total = 2.6799 | box = 0.3970 | obj = 0.6541 | cls = 0.0410 | lr = 0.000034
epoch 019 | step 0300 | total = 2.3648 | box = 0.3427 | obj = 0.6116 | cls = 0.0397 | lr = 0.000034
epoch 019 | step 0320 | total = 2.4932 | box = 0.3644 | obj = 0.6295 | cls = 0.0415 | lr = 0.000034
epoch 019 | step 0340 | total = 2.5032 | box = 0.3633 | obj = 0.6458 | cls = 0.0409 | lr = 0.000034
epoch 019 | step 0360 | total = 2.5131 | box = 0.3678 | obj = 0.6323 | cls = 0.0420 | lr = 0.000034
epoch 019 | step 0380 | total = 2.3293 | box = 0.3323 | obj = 0.6255 | cls = 0.0424 | lr = 0.000034
epoch 019 | step 0400 | total = 2.5363 | box = 0.3723 | obj = 0.6330 | cls = 0.0421 | lr = 0.000034
epoch 019 | step 0420 | total = 2.6039 | box = 0.3837 | obj = 0.6419 | cls = 0.0433 | lr = 0.000034
epoch 019 | step 0440 | total = 2.4409 | box = 0.3548 | obj = 0.6257 | cls = 0.0411 | lr = 0.000034
epoch 019 | step 0460 | total = 2.5146 | box = 0.3682 | obj = 0.6314 | cls = 0.0425 | lr = 0.000034
epoch 019 | step 0480 | total = 2.3411 | box = 0.3367 | obj = 0.6156 | cls = 0.0421 | lr = 0.000034
[epoch 019 train] total = 2.4680 | box = 0.3597 | obj = 0.6285 | cls = 0.0413 | batches = 485 | time = 199.7s
[epoch 019 val] total = 2.7077 | box = 0.3842 | obj = 0.7293 | cls = 0.0572 | batches = 43 | time = 15.6s
epoch 020 | step 0001 | total = 2.4613 | box = 0.3601 | obj = 0.6217 | cls = 0.0391 | lr = 0.000016
epoch 020 | step 0020 | total = 2.2856 | box = 0.3270 | obj = 0.6082 | cls = 0.0425 | lr = 0.000016
epoch 020 | step 0040 | total = 2.4872 | box = 0.3614 | obj = 0.6389 | cls = 0.0415 | lr = 0.000016
epoch 020 | step 0060 | total = 2.4325 | box = 0.3532 | obj = 0.6271 | cls = 0.0395 | lr = 0.000016
epoch 020 | step 0080 | total = 2.2636 | box = 0.3240 | obj = 0.6016 | cls = 0.0421 | lr = 0.000016
epoch 020 | step 0100 | total = 2.4510 | box = 0.3589 | obj = 0.6145 | cls = 0.0420 | lr = 0.000016
epoch 020 | step 0120 | total = 2.1001 | box = 0.2944 | obj = 0.5869 | cls = 0.0414 | lr = 0.000016
epoch 020 | step 0140 | total = 2.3716 | box = 0.3438 | obj = 0.6126 | cls = 0.0401 | lr = 0.000016
epoch 020 | step 0160 | total = 2.3851 | box = 0.3446 | obj = 0.6215 | cls = 0.0404 | lr = 0.000016
epoch 020 | step 0180 | total = 2.5012 | box = 0.3664 | obj = 0.6269 | cls = 0.0420 | lr = 0.000016
epoch 020 | step 0200 | total = 2.4809 | box = 0.3613 | obj = 0.6336 | cls = 0.0406 | lr = 0.000016
epoch 020 | step 0220 | total = 2.3415 | box = 0.3376 | obj = 0.6102 | cls = 0.0434 | lr = 0.000016
epoch 020 | step 0240 | total = 2.5236 | box = 0.3671 | obj = 0.6467 | cls = 0.0415 | lr = 0.000016
epoch 020 | step 0260 | total = 2.4981 | box = 0.3671 | obj = 0.6210 | cls = 0.0417 | lr = 0.000016
epoch 020 | step 0280 | total = 2.3215 | box = 0.3348 | obj = 0.6068 | cls = 0.0406 | lr = 0.000016
epoch 020 | step 0300 | total = 2.4181 | box = 0.3508 | obj = 0.6238 | cls = 0.0401 | lr = 0.000016
epoch 020 | step 0320 | total = 2.5483 | box = 0.3747 | obj = 0.6346 | cls = 0.0404 | lr = 0.000016
epoch 020 | step 0340 | total = 2.2483 | box = 0.3179 | obj = 0.6153 | cls = 0.0434 | lr = 0.000016
epoch 020 | step 0360 | total = 2.5317 | box = 0.3720 | obj = 0.6298 | cls = 0.0417 | lr = 0.000016
epoch 020 | step 0380 | total = 2.3910 | box = 0.3456 | obj = 0.6233 | cls = 0.0399 | lr = 0.000016
epoch 020 | step 0400 | total = 2.4445 | box = 0.3554 | obj = 0.6255 | cls = 0.0419 | lr = 0.000016
epoch 020 | step 0420 | total = 2.3212 | box = 0.3345 | obj = 0.6072 | cls = 0.0416 | lr = 0.000016
epoch 020 | step 0440 | total = 2.4524 | box = 0.3571 | obj = 0.6268 | cls = 0.0402 | lr = 0.000016
epoch 020 | step 0460 | total = 2.4747 | box = 0.3624 | obj = 0.6214 | cls = 0.0415 | lr = 0.000016
epoch 020 | step 0480 | total = 2.3932 | box = 0.3461 | obj = 0.6214 | cls = 0.0413 | lr = 0.000016
[epoch 020 train] total = 2.4390 | box = 0.3547 | obj = 0.6241 | cls = 0.0413 | batches = 485 | time = 201.0s
[epoch 020 val] total = 2.7237 | box = 0.3857 | obj = 0.7382 | cls = 0.0571 | batches = 43 | time = 15.6s
training status: completed
result summary: logs/records/deep_residual_three_box_v5box_softobj_clamp_20260419_171735/result.txt
