starting yolov0 training
run id: deep_residual_three_box_dynamicassign_varifocal_20260424_110543
device: cuda
train dataset length: 124004
val dataset length: 10823
model output shape: (1, 10, 10, 255)
parameter total: 28921951
parameter trainable: 28921951
gpu count: 8
tensorboard dir: runs/deep_residual_three_box_dynamicassign_varifocal_20260424_110543
output dir: outputs/deep_residual_three_box_dynamicassign_varifocal_20260424_110543
epoch 001 | step 0001 | total = 8.9530 | box = 0.7588 | obj = 1.1235 | cls = 4.0353 | lr = 0.001000
epoch 001 | step 0020 | total = 4.5234 | box = 0.6811 | obj = 0.8382 | cls = 0.2795 | lr = 0.001000
epoch 001 | step 0040 | total = 4.0922 | box = 0.6429 | obj = 0.8424 | cls = 0.0354 | lr = 0.001000
epoch 001 | step 0060 | total = 4.1531 | box = 0.6659 | obj = 0.8040 | cls = 0.0197 | lr = 0.001000
epoch 001 | step 0080 | total = 4.1483 | box = 0.6664 | obj = 0.8001 | cls = 0.0162 | lr = 0.001000
epoch 001 | step 0100 | total = 4.0544 | box = 0.6419 | obj = 0.8292 | cls = 0.0156 | lr = 0.001000
epoch 001 | step 0120 | total = 4.0743 | box = 0.6466 | obj = 0.8266 | cls = 0.0148 | lr = 0.001000
epoch 001 | step 0140 | total = 4.0367 | box = 0.6432 | obj = 0.8065 | cls = 0.0144 | lr = 0.001000
epoch 001 | step 0160 | total = 3.9666 | box = 0.6264 | obj = 0.8195 | cls = 0.0149 | lr = 0.001000
epoch 001 | step 0180 | total = 3.9425 | box = 0.6229 | obj = 0.8144 | cls = 0.0137 | lr = 0.001000
epoch 001 | step 0200 | total = 3.8362 | box = 0.5984 | obj = 0.8301 | cls = 0.0140 | lr = 0.001000
epoch 001 | step 0220 | total = 3.9045 | box = 0.6129 | obj = 0.8272 | cls = 0.0128 | lr = 0.001000
epoch 001 | step 0240 | total = 3.9813 | box = 0.6335 | obj = 0.8020 | cls = 0.0118 | lr = 0.001000
epoch 001 | step 0260 | total = 3.8533 | box = 0.6055 | obj = 0.8132 | cls = 0.0123 | lr = 0.001000
epoch 001 | step 0280 | total = 3.8737 | box = 0.6090 | obj = 0.8167 | cls = 0.0119 | lr = 0.001000
epoch 001 | step 0300 | total = 3.8441 | box = 0.6047 | obj = 0.8082 | cls = 0.0124 | lr = 0.001000
epoch 001 | step 0320 | total = 3.8137 | box = 0.5966 | obj = 0.8189 | cls = 0.0120 | lr = 0.001000
epoch 001 | step 0340 | total = 3.8300 | box = 0.6012 | obj = 0.8119 | cls = 0.0120 | lr = 0.001000
epoch 001 | step 0360 | total = 3.8259 | box = 0.6030 | obj = 0.7995 | cls = 0.0116 | lr = 0.001000
epoch 001 | step 0380 | total = 3.7960 | box = 0.5952 | obj = 0.8080 | cls = 0.0118 | lr = 0.001000
epoch 001 | step 0400 | total = 3.7598 | box = 0.5886 | obj = 0.8053 | cls = 0.0116 | lr = 0.001000
epoch 001 | step 0420 | total = 3.8166 | box = 0.5985 | obj = 0.8130 | cls = 0.0111 | lr = 0.001000
epoch 001 | step 0440 | total = 3.7906 | box = 0.5942 | obj = 0.8082 | cls = 0.0114 | lr = 0.001000
epoch 001 | step 0460 | total = 3.7417 | box = 0.5852 | obj = 0.8037 | cls = 0.0119 | lr = 0.001000
epoch 001 | step 0480 | total = 3.7328 | box = 0.5824 | obj = 0.8096 | cls = 0.0114 | lr = 0.001000
[epoch 001 train] total = 4.0231 | box = 0.6248 | obj = 0.8169 | cls = 0.0824 | batches = 485 | time = 1367.0s
[epoch 001 val] total = 3.3340 | box = 0.4954 | obj = 0.8402 | cls = 0.0167 | batches = 43 | time = 111.8s
epoch 002 | step 0001 | total = 3.7649 | box = 0.5886 | obj = 0.8102 | cls = 0.0116 | lr = 0.000994
epoch 002 | step 0020 | total = 3.6929 | box = 0.5727 | obj = 0.8167 | cls = 0.0124 | lr = 0.000994
epoch 002 | step 0040 | total = 3.8167 | box = 0.6002 | obj = 0.8047 | cls = 0.0108 | lr = 0.000994
epoch 002 | step 0060 | total = 3.6432 | box = 0.5629 | obj = 0.8171 | cls = 0.0116 | lr = 0.000994
epoch 002 | step 0080 | total = 3.7083 | box = 0.5794 | obj = 0.7997 | cls = 0.0115 | lr = 0.000994
epoch 002 | step 0100 | total = 3.7129 | box = 0.5751 | obj = 0.8257 | cls = 0.0115 | lr = 0.000994
epoch 002 | step 0120 | total = 3.7189 | box = 0.5771 | obj = 0.8219 | cls = 0.0116 | lr = 0.000994
epoch 002 | step 0140 | total = 3.7514 | box = 0.5876 | obj = 0.8025 | cls = 0.0109 | lr = 0.000994
epoch 002 | step 0160 | total = 3.7533 | box = 0.5894 | obj = 0.7948 | cls = 0.0115 | lr = 0.000994
epoch 002 | step 0180 | total = 3.6935 | box = 0.5747 | obj = 0.8080 | cls = 0.0119 | lr = 0.000994
epoch 002 | step 0200 | total = 3.5866 | box = 0.5513 | obj = 0.8173 | cls = 0.0129 | lr = 0.000994
epoch 002 | step 0220 | total = 3.6869 | box = 0.5734 | obj = 0.8083 | cls = 0.0115 | lr = 0.000994
epoch 002 | step 0240 | total = 3.6733 | box = 0.5732 | obj = 0.7952 | cls = 0.0120 | lr = 0.000994
epoch 002 | step 0260 | total = 3.6891 | box = 0.5751 | obj = 0.8022 | cls = 0.0113 | lr = 0.000994
epoch 002 | step 0280 | total = 3.7263 | box = 0.5834 | obj = 0.7979 | cls = 0.0116 | lr = 0.000994
epoch 002 | step 0300 | total = 3.6434 | box = 0.5645 | obj = 0.8095 | cls = 0.0117 | lr = 0.000994
epoch 002 | step 0320 | total = 3.6816 | box = 0.5735 | obj = 0.8024 | cls = 0.0116 | lr = 0.000994
epoch 002 | step 0340 | total = 3.7107 | box = 0.5806 | obj = 0.7967 | cls = 0.0109 | lr = 0.000994
epoch 002 | step 0360 | total = 3.6184 | box = 0.5587 | obj = 0.8132 | cls = 0.0116 | lr = 0.000994
epoch 002 | step 0380 | total = 3.5987 | box = 0.5567 | obj = 0.8032 | cls = 0.0119 | lr = 0.000994
epoch 002 | step 0400 | total = 3.6190 | box = 0.5609 | obj = 0.8031 | cls = 0.0115 | lr = 0.000994
epoch 002 | step 0420 | total = 3.5532 | box = 0.5437 | obj = 0.8221 | cls = 0.0127 | lr = 0.000994
epoch 002 | step 0440 | total = 3.5716 | box = 0.5506 | obj = 0.8074 | cls = 0.0114 | lr = 0.000994
epoch 002 | step 0460 | total = 3.6214 | box = 0.5630 | obj = 0.7945 | cls = 0.0119 | lr = 0.000994
epoch 002 | step 0480 | total = 3.5452 | box = 0.5468 | obj = 0.7997 | cls = 0.0118 | lr = 0.000994
[epoch 002 train] total = 3.6611 | box = 0.5685 | obj = 0.8071 | cls = 0.0117 | batches = 485 | time = 1393.8s
[epoch 002 val] total = 3.1810 | box = 0.4678 | obj = 0.8242 | cls = 0.0180 | batches = 43 | time = 94.9s
epoch 003 | step 0001 | total = 3.5710 | box = 0.5512 | obj = 0.8031 | cls = 0.0119 | lr = 0.000976
epoch 003 | step 0020 | total = 3.5973 | box = 0.5589 | obj = 0.7918 | cls = 0.0112 | lr = 0.000976
epoch 003 | step 0040 | total = 3.4339 | box = 0.5232 | obj = 0.8050 | cls = 0.0129 | lr = 0.000976
epoch 003 | step 0060 | total = 3.6004 | box = 0.5587 | obj = 0.7953 | cls = 0.0117 | lr = 0.000976
epoch 003 | step 0080 | total = 3.4961 | box = 0.5321 | obj = 0.8233 | cls = 0.0124 | lr = 0.000976
epoch 003 | step 0100 | total = 3.5469 | box = 0.5474 | obj = 0.7974 | cls = 0.0123 | lr = 0.000976
epoch 003 | step 0120 | total = 3.5933 | box = 0.5571 | obj = 0.7965 | cls = 0.0111 | lr = 0.000976
epoch 003 | step 0140 | total = 3.5526 | box = 0.5507 | obj = 0.7873 | cls = 0.0120 | lr = 0.000976
epoch 003 | step 0160 | total = 3.4946 | box = 0.5379 | obj = 0.7929 | cls = 0.0124 | lr = 0.000976
epoch 003 | step 0180 | total = 3.5813 | box = 0.5564 | obj = 0.7880 | cls = 0.0115 | lr = 0.000976
epoch 003 | step 0200 | total = 3.5305 | box = 0.5450 | obj = 0.7936 | cls = 0.0121 | lr = 0.000976
epoch 003 | step 0220 | total = 3.3929 | box = 0.5112 | obj = 0.8238 | cls = 0.0133 | lr = 0.000976
epoch 003 | step 0240 | total = 3.4046 | box = 0.5144 | obj = 0.8194 | cls = 0.0132 | lr = 0.000976
epoch 003 | step 0260 | total = 3.4585 | box = 0.5294 | obj = 0.7994 | cls = 0.0122 | lr = 0.000976
epoch 003 | step 0280 | total = 3.4798 | box = 0.5328 | obj = 0.8040 | cls = 0.0121 | lr = 0.000976
epoch 003 | step 0300 | total = 3.4617 | box = 0.5303 | obj = 0.7975 | cls = 0.0125 | lr = 0.000976
epoch 003 | step 0320 | total = 3.4713 | box = 0.5322 | obj = 0.7979 | cls = 0.0123 | lr = 0.000976
epoch 003 | step 0340 | total = 3.3301 | box = 0.4983 | obj = 0.8249 | cls = 0.0135 | lr = 0.000976
epoch 003 | step 0360 | total = 3.4283 | box = 0.5261 | obj = 0.7854 | cls = 0.0126 | lr = 0.000976
epoch 003 | step 0380 | total = 3.5063 | box = 0.5410 | obj = 0.7897 | cls = 0.0118 | lr = 0.000976
epoch 003 | step 0400 | total = 3.4513 | box = 0.5297 | obj = 0.7905 | cls = 0.0122 | lr = 0.000976
epoch 003 | step 0420 | total = 3.5165 | box = 0.5433 | obj = 0.7884 | cls = 0.0116 | lr = 0.000976
epoch 003 | step 0440 | total = 3.4852 | box = 0.5358 | obj = 0.7941 | cls = 0.0119 | lr = 0.000976
epoch 003 | step 0460 | total = 3.4749 | box = 0.5344 | obj = 0.7909 | cls = 0.0118 | lr = 0.000976
epoch 003 | step 0480 | total = 3.6247 | box = 0.5659 | obj = 0.7843 | cls = 0.0107 | lr = 0.000976
[epoch 003 train] total = 3.4990 | box = 0.5376 | obj = 0.7988 | cls = 0.0121 | batches = 485 | time = 1415.9s
[epoch 003 val] total = 2.9809 | box = 0.4320 | obj = 0.8019 | cls = 0.0191 | batches = 43 | time = 98.0s
epoch 004 | step 0001 | total = 3.4966 | box = 0.5353 | obj = 0.8082 | cls = 0.0118 | lr = 0.000946
epoch 004 | step 0020 | total = 3.3790 | box = 0.5134 | obj = 0.7992 | cls = 0.0126 | lr = 0.000946
epoch 004 | step 0040 | total = 3.4247 | box = 0.5226 | obj = 0.7994 | cls = 0.0125 | lr = 0.000946
epoch 004 | step 0060 | total = 3.4384 | box = 0.5237 | obj = 0.8077 | cls = 0.0122 | lr = 0.000946
epoch 004 | step 0080 | total = 3.3997 | box = 0.5176 | obj = 0.7992 | cls = 0.0124 | lr = 0.000946
epoch 004 | step 0100 | total = 3.3467 | box = 0.5080 | obj = 0.7939 | cls = 0.0126 | lr = 0.000946
epoch 004 | step 0120 | total = 3.3212 | box = 0.5005 | obj = 0.8059 | cls = 0.0127 | lr = 0.000946
epoch 004 | step 0140 | total = 3.3724 | box = 0.5122 | obj = 0.7991 | cls = 0.0126 | lr = 0.000946
epoch 004 | step 0160 | total = 3.4328 | box = 0.5256 | obj = 0.7931 | cls = 0.0119 | lr = 0.000946
epoch 004 | step 0180 | total = 3.3409 | box = 0.5052 | obj = 0.8017 | cls = 0.0131 | lr = 0.000946
epoch 004 | step 0200 | total = 3.3354 | box = 0.5037 | obj = 0.8044 | cls = 0.0126 | lr = 0.000946
epoch 004 | step 0220 | total = 3.4411 | box = 0.5265 | obj = 0.7964 | cls = 0.0119 | lr = 0.000946
epoch 004 | step 0240 | total = 3.4036 | box = 0.5186 | obj = 0.7984 | cls = 0.0124 | lr = 0.000946
epoch 004 | step 0260 | total = 3.3993 | box = 0.5182 | obj = 0.7960 | cls = 0.0123 | lr = 0.000946
epoch 004 | step 0280 | total = 3.4212 | box = 0.5232 | obj = 0.7933 | cls = 0.0120 | lr = 0.000946
epoch 004 | step 0300 | total = 3.3730 | box = 0.5137 | obj = 0.7919 | cls = 0.0126 | lr = 0.000946
epoch 004 | step 0320 | total = 3.3254 | box = 0.5034 | obj = 0.7960 | cls = 0.0124 | lr = 0.000946
epoch 004 | step 0340 | total = 3.3010 | box = 0.4993 | obj = 0.7913 | cls = 0.0130 | lr = 0.000946
epoch 004 | step 0360 | total = 3.2061 | box = 0.4809 | obj = 0.7879 | cls = 0.0137 | lr = 0.000946
epoch 004 | step 0380 | total = 3.2657 | box = 0.4930 | obj = 0.7873 | cls = 0.0135 | lr = 0.000946
epoch 004 | step 0400 | total = 3.2459 | box = 0.4875 | obj = 0.7948 | cls = 0.0134 | lr = 0.000946
epoch 004 | step 0420 | total = 3.3859 | box = 0.5156 | obj = 0.7958 | cls = 0.0121 | lr = 0.000946
epoch 004 | step 0440 | total = 3.2932 | box = 0.4993 | obj = 0.7838 | cls = 0.0127 | lr = 0.000946
epoch 004 | step 0460 | total = 3.2869 | box = 0.4945 | obj = 0.8017 | cls = 0.0127 | lr = 0.000946
epoch 004 | step 0480 | total = 3.3422 | box = 0.5070 | obj = 0.7951 | cls = 0.0124 | lr = 0.000946
[epoch 004 train] total = 3.3761 | box = 0.5142 | obj = 0.7924 | cls = 0.0124 | batches = 485 | time = 1453.6s
[epoch 004 val] total = 2.9160 | box = 0.4206 | obj = 0.7946 | cls = 0.0183 | batches = 43 | time = 99.1s
epoch 005 | step 0001 | total = 3.3471 | box = 0.5093 | obj = 0.7881 | cls = 0.0126 | lr = 0.000905
epoch 005 | step 0020 | total = 3.2212 | box = 0.4816 | obj = 0.8001 | cls = 0.0132 | lr = 0.000905
epoch 005 | step 0040 | total = 3.3587 | box = 0.5122 | obj = 0.7850 | cls = 0.0127 | lr = 0.000905
epoch 005 | step 0060 | total = 3.3331 | box = 0.5057 | obj = 0.7926 | cls = 0.0122 | lr = 0.000905
epoch 005 | step 0080 | total = 3.2729 | box = 0.4947 | obj = 0.7862 | cls = 0.0130 | lr = 0.000905
epoch 005 | step 0100 | total = 3.1922 | box = 0.4773 | obj = 0.7924 | cls = 0.0135 | lr = 0.000905
epoch 005 | step 0120 | total = 3.2812 | box = 0.4965 | obj = 0.7858 | cls = 0.0128 | lr = 0.000905
epoch 005 | step 0140 | total = 3.4109 | box = 0.5240 | obj = 0.7789 | cls = 0.0117 | lr = 0.000905
epoch 005 | step 0160 | total = 3.3000 | box = 0.5012 | obj = 0.7816 | cls = 0.0125 | lr = 0.000905
epoch 005 | step 0180 | total = 3.2312 | box = 0.4865 | obj = 0.7862 | cls = 0.0125 | lr = 0.000905
epoch 005 | step 0200 | total = 3.3028 | box = 0.4964 | obj = 0.8078 | cls = 0.0128 | lr = 0.000905
epoch 005 | step 0220 | total = 3.3074 | box = 0.4997 | obj = 0.7965 | cls = 0.0123 | lr = 0.000905
epoch 005 | step 0240 | total = 3.1583 | box = 0.4698 | obj = 0.7947 | cls = 0.0144 | lr = 0.000905
epoch 005 | step 0260 | total = 3.3212 | box = 0.5038 | obj = 0.7897 | cls = 0.0124 | lr = 0.000905
epoch 005 | step 0280 | total = 3.2125 | box = 0.4830 | obj = 0.7845 | cls = 0.0132 | lr = 0.000905
epoch 005 | step 0300 | total = 3.2954 | box = 0.4972 | obj = 0.7971 | cls = 0.0126 | lr = 0.000905
epoch 005 | step 0320 | total = 3.2228 | box = 0.4840 | obj = 0.7894 | cls = 0.0134 | lr = 0.000905
epoch 005 | step 0340 | total = 3.2675 | box = 0.4930 | obj = 0.7892 | cls = 0.0131 | lr = 0.000905
epoch 005 | step 0360 | total = 3.2335 | box = 0.4857 | obj = 0.7922 | cls = 0.0130 | lr = 0.000905
epoch 005 | step 0380 | total = 3.2526 | box = 0.4906 | obj = 0.7870 | cls = 0.0126 | lr = 0.000905
epoch 005 | step 0400 | total = 3.2817 | box = 0.4968 | obj = 0.7851 | cls = 0.0126 | lr = 0.000905
epoch 005 | step 0420 | total = 3.2216 | box = 0.4853 | obj = 0.7821 | cls = 0.0132 | lr = 0.000905
epoch 005 | step 0440 | total = 3.1957 | box = 0.4775 | obj = 0.7952 | cls = 0.0129 | lr = 0.000905
epoch 005 | step 0460 | total = 3.2267 | box = 0.4872 | obj = 0.7778 | cls = 0.0128 | lr = 0.000905
epoch 005 | step 0480 | total = 3.3527 | box = 0.5101 | obj = 0.7909 | cls = 0.0114 | lr = 0.000905
[epoch 005 train] total = 3.2848 | box = 0.4971 | obj = 0.7865 | cls = 0.0126 | batches = 485 | time = 1460.8s
[epoch 005 val] total = 2.8748 | box = 0.4102 | obj = 0.8061 | cls = 0.0178 | batches = 43 | time = 102.4s
epoch 006 | step 0001 | total = 3.2857 | box = 0.4966 | obj = 0.7901 | cls = 0.0125 | lr = 0.000855
epoch 006 | step 0020 | total = 3.3316 | box = 0.5065 | obj = 0.7869 | cls = 0.0122 | lr = 0.000855
epoch 006 | step 0040 | total = 3.1811 | box = 0.4787 | obj = 0.7746 | cls = 0.0131 | lr = 0.000855
epoch 006 | step 0060 | total = 3.2497 | box = 0.4923 | obj = 0.7754 | cls = 0.0129 | lr = 0.000855
epoch 006 | step 0080 | total = 3.2299 | box = 0.4887 | obj = 0.7736 | cls = 0.0128 | lr = 0.000855
epoch 006 | step 0100 | total = 3.2040 | box = 0.4817 | obj = 0.7827 | cls = 0.0130 | lr = 0.000855
epoch 006 | step 0120 | total = 3.1458 | box = 0.4719 | obj = 0.7728 | cls = 0.0134 | lr = 0.000855
epoch 006 | step 0140 | total = 3.1958 | box = 0.4779 | obj = 0.7937 | cls = 0.0125 | lr = 0.000855
epoch 006 | step 0160 | total = 3.3310 | box = 0.5122 | obj = 0.7580 | cls = 0.0118 | lr = 0.000855
epoch 006 | step 0180 | total = 3.1707 | box = 0.4733 | obj = 0.7912 | cls = 0.0130 | lr = 0.000855
epoch 006 | step 0200 | total = 3.2773 | box = 0.4984 | obj = 0.7730 | cls = 0.0120 | lr = 0.000855
epoch 006 | step 0220 | total = 3.1455 | box = 0.4701 | obj = 0.7820 | cls = 0.0132 | lr = 0.000855
epoch 006 | step 0240 | total = 3.2203 | box = 0.4865 | obj = 0.7749 | cls = 0.0129 | lr = 0.000855
epoch 006 | step 0260 | total = 3.2978 | box = 0.5042 | obj = 0.7651 | cls = 0.0118 | lr = 0.000855
epoch 006 | step 0280 | total = 3.1777 | box = 0.4776 | obj = 0.7768 | cls = 0.0128 | lr = 0.000855
epoch 006 | step 0300 | total = 3.2086 | box = 0.4830 | obj = 0.7809 | cls = 0.0125 | lr = 0.000855
epoch 006 | step 0320 | total = 3.2979 | box = 0.5036 | obj = 0.7679 | cls = 0.0122 | lr = 0.000855
epoch 006 | step 0340 | total = 3.2104 | box = 0.4833 | obj = 0.7812 | cls = 0.0128 | lr = 0.000855
epoch 006 | step 0360 | total = 3.1672 | box = 0.4743 | obj = 0.7832 | cls = 0.0127 | lr = 0.000855
epoch 006 | step 0380 | total = 3.2022 | box = 0.4823 | obj = 0.7782 | cls = 0.0126 | lr = 0.000855
epoch 006 | step 0400 | total = 3.1410 | box = 0.4693 | obj = 0.7812 | cls = 0.0131 | lr = 0.000855
epoch 006 | step 0420 | total = 3.2627 | box = 0.4961 | obj = 0.7702 | cls = 0.0120 | lr = 0.000855
epoch 006 | step 0440 | total = 3.0633 | box = 0.4562 | obj = 0.7684 | cls = 0.0138 | lr = 0.000855
epoch 006 | step 0460 | total = 3.1912 | box = 0.4798 | obj = 0.7793 | cls = 0.0130 | lr = 0.000855
epoch 006 | step 0480 | total = 3.2093 | box = 0.4855 | obj = 0.7694 | cls = 0.0123 | lr = 0.000855
[epoch 006 train] total = 3.2098 | box = 0.4832 | obj = 0.7810 | cls = 0.0128 | batches = 485 | time = 1480.6s
[epoch 006 val] total = 2.7422 | box = 0.3896 | obj = 0.7742 | cls = 0.0201 | batches = 43 | time = 103.6s
epoch 007 | step 0001 | total = 3.2017 | box = 0.4830 | obj = 0.7742 | cls = 0.0125 | lr = 0.000796
epoch 007 | step 0020 | total = 3.1638 | box = 0.4754 | obj = 0.7741 | cls = 0.0129 | lr = 0.000796
epoch 007 | step 0040 | total = 3.0862 | box = 0.4575 | obj = 0.7851 | cls = 0.0138 | lr = 0.000796
epoch 007 | step 0060 | total = 3.1855 | box = 0.4790 | obj = 0.7771 | cls = 0.0133 | lr = 0.000796
epoch 007 | step 0080 | total = 3.2238 | box = 0.4868 | obj = 0.7772 | cls = 0.0125 | lr = 0.000796
epoch 007 | step 0100 | total = 3.1323 | box = 0.4694 | obj = 0.7721 | cls = 0.0134 | lr = 0.000796
epoch 007 | step 0120 | total = 3.1342 | box = 0.4665 | obj = 0.7887 | cls = 0.0132 | lr = 0.000796
epoch 007 | step 0140 | total = 3.1283 | box = 0.4665 | obj = 0.7824 | cls = 0.0132 | lr = 0.000796
epoch 007 | step 0160 | total = 3.1835 | box = 0.4791 | obj = 0.7754 | cls = 0.0128 | lr = 0.000796
epoch 007 | step 0180 | total = 3.1053 | box = 0.4621 | obj = 0.7819 | cls = 0.0130 | lr = 0.000796
epoch 007 | step 0200 | total = 3.2249 | box = 0.4855 | obj = 0.7846 | cls = 0.0127 | lr = 0.000796
epoch 007 | step 0220 | total = 3.1605 | box = 0.4732 | obj = 0.7820 | cls = 0.0126 | lr = 0.000796
epoch 007 | step 0240 | total = 3.1554 | box = 0.4695 | obj = 0.7949 | cls = 0.0131 | lr = 0.000796
epoch 007 | step 0260 | total = 3.1585 | box = 0.4747 | obj = 0.7724 | cls = 0.0128 | lr = 0.000796
epoch 007 | step 0280 | total = 3.0334 | box = 0.4479 | obj = 0.7801 | cls = 0.0135 | lr = 0.000796
epoch 007 | step 0300 | total = 3.1601 | box = 0.4737 | obj = 0.7788 | cls = 0.0129 | lr = 0.000796
epoch 007 | step 0320 | total = 3.2162 | box = 0.4828 | obj = 0.7898 | cls = 0.0124 | lr = 0.000796
epoch 007 | step 0340 | total = 3.1547 | box = 0.4739 | obj = 0.7725 | cls = 0.0128 | lr = 0.000796
epoch 007 | step 0360 | total = 3.0716 | box = 0.4565 | obj = 0.7761 | cls = 0.0130 | lr = 0.000796
epoch 007 | step 0380 | total = 3.1421 | box = 0.4691 | obj = 0.7837 | cls = 0.0129 | lr = 0.000796
epoch 007 | step 0400 | total = 3.2241 | box = 0.4874 | obj = 0.7748 | cls = 0.0124 | lr = 0.000796
epoch 007 | step 0420 | total = 3.0342 | box = 0.4504 | obj = 0.7685 | cls = 0.0140 | lr = 0.000796
epoch 007 | step 0440 | total = 3.1082 | box = 0.4636 | obj = 0.7773 | cls = 0.0130 | lr = 0.000796
epoch 007 | step 0460 | total = 3.1287 | box = 0.4693 | obj = 0.7695 | cls = 0.0127 | lr = 0.000796
epoch 007 | step 0480 | total = 3.2147 | box = 0.4873 | obj = 0.7660 | cls = 0.0121 | lr = 0.000796
[epoch 007 train] total = 3.1492 | box = 0.4721 | obj = 0.7757 | cls = 0.0129 | batches = 485 | time = 1500.9s
[epoch 007 val] total = 2.6969 | box = 0.3822 | obj = 0.7657 | cls = 0.0202 | batches = 43 | time = 100.8s
epoch 008 | step 0001 | total = 3.1055 | box = 0.4646 | obj = 0.7696 | cls = 0.0131 | lr = 0.000730
epoch 008 | step 0020 | total = 3.1474 | box = 0.4721 | obj = 0.7743 | cls = 0.0126 | lr = 0.000730
epoch 008 | step 0040 | total = 3.1547 | box = 0.4741 | obj = 0.7715 | cls = 0.0125 | lr = 0.000730
epoch 008 | step 0060 | total = 3.0938 | box = 0.4618 | obj = 0.7721 | cls = 0.0129 | lr = 0.000730
epoch 008 | step 0080 | total = 3.0407 | box = 0.4544 | obj = 0.7561 | cls = 0.0128 | lr = 0.000730
epoch 008 | step 0100 | total = 3.1104 | box = 0.4677 | obj = 0.7589 | cls = 0.0129 | lr = 0.000730
epoch 008 | step 0120 | total = 3.0716 | box = 0.4569 | obj = 0.7737 | cls = 0.0136 | lr = 0.000730
epoch 008 | step 0140 | total = 3.0103 | box = 0.4480 | obj = 0.7569 | cls = 0.0135 | lr = 0.000730
epoch 008 | step 0160 | total = 3.0703 | box = 0.4593 | obj = 0.7605 | cls = 0.0131 | lr = 0.000730
epoch 008 | step 0180 | total = 3.1011 | box = 0.4609 | obj = 0.7837 | cls = 0.0127 | lr = 0.000730
epoch 008 | step 0200 | total = 3.0377 | box = 0.4497 | obj = 0.7754 | cls = 0.0140 | lr = 0.000730
epoch 008 | step 0220 | total = 3.1025 | box = 0.4628 | obj = 0.7757 | cls = 0.0129 | lr = 0.000730
epoch 008 | step 0240 | total = 3.0924 | box = 0.4634 | obj = 0.7622 | cls = 0.0134 | lr = 0.000730
epoch 008 | step 0260 | total = 3.1229 | box = 0.4662 | obj = 0.7790 | cls = 0.0131 | lr = 0.000730
epoch 008 | step 0280 | total = 3.1723 | box = 0.4793 | obj = 0.7634 | cls = 0.0122 | lr = 0.000730
epoch 008 | step 0300 | total = 3.1269 | box = 0.4685 | obj = 0.7717 | cls = 0.0128 | lr = 0.000730
epoch 008 | step 0320 | total = 3.1343 | box = 0.4698 | obj = 0.7723 | cls = 0.0129 | lr = 0.000730
epoch 008 | step 0340 | total = 3.0042 | box = 0.4463 | obj = 0.7584 | cls = 0.0141 | lr = 0.000730
epoch 008 | step 0360 | total = 3.0449 | box = 0.4517 | obj = 0.7729 | cls = 0.0133 | lr = 0.000730
epoch 008 | step 0380 | total = 3.0865 | box = 0.4589 | obj = 0.7790 | cls = 0.0128 | lr = 0.000730
epoch 008 | step 0400 | total = 3.0652 | box = 0.4569 | obj = 0.7675 | cls = 0.0130 | lr = 0.000730
epoch 008 | step 0420 | total = 3.1273 | box = 0.4708 | obj = 0.7610 | cls = 0.0123 | lr = 0.000730
epoch 008 | step 0440 | total = 3.0678 | box = 0.4566 | obj = 0.7718 | cls = 0.0127 | lr = 0.000730
epoch 008 | step 0460 | total = 3.0490 | box = 0.4504 | obj = 0.7837 | cls = 0.0132 | lr = 0.000730
epoch 008 | step 0480 | total = 3.0921 | box = 0.4614 | obj = 0.7725 | cls = 0.0128 | lr = 0.000730
[epoch 008 train] total = 3.0908 | box = 0.4616 | obj = 0.7696 | cls = 0.0130 | batches = 485 | time = 1508.3s
[epoch 008 val] total = 2.6614 | box = 0.3768 | obj = 0.7586 | cls = 0.0189 | batches = 43 | time = 105.9s
epoch 009 | step 0001 | total = 3.1556 | box = 0.4760 | obj = 0.7636 | cls = 0.0122 | lr = 0.000658
epoch 009 | step 0020 | total = 3.0113 | box = 0.4469 | obj = 0.7633 | cls = 0.0134 | lr = 0.000658
epoch 009 | step 0040 | total = 3.0502 | box = 0.4532 | obj = 0.7712 | cls = 0.0130 | lr = 0.000658
epoch 009 | step 0060 | total = 3.0872 | box = 0.4583 | obj = 0.7832 | cls = 0.0126 | lr = 0.000658
epoch 009 | step 0080 | total = 3.0829 | box = 0.4592 | obj = 0.7737 | cls = 0.0131 | lr = 0.000658
epoch 009 | step 0100 | total = 3.0873 | box = 0.4564 | obj = 0.7922 | cls = 0.0131 | lr = 0.000658
epoch 009 | step 0120 | total = 2.9571 | box = 0.4352 | obj = 0.7673 | cls = 0.0138 | lr = 0.000658
epoch 009 | step 0140 | total = 3.0978 | box = 0.4664 | obj = 0.7532 | cls = 0.0125 | lr = 0.000658
epoch 009 | step 0160 | total = 2.9821 | box = 0.4373 | obj = 0.7820 | cls = 0.0135 | lr = 0.000658
epoch 009 | step 0180 | total = 3.0007 | box = 0.4437 | obj = 0.7682 | cls = 0.0141 | lr = 0.000658
epoch 009 | step 0200 | total = 3.0754 | box = 0.4592 | obj = 0.7664 | cls = 0.0131 | lr = 0.000658
epoch 009 | step 0220 | total = 3.0139 | box = 0.4485 | obj = 0.7583 | cls = 0.0132 | lr = 0.000658
epoch 009 | step 0240 | total = 3.1724 | box = 0.4827 | obj = 0.7470 | cls = 0.0120 | lr = 0.000658
epoch 009 | step 0260 | total = 3.0280 | box = 0.4500 | obj = 0.7650 | cls = 0.0130 | lr = 0.000658
epoch 009 | step 0280 | total = 3.0058 | box = 0.4470 | obj = 0.7575 | cls = 0.0135 | lr = 0.000658
epoch 009 | step 0300 | total = 2.9986 | box = 0.4469 | obj = 0.7513 | cls = 0.0130 | lr = 0.000658
epoch 009 | step 0320 | total = 3.0661 | box = 0.4592 | obj = 0.7575 | cls = 0.0125 | lr = 0.000658
epoch 009 | step 0340 | total = 3.0180 | box = 0.4497 | obj = 0.7562 | cls = 0.0132 | lr = 0.000658
epoch 009 | step 0360 | total = 3.0228 | box = 0.4503 | obj = 0.7585 | cls = 0.0129 | lr = 0.000658
epoch 009 | step 0380 | total = 2.9900 | box = 0.4444 | obj = 0.7548 | cls = 0.0133 | lr = 0.000658
epoch 009 | step 0400 | total = 2.8972 | box = 0.4245 | obj = 0.7606 | cls = 0.0140 | lr = 0.000658
epoch 009 | step 0420 | total = 3.0534 | box = 0.4535 | obj = 0.7729 | cls = 0.0128 | lr = 0.000658
epoch 009 | step 0440 | total = 2.9687 | box = 0.4411 | obj = 0.7494 | cls = 0.0137 | lr = 0.000658
epoch 009 | step 0460 | total = 2.9593 | box = 0.4386 | obj = 0.7528 | cls = 0.0135 | lr = 0.000658
epoch 009 | step 0480 | total = 2.9129 | box = 0.4264 | obj = 0.7671 | cls = 0.0138 | lr = 0.000658
[epoch 009 train] total = 3.0390 | box = 0.4523 | obj = 0.7642 | cls = 0.0131 | batches = 485 | time = 1492.1s
[epoch 009 val] total = 2.6664 | box = 0.3743 | obj = 0.7760 | cls = 0.0191 | batches = 43 | time = 98.3s
epoch 010 | step 0001 | total = 3.0560 | box = 0.4575 | obj = 0.7549 | cls = 0.0134 | lr = 0.000582
epoch 010 | step 0020 | total = 2.9697 | box = 0.4347 | obj = 0.7826 | cls = 0.0135 | lr = 0.000582
epoch 010 | step 0040 | total = 3.0227 | box = 0.4474 | obj = 0.7726 | cls = 0.0131 | lr = 0.000582
epoch 010 | step 0060 | total = 3.0174 | box = 0.4488 | obj = 0.7605 | cls = 0.0128 | lr = 0.000582
epoch 010 | step 0080 | total = 2.9280 | box = 0.4320 | obj = 0.7548 | cls = 0.0131 | lr = 0.000582
epoch 010 | step 0100 | total = 2.9958 | box = 0.4445 | obj = 0.7602 | cls = 0.0132 | lr = 0.000582
epoch 010 | step 0120 | total = 2.9642 | box = 0.4389 | obj = 0.7559 | cls = 0.0138 | lr = 0.000582
epoch 010 | step 0140 | total = 2.8661 | box = 0.4184 | obj = 0.7602 | cls = 0.0141 | lr = 0.000582
epoch 010 | step 0160 | total = 3.0726 | box = 0.4611 | obj = 0.7544 | cls = 0.0127 | lr = 0.000582
epoch 010 | step 0180 | total = 3.0261 | box = 0.4538 | obj = 0.7437 | cls = 0.0133 | lr = 0.000582
epoch 010 | step 0200 | total = 3.0176 | box = 0.4514 | obj = 0.7479 | cls = 0.0127 | lr = 0.000582
epoch 010 | step 0220 | total = 2.9538 | box = 0.4351 | obj = 0.7646 | cls = 0.0137 | lr = 0.000582
epoch 010 | step 0240 | total = 2.9571 | box = 0.4351 | obj = 0.7686 | cls = 0.0129 | lr = 0.000582
epoch 010 | step 0260 | total = 3.0733 | box = 0.4590 | obj = 0.7659 | cls = 0.0123 | lr = 0.000582
epoch 010 | step 0280 | total = 3.0270 | box = 0.4528 | obj = 0.7500 | cls = 0.0128 | lr = 0.000582
epoch 010 | step 0300 | total = 3.0039 | box = 0.4460 | obj = 0.7610 | cls = 0.0129 | lr = 0.000582
epoch 010 | step 0320 | total = 2.9720 | box = 0.4408 | obj = 0.7548 | cls = 0.0130 | lr = 0.000582
epoch 010 | step 0340 | total = 3.0133 | box = 0.4495 | obj = 0.7530 | cls = 0.0126 | lr = 0.000582
epoch 010 | step 0360 | total = 3.0251 | box = 0.4496 | obj = 0.7639 | cls = 0.0132 | lr = 0.000582
epoch 010 | step 0380 | total = 3.0041 | box = 0.4502 | obj = 0.7406 | cls = 0.0128 | lr = 0.000582
epoch 010 | step 0400 | total = 2.8907 | box = 0.4226 | obj = 0.7644 | cls = 0.0134 | lr = 0.000582
epoch 010 | step 0420 | total = 3.0771 | box = 0.4610 | obj = 0.7595 | cls = 0.0126 | lr = 0.000582
epoch 010 | step 0440 | total = 2.9142 | box = 0.4268 | obj = 0.7666 | cls = 0.0134 | lr = 0.000582
epoch 010 | step 0460 | total = 2.9343 | box = 0.4342 | obj = 0.7495 | cls = 0.0137 | lr = 0.000582
epoch 010 | step 0480 | total = 2.9392 | box = 0.4324 | obj = 0.7634 | cls = 0.0139 | lr = 0.000582
[epoch 010 train] total = 2.9909 | box = 0.4435 | obj = 0.7600 | cls = 0.0132 | batches = 485 | time = 1501.8s
[epoch 010 val] total = 2.5616 | box = 0.3597 | obj = 0.7438 | cls = 0.0193 | batches = 43 | time = 100.4s
epoch 011 | step 0001 | total = 2.9951 | box = 0.4441 | obj = 0.7614 | cls = 0.0131 | lr = 0.000505
epoch 011 | step 0020 | total = 3.0899 | box = 0.4641 | obj = 0.7575 | cls = 0.0120 | lr = 0.000505
epoch 011 | step 0040 | total = 2.9771 | box = 0.4408 | obj = 0.7607 | cls = 0.0127 | lr = 0.000505
epoch 011 | step 0060 | total = 2.9641 | box = 0.4397 | obj = 0.7524 | cls = 0.0132 | lr = 0.000505
epoch 011 | step 0080 | total = 2.9922 | box = 0.4445 | obj = 0.7564 | cls = 0.0132 | lr = 0.000505
epoch 011 | step 0100 | total = 2.9593 | box = 0.4384 | obj = 0.7545 | cls = 0.0130 | lr = 0.000505
epoch 011 | step 0120 | total = 3.0791 | box = 0.4630 | obj = 0.7516 | cls = 0.0123 | lr = 0.000505
epoch 011 | step 0140 | total = 2.9406 | box = 0.4348 | obj = 0.7534 | cls = 0.0134 | lr = 0.000505
epoch 011 | step 0160 | total = 2.9588 | box = 0.4379 | obj = 0.7559 | cls = 0.0135 | lr = 0.000505
epoch 011 | step 0180 | total = 3.0427 | box = 0.4558 | obj = 0.7509 | cls = 0.0129 | lr = 0.000505
epoch 011 | step 0200 | total = 3.0762 | box = 0.4626 | obj = 0.7505 | cls = 0.0127 | lr = 0.000505
epoch 011 | step 0220 | total = 2.8640 | box = 0.4174 | obj = 0.7629 | cls = 0.0139 | lr = 0.000505
epoch 011 | step 0240 | total = 2.9749 | box = 0.4418 | obj = 0.7530 | cls = 0.0131 | lr = 0.000505
epoch 011 | step 0260 | total = 2.9764 | box = 0.4379 | obj = 0.7730 | cls = 0.0138 | lr = 0.000505
epoch 011 | step 0280 | total = 2.9523 | box = 0.4346 | obj = 0.7661 | cls = 0.0133 | lr = 0.000505
epoch 011 | step 0300 | total = 2.8864 | box = 0.4260 | obj = 0.7430 | cls = 0.0136 | lr = 0.000505
epoch 011 | step 0320 | total = 3.0057 | box = 0.4475 | obj = 0.7554 | cls = 0.0129 | lr = 0.000505
epoch 011 | step 0340 | total = 2.8412 | box = 0.4138 | obj = 0.7580 | cls = 0.0140 | lr = 0.000505
epoch 011 | step 0360 | total = 2.9764 | box = 0.4416 | obj = 0.7551 | cls = 0.0134 | lr = 0.000505
epoch 011 | step 0380 | total = 2.9909 | box = 0.4438 | obj = 0.7582 | cls = 0.0136 | lr = 0.000505
epoch 011 | step 0400 | total = 3.0742 | box = 0.4564 | obj = 0.7794 | cls = 0.0128 | lr = 0.000505
epoch 011 | step 0420 | total = 2.8629 | box = 0.4195 | obj = 0.7516 | cls = 0.0136 | lr = 0.000505
epoch 011 | step 0440 | total = 2.9194 | box = 0.4274 | obj = 0.7688 | cls = 0.0135 | lr = 0.000505
epoch 011 | step 0460 | total = 2.9997 | box = 0.4467 | obj = 0.7532 | cls = 0.0129 | lr = 0.000505
epoch 011 | step 0480 | total = 3.0416 | box = 0.4533 | obj = 0.7630 | cls = 0.0123 | lr = 0.000505
[epoch 011 train] total = 2.9431 | box = 0.4350 | obj = 0.7549 | cls = 0.0133 | batches = 485 | time = 1511.4s
[epoch 011 val] total = 2.5304 | box = 0.3548 | obj = 0.7353 | cls = 0.0213 | batches = 43 | time = 101.0s
epoch 012 | step 0001 | total = 2.8034 | box = 0.4113 | obj = 0.7328 | cls = 0.0139 | lr = 0.000428
epoch 012 | step 0020 | total = 2.8560 | box = 0.4179 | obj = 0.7527 | cls = 0.0140 | lr = 0.000428
epoch 012 | step 0040 | total = 2.8672 | box = 0.4245 | obj = 0.7308 | cls = 0.0137 | lr = 0.000428
epoch 012 | step 0060 | total = 2.9315 | box = 0.4338 | obj = 0.7489 | cls = 0.0134 | lr = 0.000428
epoch 012 | step 0080 | total = 2.9030 | box = 0.4275 | obj = 0.7520 | cls = 0.0134 | lr = 0.000428
epoch 012 | step 0100 | total = 2.8454 | box = 0.4157 | obj = 0.7527 | cls = 0.0140 | lr = 0.000428
epoch 012 | step 0120 | total = 2.8185 | box = 0.4122 | obj = 0.7437 | cls = 0.0138 | lr = 0.000428
epoch 012 | step 0140 | total = 2.8204 | box = 0.4135 | obj = 0.7393 | cls = 0.0136 | lr = 0.000428
epoch 012 | step 0160 | total = 2.9036 | box = 0.4252 | obj = 0.7640 | cls = 0.0138 | lr = 0.000428
epoch 012 | step 0180 | total = 3.0379 | box = 0.4539 | obj = 0.7560 | cls = 0.0125 | lr = 0.000428
epoch 012 | step 0200 | total = 2.8563 | box = 0.4162 | obj = 0.7618 | cls = 0.0137 | lr = 0.000428
epoch 012 | step 0220 | total = 2.9355 | box = 0.4340 | obj = 0.7520 | cls = 0.0135 | lr = 0.000428
epoch 012 | step 0240 | total = 2.9559 | box = 0.4400 | obj = 0.7433 | cls = 0.0125 | lr = 0.000428
epoch 012 | step 0260 | total = 2.8557 | box = 0.4168 | obj = 0.7580 | cls = 0.0139 | lr = 0.000428
epoch 012 | step 0280 | total = 3.0002 | box = 0.4496 | obj = 0.7395 | cls = 0.0127 | lr = 0.000428
epoch 012 | step 0300 | total = 2.8705 | box = 0.4185 | obj = 0.7644 | cls = 0.0138 | lr = 0.000428
epoch 012 | step 0320 | total = 2.8710 | box = 0.4189 | obj = 0.7626 | cls = 0.0139 | lr = 0.000428
epoch 012 | step 0340 | total = 2.9012 | box = 0.4264 | obj = 0.7563 | cls = 0.0131 | lr = 0.000428
epoch 012 | step 0360 | total = 2.8027 | box = 0.4090 | obj = 0.7440 | cls = 0.0139 | lr = 0.000428
epoch 012 | step 0380 | total = 2.9374 | box = 0.4331 | obj = 0.7588 | cls = 0.0131 | lr = 0.000428
epoch 012 | step 0400 | total = 2.8768 | box = 0.4219 | obj = 0.7539 | cls = 0.0133 | lr = 0.000428
epoch 012 | step 0420 | total = 2.8894 | box = 0.4244 | obj = 0.7539 | cls = 0.0132 | lr = 0.000428
epoch 012 | step 0440 | total = 2.7851 | box = 0.4072 | obj = 0.7355 | cls = 0.0135 | lr = 0.000428
epoch 012 | step 0460 | total = 2.8723 | box = 0.4213 | obj = 0.7528 | cls = 0.0132 | lr = 0.000428
epoch 012 | step 0480 | total = 2.9448 | box = 0.4342 | obj = 0.7609 | cls = 0.0129 | lr = 0.000428
[epoch 012 train] total = 2.8970 | box = 0.4268 | obj = 0.7497 | cls = 0.0134 | batches = 485 | time = 1515.0s
[epoch 012 val] total = 2.4587 | box = 0.3432 | obj = 0.7223 | cls = 0.0203 | batches = 43 | time = 103.6s
epoch 013 | step 0001 | total = 2.7498 | box = 0.3943 | obj = 0.7637 | cls = 0.0146 | lr = 0.000352
epoch 013 | step 0020 | total = 3.0787 | box = 0.4617 | obj = 0.7582 | cls = 0.0121 | lr = 0.000352
epoch 013 | step 0040 | total = 2.8102 | box = 0.4098 | obj = 0.7472 | cls = 0.0139 | lr = 0.000352
epoch 013 | step 0060 | total = 2.8479 | box = 0.4174 | obj = 0.7477 | cls = 0.0134 | lr = 0.000352
epoch 013 | step 0080 | total = 2.8619 | box = 0.4190 | obj = 0.7538 | cls = 0.0130 | lr = 0.000352
epoch 013 | step 0100 | total = 2.8740 | box = 0.4250 | obj = 0.7356 | cls = 0.0132 | lr = 0.000352
epoch 013 | step 0120 | total = 2.8009 | box = 0.4102 | obj = 0.7363 | cls = 0.0137 | lr = 0.000352
epoch 013 | step 0140 | total = 2.9100 | box = 0.4331 | obj = 0.7316 | cls = 0.0130 | lr = 0.000352
epoch 013 | step 0160 | total = 2.9673 | box = 0.4418 | obj = 0.7458 | cls = 0.0124 | lr = 0.000352
epoch 013 | step 0180 | total = 2.9409 | box = 0.4372 | obj = 0.7420 | cls = 0.0129 | lr = 0.000352
epoch 013 | step 0200 | total = 2.7962 | box = 0.4052 | obj = 0.7566 | cls = 0.0137 | lr = 0.000352
epoch 013 | step 0220 | total = 2.8462 | box = 0.4168 | obj = 0.7484 | cls = 0.0138 | lr = 0.000352
epoch 013 | step 0240 | total = 2.7877 | box = 0.4059 | obj = 0.7444 | cls = 0.0138 | lr = 0.000352
epoch 013 | step 0260 | total = 2.8983 | box = 0.4282 | obj = 0.7441 | cls = 0.0132 | lr = 0.000352
epoch 013 | step 0280 | total = 2.8299 | box = 0.4156 | obj = 0.7389 | cls = 0.0132 | lr = 0.000352
epoch 013 | step 0300 | total = 2.8980 | box = 0.4268 | obj = 0.7510 | cls = 0.0128 | lr = 0.000352
epoch 013 | step 0320 | total = 2.9022 | box = 0.4281 | obj = 0.7486 | cls = 0.0130 | lr = 0.000352
epoch 013 | step 0340 | total = 2.8637 | box = 0.4223 | obj = 0.7388 | cls = 0.0134 | lr = 0.000352
epoch 013 | step 0360 | total = 2.8735 | box = 0.4230 | obj = 0.7453 | cls = 0.0131 | lr = 0.000352
epoch 013 | step 0380 | total = 2.8507 | box = 0.4188 | obj = 0.7430 | cls = 0.0135 | lr = 0.000352
epoch 013 | step 0400 | total = 2.8992 | box = 0.4273 | obj = 0.7490 | cls = 0.0135 | lr = 0.000352
epoch 013 | step 0420 | total = 2.8748 | box = 0.4219 | obj = 0.7512 | cls = 0.0139 | lr = 0.000352
epoch 013 | step 0440 | total = 2.8864 | box = 0.4254 | obj = 0.7464 | cls = 0.0130 | lr = 0.000352
epoch 013 | step 0460 | total = 2.9320 | box = 0.4343 | obj = 0.7473 | cls = 0.0131 | lr = 0.000352
epoch 013 | step 0480 | total = 2.6867 | box = 0.3864 | obj = 0.7400 | cls = 0.0146 | lr = 0.000352
[epoch 013 train] total = 2.8486 | box = 0.4182 | obj = 0.7441 | cls = 0.0135 | batches = 485 | time = 1524.1s
[epoch 013 val] total = 2.4103 | box = 0.3354 | obj = 0.7136 | cls = 0.0199 | batches = 43 | time = 105.8s
epoch 014 | step 0001 | total = 2.8240 | box = 0.4143 | obj = 0.7394 | cls = 0.0131 | lr = 0.000280
epoch 014 | step 0020 | total = 2.6999 | box = 0.3902 | obj = 0.7349 | cls = 0.0142 | lr = 0.000280
epoch 014 | step 0040 | total = 2.8320 | box = 0.4169 | obj = 0.7342 | cls = 0.0131 | lr = 0.000280
epoch 014 | step 0060 | total = 2.8223 | box = 0.4127 | obj = 0.7455 | cls = 0.0133 | lr = 0.000280
epoch 014 | step 0080 | total = 2.7238 | box = 0.3952 | obj = 0.7337 | cls = 0.0140 | lr = 0.000280
epoch 014 | step 0100 | total = 2.6566 | box = 0.3791 | obj = 0.7462 | cls = 0.0149 | lr = 0.000280
epoch 014 | step 0120 | total = 2.7972 | box = 0.4080 | obj = 0.7436 | cls = 0.0134 | lr = 0.000280
epoch 014 | step 0140 | total = 2.8246 | box = 0.4150 | obj = 0.7361 | cls = 0.0135 | lr = 0.000280
epoch 014 | step 0160 | total = 2.8186 | box = 0.4159 | obj = 0.7254 | cls = 0.0138 | lr = 0.000280
epoch 014 | step 0180 | total = 2.8404 | box = 0.4200 | obj = 0.7272 | cls = 0.0130 | lr = 0.000280
epoch 014 | step 0200 | total = 2.8289 | box = 0.4171 | obj = 0.7300 | cls = 0.0135 | lr = 0.000280
epoch 014 | step 0220 | total = 2.8054 | box = 0.4123 | obj = 0.7301 | cls = 0.0138 | lr = 0.000280
epoch 014 | step 0240 | total = 2.8741 | box = 0.4259 | obj = 0.7317 | cls = 0.0129 | lr = 0.000280
epoch 014 | step 0260 | total = 2.7566 | box = 0.4021 | obj = 0.7323 | cls = 0.0140 | lr = 0.000280
epoch 014 | step 0280 | total = 2.8862 | box = 0.4301 | obj = 0.7226 | cls = 0.0132 | lr = 0.000280
epoch 014 | step 0300 | total = 2.8453 | box = 0.4165 | obj = 0.7495 | cls = 0.0132 | lr = 0.000280
epoch 014 | step 0320 | total = 2.8154 | box = 0.4126 | obj = 0.7387 | cls = 0.0136 | lr = 0.000280
epoch 014 | step 0340 | total = 2.7481 | box = 0.3995 | obj = 0.7374 | cls = 0.0135 | lr = 0.000280
epoch 014 | step 0360 | total = 2.8933 | box = 0.4288 | obj = 0.7366 | cls = 0.0125 | lr = 0.000280
epoch 014 | step 0380 | total = 2.7652 | box = 0.4052 | obj = 0.7252 | cls = 0.0142 | lr = 0.000280
epoch 014 | step 0400 | total = 2.8905 | box = 0.4310 | obj = 0.7229 | cls = 0.0128 | lr = 0.000280
epoch 014 | step 0420 | total = 2.8298 | box = 0.4181 | obj = 0.7263 | cls = 0.0132 | lr = 0.000280
epoch 014 | step 0440 | total = 2.7902 | box = 0.4064 | obj = 0.7445 | cls = 0.0136 | lr = 0.000280
epoch 014 | step 0460 | total = 2.7690 | box = 0.4015 | obj = 0.7474 | cls = 0.0141 | lr = 0.000280
epoch 014 | step 0480 | total = 2.7994 | box = 0.4095 | obj = 0.7388 | cls = 0.0132 | lr = 0.000280
[epoch 014 train] total = 2.8012 | box = 0.4099 | obj = 0.7381 | cls = 0.0135 | batches = 485 | time = 1533.0s
[epoch 014 val] total = 2.4128 | box = 0.3354 | obj = 0.7155 | cls = 0.0203 | batches = 43 | time = 104.5s
epoch 015 | step 0001 | total = 2.8708 | box = 0.4237 | obj = 0.7390 | cls = 0.0131 | lr = 0.000214
epoch 015 | step 0020 | total = 2.8134 | box = 0.4123 | obj = 0.7390 | cls = 0.0128 | lr = 0.000214
epoch 015 | step 0040 | total = 2.8497 | box = 0.4205 | obj = 0.7345 | cls = 0.0127 | lr = 0.000214
epoch 015 | step 0060 | total = 2.7771 | box = 0.4062 | obj = 0.7319 | cls = 0.0139 | lr = 0.000214
epoch 015 | step 0080 | total = 2.8481 | box = 0.4221 | obj = 0.7241 | cls = 0.0133 | lr = 0.000214
epoch 015 | step 0100 | total = 2.6654 | box = 0.3826 | obj = 0.7375 | cls = 0.0148 | lr = 0.000214
epoch 015 | step 0120 | total = 2.7855 | box = 0.4067 | obj = 0.7386 | cls = 0.0135 | lr = 0.000214
epoch 015 | step 0140 | total = 2.7966 | box = 0.4104 | obj = 0.7314 | cls = 0.0133 | lr = 0.000214
epoch 015 | step 0160 | total = 2.6053 | box = 0.3742 | obj = 0.7199 | cls = 0.0146 | lr = 0.000214
epoch 015 | step 0180 | total = 2.8295 | box = 0.4185 | obj = 0.7244 | cls = 0.0128 | lr = 0.000214
epoch 015 | step 0200 | total = 2.8613 | box = 0.4208 | obj = 0.7438 | cls = 0.0133 | lr = 0.000214
epoch 015 | step 0220 | total = 2.5983 | box = 0.3712 | obj = 0.7280 | cls = 0.0143 | lr = 0.000214
epoch 015 | step 0240 | total = 2.7642 | box = 0.4047 | obj = 0.7270 | cls = 0.0134 | lr = 0.000214
epoch 015 | step 0260 | total = 2.6989 | box = 0.3914 | obj = 0.7276 | cls = 0.0143 | lr = 0.000214
epoch 015 | step 0280 | total = 2.6952 | box = 0.3907 | obj = 0.7277 | cls = 0.0141 | lr = 0.000214
epoch 015 | step 0300 | total = 2.7522 | box = 0.4024 | obj = 0.7267 | cls = 0.0136 | lr = 0.000214
epoch 015 | step 0320 | total = 2.8341 | box = 0.4205 | obj = 0.7187 | cls = 0.0131 | lr = 0.000214
epoch 015 | step 0340 | total = 2.7297 | box = 0.3962 | obj = 0.7351 | cls = 0.0136 | lr = 0.000214
epoch 015 | step 0360 | total = 2.7582 | box = 0.4034 | obj = 0.7275 | cls = 0.0138 | lr = 0.000214
epoch 015 | step 0380 | total = 2.7568 | box = 0.4031 | obj = 0.7278 | cls = 0.0135 | lr = 0.000214
epoch 015 | step 0400 | total = 2.7845 | box = 0.4089 | obj = 0.7263 | cls = 0.0137 | lr = 0.000214
epoch 015 | step 0420 | total = 2.7795 | box = 0.4089 | obj = 0.7217 | cls = 0.0134 | lr = 0.000214
epoch 015 | step 0440 | total = 2.6595 | box = 0.3857 | obj = 0.7168 | cls = 0.0142 | lr = 0.000214
epoch 015 | step 0460 | total = 2.8057 | box = 0.4122 | obj = 0.7314 | cls = 0.0132 | lr = 0.000214
epoch 015 | step 0480 | total = 2.7745 | box = 0.4056 | obj = 0.7329 | cls = 0.0137 | lr = 0.000214
[epoch 015 train] total = 2.7567 | box = 0.4022 | obj = 0.7322 | cls = 0.0136 | batches = 485 | time = 1534.9s
[epoch 015 val] total = 2.3552 | box = 0.3263 | obj = 0.7037 | cls = 0.0202 | batches = 43 | time = 105.8s
epoch 016 | step 0001 | total = 2.8140 | box = 0.4154 | obj = 0.7238 | cls = 0.0131 | lr = 0.000155
epoch 016 | step 0020 | total = 2.8169 | box = 0.4155 | obj = 0.7261 | cls = 0.0132 | lr = 0.000155
epoch 016 | step 0040 | total = 2.7821 | box = 0.4108 | obj = 0.7150 | cls = 0.0132 | lr = 0.000155
epoch 016 | step 0060 | total = 2.5769 | box = 0.3682 | obj = 0.7215 | cls = 0.0147 | lr = 0.000155
epoch 016 | step 0080 | total = 2.6577 | box = 0.3804 | obj = 0.7412 | cls = 0.0143 | lr = 0.000155
epoch 016 | step 0100 | total = 2.6596 | box = 0.3833 | obj = 0.7290 | cls = 0.0139 | lr = 0.000155
epoch 016 | step 0120 | total = 2.6038 | box = 0.3756 | obj = 0.7119 | cls = 0.0141 | lr = 0.000155
epoch 016 | step 0140 | total = 2.7281 | box = 0.3964 | obj = 0.7324 | cls = 0.0135 | lr = 0.000155
epoch 016 | step 0160 | total = 2.6895 | box = 0.3897 | obj = 0.7265 | cls = 0.0146 | lr = 0.000155
epoch 016 | step 0180 | total = 2.7263 | box = 0.3964 | obj = 0.7304 | cls = 0.0137 | lr = 0.000155
epoch 016 | step 0200 | total = 2.6225 | box = 0.3768 | obj = 0.7241 | cls = 0.0142 | lr = 0.000155
epoch 016 | step 0220 | total = 2.7340 | box = 0.3984 | obj = 0.7284 | cls = 0.0133 | lr = 0.000155
epoch 016 | step 0240 | total = 2.5884 | box = 0.3684 | obj = 0.7317 | cls = 0.0149 | lr = 0.000155
epoch 016 | step 0260 | total = 2.6597 | box = 0.3844 | obj = 0.7241 | cls = 0.0137 | lr = 0.000155
epoch 016 | step 0280 | total = 2.6178 | box = 0.3757 | obj = 0.7257 | cls = 0.0134 | lr = 0.000155
epoch 016 | step 0300 | total = 2.7470 | box = 0.3991 | obj = 0.7379 | cls = 0.0135 | lr = 0.000155
epoch 016 | step 0320 | total = 2.7898 | box = 0.4076 | obj = 0.7387 | cls = 0.0130 | lr = 0.000155
epoch 016 | step 0340 | total = 2.6550 | box = 0.3859 | obj = 0.7107 | cls = 0.0146 | lr = 0.000155
epoch 016 | step 0360 | total = 2.7388 | box = 0.4003 | obj = 0.7237 | cls = 0.0139 | lr = 0.000155
epoch 016 | step 0380 | total = 2.6425 | box = 0.3822 | obj = 0.7176 | cls = 0.0141 | lr = 0.000155
epoch 016 | step 0400 | total = 2.7669 | box = 0.4032 | obj = 0.7379 | cls = 0.0129 | lr = 0.000155
epoch 016 | step 0420 | total = 2.5820 | box = 0.3684 | obj = 0.7256 | cls = 0.0142 | lr = 0.000155
epoch 016 | step 0440 | total = 2.7756 | box = 0.4077 | obj = 0.7239 | cls = 0.0131 | lr = 0.000155
epoch 016 | step 0460 | total = 2.7015 | box = 0.3922 | obj = 0.7267 | cls = 0.0141 | lr = 0.000155
epoch 016 | step 0480 | total = 2.7030 | box = 0.3928 | obj = 0.7254 | cls = 0.0137 | lr = 0.000155
[epoch 016 train] total = 2.7116 | box = 0.3943 | obj = 0.7265 | cls = 0.0137 | batches = 485 | time = 1538.3s
[epoch 016 val] total = 2.3354 | box = 0.3230 | obj = 0.6995 | cls = 0.0209 | batches = 43 | time = 105.1s
epoch 017 | step 0001 | total = 2.7998 | box = 0.4112 | obj = 0.7306 | cls = 0.0131 | lr = 0.000105
epoch 017 | step 0020 | total = 2.6108 | box = 0.3722 | obj = 0.7352 | cls = 0.0146 | lr = 0.000105
epoch 017 | step 0040 | total = 2.7682 | box = 0.4086 | obj = 0.7123 | cls = 0.0129 | lr = 0.000105
epoch 017 | step 0060 | total = 2.6263 | box = 0.3798 | obj = 0.7139 | cls = 0.0137 | lr = 0.000105
epoch 017 | step 0080 | total = 2.7570 | box = 0.4029 | obj = 0.7290 | cls = 0.0133 | lr = 0.000105
epoch 017 | step 0100 | total = 2.6038 | box = 0.3716 | obj = 0.7319 | cls = 0.0139 | lr = 0.000105
epoch 017 | step 0120 | total = 2.6093 | box = 0.3748 | obj = 0.7207 | cls = 0.0145 | lr = 0.000105
epoch 017 | step 0140 | total = 2.5863 | box = 0.3700 | obj = 0.7218 | cls = 0.0145 | lr = 0.000105
epoch 017 | step 0160 | total = 2.4966 | box = 0.3525 | obj = 0.7194 | cls = 0.0149 | lr = 0.000105
epoch 017 | step 0180 | total = 2.7264 | box = 0.3984 | obj = 0.7208 | cls = 0.0135 | lr = 0.000105
epoch 017 | step 0200 | total = 2.8077 | box = 0.4116 | obj = 0.7365 | cls = 0.0133 | lr = 0.000105
epoch 017 | step 0220 | total = 2.6201 | box = 0.3748 | obj = 0.7319 | cls = 0.0143 | lr = 0.000105
epoch 017 | step 0240 | total = 2.7377 | box = 0.3986 | obj = 0.7311 | cls = 0.0138 | lr = 0.000105
epoch 017 | step 0260 | total = 2.7029 | box = 0.3903 | obj = 0.7380 | cls = 0.0133 | lr = 0.000105
epoch 017 | step 0280 | total = 2.7203 | box = 0.3970 | obj = 0.7217 | cls = 0.0134 | lr = 0.000105
epoch 017 | step 0300 | total = 2.5901 | box = 0.3708 | obj = 0.7219 | cls = 0.0142 | lr = 0.000105
epoch 017 | step 0320 | total = 2.6611 | box = 0.3865 | obj = 0.7154 | cls = 0.0132 | lr = 0.000105
epoch 017 | step 0340 | total = 2.6682 | box = 0.3852 | obj = 0.7286 | cls = 0.0136 | lr = 0.000105
epoch 017 | step 0360 | total = 2.5957 | box = 0.3714 | obj = 0.7242 | cls = 0.0145 | lr = 0.000105
epoch 017 | step 0380 | total = 2.6974 | box = 0.3917 | obj = 0.7256 | cls = 0.0136 | lr = 0.000105
epoch 017 | step 0400 | total = 2.6832 | box = 0.3885 | obj = 0.7267 | cls = 0.0139 | lr = 0.000105
epoch 017 | step 0420 | total = 2.6743 | box = 0.3907 | obj = 0.7073 | cls = 0.0136 | lr = 0.000105
epoch 017 | step 0440 | total = 2.6319 | box = 0.3807 | obj = 0.7146 | cls = 0.0139 | lr = 0.000105
epoch 017 | step 0460 | total = 2.7361 | box = 0.4002 | obj = 0.7218 | cls = 0.0133 | lr = 0.000105
epoch 017 | step 0480 | total = 2.5833 | box = 0.3680 | obj = 0.7291 | cls = 0.0144 | lr = 0.000105
[epoch 017 train] total = 2.6715 | box = 0.3872 | obj = 0.7216 | cls = 0.0138 | batches = 485 | time = 1543.3s
[epoch 017 val] total = 2.3051 | box = 0.3183 | obj = 0.6936 | cls = 0.0202 | batches = 43 | time = 106.5s
epoch 018 | step 0001 | total = 2.6366 | box = 0.3768 | obj = 0.7388 | cls = 0.0138 | lr = 0.000064
epoch 018 | step 0020 | total = 2.6830 | box = 0.3913 | obj = 0.7127 | cls = 0.0138 | lr = 0.000064
epoch 018 | step 0040 | total = 2.6800 | box = 0.3891 | obj = 0.7211 | cls = 0.0134 | lr = 0.000064
epoch 018 | step 0060 | total = 2.6344 | box = 0.3786 | obj = 0.7272 | cls = 0.0141 | lr = 0.000064
epoch 018 | step 0080 | total = 2.5295 | box = 0.3584 | obj = 0.7233 | cls = 0.0143 | lr = 0.000064
epoch 018 | step 0100 | total = 2.6858 | box = 0.3899 | obj = 0.7228 | cls = 0.0133 | lr = 0.000064
epoch 018 | step 0120 | total = 2.6251 | box = 0.3778 | obj = 0.7221 | cls = 0.0138 | lr = 0.000064
epoch 018 | step 0140 | total = 2.4813 | box = 0.3527 | obj = 0.7033 | cls = 0.0147 | lr = 0.000064
epoch 018 | step 0160 | total = 2.6242 | box = 0.3791 | obj = 0.7150 | cls = 0.0136 | lr = 0.000064
epoch 018 | step 0180 | total = 2.7107 | box = 0.3971 | obj = 0.7117 | cls = 0.0134 | lr = 0.000064
epoch 018 | step 0200 | total = 2.7228 | box = 0.3976 | obj = 0.7214 | cls = 0.0134 | lr = 0.000064
epoch 018 | step 0220 | total = 2.6199 | box = 0.3801 | obj = 0.7056 | cls = 0.0139 | lr = 0.000064
epoch 018 | step 0240 | total = 2.6129 | box = 0.3763 | obj = 0.7179 | cls = 0.0136 | lr = 0.000064
epoch 018 | step 0260 | total = 2.6164 | box = 0.3764 | obj = 0.7201 | cls = 0.0141 | lr = 0.000064
epoch 018 | step 0280 | total = 2.6663 | box = 0.3867 | obj = 0.7192 | cls = 0.0136 | lr = 0.000064
epoch 018 | step 0300 | total = 2.6451 | box = 0.3827 | obj = 0.7181 | cls = 0.0135 | lr = 0.000064
epoch 018 | step 0320 | total = 2.6896 | box = 0.3930 | obj = 0.7111 | cls = 0.0137 | lr = 0.000064
epoch 018 | step 0340 | total = 2.5595 | box = 0.3651 | obj = 0.7192 | cls = 0.0145 | lr = 0.000064
epoch 018 | step 0360 | total = 2.4815 | box = 0.3499 | obj = 0.7174 | cls = 0.0146 | lr = 0.000064
epoch 018 | step 0380 | total = 2.6421 | box = 0.3813 | obj = 0.7220 | cls = 0.0136 | lr = 0.000064
epoch 018 | step 0400 | total = 2.7065 | box = 0.3935 | obj = 0.7255 | cls = 0.0133 | lr = 0.000064
epoch 018 | step 0420 | total = 2.6644 | box = 0.3869 | obj = 0.7163 | cls = 0.0134 | lr = 0.000064
epoch 018 | step 0440 | total = 2.6617 | box = 0.3847 | obj = 0.7246 | cls = 0.0138 | lr = 0.000064
epoch 018 | step 0460 | total = 2.6607 | box = 0.3858 | obj = 0.7186 | cls = 0.0132 | lr = 0.000064
epoch 018 | step 0480 | total = 2.6337 | box = 0.3824 | obj = 0.7079 | cls = 0.0139 | lr = 0.000064
[epoch 018 train] total = 2.6362 | box = 0.3810 | obj = 0.7175 | cls = 0.0139 | batches = 485 | time = 1540.9s
[epoch 018 val] total = 2.3016 | box = 0.3178 | obj = 0.6922 | cls = 0.0202 | batches = 43 | time = 105.7s
epoch 019 | step 0001 | total = 2.5957 | box = 0.3730 | obj = 0.7169 | cls = 0.0136 | lr = 0.000034
epoch 019 | step 0020 | total = 2.5933 | box = 0.3731 | obj = 0.7137 | cls = 0.0143 | lr = 0.000034
epoch 019 | step 0040 | total = 2.6469 | box = 0.3875 | obj = 0.6962 | cls = 0.0132 | lr = 0.000034
epoch 019 | step 0060 | total = 2.5635 | box = 0.3644 | obj = 0.7272 | cls = 0.0146 | lr = 0.000034
epoch 019 | step 0080 | total = 2.6627 | box = 0.3869 | obj = 0.7147 | cls = 0.0135 | lr = 0.000034
epoch 019 | step 0100 | total = 2.7102 | box = 0.3941 | obj = 0.7266 | cls = 0.0134 | lr = 0.000034
epoch 019 | step 0120 | total = 2.5950 | box = 0.3727 | obj = 0.7176 | cls = 0.0140 | lr = 0.000034
epoch 019 | step 0140 | total = 2.6475 | box = 0.3887 | obj = 0.6901 | cls = 0.0137 | lr = 0.000034
epoch 019 | step 0160 | total = 2.5789 | box = 0.3698 | obj = 0.7160 | cls = 0.0141 | lr = 0.000034
epoch 019 | step 0180 | total = 2.6766 | box = 0.3894 | obj = 0.7161 | cls = 0.0135 | lr = 0.000034
epoch 019 | step 0200 | total = 2.6008 | box = 0.3755 | obj = 0.7091 | cls = 0.0142 | lr = 0.000034
epoch 019 | step 0220 | total = 2.6209 | box = 0.3805 | obj = 0.7049 | cls = 0.0134 | lr = 0.000034
epoch 019 | step 0240 | total = 2.7766 | box = 0.4074 | obj = 0.7273 | cls = 0.0126 | lr = 0.000034
epoch 019 | step 0260 | total = 2.6035 | box = 0.3746 | obj = 0.7163 | cls = 0.0140 | lr = 0.000034
epoch 019 | step 0280 | total = 2.4241 | box = 0.3400 | obj = 0.7091 | cls = 0.0151 | lr = 0.000034
epoch 019 | step 0300 | total = 2.5223 | box = 0.3590 | obj = 0.7132 | cls = 0.0143 | lr = 0.000034
epoch 019 | step 0320 | total = 2.5665 | box = 0.3673 | obj = 0.7161 | cls = 0.0139 | lr = 0.000034
epoch 019 | step 0340 | total = 2.5572 | box = 0.3664 | obj = 0.7110 | cls = 0.0143 | lr = 0.000034
epoch 019 | step 0360 | total = 2.6095 | box = 0.3769 | obj = 0.7108 | cls = 0.0141 | lr = 0.000034
epoch 019 | step 0380 | total = 2.6092 | box = 0.3769 | obj = 0.7106 | cls = 0.0141 | lr = 0.000034
epoch 019 | step 0400 | total = 2.6257 | box = 0.3775 | obj = 0.7243 | cls = 0.0138 | lr = 0.000034
epoch 019 | step 0420 | total = 2.4807 | box = 0.3493 | obj = 0.7200 | cls = 0.0144 | lr = 0.000034
epoch 019 | step 0440 | total = 2.5862 | box = 0.3709 | obj = 0.7175 | cls = 0.0140 | lr = 0.000034
epoch 019 | step 0460 | total = 2.7058 | box = 0.3957 | obj = 0.7134 | cls = 0.0137 | lr = 0.000034
epoch 019 | step 0480 | total = 2.5682 | box = 0.3675 | obj = 0.7171 | cls = 0.0137 | lr = 0.000034
[epoch 019 train] total = 2.6099 | box = 0.3763 | obj = 0.7146 | cls = 0.0139 | batches = 485 | time = 1557.1s
[epoch 019 val] total = 2.2903 | box = 0.3160 | obj = 0.6904 | cls = 0.0202 | batches = 43 | time = 108.5s
epoch 020 | step 0001 | total = 2.6570 | box = 0.3841 | obj = 0.7229 | cls = 0.0135 | lr = 0.000016
epoch 020 | step 0020 | total = 2.5629 | box = 0.3698 | obj = 0.6997 | cls = 0.0139 | lr = 0.000016
epoch 020 | step 0040 | total = 2.5391 | box = 0.3652 | obj = 0.6992 | cls = 0.0140 | lr = 0.000016
epoch 020 | step 0060 | total = 2.5163 | box = 0.3584 | obj = 0.7096 | cls = 0.0147 | lr = 0.000016
epoch 020 | step 0080 | total = 2.5416 | box = 0.3644 | obj = 0.7050 | cls = 0.0143 | lr = 0.000016
epoch 020 | step 0100 | total = 2.6370 | box = 0.3811 | obj = 0.7180 | cls = 0.0134 | lr = 0.000016
epoch 020 | step 0120 | total = 2.6280 | box = 0.3815 | obj = 0.7068 | cls = 0.0138 | lr = 0.000016
epoch 020 | step 0140 | total = 2.6285 | box = 0.3835 | obj = 0.6973 | cls = 0.0136 | lr = 0.000016
epoch 020 | step 0160 | total = 2.5912 | box = 0.3733 | obj = 0.7108 | cls = 0.0138 | lr = 0.000016
epoch 020 | step 0180 | total = 2.5853 | box = 0.3734 | obj = 0.7043 | cls = 0.0141 | lr = 0.000016
epoch 020 | step 0200 | total = 2.5182 | box = 0.3581 | obj = 0.7136 | cls = 0.0143 | lr = 0.000016
epoch 020 | step 0220 | total = 2.5912 | box = 0.3720 | obj = 0.7175 | cls = 0.0137 | lr = 0.000016
epoch 020 | step 0240 | total = 2.5459 | box = 0.3640 | obj = 0.7117 | cls = 0.0144 | lr = 0.000016
epoch 020 | step 0260 | total = 2.6587 | box = 0.3889 | obj = 0.7007 | cls = 0.0136 | lr = 0.000016
epoch 020 | step 0280 | total = 2.5303 | box = 0.3619 | obj = 0.7064 | cls = 0.0143 | lr = 0.000016
epoch 020 | step 0300 | total = 2.6631 | box = 0.3843 | obj = 0.7280 | cls = 0.0137 | lr = 0.000016
epoch 020 | step 0320 | total = 2.6636 | box = 0.3855 | obj = 0.7226 | cls = 0.0135 | lr = 0.000016
epoch 020 | step 0340 | total = 2.4705 | box = 0.3490 | obj = 0.7110 | cls = 0.0143 | lr = 0.000016
epoch 020 | step 0360 | total = 2.5522 | box = 0.3644 | obj = 0.7157 | cls = 0.0146 | lr = 0.000016
epoch 020 | step 0380 | total = 2.6451 | box = 0.3836 | obj = 0.7137 | cls = 0.0134 | lr = 0.000016
epoch 020 | step 0400 | total = 2.6033 | box = 0.3728 | obj = 0.7252 | cls = 0.0141 | lr = 0.000016
epoch 020 | step 0420 | total = 2.4949 | box = 0.3564 | obj = 0.6983 | cls = 0.0144 | lr = 0.000016
epoch 020 | step 0440 | total = 2.5676 | box = 0.3689 | obj = 0.7086 | cls = 0.0143 | lr = 0.000016
epoch 020 | step 0460 | total = 2.7242 | box = 0.3979 | obj = 0.7217 | cls = 0.0133 | lr = 0.000016
epoch 020 | step 0480 | total = 2.6304 | box = 0.3809 | obj = 0.7120 | cls = 0.0138 | lr = 0.000016
[epoch 020 train] total = 2.5924 | box = 0.3732 | obj = 0.7125 | cls = 0.0140 | batches = 485 | time = 1555.9s
[epoch 020 val] total = 2.2790 | box = 0.3145 | obj = 0.6861 | cls = 0.0205 | batches = 43 | time = 105.0s
training status: completed
result summary: logs/records/deep_residual_three_box_dynamicassign_varifocal_20260424_110543/result.txt
