starting yolov0 training
run id: deep_residual_three_box_qualitycls_decoupled_20260420_014124
device: cuda
train dataset length: 124004
val dataset length: 10823
model output shape: (1, 10, 10, 255)
parameter total: 28921951
parameter trainable: 28921951
gpu count: 8
tensorboard dir: runs/deep_residual_three_box_qualitycls_decoupled_20260420_014124
output dir: outputs/deep_residual_three_box_qualitycls_decoupled_20260420_014124
epoch 001 | step 0001 | total = 6.3136 | box = 0.8926 | obj = 1.1197 | cls = 0.7307 | lr = 0.001000
epoch 001 | step 0020 | total = 4.5329 | box = 0.7140 | obj = 0.8268 | cls = 0.1363 | lr = 0.001000
epoch 001 | step 0040 | total = 4.2549 | box = 0.6850 | obj = 0.7853 | cls = 0.0444 | lr = 0.001000
epoch 001 | step 0060 | total = 4.3211 | box = 0.7072 | obj = 0.7539 | cls = 0.0310 | lr = 0.001000
epoch 001 | step 0080 | total = 4.3553 | box = 0.7184 | obj = 0.7372 | cls = 0.0259 | lr = 0.001000
epoch 001 | step 0100 | total = 4.2232 | box = 0.6846 | obj = 0.7737 | cls = 0.0266 | lr = 0.001000
epoch 001 | step 0120 | total = 4.2321 | box = 0.6875 | obj = 0.7682 | cls = 0.0266 | lr = 0.001000
epoch 001 | step 0140 | total = 4.2555 | box = 0.6966 | obj = 0.7482 | cls = 0.0244 | lr = 0.001000
epoch 001 | step 0160 | total = 4.1646 | box = 0.6732 | obj = 0.7732 | cls = 0.0256 | lr = 0.001000
epoch 001 | step 0180 | total = 4.1421 | box = 0.6702 | obj = 0.7661 | cls = 0.0250 | lr = 0.001000
epoch 001 | step 0200 | total = 4.0875 | box = 0.6567 | obj = 0.7784 | cls = 0.0254 | lr = 0.001000
epoch 001 | step 0220 | total = 4.1266 | box = 0.6681 | obj = 0.7622 | cls = 0.0239 | lr = 0.001000
epoch 001 | step 0240 | total = 4.1852 | box = 0.6848 | obj = 0.7379 | cls = 0.0233 | lr = 0.001000
epoch 001 | step 0260 | total = 4.0605 | box = 0.6554 | obj = 0.7590 | cls = 0.0244 | lr = 0.001000
epoch 001 | step 0280 | total = 4.1113 | box = 0.6680 | obj = 0.7477 | cls = 0.0234 | lr = 0.001000
epoch 001 | step 0300 | total = 4.0696 | box = 0.6607 | obj = 0.7419 | cls = 0.0244 | lr = 0.001000
epoch 001 | step 0320 | total = 4.0227 | box = 0.6472 | obj = 0.7615 | cls = 0.0250 | lr = 0.001000
epoch 001 | step 0340 | total = 3.9909 | box = 0.6425 | obj = 0.7544 | cls = 0.0240 | lr = 0.001000
epoch 001 | step 0360 | total = 4.0144 | box = 0.6498 | obj = 0.7409 | cls = 0.0248 | lr = 0.001000
epoch 001 | step 0380 | total = 3.9627 | box = 0.6398 | obj = 0.7394 | cls = 0.0241 | lr = 0.001000
epoch 001 | step 0400 | total = 3.9388 | box = 0.6346 | obj = 0.7414 | cls = 0.0244 | lr = 0.001000
epoch 001 | step 0420 | total = 3.9646 | box = 0.6395 | obj = 0.7432 | cls = 0.0238 | lr = 0.001000
epoch 001 | step 0440 | total = 3.9469 | box = 0.6362 | obj = 0.7419 | cls = 0.0239 | lr = 0.001000
epoch 001 | step 0460 | total = 3.8943 | box = 0.6253 | obj = 0.7423 | cls = 0.0252 | lr = 0.001000
epoch 001 | step 0480 | total = 3.9379 | box = 0.6367 | obj = 0.7310 | cls = 0.0234 | lr = 0.001000
[epoch 001 train] total = 4.1610 | box = 0.6714 | obj = 0.7617 | cls = 0.0424 | batches = 485 | time = 225.7s
[epoch 001 val] total = 3.5359 | box = 0.5444 | obj = 0.7807 | cls = 0.0335 | batches = 43 | time = 22.7s
epoch 002 | step 0001 | total = 3.9328 | box = 0.6348 | obj = 0.7343 | cls = 0.0244 | lr = 0.000994
epoch 002 | step 0020 | total = 3.8419 | box = 0.6146 | obj = 0.7427 | cls = 0.0260 | lr = 0.000994
epoch 002 | step 0040 | total = 3.9844 | box = 0.6454 | obj = 0.7337 | cls = 0.0238 | lr = 0.000994
epoch 002 | step 0060 | total = 3.8193 | box = 0.6116 | obj = 0.7367 | cls = 0.0245 | lr = 0.000994
epoch 002 | step 0080 | total = 3.8330 | box = 0.6162 | obj = 0.7280 | cls = 0.0239 | lr = 0.000994
epoch 002 | step 0100 | total = 3.8282 | box = 0.6131 | obj = 0.7384 | cls = 0.0241 | lr = 0.000994
epoch 002 | step 0120 | total = 3.8490 | box = 0.6170 | obj = 0.7400 | cls = 0.0241 | lr = 0.000994
epoch 002 | step 0140 | total = 3.9037 | box = 0.6318 | obj = 0.7215 | cls = 0.0234 | lr = 0.000994
epoch 002 | step 0160 | total = 3.8691 | box = 0.6272 | obj = 0.7101 | cls = 0.0229 | lr = 0.000994
epoch 002 | step 0180 | total = 3.8388 | box = 0.6189 | obj = 0.7208 | cls = 0.0233 | lr = 0.000994
epoch 002 | step 0200 | total = 3.7246 | box = 0.5908 | obj = 0.7449 | cls = 0.0257 | lr = 0.000994
epoch 002 | step 0220 | total = 3.8089 | box = 0.6127 | obj = 0.7216 | cls = 0.0238 | lr = 0.000994
epoch 002 | step 0240 | total = 3.8073 | box = 0.6148 | obj = 0.7102 | cls = 0.0232 | lr = 0.000994
epoch 002 | step 0260 | total = 3.8584 | box = 0.6247 | obj = 0.7115 | cls = 0.0233 | lr = 0.000994
epoch 002 | step 0280 | total = 3.8232 | box = 0.6176 | obj = 0.7121 | cls = 0.0232 | lr = 0.000994
epoch 002 | step 0300 | total = 3.7515 | box = 0.6008 | obj = 0.7237 | cls = 0.0240 | lr = 0.000994
epoch 002 | step 0320 | total = 3.7939 | box = 0.6108 | obj = 0.7158 | cls = 0.0239 | lr = 0.000994
epoch 002 | step 0340 | total = 3.8005 | box = 0.6127 | obj = 0.7141 | cls = 0.0227 | lr = 0.000994
epoch 002 | step 0360 | total = 3.6982 | box = 0.5897 | obj = 0.7250 | cls = 0.0248 | lr = 0.000994
epoch 002 | step 0380 | total = 3.7206 | box = 0.5961 | obj = 0.7165 | cls = 0.0238 | lr = 0.000994
epoch 002 | step 0400 | total = 3.7710 | box = 0.6060 | obj = 0.7189 | cls = 0.0222 | lr = 0.000994
epoch 002 | step 0420 | total = 3.6522 | box = 0.5804 | obj = 0.7251 | cls = 0.0249 | lr = 0.000994
epoch 002 | step 0440 | total = 3.6517 | box = 0.5796 | obj = 0.7301 | cls = 0.0238 | lr = 0.000994
epoch 002 | step 0460 | total = 3.7152 | box = 0.5964 | obj = 0.7095 | cls = 0.0237 | lr = 0.000994
epoch 002 | step 0480 | total = 3.6616 | box = 0.5831 | obj = 0.7218 | cls = 0.0242 | lr = 0.000994
[epoch 002 train] total = 3.7824 | box = 0.6063 | obj = 0.7266 | cls = 0.0241 | batches = 485 | time = 198.4s
[epoch 002 val] total = 3.2148 | box = 0.4885 | obj = 0.7364 | cls = 0.0361 | batches = 43 | time = 15.0s
epoch 003 | step 0001 | total = 3.6365 | box = 0.5783 | obj = 0.7210 | cls = 0.0238 | lr = 0.000976
epoch 003 | step 0020 | total = 3.7056 | box = 0.5949 | obj = 0.7075 | cls = 0.0235 | lr = 0.000976
epoch 003 | step 0040 | total = 3.5409 | box = 0.5580 | obj = 0.7263 | cls = 0.0245 | lr = 0.000976
epoch 003 | step 0060 | total = 3.6450 | box = 0.5809 | obj = 0.7160 | cls = 0.0243 | lr = 0.000976
epoch 003 | step 0080 | total = 3.5720 | box = 0.5633 | obj = 0.7306 | cls = 0.0250 | lr = 0.000976
epoch 003 | step 0100 | total = 3.5880 | box = 0.5702 | obj = 0.7125 | cls = 0.0242 | lr = 0.000976
epoch 003 | step 0120 | total = 3.7105 | box = 0.5945 | obj = 0.7156 | cls = 0.0223 | lr = 0.000976
epoch 003 | step 0140 | total = 3.6576 | box = 0.5865 | obj = 0.7022 | cls = 0.0229 | lr = 0.000976
epoch 003 | step 0160 | total = 3.5962 | box = 0.5730 | obj = 0.7063 | cls = 0.0246 | lr = 0.000976
epoch 003 | step 0180 | total = 3.6940 | box = 0.5928 | obj = 0.7076 | cls = 0.0226 | lr = 0.000976
epoch 003 | step 0200 | total = 3.6348 | box = 0.5797 | obj = 0.7128 | cls = 0.0234 | lr = 0.000976
epoch 003 | step 0220 | total = 3.4938 | box = 0.5499 | obj = 0.7195 | cls = 0.0248 | lr = 0.000976
epoch 003 | step 0240 | total = 3.4489 | box = 0.5374 | obj = 0.7359 | cls = 0.0258 | lr = 0.000976
epoch 003 | step 0260 | total = 3.4999 | box = 0.5556 | obj = 0.6981 | cls = 0.0236 | lr = 0.000976
epoch 003 | step 0280 | total = 3.5894 | box = 0.5705 | obj = 0.7136 | cls = 0.0231 | lr = 0.000976
epoch 003 | step 0300 | total = 3.5393 | box = 0.5609 | obj = 0.7108 | cls = 0.0239 | lr = 0.000976
epoch 003 | step 0320 | total = 3.5424 | box = 0.5615 | obj = 0.7116 | cls = 0.0234 | lr = 0.000976
epoch 003 | step 0340 | total = 3.4276 | box = 0.5326 | obj = 0.7396 | cls = 0.0248 | lr = 0.000976
epoch 003 | step 0360 | total = 3.5282 | box = 0.5575 | obj = 0.7167 | cls = 0.0242 | lr = 0.000976
epoch 003 | step 0380 | total = 3.6217 | box = 0.5804 | obj = 0.6973 | cls = 0.0225 | lr = 0.000976
epoch 003 | step 0400 | total = 3.6115 | box = 0.5774 | obj = 0.7014 | cls = 0.0229 | lr = 0.000976
epoch 003 | step 0420 | total = 3.6508 | box = 0.5857 | obj = 0.6999 | cls = 0.0225 | lr = 0.000976
epoch 003 | step 0440 | total = 3.6258 | box = 0.5802 | obj = 0.7018 | cls = 0.0231 | lr = 0.000976
epoch 003 | step 0460 | total = 3.5877 | box = 0.5708 | obj = 0.7112 | cls = 0.0228 | lr = 0.000976
epoch 003 | step 0480 | total = 3.7644 | box = 0.6109 | obj = 0.6887 | cls = 0.0213 | lr = 0.000976
[epoch 003 train] total = 3.5980 | box = 0.5724 | obj = 0.7125 | cls = 0.0236 | batches = 485 | time = 201.4s
[epoch 003 val] total = 3.1251 | box = 0.4704 | obj = 0.7378 | cls = 0.0355 | batches = 43 | time = 15.2s
epoch 004 | step 0001 | total = 3.5721 | box = 0.5644 | obj = 0.7268 | cls = 0.0231 | lr = 0.000946
epoch 004 | step 0020 | total = 3.4585 | box = 0.5442 | obj = 0.7129 | cls = 0.0246 | lr = 0.000946
epoch 004 | step 0040 | total = 3.4965 | box = 0.5523 | obj = 0.7113 | cls = 0.0235 | lr = 0.000946
epoch 004 | step 0060 | total = 3.5264 | box = 0.5583 | obj = 0.7118 | cls = 0.0232 | lr = 0.000946
epoch 004 | step 0080 | total = 3.4823 | box = 0.5500 | obj = 0.7080 | cls = 0.0244 | lr = 0.000946
epoch 004 | step 0100 | total = 3.4434 | box = 0.5439 | obj = 0.7010 | cls = 0.0231 | lr = 0.000946
epoch 004 | step 0120 | total = 3.4159 | box = 0.5342 | obj = 0.7205 | cls = 0.0243 | lr = 0.000946
epoch 004 | step 0140 | total = 3.4317 | box = 0.5417 | obj = 0.6991 | cls = 0.0241 | lr = 0.000946
epoch 004 | step 0160 | total = 3.5392 | box = 0.5616 | obj = 0.7082 | cls = 0.0231 | lr = 0.000946
epoch 004 | step 0180 | total = 3.4264 | box = 0.5381 | obj = 0.7117 | cls = 0.0240 | lr = 0.000946
epoch 004 | step 0200 | total = 3.4112 | box = 0.5345 | obj = 0.7151 | cls = 0.0235 | lr = 0.000946
epoch 004 | step 0220 | total = 3.5388 | box = 0.5625 | obj = 0.7031 | cls = 0.0231 | lr = 0.000946
epoch 004 | step 0240 | total = 3.5001 | box = 0.5545 | obj = 0.7044 | cls = 0.0230 | lr = 0.000946
epoch 004 | step 0260 | total = 3.4965 | box = 0.5566 | obj = 0.6910 | cls = 0.0227 | lr = 0.000946
epoch 004 | step 0280 | total = 3.4976 | box = 0.5562 | obj = 0.6944 | cls = 0.0224 | lr = 0.000946
epoch 004 | step 0300 | total = 3.4484 | box = 0.5419 | obj = 0.7154 | cls = 0.0235 | lr = 0.000946
epoch 004 | step 0320 | total = 3.4956 | box = 0.5544 | obj = 0.7007 | cls = 0.0228 | lr = 0.000946
epoch 004 | step 0340 | total = 3.3659 | box = 0.5266 | obj = 0.7085 | cls = 0.0244 | lr = 0.000946
epoch 004 | step 0360 | total = 3.3414 | box = 0.5210 | obj = 0.7112 | cls = 0.0250 | lr = 0.000946
epoch 004 | step 0380 | total = 3.3694 | box = 0.5290 | obj = 0.6998 | cls = 0.0248 | lr = 0.000946
epoch 004 | step 0400 | total = 3.3803 | box = 0.5295 | obj = 0.7083 | cls = 0.0248 | lr = 0.000946
epoch 004 | step 0420 | total = 3.4657 | box = 0.5485 | obj = 0.7006 | cls = 0.0226 | lr = 0.000946
epoch 004 | step 0440 | total = 3.4367 | box = 0.5426 | obj = 0.7009 | cls = 0.0228 | lr = 0.000946
epoch 004 | step 0460 | total = 3.3419 | box = 0.5191 | obj = 0.7234 | cls = 0.0232 | lr = 0.000946
epoch 004 | step 0480 | total = 3.4326 | box = 0.5421 | obj = 0.6996 | cls = 0.0223 | lr = 0.000946
[epoch 004 train] total = 3.4791 | box = 0.5505 | obj = 0.7034 | cls = 0.0232 | batches = 485 | time = 206.1s
[epoch 004 val] total = 3.0097 | box = 0.4512 | obj = 0.7172 | cls = 0.0367 | batches = 43 | time = 15.1s
epoch 005 | step 0001 | total = 3.4481 | box = 0.5451 | obj = 0.6995 | cls = 0.0230 | lr = 0.000905
epoch 005 | step 0020 | total = 3.3323 | box = 0.5187 | obj = 0.7147 | cls = 0.0239 | lr = 0.000905
epoch 005 | step 0040 | total = 3.5126 | box = 0.5618 | obj = 0.6809 | cls = 0.0227 | lr = 0.000905
epoch 005 | step 0060 | total = 3.4083 | box = 0.5366 | obj = 0.7021 | cls = 0.0230 | lr = 0.000905
epoch 005 | step 0080 | total = 3.3464 | box = 0.5234 | obj = 0.7055 | cls = 0.0240 | lr = 0.000905
epoch 005 | step 0100 | total = 3.2686 | box = 0.5067 | obj = 0.7103 | cls = 0.0248 | lr = 0.000905
epoch 005 | step 0120 | total = 3.3905 | box = 0.5328 | obj = 0.7034 | cls = 0.0229 | lr = 0.000905
epoch 005 | step 0140 | total = 3.4881 | box = 0.5574 | obj = 0.6796 | cls = 0.0217 | lr = 0.000905
epoch 005 | step 0160 | total = 3.3848 | box = 0.5343 | obj = 0.6898 | cls = 0.0233 | lr = 0.000905
epoch 005 | step 0180 | total = 3.3267 | box = 0.5212 | obj = 0.6976 | cls = 0.0232 | lr = 0.000905
epoch 005 | step 0200 | total = 3.3852 | box = 0.5275 | obj = 0.7241 | cls = 0.0237 | lr = 0.000905
epoch 005 | step 0220 | total = 3.4175 | box = 0.5382 | obj = 0.7035 | cls = 0.0228 | lr = 0.000905
epoch 005 | step 0240 | total = 3.2621 | box = 0.5028 | obj = 0.7225 | cls = 0.0257 | lr = 0.000905
epoch 005 | step 0260 | total = 3.4190 | box = 0.5420 | obj = 0.6862 | cls = 0.0227 | lr = 0.000905
epoch 005 | step 0280 | total = 3.2829 | box = 0.5135 | obj = 0.6918 | cls = 0.0236 | lr = 0.000905
epoch 005 | step 0300 | total = 3.3734 | box = 0.5280 | obj = 0.7101 | cls = 0.0234 | lr = 0.000905
epoch 005 | step 0320 | total = 3.3407 | box = 0.5234 | obj = 0.7000 | cls = 0.0239 | lr = 0.000905
epoch 005 | step 0340 | total = 3.3433 | box = 0.5257 | obj = 0.6918 | cls = 0.0229 | lr = 0.000905
epoch 005 | step 0360 | total = 3.3291 | box = 0.5200 | obj = 0.7060 | cls = 0.0232 | lr = 0.000905
epoch 005 | step 0380 | total = 3.3495 | box = 0.5260 | obj = 0.6964 | cls = 0.0230 | lr = 0.000905
epoch 005 | step 0400 | total = 3.4383 | box = 0.5433 | obj = 0.6995 | cls = 0.0223 | lr = 0.000905
epoch 005 | step 0420 | total = 3.3049 | box = 0.5176 | obj = 0.6932 | cls = 0.0239 | lr = 0.000905
epoch 005 | step 0440 | total = 3.3161 | box = 0.5181 | obj = 0.7028 | cls = 0.0229 | lr = 0.000905
epoch 005 | step 0460 | total = 3.3661 | box = 0.5314 | obj = 0.6855 | cls = 0.0235 | lr = 0.000905
epoch 005 | step 0480 | total = 3.4945 | box = 0.5568 | obj = 0.6899 | cls = 0.0208 | lr = 0.000905
[epoch 005 train] total = 3.3889 | box = 0.5341 | obj = 0.6958 | cls = 0.0228 | batches = 485 | time = 200.5s
[epoch 005 val] total = 2.9404 | box = 0.4378 | obj = 0.7152 | cls = 0.0361 | batches = 43 | time = 14.4s
epoch 006 | step 0001 | total = 3.3727 | box = 0.5333 | obj = 0.6833 | cls = 0.0229 | lr = 0.000855
epoch 006 | step 0020 | total = 3.3960 | box = 0.5354 | obj = 0.6963 | cls = 0.0225 | lr = 0.000855
epoch 006 | step 0040 | total = 3.2955 | box = 0.5182 | obj = 0.6811 | cls = 0.0232 | lr = 0.000855
epoch 006 | step 0060 | total = 3.3330 | box = 0.5246 | obj = 0.6870 | cls = 0.0230 | lr = 0.000855
epoch 006 | step 0080 | total = 3.4044 | box = 0.5404 | obj = 0.6809 | cls = 0.0216 | lr = 0.000855
epoch 006 | step 0100 | total = 3.2992 | box = 0.5181 | obj = 0.6860 | cls = 0.0227 | lr = 0.000855
epoch 006 | step 0120 | total = 3.2222 | box = 0.5019 | obj = 0.6887 | cls = 0.0238 | lr = 0.000855
epoch 006 | step 0140 | total = 3.2982 | box = 0.5151 | obj = 0.7002 | cls = 0.0228 | lr = 0.000855
epoch 006 | step 0160 | total = 3.4825 | box = 0.5586 | obj = 0.6683 | cls = 0.0213 | lr = 0.000855
epoch 006 | step 0180 | total = 3.2262 | box = 0.5010 | obj = 0.6977 | cls = 0.0235 | lr = 0.000855
epoch 006 | step 0200 | total = 3.3941 | box = 0.5369 | obj = 0.6879 | cls = 0.0215 | lr = 0.000855
epoch 006 | step 0220 | total = 3.2442 | box = 0.5050 | obj = 0.6957 | cls = 0.0235 | lr = 0.000855
epoch 006 | step 0240 | total = 3.3380 | box = 0.5266 | obj = 0.6823 | cls = 0.0226 | lr = 0.000855
epoch 006 | step 0260 | total = 3.4133 | box = 0.5443 | obj = 0.6710 | cls = 0.0208 | lr = 0.000855
epoch 006 | step 0280 | total = 3.3086 | box = 0.5219 | obj = 0.6758 | cls = 0.0233 | lr = 0.000855
epoch 006 | step 0300 | total = 3.3464 | box = 0.5274 | obj = 0.6881 | cls = 0.0215 | lr = 0.000855
epoch 006 | step 0320 | total = 3.3950 | box = 0.5412 | obj = 0.6676 | cls = 0.0213 | lr = 0.000855
epoch 006 | step 0340 | total = 3.3086 | box = 0.5181 | obj = 0.6953 | cls = 0.0227 | lr = 0.000855
epoch 006 | step 0360 | total = 3.3037 | box = 0.5202 | obj = 0.6809 | cls = 0.0221 | lr = 0.000855
epoch 006 | step 0380 | total = 3.2916 | box = 0.5158 | obj = 0.6903 | cls = 0.0224 | lr = 0.000855
epoch 006 | step 0400 | total = 3.2213 | box = 0.5019 | obj = 0.6889 | cls = 0.0230 | lr = 0.000855
epoch 006 | step 0420 | total = 3.3836 | box = 0.5360 | obj = 0.6823 | cls = 0.0214 | lr = 0.000855
epoch 006 | step 0440 | total = 3.1637 | box = 0.4908 | obj = 0.6852 | cls = 0.0244 | lr = 0.000855
epoch 006 | step 0460 | total = 3.2340 | box = 0.5057 | obj = 0.6828 | cls = 0.0225 | lr = 0.000855
epoch 006 | step 0480 | total = 3.3177 | box = 0.5229 | obj = 0.6819 | cls = 0.0213 | lr = 0.000855
[epoch 006 train] total = 3.3145 | box = 0.5206 | obj = 0.6888 | cls = 0.0225 | batches = 485 | time = 201.9s
[epoch 006 val] total = 2.9170 | box = 0.4347 | obj = 0.7058 | cls = 0.0377 | batches = 43 | time = 14.7s
epoch 007 | step 0001 | total = 3.2781 | box = 0.5138 | obj = 0.6869 | cls = 0.0224 | lr = 0.000796
epoch 007 | step 0020 | total = 3.2809 | box = 0.5157 | obj = 0.6800 | cls = 0.0223 | lr = 0.000796
epoch 007 | step 0040 | total = 3.1844 | box = 0.4969 | obj = 0.6762 | cls = 0.0236 | lr = 0.000796
epoch 007 | step 0060 | total = 3.2904 | box = 0.5191 | obj = 0.6726 | cls = 0.0224 | lr = 0.000796
epoch 007 | step 0080 | total = 3.3162 | box = 0.5210 | obj = 0.6895 | cls = 0.0219 | lr = 0.000796
epoch 007 | step 0100 | total = 3.2346 | box = 0.5038 | obj = 0.6934 | cls = 0.0224 | lr = 0.000796
epoch 007 | step 0120 | total = 3.2223 | box = 0.5019 | obj = 0.6894 | cls = 0.0233 | lr = 0.000796
epoch 007 | step 0140 | total = 3.1777 | box = 0.4939 | obj = 0.6849 | cls = 0.0234 | lr = 0.000796
epoch 007 | step 0160 | total = 3.3546 | box = 0.5321 | obj = 0.6722 | cls = 0.0219 | lr = 0.000796
epoch 007 | step 0180 | total = 3.2097 | box = 0.4997 | obj = 0.6886 | cls = 0.0224 | lr = 0.000796
epoch 007 | step 0200 | total = 3.3682 | box = 0.5313 | obj = 0.6894 | cls = 0.0221 | lr = 0.000796
epoch 007 | step 0220 | total = 3.2627 | box = 0.5113 | obj = 0.6843 | cls = 0.0218 | lr = 0.000796
epoch 007 | step 0240 | total = 3.2899 | box = 0.5148 | obj = 0.6931 | cls = 0.0227 | lr = 0.000796
epoch 007 | step 0260 | total = 3.2753 | box = 0.5152 | obj = 0.6777 | cls = 0.0217 | lr = 0.000796
epoch 007 | step 0280 | total = 3.1272 | box = 0.4814 | obj = 0.6972 | cls = 0.0230 | lr = 0.000796
epoch 007 | step 0300 | total = 3.1969 | box = 0.4999 | obj = 0.6744 | cls = 0.0229 | lr = 0.000796
epoch 007 | step 0320 | total = 3.2854 | box = 0.5154 | obj = 0.6865 | cls = 0.0217 | lr = 0.000796
epoch 007 | step 0340 | total = 3.2923 | box = 0.5186 | obj = 0.6771 | cls = 0.0225 | lr = 0.000796
epoch 007 | step 0360 | total = 3.1338 | box = 0.4851 | obj = 0.6858 | cls = 0.0225 | lr = 0.000796
epoch 007 | step 0380 | total = 3.2420 | box = 0.5036 | obj = 0.7020 | cls = 0.0222 | lr = 0.000796
epoch 007 | step 0400 | total = 3.3010 | box = 0.5196 | obj = 0.6813 | cls = 0.0219 | lr = 0.000796
epoch 007 | step 0420 | total = 3.1225 | box = 0.4828 | obj = 0.6850 | cls = 0.0233 | lr = 0.000796
epoch 007 | step 0440 | total = 3.2213 | box = 0.5014 | obj = 0.6918 | cls = 0.0225 | lr = 0.000796
epoch 007 | step 0460 | total = 3.2380 | box = 0.5078 | obj = 0.6772 | cls = 0.0219 | lr = 0.000796
epoch 007 | step 0480 | total = 3.2946 | box = 0.5203 | obj = 0.6718 | cls = 0.0210 | lr = 0.000796
[epoch 007 train] total = 3.2508 | box = 0.5091 | obj = 0.6829 | cls = 0.0222 | batches = 485 | time = 202.9s
[epoch 007 val] total = 2.8448 | box = 0.4222 | obj = 0.6970 | cls = 0.0367 | batches = 43 | time = 14.3s
epoch 008 | step 0001 | total = 3.1334 | box = 0.4868 | obj = 0.6765 | cls = 0.0230 | lr = 0.000730
epoch 008 | step 0020 | total = 3.2531 | box = 0.5085 | obj = 0.6889 | cls = 0.0219 | lr = 0.000730
epoch 008 | step 0040 | total = 3.2061 | box = 0.4979 | obj = 0.6947 | cls = 0.0220 | lr = 0.000730
epoch 008 | step 0060 | total = 3.2093 | box = 0.5026 | obj = 0.6741 | cls = 0.0222 | lr = 0.000730
epoch 008 | step 0080 | total = 3.1557 | box = 0.4920 | obj = 0.6737 | cls = 0.0222 | lr = 0.000730
epoch 008 | step 0100 | total = 3.1813 | box = 0.4964 | obj = 0.6774 | cls = 0.0218 | lr = 0.000730
epoch 008 | step 0120 | total = 3.2046 | box = 0.5015 | obj = 0.6752 | cls = 0.0221 | lr = 0.000730
epoch 008 | step 0140 | total = 3.1290 | box = 0.4888 | obj = 0.6625 | cls = 0.0223 | lr = 0.000730
epoch 008 | step 0160 | total = 3.1210 | box = 0.4850 | obj = 0.6734 | cls = 0.0229 | lr = 0.000730
epoch 008 | step 0180 | total = 3.1630 | box = 0.4901 | obj = 0.6902 | cls = 0.0223 | lr = 0.000730
epoch 008 | step 0200 | total = 3.1345 | box = 0.4876 | obj = 0.6738 | cls = 0.0228 | lr = 0.000730
epoch 008 | step 0220 | total = 3.2503 | box = 0.5095 | obj = 0.6807 | cls = 0.0223 | lr = 0.000730
epoch 008 | step 0240 | total = 3.1709 | box = 0.4944 | obj = 0.6760 | cls = 0.0227 | lr = 0.000730
epoch 008 | step 0260 | total = 3.1629 | box = 0.4923 | obj = 0.6792 | cls = 0.0220 | lr = 0.000730
epoch 008 | step 0280 | total = 3.2771 | box = 0.5173 | obj = 0.6697 | cls = 0.0209 | lr = 0.000730
epoch 008 | step 0300 | total = 3.2602 | box = 0.5117 | obj = 0.6796 | cls = 0.0223 | lr = 0.000730
epoch 008 | step 0320 | total = 3.2391 | box = 0.5094 | obj = 0.6707 | cls = 0.0214 | lr = 0.000730
epoch 008 | step 0340 | total = 3.1091 | box = 0.4823 | obj = 0.6745 | cls = 0.0233 | lr = 0.000730
epoch 008 | step 0360 | total = 3.1442 | box = 0.4898 | obj = 0.6733 | cls = 0.0221 | lr = 0.000730
epoch 008 | step 0380 | total = 3.1546 | box = 0.4903 | obj = 0.6810 | cls = 0.0221 | lr = 0.000730
epoch 008 | step 0400 | total = 3.2230 | box = 0.5048 | obj = 0.6775 | cls = 0.0217 | lr = 0.000730
epoch 008 | step 0420 | total = 3.2512 | box = 0.5128 | obj = 0.6665 | cls = 0.0210 | lr = 0.000730
epoch 008 | step 0440 | total = 3.1687 | box = 0.4933 | obj = 0.6804 | cls = 0.0220 | lr = 0.000730
epoch 008 | step 0460 | total = 3.1492 | box = 0.4868 | obj = 0.6919 | cls = 0.0231 | lr = 0.000730
epoch 008 | step 0480 | total = 3.2321 | box = 0.5028 | obj = 0.6953 | cls = 0.0227 | lr = 0.000730
[epoch 008 train] total = 3.1899 | box = 0.4981 | obj = 0.6774 | cls = 0.0220 | batches = 485 | time = 201.5s
[epoch 008 val] total = 2.7895 | box = 0.4143 | obj = 0.6817 | cls = 0.0364 | batches = 43 | time = 15.2s
epoch 009 | step 0001 | total = 3.2431 | box = 0.5110 | obj = 0.6681 | cls = 0.0201 | lr = 0.000658
epoch 009 | step 0020 | total = 3.1301 | box = 0.4881 | obj = 0.6680 | cls = 0.0214 | lr = 0.000658
epoch 009 | step 0040 | total = 3.1536 | box = 0.4906 | obj = 0.6781 | cls = 0.0225 | lr = 0.000658
epoch 009 | step 0060 | total = 3.1691 | box = 0.4924 | obj = 0.6856 | cls = 0.0216 | lr = 0.000658
epoch 009 | step 0080 | total = 3.1865 | box = 0.4976 | obj = 0.6769 | cls = 0.0217 | lr = 0.000658
epoch 009 | step 0100 | total = 3.1444 | box = 0.4847 | obj = 0.6975 | cls = 0.0232 | lr = 0.000658
epoch 009 | step 0120 | total = 3.0274 | box = 0.4686 | obj = 0.6618 | cls = 0.0225 | lr = 0.000658
epoch 009 | step 0140 | total = 3.2377 | box = 0.5112 | obj = 0.6615 | cls = 0.0201 | lr = 0.000658
epoch 009 | step 0160 | total = 3.0391 | box = 0.4666 | obj = 0.6841 | cls = 0.0222 | lr = 0.000658
epoch 009 | step 0180 | total = 3.1072 | box = 0.4815 | obj = 0.6775 | cls = 0.0221 | lr = 0.000658
epoch 009 | step 0200 | total = 3.2043 | box = 0.5016 | obj = 0.6739 | cls = 0.0224 | lr = 0.000658
epoch 009 | step 0220 | total = 3.1620 | box = 0.4944 | obj = 0.6679 | cls = 0.0221 | lr = 0.000658
epoch 009 | step 0240 | total = 3.2885 | box = 0.5235 | obj = 0.6508 | cls = 0.0199 | lr = 0.000658
epoch 009 | step 0260 | total = 3.1107 | box = 0.4839 | obj = 0.6696 | cls = 0.0216 | lr = 0.000658
epoch 009 | step 0280 | total = 3.1198 | box = 0.4866 | obj = 0.6643 | cls = 0.0224 | lr = 0.000658
epoch 009 | step 0300 | total = 3.1038 | box = 0.4843 | obj = 0.6613 | cls = 0.0212 | lr = 0.000658
epoch 009 | step 0320 | total = 3.2322 | box = 0.5095 | obj = 0.6638 | cls = 0.0209 | lr = 0.000658
epoch 009 | step 0340 | total = 3.1192 | box = 0.4864 | obj = 0.6653 | cls = 0.0218 | lr = 0.000658
epoch 009 | step 0360 | total = 3.1533 | box = 0.4933 | obj = 0.6645 | cls = 0.0222 | lr = 0.000658
epoch 009 | step 0380 | total = 3.0743 | box = 0.4759 | obj = 0.6734 | cls = 0.0214 | lr = 0.000658
epoch 009 | step 0400 | total = 3.0322 | box = 0.4671 | obj = 0.6751 | cls = 0.0216 | lr = 0.000658
epoch 009 | step 0420 | total = 3.1528 | box = 0.4921 | obj = 0.6711 | cls = 0.0211 | lr = 0.000658
epoch 009 | step 0440 | total = 3.0815 | box = 0.4789 | obj = 0.6645 | cls = 0.0224 | lr = 0.000658
epoch 009 | step 0460 | total = 3.0447 | box = 0.4716 | obj = 0.6637 | cls = 0.0228 | lr = 0.000658
epoch 009 | step 0480 | total = 2.9632 | box = 0.4519 | obj = 0.6813 | cls = 0.0226 | lr = 0.000658
[epoch 009 train] total = 3.1340 | box = 0.4882 | obj = 0.6714 | cls = 0.0217 | batches = 485 | time = 201.3s
[epoch 009 val] total = 2.7973 | box = 0.4145 | obj = 0.6890 | cls = 0.0360 | batches = 43 | time = 15.1s
epoch 010 | step 0001 | total = 3.1057 | box = 0.4836 | obj = 0.6668 | cls = 0.0207 | lr = 0.000582
epoch 010 | step 0020 | total = 3.0230 | box = 0.4642 | obj = 0.6790 | cls = 0.0228 | lr = 0.000582
epoch 010 | step 0040 | total = 3.0969 | box = 0.4818 | obj = 0.6665 | cls = 0.0214 | lr = 0.000582
epoch 010 | step 0060 | total = 3.1403 | box = 0.4904 | obj = 0.6676 | cls = 0.0209 | lr = 0.000582
epoch 010 | step 0080 | total = 3.0257 | box = 0.4671 | obj = 0.6688 | cls = 0.0216 | lr = 0.000582
epoch 010 | step 0100 | total = 3.0541 | box = 0.4744 | obj = 0.6599 | cls = 0.0219 | lr = 0.000582
epoch 010 | step 0120 | total = 3.0744 | box = 0.4794 | obj = 0.6549 | cls = 0.0226 | lr = 0.000582
epoch 010 | step 0140 | total = 2.9523 | box = 0.4522 | obj = 0.6692 | cls = 0.0223 | lr = 0.000582
epoch 010 | step 0160 | total = 3.1530 | box = 0.4951 | obj = 0.6563 | cls = 0.0210 | lr = 0.000582
epoch 010 | step 0180 | total = 3.1586 | box = 0.4979 | obj = 0.6480 | cls = 0.0213 | lr = 0.000582
epoch 010 | step 0200 | total = 3.1005 | box = 0.4845 | obj = 0.6569 | cls = 0.0209 | lr = 0.000582
epoch 010 | step 0220 | total = 3.0242 | box = 0.4680 | obj = 0.6617 | cls = 0.0225 | lr = 0.000582
epoch 010 | step 0240 | total = 2.9979 | box = 0.4595 | obj = 0.6787 | cls = 0.0218 | lr = 0.000582
epoch 010 | step 0260 | total = 3.1706 | box = 0.4973 | obj = 0.6642 | cls = 0.0198 | lr = 0.000582
epoch 010 | step 0280 | total = 3.1450 | box = 0.4944 | obj = 0.6521 | cls = 0.0210 | lr = 0.000582
epoch 010 | step 0300 | total = 3.1004 | box = 0.4842 | obj = 0.6584 | cls = 0.0211 | lr = 0.000582
epoch 010 | step 0320 | total = 3.1251 | box = 0.4868 | obj = 0.6694 | cls = 0.0216 | lr = 0.000582
epoch 010 | step 0340 | total = 3.0899 | box = 0.4825 | obj = 0.6568 | cls = 0.0208 | lr = 0.000582
epoch 010 | step 0360 | total = 3.1040 | box = 0.4838 | obj = 0.6619 | cls = 0.0229 | lr = 0.000582
epoch 010 | step 0380 | total = 3.1693 | box = 0.4997 | obj = 0.6504 | cls = 0.0207 | lr = 0.000582
epoch 010 | step 0400 | total = 2.9852 | box = 0.4577 | obj = 0.6750 | cls = 0.0216 | lr = 0.000582
epoch 010 | step 0420 | total = 3.1492 | box = 0.4915 | obj = 0.6706 | cls = 0.0210 | lr = 0.000582
epoch 010 | step 0440 | total = 3.0464 | box = 0.4694 | obj = 0.6780 | cls = 0.0213 | lr = 0.000582
epoch 010 | step 0460 | total = 3.0495 | box = 0.4727 | obj = 0.6645 | cls = 0.0215 | lr = 0.000582
epoch 010 | step 0480 | total = 3.0378 | box = 0.4680 | obj = 0.6751 | cls = 0.0225 | lr = 0.000582
[epoch 010 train] total = 3.0767 | box = 0.4779 | obj = 0.6655 | cls = 0.0215 | batches = 485 | time = 197.3s
[epoch 010 val] total = 2.7306 | box = 0.4043 | obj = 0.6727 | cls = 0.0366 | batches = 43 | time = 15.3s
epoch 011 | step 0001 | total = 3.0536 | box = 0.4743 | obj = 0.6611 | cls = 0.0211 | lr = 0.000505
epoch 011 | step 0020 | total = 3.1487 | box = 0.4950 | obj = 0.6540 | cls = 0.0199 | lr = 0.000505
epoch 011 | step 0040 | total = 3.0048 | box = 0.4645 | obj = 0.6613 | cls = 0.0208 | lr = 0.000505
epoch 011 | step 0060 | total = 3.0181 | box = 0.4664 | obj = 0.6639 | cls = 0.0219 | lr = 0.000505
epoch 011 | step 0080 | total = 3.0741 | box = 0.4793 | obj = 0.6561 | cls = 0.0214 | lr = 0.000505
epoch 011 | step 0100 | total = 2.9969 | box = 0.4650 | obj = 0.6511 | cls = 0.0206 | lr = 0.000505
epoch 011 | step 0120 | total = 3.1341 | box = 0.4931 | obj = 0.6487 | cls = 0.0201 | lr = 0.000505
epoch 011 | step 0140 | total = 3.0589 | box = 0.4748 | obj = 0.6645 | cls = 0.0204 | lr = 0.000505
epoch 011 | step 0160 | total = 3.0602 | box = 0.4760 | obj = 0.6593 | cls = 0.0207 | lr = 0.000505
epoch 011 | step 0180 | total = 3.0855 | box = 0.4832 | obj = 0.6488 | cls = 0.0208 | lr = 0.000505
epoch 011 | step 0200 | total = 3.1358 | box = 0.4935 | obj = 0.6482 | cls = 0.0199 | lr = 0.000505
epoch 011 | step 0220 | total = 2.9789 | box = 0.4580 | obj = 0.6664 | cls = 0.0226 | lr = 0.000505
epoch 011 | step 0240 | total = 3.0390 | box = 0.4715 | obj = 0.6603 | cls = 0.0212 | lr = 0.000505
epoch 011 | step 0260 | total = 3.0356 | box = 0.4670 | obj = 0.6794 | cls = 0.0213 | lr = 0.000505
epoch 011 | step 0280 | total = 2.9805 | box = 0.4585 | obj = 0.6657 | cls = 0.0221 | lr = 0.000505
epoch 011 | step 0300 | total = 2.9597 | box = 0.4567 | obj = 0.6549 | cls = 0.0212 | lr = 0.000505
epoch 011 | step 0320 | total = 3.0640 | box = 0.4790 | obj = 0.6485 | cls = 0.0204 | lr = 0.000505
epoch 011 | step 0340 | total = 2.8901 | box = 0.4428 | obj = 0.6540 | cls = 0.0219 | lr = 0.000505
epoch 011 | step 0360 | total = 3.0696 | box = 0.4789 | obj = 0.6545 | cls = 0.0206 | lr = 0.000505
epoch 011 | step 0380 | total = 3.1069 | box = 0.4861 | obj = 0.6549 | cls = 0.0213 | lr = 0.000505
epoch 011 | step 0400 | total = 3.1386 | box = 0.4885 | obj = 0.6750 | cls = 0.0209 | lr = 0.000505
epoch 011 | step 0420 | total = 2.9622 | box = 0.4558 | obj = 0.6616 | cls = 0.0218 | lr = 0.000505
epoch 011 | step 0440 | total = 3.0499 | box = 0.4722 | obj = 0.6677 | cls = 0.0214 | lr = 0.000505
epoch 011 | step 0460 | total = 3.0933 | box = 0.4842 | obj = 0.6519 | cls = 0.0206 | lr = 0.000505
epoch 011 | step 0480 | total = 3.1301 | box = 0.4892 | obj = 0.6636 | cls = 0.0204 | lr = 0.000505
[epoch 011 train] total = 3.0177 | box = 0.4674 | obj = 0.6596 | cls = 0.0213 | batches = 485 | time = 200.3s
[epoch 011 val] total = 2.7136 | box = 0.4014 | obj = 0.6702 | cls = 0.0362 | batches = 43 | time = 16.5s
epoch 012 | step 0001 | total = 2.8224 | box = 0.4328 | obj = 0.6375 | cls = 0.0208 | lr = 0.000428
epoch 012 | step 0020 | total = 2.9055 | box = 0.4488 | obj = 0.6396 | cls = 0.0220 | lr = 0.000428
epoch 012 | step 0040 | total = 2.8829 | box = 0.4439 | obj = 0.6426 | cls = 0.0211 | lr = 0.000428
epoch 012 | step 0060 | total = 3.0171 | box = 0.4684 | obj = 0.6554 | cls = 0.0197 | lr = 0.000428
epoch 012 | step 0080 | total = 2.9329 | box = 0.4526 | obj = 0.6490 | cls = 0.0210 | lr = 0.000428
epoch 012 | step 0100 | total = 2.9106 | box = 0.4477 | obj = 0.6498 | cls = 0.0226 | lr = 0.000428
epoch 012 | step 0120 | total = 2.8895 | box = 0.4427 | obj = 0.6548 | cls = 0.0213 | lr = 0.000428
epoch 012 | step 0140 | total = 2.9061 | box = 0.4500 | obj = 0.6346 | cls = 0.0214 | lr = 0.000428
epoch 012 | step 0160 | total = 2.9364 | box = 0.4521 | obj = 0.6539 | cls = 0.0220 | lr = 0.000428
epoch 012 | step 0180 | total = 3.1312 | box = 0.4916 | obj = 0.6530 | cls = 0.0200 | lr = 0.000428
epoch 012 | step 0200 | total = 2.9087 | box = 0.4459 | obj = 0.6572 | cls = 0.0218 | lr = 0.000428
epoch 012 | step 0220 | total = 3.0406 | box = 0.4732 | obj = 0.6542 | cls = 0.0202 | lr = 0.000428
epoch 012 | step 0240 | total = 3.0546 | box = 0.4758 | obj = 0.6553 | cls = 0.0202 | lr = 0.000428
epoch 012 | step 0260 | total = 2.8827 | box = 0.4403 | obj = 0.6594 | cls = 0.0220 | lr = 0.000428
epoch 012 | step 0280 | total = 3.0870 | box = 0.4850 | obj = 0.6412 | cls = 0.0206 | lr = 0.000428
epoch 012 | step 0300 | total = 2.9214 | box = 0.4479 | obj = 0.6592 | cls = 0.0225 | lr = 0.000428
epoch 012 | step 0320 | total = 2.8837 | box = 0.4396 | obj = 0.6641 | cls = 0.0214 | lr = 0.000428
epoch 012 | step 0340 | total = 2.9813 | box = 0.4612 | obj = 0.6548 | cls = 0.0208 | lr = 0.000428
epoch 012 | step 0360 | total = 2.8555 | box = 0.4357 | obj = 0.6559 | cls = 0.0213 | lr = 0.000428
epoch 012 | step 0380 | total = 3.0026 | box = 0.4643 | obj = 0.6606 | cls = 0.0207 | lr = 0.000428
epoch 012 | step 0400 | total = 2.9501 | box = 0.4530 | obj = 0.6638 | cls = 0.0213 | lr = 0.000428
epoch 012 | step 0420 | total = 2.9479 | box = 0.4546 | obj = 0.6542 | cls = 0.0205 | lr = 0.000428
epoch 012 | step 0440 | total = 2.8771 | box = 0.4406 | obj = 0.6538 | cls = 0.0202 | lr = 0.000428
epoch 012 | step 0460 | total = 2.9682 | box = 0.4576 | obj = 0.6598 | cls = 0.0203 | lr = 0.000428
epoch 012 | step 0480 | total = 3.0228 | box = 0.4690 | obj = 0.6572 | cls = 0.0204 | lr = 0.000428
[epoch 012 train] total = 2.9553 | box = 0.4564 | obj = 0.6525 | cls = 0.0211 | batches = 485 | time = 200.6s
[epoch 012 val] total = 2.6599 | box = 0.3922 | obj = 0.6636 | cls = 0.0353 | batches = 43 | time = 15.3s
epoch 013 | step 0001 | total = 2.7837 | box = 0.4191 | obj = 0.6652 | cls = 0.0231 | lr = 0.000352
epoch 013 | step 0020 | total = 3.1413 | box = 0.4949 | obj = 0.6483 | cls = 0.0187 | lr = 0.000352
epoch 013 | step 0040 | total = 2.8215 | box = 0.4322 | obj = 0.6400 | cls = 0.0206 | lr = 0.000352
epoch 013 | step 0060 | total = 2.8365 | box = 0.4324 | obj = 0.6532 | cls = 0.0215 | lr = 0.000352
epoch 013 | step 0080 | total = 2.8606 | box = 0.4374 | obj = 0.6528 | cls = 0.0206 | lr = 0.000352
epoch 013 | step 0100 | total = 2.9236 | box = 0.4535 | obj = 0.6356 | cls = 0.0206 | lr = 0.000352
epoch 013 | step 0120 | total = 2.8515 | box = 0.4392 | obj = 0.6347 | cls = 0.0211 | lr = 0.000352
epoch 013 | step 0140 | total = 2.9524 | box = 0.4602 | obj = 0.6313 | cls = 0.0199 | lr = 0.000352
epoch 013 | step 0160 | total = 2.9874 | box = 0.4638 | obj = 0.6483 | cls = 0.0201 | lr = 0.000352
epoch 013 | step 0180 | total = 2.9950 | box = 0.4680 | obj = 0.6347 | cls = 0.0201 | lr = 0.000352
epoch 013 | step 0200 | total = 2.7763 | box = 0.4200 | obj = 0.6543 | cls = 0.0221 | lr = 0.000352
epoch 013 | step 0220 | total = 2.9080 | box = 0.4462 | obj = 0.6555 | cls = 0.0217 | lr = 0.000352
epoch 013 | step 0240 | total = 2.8465 | box = 0.4340 | obj = 0.6556 | cls = 0.0211 | lr = 0.000352
epoch 013 | step 0260 | total = 2.9524 | box = 0.4583 | obj = 0.6407 | cls = 0.0202 | lr = 0.000352
epoch 013 | step 0280 | total = 2.8262 | box = 0.4322 | obj = 0.6440 | cls = 0.0211 | lr = 0.000352
epoch 013 | step 0300 | total = 2.9108 | box = 0.4495 | obj = 0.6437 | cls = 0.0194 | lr = 0.000352
epoch 013 | step 0320 | total = 2.9811 | box = 0.4619 | obj = 0.6514 | cls = 0.0201 | lr = 0.000352
epoch 013 | step 0340 | total = 2.8542 | box = 0.4389 | obj = 0.6387 | cls = 0.0207 | lr = 0.000352
epoch 013 | step 0360 | total = 2.8983 | box = 0.4488 | obj = 0.6342 | cls = 0.0199 | lr = 0.000352
epoch 013 | step 0380 | total = 2.9592 | box = 0.4589 | obj = 0.6435 | cls = 0.0210 | lr = 0.000352
epoch 013 | step 0400 | total = 2.9566 | box = 0.4580 | obj = 0.6449 | cls = 0.0217 | lr = 0.000352
epoch 013 | step 0420 | total = 2.9467 | box = 0.4563 | obj = 0.6440 | cls = 0.0212 | lr = 0.000352
epoch 013 | step 0440 | total = 2.9582 | box = 0.4588 | obj = 0.6446 | cls = 0.0195 | lr = 0.000352
epoch 013 | step 0460 | total = 3.0193 | box = 0.4712 | obj = 0.6437 | cls = 0.0197 | lr = 0.000352
epoch 013 | step 0480 | total = 2.6949 | box = 0.4054 | obj = 0.6455 | cls = 0.0222 | lr = 0.000352
[epoch 013 train] total = 2.8890 | box = 0.4446 | obj = 0.6451 | cls = 0.0209 | batches = 485 | time = 199.2s
[epoch 013 val] total = 2.6754 | box = 0.3943 | obj = 0.6674 | cls = 0.0367 | batches = 43 | time = 15.2s
epoch 014 | step 0001 | total = 2.8494 | box = 0.4377 | obj = 0.6406 | cls = 0.0204 | lr = 0.000280
epoch 014 | step 0020 | total = 2.7498 | box = 0.4189 | obj = 0.6345 | cls = 0.0208 | lr = 0.000280
epoch 014 | step 0040 | total = 2.8445 | box = 0.4380 | obj = 0.6342 | cls = 0.0203 | lr = 0.000280
epoch 014 | step 0060 | total = 2.8178 | box = 0.4302 | obj = 0.6469 | cls = 0.0202 | lr = 0.000280
epoch 014 | step 0080 | total = 2.7661 | box = 0.4216 | obj = 0.6367 | cls = 0.0213 | lr = 0.000280
epoch 014 | step 0100 | total = 2.5927 | box = 0.3867 | obj = 0.6368 | cls = 0.0223 | lr = 0.000280
epoch 014 | step 0120 | total = 2.7559 | box = 0.4176 | obj = 0.6461 | cls = 0.0220 | lr = 0.000280
epoch 014 | step 0140 | total = 2.8475 | box = 0.4397 | obj = 0.6284 | cls = 0.0203 | lr = 0.000280
epoch 014 | step 0160 | total = 2.8827 | box = 0.4477 | obj = 0.6230 | cls = 0.0211 | lr = 0.000280
epoch 014 | step 0180 | total = 2.8742 | box = 0.4431 | obj = 0.6382 | cls = 0.0206 | lr = 0.000280
epoch 014 | step 0200 | total = 2.8163 | box = 0.4318 | obj = 0.6359 | cls = 0.0213 | lr = 0.000280
epoch 014 | step 0220 | total = 2.8070 | box = 0.4341 | obj = 0.6167 | cls = 0.0197 | lr = 0.000280
epoch 014 | step 0240 | total = 2.9078 | box = 0.4501 | obj = 0.6370 | cls = 0.0203 | lr = 0.000280
epoch 014 | step 0260 | total = 2.7907 | box = 0.4270 | obj = 0.6340 | cls = 0.0215 | lr = 0.000280
epoch 014 | step 0280 | total = 2.9742 | box = 0.4650 | obj = 0.6291 | cls = 0.0203 | lr = 0.000280
epoch 014 | step 0300 | total = 2.8340 | box = 0.4349 | obj = 0.6391 | cls = 0.0205 | lr = 0.000280
epoch 014 | step 0320 | total = 2.8784 | box = 0.4447 | obj = 0.6342 | cls = 0.0209 | lr = 0.000280
epoch 014 | step 0340 | total = 2.7412 | box = 0.4172 | obj = 0.6350 | cls = 0.0200 | lr = 0.000280
epoch 014 | step 0360 | total = 2.8826 | box = 0.4454 | obj = 0.6355 | cls = 0.0202 | lr = 0.000280
epoch 014 | step 0380 | total = 2.7490 | box = 0.4224 | obj = 0.6167 | cls = 0.0201 | lr = 0.000280
epoch 014 | step 0400 | total = 2.9461 | box = 0.4606 | obj = 0.6235 | cls = 0.0198 | lr = 0.000280
epoch 014 | step 0420 | total = 2.8973 | box = 0.4481 | obj = 0.6362 | cls = 0.0204 | lr = 0.000280
epoch 014 | step 0440 | total = 2.8065 | box = 0.4257 | obj = 0.6566 | cls = 0.0213 | lr = 0.000280
epoch 014 | step 0460 | total = 2.7679 | box = 0.4211 | obj = 0.6407 | cls = 0.0214 | lr = 0.000280
epoch 014 | step 0480 | total = 2.8543 | box = 0.4367 | obj = 0.6502 | cls = 0.0206 | lr = 0.000280
[epoch 014 train] total = 2.8176 | box = 0.4321 | obj = 0.6365 | cls = 0.0207 | batches = 485 | time = 200.9s
[epoch 014 val] total = 2.6271 | box = 0.3870 | obj = 0.6560 | cls = 0.0363 | batches = 43 | time = 15.9s
epoch 015 | step 0001 | total = 2.8737 | box = 0.4446 | obj = 0.6312 | cls = 0.0197 | lr = 0.000214
epoch 015 | step 0020 | total = 2.7842 | box = 0.4247 | obj = 0.6415 | cls = 0.0194 | lr = 0.000214
epoch 015 | step 0040 | total = 2.8998 | box = 0.4507 | obj = 0.6271 | cls = 0.0192 | lr = 0.000214
epoch 015 | step 0060 | total = 2.7463 | box = 0.4204 | obj = 0.6229 | cls = 0.0212 | lr = 0.000214
epoch 015 | step 0080 | total = 2.8131 | box = 0.4340 | obj = 0.6228 | cls = 0.0204 | lr = 0.000214
epoch 015 | step 0100 | total = 2.6256 | box = 0.3949 | obj = 0.6296 | cls = 0.0216 | lr = 0.000214
epoch 015 | step 0120 | total = 2.7726 | box = 0.4248 | obj = 0.6281 | cls = 0.0204 | lr = 0.000214
epoch 015 | step 0140 | total = 2.8056 | box = 0.4303 | obj = 0.6334 | cls = 0.0206 | lr = 0.000214
epoch 015 | step 0160 | total = 2.5649 | box = 0.3837 | obj = 0.6252 | cls = 0.0211 | lr = 0.000214
epoch 015 | step 0180 | total = 2.8543 | box = 0.4407 | obj = 0.6311 | cls = 0.0198 | lr = 0.000214
epoch 015 | step 0200 | total = 2.8213 | box = 0.4342 | obj = 0.6296 | cls = 0.0210 | lr = 0.000214
epoch 015 | step 0220 | total = 2.5612 | box = 0.3836 | obj = 0.6226 | cls = 0.0207 | lr = 0.000214
epoch 015 | step 0240 | total = 2.7684 | box = 0.4230 | obj = 0.6331 | cls = 0.0205 | lr = 0.000214
epoch 015 | step 0260 | total = 2.6640 | box = 0.4031 | obj = 0.6271 | cls = 0.0214 | lr = 0.000214
epoch 015 | step 0280 | total = 2.7184 | box = 0.4119 | obj = 0.6374 | cls = 0.0214 | lr = 0.000214
epoch 015 | step 0300 | total = 2.6949 | box = 0.4090 | obj = 0.6297 | cls = 0.0202 | lr = 0.000214
epoch 015 | step 0320 | total = 2.8687 | box = 0.4478 | obj = 0.6101 | cls = 0.0195 | lr = 0.000214
epoch 015 | step 0340 | total = 2.6943 | box = 0.4078 | obj = 0.6348 | cls = 0.0207 | lr = 0.000214
epoch 015 | step 0360 | total = 2.6877 | box = 0.4087 | obj = 0.6226 | cls = 0.0216 | lr = 0.000214
epoch 015 | step 0380 | total = 2.7634 | box = 0.4232 | obj = 0.6268 | cls = 0.0205 | lr = 0.000214
epoch 015 | step 0400 | total = 2.8250 | box = 0.4364 | obj = 0.6219 | cls = 0.0210 | lr = 0.000214
epoch 015 | step 0420 | total = 2.7963 | box = 0.4324 | obj = 0.6141 | cls = 0.0202 | lr = 0.000214
epoch 015 | step 0440 | total = 2.6507 | box = 0.4052 | obj = 0.6038 | cls = 0.0208 | lr = 0.000214
epoch 015 | step 0460 | total = 2.8206 | box = 0.4332 | obj = 0.6345 | cls = 0.0201 | lr = 0.000214
epoch 015 | step 0480 | total = 2.7638 | box = 0.4220 | obj = 0.6333 | cls = 0.0207 | lr = 0.000214
[epoch 015 train] total = 2.7449 | box = 0.4193 | obj = 0.6276 | cls = 0.0206 | batches = 485 | time = 203.9s
[epoch 015 val] total = 2.6288 | box = 0.3857 | obj = 0.6633 | cls = 0.0368 | batches = 43 | time = 15.2s
epoch 016 | step 0001 | total = 2.7784 | box = 0.4292 | obj = 0.6128 | cls = 0.0195 | lr = 0.000155
epoch 016 | step 0020 | total = 2.7525 | box = 0.4230 | obj = 0.6176 | cls = 0.0198 | lr = 0.000155
epoch 016 | step 0040 | total = 2.6940 | box = 0.4147 | obj = 0.6001 | cls = 0.0202 | lr = 0.000155
epoch 016 | step 0060 | total = 2.5254 | box = 0.3785 | obj = 0.6122 | cls = 0.0207 | lr = 0.000155
epoch 016 | step 0080 | total = 2.5873 | box = 0.3871 | obj = 0.6308 | cls = 0.0211 | lr = 0.000155
epoch 016 | step 0100 | total = 2.6158 | box = 0.3933 | obj = 0.6280 | cls = 0.0215 | lr = 0.000155
epoch 016 | step 0120 | total = 2.5931 | box = 0.3927 | obj = 0.6090 | cls = 0.0208 | lr = 0.000155
epoch 016 | step 0140 | total = 2.6817 | box = 0.4067 | obj = 0.6284 | cls = 0.0199 | lr = 0.000155
epoch 016 | step 0160 | total = 2.6268 | box = 0.3982 | obj = 0.6138 | cls = 0.0220 | lr = 0.000155
epoch 016 | step 0180 | total = 2.6495 | box = 0.4036 | obj = 0.6108 | cls = 0.0206 | lr = 0.000155
epoch 016 | step 0200 | total = 2.5968 | box = 0.3926 | obj = 0.6134 | cls = 0.0206 | lr = 0.000155
epoch 016 | step 0220 | total = 2.7441 | box = 0.4182 | obj = 0.6324 | cls = 0.0206 | lr = 0.000155
epoch 016 | step 0240 | total = 2.5633 | box = 0.3849 | obj = 0.6159 | cls = 0.0227 | lr = 0.000155
epoch 016 | step 0260 | total = 2.6611 | box = 0.4045 | obj = 0.6182 | cls = 0.0205 | lr = 0.000155
epoch 016 | step 0280 | total = 2.5934 | box = 0.3883 | obj = 0.6324 | cls = 0.0195 | lr = 0.000155
epoch 016 | step 0300 | total = 2.6612 | box = 0.4048 | obj = 0.6172 | cls = 0.0203 | lr = 0.000155
epoch 016 | step 0320 | total = 2.7792 | box = 0.4250 | obj = 0.6347 | cls = 0.0196 | lr = 0.000155
epoch 016 | step 0340 | total = 2.5671 | box = 0.3875 | obj = 0.6093 | cls = 0.0203 | lr = 0.000155
epoch 016 | step 0360 | total = 2.7043 | box = 0.4150 | obj = 0.6091 | cls = 0.0203 | lr = 0.000155
epoch 016 | step 0380 | total = 2.5213 | box = 0.3801 | obj = 0.6006 | cls = 0.0204 | lr = 0.000155
epoch 016 | step 0400 | total = 2.7523 | box = 0.4230 | obj = 0.6181 | cls = 0.0192 | lr = 0.000155
epoch 016 | step 0420 | total = 2.5079 | box = 0.3731 | obj = 0.6221 | cls = 0.0205 | lr = 0.000155
epoch 016 | step 0440 | total = 2.7681 | box = 0.4241 | obj = 0.6275 | cls = 0.0203 | lr = 0.000155
epoch 016 | step 0460 | total = 2.6477 | box = 0.4013 | obj = 0.6203 | cls = 0.0209 | lr = 0.000155
epoch 016 | step 0480 | total = 2.6339 | box = 0.4000 | obj = 0.6144 | cls = 0.0196 | lr = 0.000155
[epoch 016 train] total = 2.6712 | box = 0.4065 | obj = 0.6182 | cls = 0.0205 | batches = 485 | time = 197.4s
[epoch 016 val] total = 2.5973 | box = 0.3815 | obj = 0.6537 | cls = 0.0364 | batches = 43 | time = 14.3s
epoch 017 | step 0001 | total = 2.6820 | box = 0.4074 | obj = 0.6246 | cls = 0.0204 | lr = 0.000105
epoch 017 | step 0020 | total = 2.5299 | box = 0.3757 | obj = 0.6296 | cls = 0.0220 | lr = 0.000105
epoch 017 | step 0040 | total = 2.7497 | box = 0.4256 | obj = 0.6023 | cls = 0.0193 | lr = 0.000105
epoch 017 | step 0060 | total = 2.5416 | box = 0.3846 | obj = 0.5979 | cls = 0.0206 | lr = 0.000105
epoch 017 | step 0080 | total = 2.6990 | box = 0.4136 | obj = 0.6103 | cls = 0.0208 | lr = 0.000105
epoch 017 | step 0100 | total = 2.5394 | box = 0.3805 | obj = 0.6169 | cls = 0.0202 | lr = 0.000105
epoch 017 | step 0120 | total = 2.5608 | box = 0.3853 | obj = 0.6133 | cls = 0.0209 | lr = 0.000105
epoch 017 | step 0140 | total = 2.4831 | box = 0.3692 | obj = 0.6149 | cls = 0.0222 | lr = 0.000105
epoch 017 | step 0160 | total = 2.4073 | box = 0.3555 | obj = 0.6082 | cls = 0.0214 | lr = 0.000105
epoch 017 | step 0180 | total = 2.6282 | box = 0.4008 | obj = 0.6044 | cls = 0.0200 | lr = 0.000105
epoch 017 | step 0200 | total = 2.7891 | box = 0.4327 | obj = 0.6049 | cls = 0.0206 | lr = 0.000105
epoch 017 | step 0220 | total = 2.5700 | box = 0.3869 | obj = 0.6149 | cls = 0.0208 | lr = 0.000105
epoch 017 | step 0240 | total = 2.6624 | box = 0.4018 | obj = 0.6316 | cls = 0.0218 | lr = 0.000105
epoch 017 | step 0260 | total = 2.6050 | box = 0.3927 | obj = 0.6209 | cls = 0.0205 | lr = 0.000105
epoch 017 | step 0280 | total = 2.6696 | box = 0.4076 | obj = 0.6115 | cls = 0.0200 | lr = 0.000105
epoch 017 | step 0300 | total = 2.5912 | box = 0.3920 | obj = 0.6101 | cls = 0.0212 | lr = 0.000105
epoch 017 | step 0320 | total = 2.5591 | box = 0.3875 | obj = 0.6023 | cls = 0.0195 | lr = 0.000105
epoch 017 | step 0340 | total = 2.6440 | box = 0.4022 | obj = 0.6125 | cls = 0.0206 | lr = 0.000105
epoch 017 | step 0360 | total = 2.5169 | box = 0.3805 | obj = 0.5943 | cls = 0.0203 | lr = 0.000105
epoch 017 | step 0380 | total = 2.6048 | box = 0.3936 | obj = 0.6154 | cls = 0.0216 | lr = 0.000105
epoch 017 | step 0400 | total = 2.6214 | box = 0.3976 | obj = 0.6130 | cls = 0.0205 | lr = 0.000105
epoch 017 | step 0420 | total = 2.6510 | box = 0.4071 | obj = 0.5949 | cls = 0.0206 | lr = 0.000105
epoch 017 | step 0440 | total = 2.5335 | box = 0.3840 | obj = 0.5926 | cls = 0.0209 | lr = 0.000105
epoch 017 | step 0460 | total = 2.7139 | box = 0.4173 | obj = 0.6082 | cls = 0.0192 | lr = 0.000105
epoch 017 | step 0480 | total = 2.5054 | box = 0.3745 | obj = 0.6117 | cls = 0.0212 | lr = 0.000105
[epoch 017 train] total = 2.6030 | box = 0.3946 | obj = 0.6093 | cls = 0.0205 | batches = 485 | time = 203.2s
[epoch 017 val] total = 2.6105 | box = 0.3822 | obj = 0.6626 | cls = 0.0368 | batches = 43 | time = 14.3s
epoch 018 | step 0001 | total = 2.5208 | box = 0.3775 | obj = 0.6122 | cls = 0.0209 | lr = 0.000064
epoch 018 | step 0020 | total = 2.5440 | box = 0.3844 | obj = 0.6020 | cls = 0.0198 | lr = 0.000064
epoch 018 | step 0040 | total = 2.5743 | box = 0.3880 | obj = 0.6148 | cls = 0.0195 | lr = 0.000064
epoch 018 | step 0060 | total = 2.5047 | box = 0.3749 | obj = 0.6087 | cls = 0.0213 | lr = 0.000064
epoch 018 | step 0080 | total = 2.4359 | box = 0.3618 | obj = 0.6052 | cls = 0.0216 | lr = 0.000064
epoch 018 | step 0100 | total = 2.6262 | box = 0.3988 | obj = 0.6124 | cls = 0.0198 | lr = 0.000064
epoch 018 | step 0120 | total = 2.4589 | box = 0.3677 | obj = 0.5996 | cls = 0.0206 | lr = 0.000064
epoch 018 | step 0140 | total = 2.3946 | box = 0.3555 | obj = 0.5960 | cls = 0.0211 | lr = 0.000064
epoch 018 | step 0160 | total = 2.5533 | box = 0.3857 | obj = 0.6041 | cls = 0.0207 | lr = 0.000064
epoch 018 | step 0180 | total = 2.6265 | box = 0.4004 | obj = 0.6036 | cls = 0.0211 | lr = 0.000064
epoch 018 | step 0200 | total = 2.6238 | box = 0.3990 | obj = 0.6076 | cls = 0.0210 | lr = 0.000064
epoch 018 | step 0220 | total = 2.4862 | box = 0.3751 | obj = 0.5903 | cls = 0.0205 | lr = 0.000064
epoch 018 | step 0240 | total = 2.6113 | box = 0.3972 | obj = 0.6049 | cls = 0.0203 | lr = 0.000064
epoch 018 | step 0260 | total = 2.5002 | box = 0.3768 | obj = 0.5964 | cls = 0.0198 | lr = 0.000064
epoch 018 | step 0280 | total = 2.6087 | box = 0.3965 | obj = 0.6060 | cls = 0.0203 | lr = 0.000064
epoch 018 | step 0300 | total = 2.5465 | box = 0.3877 | obj = 0.5885 | cls = 0.0195 | lr = 0.000064
epoch 018 | step 0320 | total = 2.6074 | box = 0.3975 | obj = 0.5994 | cls = 0.0204 | lr = 0.000064
epoch 018 | step 0340 | total = 2.4529 | box = 0.3649 | obj = 0.6066 | cls = 0.0219 | lr = 0.000064
epoch 018 | step 0360 | total = 2.4293 | box = 0.3604 | obj = 0.6066 | cls = 0.0207 | lr = 0.000064
epoch 018 | step 0380 | total = 2.5493 | box = 0.3856 | obj = 0.6013 | cls = 0.0198 | lr = 0.000064
epoch 018 | step 0400 | total = 2.5853 | box = 0.3921 | obj = 0.6049 | cls = 0.0200 | lr = 0.000064
epoch 018 | step 0420 | total = 2.5475 | box = 0.3848 | obj = 0.6040 | cls = 0.0195 | lr = 0.000064
epoch 018 | step 0440 | total = 2.5698 | box = 0.3910 | obj = 0.5948 | cls = 0.0200 | lr = 0.000064
epoch 018 | step 0460 | total = 2.6040 | box = 0.3962 | obj = 0.6034 | cls = 0.0194 | lr = 0.000064
epoch 018 | step 0480 | total = 2.5558 | box = 0.3876 | obj = 0.5975 | cls = 0.0203 | lr = 0.000064
[epoch 018 train] total = 2.5431 | box = 0.3842 | obj = 0.6017 | cls = 0.0204 | batches = 485 | time = 205.1s
[epoch 018 val] total = 2.6171 | box = 0.3828 | obj = 0.6667 | cls = 0.0364 | batches = 43 | time = 15.2s
epoch 019 | step 0001 | total = 2.5337 | box = 0.3821 | obj = 0.6038 | cls = 0.0194 | lr = 0.000034
epoch 019 | step 0020 | total = 2.4782 | box = 0.3729 | obj = 0.5929 | cls = 0.0209 | lr = 0.000034
epoch 019 | step 0040 | total = 2.4863 | box = 0.3766 | obj = 0.5839 | cls = 0.0192 | lr = 0.000034
epoch 019 | step 0060 | total = 2.4518 | box = 0.3667 | obj = 0.5968 | cls = 0.0215 | lr = 0.000034
epoch 019 | step 0080 | total = 2.5577 | box = 0.3881 | obj = 0.5971 | cls = 0.0201 | lr = 0.000034
epoch 019 | step 0100 | total = 2.6409 | box = 0.4036 | obj = 0.6033 | cls = 0.0198 | lr = 0.000034
epoch 019 | step 0120 | total = 2.5019 | box = 0.3777 | obj = 0.5932 | cls = 0.0201 | lr = 0.000034
epoch 019 | step 0140 | total = 2.6207 | box = 0.4040 | obj = 0.5804 | cls = 0.0200 | lr = 0.000034
epoch 019 | step 0160 | total = 2.4887 | box = 0.3747 | obj = 0.5948 | cls = 0.0205 | lr = 0.000034
epoch 019 | step 0180 | total = 2.5682 | box = 0.3908 | obj = 0.5944 | cls = 0.0201 | lr = 0.000034
epoch 019 | step 0200 | total = 2.5022 | box = 0.3799 | obj = 0.5814 | cls = 0.0214 | lr = 0.000034
epoch 019 | step 0220 | total = 2.4931 | box = 0.3758 | obj = 0.5945 | cls = 0.0196 | lr = 0.000034
epoch 019 | step 0240 | total = 2.7108 | box = 0.4193 | obj = 0.5962 | cls = 0.0182 | lr = 0.000034
epoch 019 | step 0260 | total = 2.5730 | box = 0.3915 | obj = 0.5947 | cls = 0.0209 | lr = 0.000034
epoch 019 | step 0280 | total = 2.3449 | box = 0.3468 | obj = 0.5889 | cls = 0.0220 | lr = 0.000034
epoch 019 | step 0300 | total = 2.3858 | box = 0.3549 | obj = 0.5912 | cls = 0.0202 | lr = 0.000034
epoch 019 | step 0320 | total = 2.4739 | box = 0.3726 | obj = 0.5906 | cls = 0.0202 | lr = 0.000034
epoch 019 | step 0340 | total = 2.4354 | box = 0.3650 | obj = 0.5902 | cls = 0.0202 | lr = 0.000034
epoch 019 | step 0360 | total = 2.4730 | box = 0.3719 | obj = 0.5934 | cls = 0.0203 | lr = 0.000034
epoch 019 | step 0380 | total = 2.5100 | box = 0.3803 | obj = 0.5877 | cls = 0.0207 | lr = 0.000034
epoch 019 | step 0400 | total = 2.5098 | box = 0.3778 | obj = 0.6000 | cls = 0.0208 | lr = 0.000034
epoch 019 | step 0420 | total = 2.3603 | box = 0.3492 | obj = 0.5932 | cls = 0.0209 | lr = 0.000034
epoch 019 | step 0440 | total = 2.4973 | box = 0.3771 | obj = 0.5913 | cls = 0.0205 | lr = 0.000034
epoch 019 | step 0460 | total = 2.6101 | box = 0.3990 | obj = 0.5947 | cls = 0.0204 | lr = 0.000034
epoch 019 | step 0480 | total = 2.4375 | box = 0.3624 | obj = 0.6048 | cls = 0.0206 | lr = 0.000034
[epoch 019 train] total = 2.4988 | box = 0.3764 | obj = 0.5962 | cls = 0.0205 | batches = 485 | time = 203.0s
[epoch 019 val] total = 2.6443 | box = 0.3859 | obj = 0.6785 | cls = 0.0362 | batches = 43 | time = 15.2s
epoch 020 | step 0001 | total = 2.5229 | box = 0.3789 | obj = 0.6081 | cls = 0.0200 | lr = 0.000016
epoch 020 | step 0020 | total = 2.4736 | box = 0.3742 | obj = 0.5832 | cls = 0.0196 | lr = 0.000016
epoch 020 | step 0040 | total = 2.4462 | box = 0.3669 | obj = 0.5918 | cls = 0.0198 | lr = 0.000016
epoch 020 | step 0060 | total = 2.3675 | box = 0.3511 | obj = 0.5906 | cls = 0.0216 | lr = 0.000016
epoch 020 | step 0080 | total = 2.4052 | box = 0.3611 | obj = 0.5791 | cls = 0.0206 | lr = 0.000016
epoch 020 | step 0100 | total = 2.4768 | box = 0.3725 | obj = 0.5943 | cls = 0.0201 | lr = 0.000016
epoch 020 | step 0120 | total = 2.4683 | box = 0.3729 | obj = 0.5834 | cls = 0.0202 | lr = 0.000016
epoch 020 | step 0140 | total = 2.5397 | box = 0.3883 | obj = 0.5784 | cls = 0.0200 | lr = 0.000016
epoch 020 | step 0160 | total = 2.4505 | box = 0.3655 | obj = 0.6030 | cls = 0.0200 | lr = 0.000016
epoch 020 | step 0180 | total = 2.4007 | box = 0.3589 | obj = 0.5854 | cls = 0.0206 | lr = 0.000016
epoch 020 | step 0200 | total = 2.4136 | box = 0.3583 | obj = 0.6013 | cls = 0.0209 | lr = 0.000016
epoch 020 | step 0220 | total = 2.4383 | box = 0.3652 | obj = 0.5914 | cls = 0.0207 | lr = 0.000016
epoch 020 | step 0240 | total = 2.4045 | box = 0.3593 | obj = 0.5882 | cls = 0.0198 | lr = 0.000016
epoch 020 | step 0260 | total = 2.5456 | box = 0.3870 | obj = 0.5904 | cls = 0.0201 | lr = 0.000016
epoch 020 | step 0280 | total = 2.3907 | box = 0.3560 | obj = 0.5893 | cls = 0.0214 | lr = 0.000016
epoch 020 | step 0300 | total = 2.4979 | box = 0.3761 | obj = 0.5975 | cls = 0.0201 | lr = 0.000016
epoch 020 | step 0320 | total = 2.5705 | box = 0.3900 | obj = 0.6003 | cls = 0.0201 | lr = 0.000016
epoch 020 | step 0340 | total = 2.3894 | box = 0.3545 | obj = 0.5959 | cls = 0.0208 | lr = 0.000016
epoch 020 | step 0360 | total = 2.3992 | box = 0.3563 | obj = 0.5962 | cls = 0.0214 | lr = 0.000016
epoch 020 | step 0380 | total = 2.5014 | box = 0.3775 | obj = 0.5943 | cls = 0.0197 | lr = 0.000016
epoch 020 | step 0400 | total = 2.4401 | box = 0.3628 | obj = 0.6062 | cls = 0.0200 | lr = 0.000016
epoch 020 | step 0420 | total = 2.3306 | box = 0.3474 | obj = 0.5735 | cls = 0.0199 | lr = 0.000016
epoch 020 | step 0440 | total = 2.4078 | box = 0.3595 | obj = 0.5895 | cls = 0.0208 | lr = 0.000016
epoch 020 | step 0460 | total = 2.5964 | box = 0.3926 | obj = 0.6125 | cls = 0.0207 | lr = 0.000016
epoch 020 | step 0480 | total = 2.4697 | box = 0.3714 | obj = 0.5916 | cls = 0.0211 | lr = 0.000016
[epoch 020 train] total = 2.4704 | box = 0.3714 | obj = 0.5928 | cls = 0.0205 | batches = 485 | time = 202.9s
[epoch 020 val] total = 2.6297 | box = 0.3837 | obj = 0.6744 | cls = 0.0366 | batches = 43 | time = 15.3s
training status: completed
result summary: logs/records/deep_residual_three_box_qualitycls_decoupled_20260420_014124/result.txt
