starting yolov0 training
run id: deep_residual_three_box_dynamicassign_20260420_030501
device: cuda
train dataset length: 124004
val dataset length: 10823
model output shape: (1, 10, 10, 255)
parameter total: 28921951
parameter trainable: 28921951
gpu count: 8
tensorboard dir: runs/deep_residual_three_box_dynamicassign_20260420_030501
output dir: outputs/deep_residual_three_box_dynamicassign_20260420_030501
epoch 001 | step 0001 | total = 5.6446 | box = 0.7588 | obj = 1.1235 | cls = 0.7269 | lr = 0.001000
epoch 001 | step 0020 | total = 4.3991 | box = 0.6806 | obj = 0.8437 | cls = 0.1525 | lr = 0.001000
epoch 001 | step 0040 | total = 4.0759 | box = 0.6359 | obj = 0.8511 | cls = 0.0450 | lr = 0.001000
epoch 001 | step 0060 | total = 4.1551 | box = 0.6631 | obj = 0.8088 | cls = 0.0310 | lr = 0.001000
epoch 001 | step 0080 | total = 4.1511 | box = 0.6637 | obj = 0.8049 | cls = 0.0278 | lr = 0.001000
epoch 001 | step 0100 | total = 4.0703 | box = 0.6436 | obj = 0.8245 | cls = 0.0278 | lr = 0.001000
epoch 001 | step 0120 | total = 4.0682 | box = 0.6453 | obj = 0.8141 | cls = 0.0276 | lr = 0.001000
epoch 001 | step 0140 | total = 4.0446 | box = 0.6437 | obj = 0.8000 | cls = 0.0263 | lr = 0.001000
epoch 001 | step 0160 | total = 3.9733 | box = 0.6246 | obj = 0.8225 | cls = 0.0277 | lr = 0.001000
epoch 001 | step 0180 | total = 3.9527 | box = 0.6229 | obj = 0.8114 | cls = 0.0269 | lr = 0.001000
epoch 001 | step 0200 | total = 3.8493 | box = 0.6001 | obj = 0.8215 | cls = 0.0274 | lr = 0.001000
epoch 001 | step 0220 | total = 3.9473 | box = 0.6214 | obj = 0.8148 | cls = 0.0256 | lr = 0.001000
epoch 001 | step 0240 | total = 3.9963 | box = 0.6352 | obj = 0.7950 | cls = 0.0252 | lr = 0.001000
epoch 001 | step 0260 | total = 3.8645 | box = 0.6042 | obj = 0.8171 | cls = 0.0265 | lr = 0.001000
epoch 001 | step 0280 | total = 3.9098 | box = 0.6151 | obj = 0.8090 | cls = 0.0254 | lr = 0.001000
epoch 001 | step 0300 | total = 3.8868 | box = 0.6115 | obj = 0.8029 | cls = 0.0263 | lr = 0.001000
epoch 001 | step 0320 | total = 3.8225 | box = 0.5950 | obj = 0.8204 | cls = 0.0273 | lr = 0.001000
epoch 001 | step 0340 | total = 3.8057 | box = 0.5926 | obj = 0.8165 | cls = 0.0263 | lr = 0.001000
epoch 001 | step 0360 | total = 3.8247 | box = 0.5984 | obj = 0.8060 | cls = 0.0268 | lr = 0.001000
epoch 001 | step 0380 | total = 3.7988 | box = 0.5936 | obj = 0.8047 | cls = 0.0259 | lr = 0.001000
epoch 001 | step 0400 | total = 3.7630 | box = 0.5863 | obj = 0.8057 | cls = 0.0260 | lr = 0.001000
epoch 001 | step 0420 | total = 3.8116 | box = 0.5930 | obj = 0.8205 | cls = 0.0259 | lr = 0.001000
epoch 001 | step 0440 | total = 3.7877 | box = 0.5905 | obj = 0.8096 | cls = 0.0255 | lr = 0.001000
epoch 001 | step 0460 | total = 3.7426 | box = 0.5834 | obj = 0.7994 | cls = 0.0264 | lr = 0.001000
epoch 001 | step 0480 | total = 3.7476 | box = 0.5826 | obj = 0.8090 | cls = 0.0254 | lr = 0.001000
[epoch 001 train] total = 3.9827 | box = 0.6245 | obj = 0.8163 | cls = 0.0441 | batches = 485 | time = 1357.6s
[epoch 001 val] total = 3.3808 | box = 0.4975 | obj = 0.8578 | cls = 0.0355 | batches = 43 | time = 94.9s
epoch 002 | step 0001 | total = 3.7996 | box = 0.5926 | obj = 0.8103 | cls = 0.0264 | lr = 0.000994
epoch 002 | step 0020 | total = 3.7091 | box = 0.5756 | obj = 0.8034 | cls = 0.0275 | lr = 0.000994
epoch 002 | step 0040 | total = 3.8245 | box = 0.5986 | obj = 0.8060 | cls = 0.0254 | lr = 0.000994
epoch 002 | step 0060 | total = 3.6581 | box = 0.5646 | obj = 0.8089 | cls = 0.0261 | lr = 0.000994
epoch 002 | step 0080 | total = 3.7201 | box = 0.5798 | obj = 0.7960 | cls = 0.0252 | lr = 0.000994
epoch 002 | step 0100 | total = 3.7117 | box = 0.5738 | obj = 0.8174 | cls = 0.0256 | lr = 0.000994
epoch 002 | step 0120 | total = 3.7207 | box = 0.5746 | obj = 0.8216 | cls = 0.0260 | lr = 0.000994
epoch 002 | step 0140 | total = 3.7605 | box = 0.5877 | obj = 0.7971 | cls = 0.0250 | lr = 0.000994
epoch 002 | step 0160 | total = 3.7682 | box = 0.5899 | obj = 0.7938 | cls = 0.0250 | lr = 0.000994
epoch 002 | step 0180 | total = 3.7231 | box = 0.5773 | obj = 0.8111 | cls = 0.0253 | lr = 0.000994
epoch 002 | step 0200 | total = 3.5937 | box = 0.5488 | obj = 0.8222 | cls = 0.0276 | lr = 0.000994
epoch 002 | step 0220 | total = 3.6863 | box = 0.5700 | obj = 0.8104 | cls = 0.0259 | lr = 0.000994
epoch 002 | step 0240 | total = 3.6732 | box = 0.5708 | obj = 0.7938 | cls = 0.0254 | lr = 0.000994
epoch 002 | step 0260 | total = 3.6983 | box = 0.5738 | obj = 0.8041 | cls = 0.0254 | lr = 0.000994
epoch 002 | step 0280 | total = 3.7463 | box = 0.5850 | obj = 0.7968 | cls = 0.0246 | lr = 0.000994
epoch 002 | step 0300 | total = 3.6628 | box = 0.5659 | obj = 0.8077 | cls = 0.0257 | lr = 0.000994
epoch 002 | step 0320 | total = 3.6895 | box = 0.5719 | obj = 0.8044 | cls = 0.0257 | lr = 0.000994
epoch 002 | step 0340 | total = 3.6888 | box = 0.5732 | obj = 0.7983 | cls = 0.0246 | lr = 0.000994
epoch 002 | step 0360 | total = 3.6159 | box = 0.5548 | obj = 0.8153 | cls = 0.0264 | lr = 0.000994
epoch 002 | step 0380 | total = 3.6044 | box = 0.5561 | obj = 0.7984 | cls = 0.0255 | lr = 0.000994
epoch 002 | step 0400 | total = 3.6384 | box = 0.5627 | obj = 0.8006 | cls = 0.0241 | lr = 0.000994
epoch 002 | step 0420 | total = 3.5282 | box = 0.5378 | obj = 0.8122 | cls = 0.0270 | lr = 0.000994
epoch 002 | step 0440 | total = 3.5677 | box = 0.5465 | obj = 0.8098 | cls = 0.0252 | lr = 0.000994
epoch 002 | step 0460 | total = 3.5834 | box = 0.5524 | obj = 0.7954 | cls = 0.0258 | lr = 0.000994
epoch 002 | step 0480 | total = 3.5526 | box = 0.5441 | obj = 0.8061 | cls = 0.0260 | lr = 0.000994
[epoch 002 train] total = 3.6648 | box = 0.5663 | obj = 0.8074 | cls = 0.0258 | batches = 485 | time = 1366.2s
[epoch 002 val] total = 3.2138 | box = 0.4668 | obj = 0.8437 | cls = 0.0363 | batches = 43 | time = 90.2s
epoch 003 | step 0001 | total = 3.5717 | box = 0.5480 | obj = 0.8069 | cls = 0.0249 | lr = 0.000976
epoch 003 | step 0020 | total = 3.6246 | box = 0.5621 | obj = 0.7895 | cls = 0.0244 | lr = 0.000976
epoch 003 | step 0040 | total = 3.4354 | box = 0.5202 | obj = 0.8078 | cls = 0.0266 | lr = 0.000976
epoch 003 | step 0060 | total = 3.6040 | box = 0.5559 | obj = 0.7993 | cls = 0.0254 | lr = 0.000976
epoch 003 | step 0080 | total = 3.4943 | box = 0.5289 | obj = 0.8226 | cls = 0.0271 | lr = 0.000976
epoch 003 | step 0100 | total = 3.5489 | box = 0.5453 | obj = 0.7966 | cls = 0.0260 | lr = 0.000976
epoch 003 | step 0120 | total = 3.6023 | box = 0.5564 | obj = 0.7963 | cls = 0.0238 | lr = 0.000976
epoch 003 | step 0140 | total = 3.5581 | box = 0.5491 | obj = 0.7875 | cls = 0.0249 | lr = 0.000976
epoch 003 | step 0160 | total = 3.5120 | box = 0.5381 | obj = 0.7953 | cls = 0.0262 | lr = 0.000976
epoch 003 | step 0180 | total = 3.5814 | box = 0.5527 | obj = 0.7941 | cls = 0.0240 | lr = 0.000976
epoch 003 | step 0200 | total = 3.5383 | box = 0.5440 | obj = 0.7936 | cls = 0.0246 | lr = 0.000976
epoch 003 | step 0220 | total = 3.4361 | box = 0.5181 | obj = 0.8189 | cls = 0.0268 | lr = 0.000976
epoch 003 | step 0240 | total = 3.3867 | box = 0.5096 | obj = 0.8116 | cls = 0.0274 | lr = 0.000976
epoch 003 | step 0260 | total = 3.4793 | box = 0.5317 | obj = 0.7958 | cls = 0.0249 | lr = 0.000976
epoch 003 | step 0280 | total = 3.5001 | box = 0.5339 | obj = 0.8058 | cls = 0.0249 | lr = 0.000976
epoch 003 | step 0300 | total = 3.4610 | box = 0.5276 | obj = 0.7978 | cls = 0.0254 | lr = 0.000976
epoch 003 | step 0320 | total = 3.4684 | box = 0.5303 | obj = 0.7920 | cls = 0.0251 | lr = 0.000976
epoch 003 | step 0340 | total = 3.3466 | box = 0.5001 | obj = 0.8192 | cls = 0.0268 | lr = 0.000976
epoch 003 | step 0360 | total = 3.4394 | box = 0.5263 | obj = 0.7823 | cls = 0.0255 | lr = 0.000976
epoch 003 | step 0380 | total = 3.5222 | box = 0.5420 | obj = 0.7874 | cls = 0.0246 | lr = 0.000976
epoch 003 | step 0400 | total = 3.4822 | box = 0.5320 | obj = 0.7974 | cls = 0.0247 | lr = 0.000976
epoch 003 | step 0420 | total = 3.5137 | box = 0.5401 | obj = 0.7887 | cls = 0.0247 | lr = 0.000976
epoch 003 | step 0440 | total = 3.5013 | box = 0.5362 | obj = 0.7949 | cls = 0.0253 | lr = 0.000976
epoch 003 | step 0460 | total = 3.4839 | box = 0.5327 | obj = 0.7958 | cls = 0.0244 | lr = 0.000976
epoch 003 | step 0480 | total = 3.6272 | box = 0.5646 | obj = 0.7807 | cls = 0.0234 | lr = 0.000976
[epoch 003 train] total = 3.5023 | box = 0.5354 | obj = 0.7997 | cls = 0.0254 | batches = 485 | time = 1398.9s
[epoch 003 val] total = 3.0345 | box = 0.4377 | obj = 0.8094 | cls = 0.0368 | batches = 43 | time = 94.9s
epoch 004 | step 0001 | total = 3.4538 | box = 0.5236 | obj = 0.8106 | cls = 0.0252 | lr = 0.000946
epoch 004 | step 0020 | total = 3.3781 | box = 0.5116 | obj = 0.7939 | cls = 0.0261 | lr = 0.000946
epoch 004 | step 0040 | total = 3.4398 | box = 0.5248 | obj = 0.7902 | cls = 0.0254 | lr = 0.000946
epoch 004 | step 0060 | total = 3.4295 | box = 0.5197 | obj = 0.8059 | cls = 0.0252 | lr = 0.000946
epoch 004 | step 0080 | total = 3.4030 | box = 0.5152 | obj = 0.8008 | cls = 0.0262 | lr = 0.000946
epoch 004 | step 0100 | total = 3.3588 | box = 0.5097 | obj = 0.7851 | cls = 0.0251 | lr = 0.000946
epoch 004 | step 0120 | total = 3.3499 | box = 0.5032 | obj = 0.8076 | cls = 0.0262 | lr = 0.000946
epoch 004 | step 0140 | total = 3.3718 | box = 0.5097 | obj = 0.7974 | cls = 0.0259 | lr = 0.000946
epoch 004 | step 0160 | total = 3.4506 | box = 0.5250 | obj = 0.8010 | cls = 0.0245 | lr = 0.000946
epoch 004 | step 0180 | total = 3.3335 | box = 0.5023 | obj = 0.7962 | cls = 0.0258 | lr = 0.000946
epoch 004 | step 0200 | total = 3.3455 | box = 0.5033 | obj = 0.8035 | cls = 0.0253 | lr = 0.000946
epoch 004 | step 0220 | total = 3.4346 | box = 0.5229 | obj = 0.7955 | cls = 0.0248 | lr = 0.000946
epoch 004 | step 0240 | total = 3.3609 | box = 0.5080 | obj = 0.7960 | cls = 0.0252 | lr = 0.000946
epoch 004 | step 0260 | total = 3.3636 | box = 0.5092 | obj = 0.7923 | cls = 0.0253 | lr = 0.000946
epoch 004 | step 0280 | total = 3.3734 | box = 0.5120 | obj = 0.7887 | cls = 0.0246 | lr = 0.000946
epoch 004 | step 0300 | total = 3.3691 | box = 0.5104 | obj = 0.7913 | cls = 0.0257 | lr = 0.000946
epoch 004 | step 0320 | total = 3.3280 | box = 0.5027 | obj = 0.7898 | cls = 0.0246 | lr = 0.000946
epoch 004 | step 0340 | total = 3.2931 | box = 0.4931 | obj = 0.8015 | cls = 0.0263 | lr = 0.000946
epoch 004 | step 0360 | total = 3.2257 | box = 0.4811 | obj = 0.7927 | cls = 0.0273 | lr = 0.000946
epoch 004 | step 0380 | total = 3.2837 | box = 0.4939 | obj = 0.7879 | cls = 0.0265 | lr = 0.000946
epoch 004 | step 0400 | total = 3.2784 | box = 0.4916 | obj = 0.7933 | cls = 0.0271 | lr = 0.000946
epoch 004 | step 0420 | total = 3.4044 | box = 0.5167 | obj = 0.7965 | cls = 0.0245 | lr = 0.000946
epoch 004 | step 0440 | total = 3.3364 | box = 0.5064 | obj = 0.7797 | cls = 0.0249 | lr = 0.000946
epoch 004 | step 0460 | total = 3.2909 | box = 0.4942 | obj = 0.7953 | cls = 0.0246 | lr = 0.000946
epoch 004 | step 0480 | total = 3.3441 | box = 0.5041 | obj = 0.7991 | cls = 0.0246 | lr = 0.000946
[epoch 004 train] total = 3.3814 | box = 0.5128 | obj = 0.7923 | cls = 0.0252 | batches = 485 | time = 1440.3s
[epoch 004 val] total = 2.8657 | box = 0.4086 | obj = 0.7844 | cls = 0.0381 | batches = 43 | time = 95.3s
epoch 005 | step 0001 | total = 3.3351 | box = 0.5053 | obj = 0.7836 | cls = 0.0253 | lr = 0.000905
epoch 005 | step 0020 | total = 3.2326 | box = 0.4812 | obj = 0.8005 | cls = 0.0260 | lr = 0.000905
epoch 005 | step 0040 | total = 3.3677 | box = 0.5121 | obj = 0.7820 | cls = 0.0254 | lr = 0.000905
epoch 005 | step 0060 | total = 3.3374 | box = 0.5046 | obj = 0.7891 | cls = 0.0251 | lr = 0.000905
epoch 005 | step 0080 | total = 3.2906 | box = 0.4934 | obj = 0.7976 | cls = 0.0259 | lr = 0.000905
epoch 005 | step 0100 | total = 3.2204 | box = 0.4805 | obj = 0.7915 | cls = 0.0266 | lr = 0.000905
epoch 005 | step 0120 | total = 3.2855 | box = 0.4959 | obj = 0.7810 | cls = 0.0249 | lr = 0.000905
epoch 005 | step 0140 | total = 3.3801 | box = 0.5166 | obj = 0.7735 | cls = 0.0238 | lr = 0.000905
epoch 005 | step 0160 | total = 3.3226 | box = 0.5038 | obj = 0.7781 | cls = 0.0254 | lr = 0.000905
epoch 005 | step 0180 | total = 3.2244 | box = 0.4824 | obj = 0.7871 | cls = 0.0251 | lr = 0.000905
epoch 005 | step 0200 | total = 3.3028 | box = 0.4933 | obj = 0.8101 | cls = 0.0261 | lr = 0.000905
epoch 005 | step 0220 | total = 3.3018 | box = 0.4977 | obj = 0.7880 | cls = 0.0253 | lr = 0.000905
epoch 005 | step 0240 | total = 3.1582 | box = 0.4657 | obj = 0.8018 | cls = 0.0278 | lr = 0.000905
epoch 005 | step 0260 | total = 3.3005 | box = 0.4992 | obj = 0.7793 | cls = 0.0251 | lr = 0.000905
epoch 005 | step 0280 | total = 3.2279 | box = 0.4827 | obj = 0.7884 | cls = 0.0257 | lr = 0.000905
epoch 005 | step 0300 | total = 3.2696 | box = 0.4901 | obj = 0.7937 | cls = 0.0253 | lr = 0.000905
epoch 005 | step 0320 | total = 3.2382 | box = 0.4844 | obj = 0.7899 | cls = 0.0263 | lr = 0.000905
epoch 005 | step 0340 | total = 3.2952 | box = 0.4971 | obj = 0.7843 | cls = 0.0254 | lr = 0.000905
epoch 005 | step 0360 | total = 3.2456 | box = 0.4865 | obj = 0.7880 | cls = 0.0253 | lr = 0.000905
epoch 005 | step 0380 | total = 3.2492 | box = 0.4867 | obj = 0.7903 | cls = 0.0255 | lr = 0.000905
epoch 005 | step 0400 | total = 3.3132 | box = 0.5003 | obj = 0.7869 | cls = 0.0249 | lr = 0.000905
epoch 005 | step 0420 | total = 3.2404 | box = 0.4866 | obj = 0.7814 | cls = 0.0259 | lr = 0.000905
epoch 005 | step 0440 | total = 3.2279 | box = 0.4806 | obj = 0.8000 | cls = 0.0247 | lr = 0.000905
epoch 005 | step 0460 | total = 3.2395 | box = 0.4876 | obj = 0.7755 | cls = 0.0258 | lr = 0.000905
epoch 005 | step 0480 | total = 3.3413 | box = 0.5064 | obj = 0.7867 | cls = 0.0228 | lr = 0.000905
[epoch 005 train] total = 3.2903 | box = 0.4959 | obj = 0.7858 | cls = 0.0249 | batches = 485 | time = 1629.5s
[epoch 005 val] total = 2.8256 | box = 0.4011 | obj = 0.7818 | cls = 0.0383 | batches = 43 | time = 109.8s
epoch 006 | step 0001 | total = 3.2638 | box = 0.4905 | obj = 0.7867 | cls = 0.0249 | lr = 0.000855
epoch 006 | step 0020 | total = 3.3529 | box = 0.5079 | obj = 0.7890 | cls = 0.0243 | lr = 0.000855
epoch 006 | step 0040 | total = 3.1965 | box = 0.4792 | obj = 0.7752 | cls = 0.0254 | lr = 0.000855
epoch 006 | step 0060 | total = 3.2659 | box = 0.4927 | obj = 0.7776 | cls = 0.0248 | lr = 0.000855
epoch 006 | step 0080 | total = 3.2416 | box = 0.4885 | obj = 0.7749 | cls = 0.0242 | lr = 0.000855
epoch 006 | step 0100 | total = 3.1990 | box = 0.4792 | obj = 0.7783 | cls = 0.0245 | lr = 0.000855
epoch 006 | step 0120 | total = 3.1715 | box = 0.4754 | obj = 0.7693 | cls = 0.0252 | lr = 0.000855
epoch 006 | step 0140 | total = 3.1837 | box = 0.4725 | obj = 0.7961 | cls = 0.0252 | lr = 0.000855
epoch 006 | step 0160 | total = 3.3512 | box = 0.5134 | obj = 0.7608 | cls = 0.0236 | lr = 0.000855
epoch 006 | step 0180 | total = 3.1830 | box = 0.4736 | obj = 0.7895 | cls = 0.0258 | lr = 0.000855
epoch 006 | step 0200 | total = 3.2805 | box = 0.4971 | obj = 0.7713 | cls = 0.0238 | lr = 0.000855
epoch 006 | step 0220 | total = 3.1721 | box = 0.4726 | obj = 0.7833 | cls = 0.0257 | lr = 0.000855
epoch 006 | step 0240 | total = 3.2362 | box = 0.4877 | obj = 0.7735 | cls = 0.0244 | lr = 0.000855
epoch 006 | step 0260 | total = 3.2759 | box = 0.4949 | obj = 0.7781 | cls = 0.0232 | lr = 0.000855
epoch 006 | step 0280 | total = 3.1787 | box = 0.4759 | obj = 0.7736 | cls = 0.0258 | lr = 0.000855
epoch 006 | step 0300 | total = 3.2180 | box = 0.4858 | obj = 0.7656 | cls = 0.0234 | lr = 0.000855
epoch 006 | step 0320 | total = 3.2567 | box = 0.4937 | obj = 0.7648 | cls = 0.0235 | lr = 0.000855
epoch 006 | step 0340 | total = 3.2114 | box = 0.4816 | obj = 0.7786 | cls = 0.0247 | lr = 0.000855
epoch 006 | step 0360 | total = 3.1459 | box = 0.4678 | obj = 0.7829 | cls = 0.0241 | lr = 0.000855
epoch 006 | step 0380 | total = 3.2082 | box = 0.4813 | obj = 0.7775 | cls = 0.0243 | lr = 0.000855
epoch 006 | step 0400 | total = 3.1660 | box = 0.4717 | obj = 0.7827 | cls = 0.0248 | lr = 0.000855
epoch 006 | step 0420 | total = 3.2746 | box = 0.4949 | obj = 0.7764 | cls = 0.0236 | lr = 0.000855
epoch 006 | step 0440 | total = 3.0942 | box = 0.4594 | obj = 0.7709 | cls = 0.0262 | lr = 0.000855
epoch 006 | step 0460 | total = 3.2106 | box = 0.4807 | obj = 0.7826 | cls = 0.0243 | lr = 0.000855
epoch 006 | step 0480 | total = 3.2325 | box = 0.4883 | obj = 0.7683 | cls = 0.0228 | lr = 0.000855
[epoch 006 train] total = 3.2143 | box = 0.4820 | obj = 0.7795 | cls = 0.0247 | batches = 485 | time = 1657.9s
[epoch 006 val] total = 2.7608 | box = 0.3897 | obj = 0.7725 | cls = 0.0397 | batches = 43 | time = 109.8s
epoch 007 | step 0001 | total = 3.2271 | box = 0.4852 | obj = 0.7773 | cls = 0.0239 | lr = 0.000796
epoch 007 | step 0020 | total = 3.1727 | box = 0.4741 | obj = 0.7775 | cls = 0.0246 | lr = 0.000796
epoch 007 | step 0040 | total = 3.1331 | box = 0.4656 | obj = 0.7792 | cls = 0.0261 | lr = 0.000796
epoch 007 | step 0060 | total = 3.1907 | box = 0.4791 | obj = 0.7706 | cls = 0.0245 | lr = 0.000796
epoch 007 | step 0080 | total = 3.2064 | box = 0.4799 | obj = 0.7823 | cls = 0.0246 | lr = 0.000796
epoch 007 | step 0100 | total = 3.1159 | box = 0.4631 | obj = 0.7766 | cls = 0.0241 | lr = 0.000796
epoch 007 | step 0120 | total = 3.1010 | box = 0.4587 | obj = 0.7820 | cls = 0.0257 | lr = 0.000796
epoch 007 | step 0140 | total = 3.1221 | box = 0.4635 | obj = 0.7788 | cls = 0.0257 | lr = 0.000796
epoch 007 | step 0160 | total = 3.1955 | box = 0.4812 | obj = 0.7652 | cls = 0.0245 | lr = 0.000796
epoch 007 | step 0180 | total = 3.0960 | box = 0.4592 | obj = 0.7749 | cls = 0.0249 | lr = 0.000796
epoch 007 | step 0200 | total = 3.2265 | box = 0.4842 | obj = 0.7808 | cls = 0.0248 | lr = 0.000796
epoch 007 | step 0220 | total = 3.1400 | box = 0.4680 | obj = 0.7758 | cls = 0.0243 | lr = 0.000796
epoch 007 | step 0240 | total = 3.1681 | box = 0.4708 | obj = 0.7887 | cls = 0.0254 | lr = 0.000796
epoch 007 | step 0260 | total = 3.1542 | box = 0.4725 | obj = 0.7677 | cls = 0.0240 | lr = 0.000796
epoch 007 | step 0280 | total = 3.0543 | box = 0.4499 | obj = 0.7800 | cls = 0.0250 | lr = 0.000796
epoch 007 | step 0300 | total = 3.1741 | box = 0.4737 | obj = 0.7805 | cls = 0.0252 | lr = 0.000796
epoch 007 | step 0320 | total = 3.2142 | box = 0.4803 | obj = 0.7889 | cls = 0.0238 | lr = 0.000796
epoch 007 | step 0340 | total = 3.1658 | box = 0.4739 | obj = 0.7712 | cls = 0.0248 | lr = 0.000796
epoch 007 | step 0360 | total = 3.0987 | box = 0.4593 | obj = 0.7776 | cls = 0.0245 | lr = 0.000796
epoch 007 | step 0380 | total = 3.1354 | box = 0.4656 | obj = 0.7829 | cls = 0.0245 | lr = 0.000796
epoch 007 | step 0400 | total = 3.1859 | box = 0.4781 | obj = 0.7714 | cls = 0.0239 | lr = 0.000796
epoch 007 | step 0420 | total = 3.0496 | box = 0.4509 | obj = 0.7695 | cls = 0.0255 | lr = 0.000796
epoch 007 | step 0440 | total = 3.1055 | box = 0.4603 | obj = 0.7793 | cls = 0.0245 | lr = 0.000796
epoch 007 | step 0460 | total = 3.1439 | box = 0.4703 | obj = 0.7687 | cls = 0.0238 | lr = 0.000796
epoch 007 | step 0480 | total = 3.2128 | box = 0.4841 | obj = 0.7694 | cls = 0.0228 | lr = 0.000796
[epoch 007 train] total = 3.1507 | box = 0.4704 | obj = 0.7742 | cls = 0.0244 | batches = 485 | time = 1683.8s
[epoch 007 val] total = 2.6629 | box = 0.3736 | obj = 0.7559 | cls = 0.0389 | batches = 43 | time = 117.0s
epoch 008 | step 0001 | total = 3.1333 | box = 0.4675 | obj = 0.7712 | cls = 0.0248 | lr = 0.000730
epoch 008 | step 0020 | total = 3.1515 | box = 0.4707 | obj = 0.7746 | cls = 0.0236 | lr = 0.000730
epoch 008 | step 0040 | total = 3.1365 | box = 0.4680 | obj = 0.7720 | cls = 0.0243 | lr = 0.000730
epoch 008 | step 0060 | total = 3.0772 | box = 0.4562 | obj = 0.7714 | cls = 0.0246 | lr = 0.000730
epoch 008 | step 0080 | total = 3.0494 | box = 0.4539 | obj = 0.7562 | cls = 0.0237 | lr = 0.000730
epoch 008 | step 0100 | total = 3.1107 | box = 0.4655 | obj = 0.7591 | cls = 0.0239 | lr = 0.000730
epoch 008 | step 0120 | total = 3.0748 | box = 0.4561 | obj = 0.7692 | cls = 0.0253 | lr = 0.000730
epoch 008 | step 0140 | total = 3.0302 | box = 0.4484 | obj = 0.7638 | cls = 0.0247 | lr = 0.000730
epoch 008 | step 0160 | total = 3.0573 | box = 0.4548 | obj = 0.7587 | cls = 0.0244 | lr = 0.000730
epoch 008 | step 0180 | total = 3.0942 | box = 0.4591 | obj = 0.7744 | cls = 0.0242 | lr = 0.000730
epoch 008 | step 0200 | total = 3.0490 | box = 0.4514 | obj = 0.7669 | cls = 0.0252 | lr = 0.000730
epoch 008 | step 0220 | total = 3.1340 | box = 0.4678 | obj = 0.7705 | cls = 0.0243 | lr = 0.000730
epoch 008 | step 0240 | total = 3.0856 | box = 0.4604 | obj = 0.7587 | cls = 0.0250 | lr = 0.000730
epoch 008 | step 0260 | total = 3.0931 | box = 0.4592 | obj = 0.7731 | cls = 0.0243 | lr = 0.000730
epoch 008 | step 0280 | total = 3.1719 | box = 0.4782 | obj = 0.7582 | cls = 0.0229 | lr = 0.000730
epoch 008 | step 0300 | total = 3.1582 | box = 0.4719 | obj = 0.7748 | cls = 0.0239 | lr = 0.000730
epoch 008 | step 0320 | total = 3.1503 | box = 0.4709 | obj = 0.7720 | cls = 0.0239 | lr = 0.000730
epoch 008 | step 0340 | total = 3.0073 | box = 0.4431 | obj = 0.7665 | cls = 0.0255 | lr = 0.000730
epoch 008 | step 0360 | total = 3.0067 | box = 0.4424 | obj = 0.7697 | cls = 0.0249 | lr = 0.000730
epoch 008 | step 0380 | total = 3.0740 | box = 0.4556 | obj = 0.7724 | cls = 0.0238 | lr = 0.000730
epoch 008 | step 0400 | total = 3.0643 | box = 0.4540 | obj = 0.7702 | cls = 0.0241 | lr = 0.000730
epoch 008 | step 0420 | total = 3.1241 | box = 0.4683 | obj = 0.7594 | cls = 0.0231 | lr = 0.000730
epoch 008 | step 0440 | total = 3.0605 | box = 0.4544 | obj = 0.7647 | cls = 0.0236 | lr = 0.000730
epoch 008 | step 0460 | total = 3.0344 | box = 0.4460 | obj = 0.7795 | cls = 0.0250 | lr = 0.000730
epoch 008 | step 0480 | total = 3.1007 | box = 0.4611 | obj = 0.7703 | cls = 0.0248 | lr = 0.000730
[epoch 008 train] total = 3.0941 | box = 0.4603 | obj = 0.7685 | cls = 0.0241 | batches = 485 | time = 1683.4s
[epoch 008 val] total = 2.6906 | box = 0.3778 | obj = 0.7629 | cls = 0.0387 | batches = 43 | time = 113.6s
epoch 009 | step 0001 | total = 3.1733 | box = 0.4759 | obj = 0.7718 | cls = 0.0221 | lr = 0.000658
epoch 009 | step 0020 | total = 3.0116 | box = 0.4461 | obj = 0.7568 | cls = 0.0242 | lr = 0.000658
epoch 009 | step 0040 | total = 3.0666 | box = 0.4553 | obj = 0.7652 | cls = 0.0250 | lr = 0.000658
epoch 009 | step 0060 | total = 3.0620 | box = 0.4524 | obj = 0.7763 | cls = 0.0239 | lr = 0.000658
epoch 009 | step 0080 | total = 3.0631 | box = 0.4534 | obj = 0.7718 | cls = 0.0244 | lr = 0.000658
epoch 009 | step 0100 | total = 3.0920 | box = 0.4551 | obj = 0.7909 | cls = 0.0254 | lr = 0.000658
epoch 009 | step 0120 | total = 2.9341 | box = 0.4297 | obj = 0.7610 | cls = 0.0247 | lr = 0.000658
epoch 009 | step 0140 | total = 3.1151 | box = 0.4673 | obj = 0.7562 | cls = 0.0223 | lr = 0.000658
epoch 009 | step 0160 | total = 2.9732 | box = 0.4365 | obj = 0.7664 | cls = 0.0246 | lr = 0.000658
epoch 009 | step 0180 | total = 3.0432 | box = 0.4495 | obj = 0.7713 | cls = 0.0243 | lr = 0.000658
epoch 009 | step 0200 | total = 3.0853 | box = 0.4583 | obj = 0.7689 | cls = 0.0249 | lr = 0.000658
epoch 009 | step 0220 | total = 3.0353 | box = 0.4516 | obj = 0.7530 | cls = 0.0240 | lr = 0.000658
epoch 009 | step 0240 | total = 3.1864 | box = 0.4832 | obj = 0.7484 | cls = 0.0221 | lr = 0.000658
epoch 009 | step 0260 | total = 2.9882 | box = 0.4409 | obj = 0.7601 | cls = 0.0237 | lr = 0.000658
epoch 009 | step 0280 | total = 2.9930 | box = 0.4433 | obj = 0.7518 | cls = 0.0249 | lr = 0.000658
epoch 009 | step 0300 | total = 3.0208 | box = 0.4475 | obj = 0.7596 | cls = 0.0239 | lr = 0.000658
epoch 009 | step 0320 | total = 3.0926 | box = 0.4632 | obj = 0.7529 | cls = 0.0236 | lr = 0.000658
epoch 009 | step 0340 | total = 3.0255 | box = 0.4493 | obj = 0.7557 | cls = 0.0234 | lr = 0.000658
epoch 009 | step 0360 | total = 2.9937 | box = 0.4425 | obj = 0.7571 | cls = 0.0242 | lr = 0.000658
epoch 009 | step 0380 | total = 3.0069 | box = 0.4445 | obj = 0.7612 | cls = 0.0233 | lr = 0.000658
epoch 009 | step 0400 | total = 2.9283 | box = 0.4281 | obj = 0.7640 | cls = 0.0238 | lr = 0.000658
epoch 009 | step 0420 | total = 3.0532 | box = 0.4524 | obj = 0.7676 | cls = 0.0236 | lr = 0.000658
epoch 009 | step 0440 | total = 2.9968 | box = 0.4446 | obj = 0.7490 | cls = 0.0247 | lr = 0.000658
epoch 009 | step 0460 | total = 2.9803 | box = 0.4400 | obj = 0.7553 | cls = 0.0249 | lr = 0.000658
epoch 009 | step 0480 | total = 2.8822 | box = 0.4186 | obj = 0.7642 | cls = 0.0248 | lr = 0.000658
[epoch 009 train] total = 3.0408 | box = 0.4507 | obj = 0.7633 | cls = 0.0239 | batches = 485 | time = 1701.1s
[epoch 009 val] total = 2.6071 | box = 0.3640 | obj = 0.7482 | cls = 0.0388 | batches = 43 | time = 111.9s
epoch 010 | step 0001 | total = 3.0229 | box = 0.4505 | obj = 0.7474 | cls = 0.0232 | lr = 0.000582
epoch 010 | step 0020 | total = 2.9603 | box = 0.4315 | obj = 0.7774 | cls = 0.0253 | lr = 0.000582
epoch 010 | step 0040 | total = 3.0246 | box = 0.4468 | obj = 0.7669 | cls = 0.0236 | lr = 0.000582
epoch 010 | step 0060 | total = 3.0376 | box = 0.4486 | obj = 0.7715 | cls = 0.0231 | lr = 0.000582
epoch 010 | step 0080 | total = 2.9219 | box = 0.4291 | obj = 0.7525 | cls = 0.0239 | lr = 0.000582
epoch 010 | step 0100 | total = 2.9696 | box = 0.4375 | obj = 0.7581 | cls = 0.0240 | lr = 0.000582
epoch 010 | step 0120 | total = 2.9469 | box = 0.4346 | obj = 0.7492 | cls = 0.0249 | lr = 0.000582
epoch 010 | step 0140 | total = 2.8939 | box = 0.4219 | obj = 0.7597 | cls = 0.0247 | lr = 0.000582
epoch 010 | step 0160 | total = 3.0570 | box = 0.4547 | obj = 0.7597 | cls = 0.0237 | lr = 0.000582
epoch 010 | step 0180 | total = 3.0468 | box = 0.4550 | obj = 0.7480 | cls = 0.0237 | lr = 0.000582
epoch 010 | step 0200 | total = 3.0038 | box = 0.4472 | obj = 0.7442 | cls = 0.0234 | lr = 0.000582
epoch 010 | step 0220 | total = 2.9404 | box = 0.4322 | obj = 0.7548 | cls = 0.0247 | lr = 0.000582
epoch 010 | step 0240 | total = 2.9536 | box = 0.4342 | obj = 0.7590 | cls = 0.0236 | lr = 0.000582
epoch 010 | step 0260 | total = 3.0649 | box = 0.4548 | obj = 0.7682 | cls = 0.0227 | lr = 0.000582
epoch 010 | step 0280 | total = 3.0868 | box = 0.4624 | obj = 0.7516 | cls = 0.0234 | lr = 0.000582
epoch 010 | step 0300 | total = 3.0152 | box = 0.4471 | obj = 0.7565 | cls = 0.0231 | lr = 0.000582
epoch 010 | step 0320 | total = 2.9751 | box = 0.4406 | obj = 0.7480 | cls = 0.0240 | lr = 0.000582
epoch 010 | step 0340 | total = 3.0417 | box = 0.4526 | obj = 0.7557 | cls = 0.0229 | lr = 0.000582
epoch 010 | step 0360 | total = 3.0307 | box = 0.4486 | obj = 0.7626 | cls = 0.0253 | lr = 0.000582
epoch 010 | step 0380 | total = 2.9929 | box = 0.4463 | obj = 0.7382 | cls = 0.0232 | lr = 0.000582
epoch 010 | step 0400 | total = 2.9119 | box = 0.4247 | obj = 0.7650 | cls = 0.0235 | lr = 0.000582
epoch 010 | step 0420 | total = 3.0742 | box = 0.4584 | obj = 0.7594 | cls = 0.0230 | lr = 0.000582
epoch 010 | step 0440 | total = 2.9409 | box = 0.4295 | obj = 0.7698 | cls = 0.0236 | lr = 0.000582
epoch 010 | step 0460 | total = 2.9377 | box = 0.4319 | obj = 0.7542 | cls = 0.0237 | lr = 0.000582
epoch 010 | step 0480 | total = 2.9651 | box = 0.4344 | obj = 0.7687 | cls = 0.0245 | lr = 0.000582
[epoch 010 train] total = 2.9916 | box = 0.4419 | obj = 0.7584 | cls = 0.0237 | batches = 485 | time = 1692.5s
[epoch 010 val] total = 2.5892 | box = 0.3613 | obj = 0.7438 | cls = 0.0387 | batches = 43 | time = 120.1s
epoch 011 | step 0001 | total = 3.0389 | box = 0.4491 | obj = 0.7702 | cls = 0.0233 | lr = 0.000505
epoch 011 | step 0020 | total = 3.0693 | box = 0.4585 | obj = 0.7546 | cls = 0.0220 | lr = 0.000505
epoch 011 | step 0040 | total = 2.9711 | box = 0.4390 | obj = 0.7531 | cls = 0.0229 | lr = 0.000505
epoch 011 | step 0060 | total = 2.9877 | box = 0.4424 | obj = 0.7516 | cls = 0.0239 | lr = 0.000505
epoch 011 | step 0080 | total = 2.9681 | box = 0.4384 | obj = 0.7525 | cls = 0.0237 | lr = 0.000505
epoch 011 | step 0100 | total = 2.9382 | box = 0.4317 | obj = 0.7569 | cls = 0.0229 | lr = 0.000505
epoch 011 | step 0120 | total = 3.0536 | box = 0.4566 | obj = 0.7484 | cls = 0.0224 | lr = 0.000505
epoch 011 | step 0140 | total = 2.9461 | box = 0.4339 | obj = 0.7537 | cls = 0.0230 | lr = 0.000505
epoch 011 | step 0160 | total = 2.9527 | box = 0.4347 | obj = 0.7556 | cls = 0.0237 | lr = 0.000505
epoch 011 | step 0180 | total = 3.0274 | box = 0.4509 | obj = 0.7497 | cls = 0.0230 | lr = 0.000505
epoch 011 | step 0200 | total = 3.0509 | box = 0.4552 | obj = 0.7525 | cls = 0.0226 | lr = 0.000505
epoch 011 | step 0220 | total = 2.9005 | box = 0.4210 | obj = 0.7706 | cls = 0.0249 | lr = 0.000505
epoch 011 | step 0240 | total = 2.9972 | box = 0.4443 | obj = 0.7525 | cls = 0.0233 | lr = 0.000505
epoch 011 | step 0260 | total = 2.9658 | box = 0.4340 | obj = 0.7719 | cls = 0.0239 | lr = 0.000505
epoch 011 | step 0280 | total = 2.9238 | box = 0.4292 | obj = 0.7535 | cls = 0.0242 | lr = 0.000505
epoch 011 | step 0300 | total = 2.9057 | box = 0.4283 | obj = 0.7405 | cls = 0.0236 | lr = 0.000505
epoch 011 | step 0320 | total = 3.0199 | box = 0.4502 | obj = 0.7463 | cls = 0.0228 | lr = 0.000505
epoch 011 | step 0340 | total = 2.8395 | box = 0.4105 | obj = 0.7626 | cls = 0.0243 | lr = 0.000505
epoch 011 | step 0360 | total = 2.9866 | box = 0.4420 | obj = 0.7541 | cls = 0.0225 | lr = 0.000505
epoch 011 | step 0380 | total = 2.9892 | box = 0.4421 | obj = 0.7545 | cls = 0.0243 | lr = 0.000505
epoch 011 | step 0400 | total = 3.0677 | box = 0.4553 | obj = 0.7688 | cls = 0.0225 | lr = 0.000505
epoch 011 | step 0420 | total = 2.8714 | box = 0.4193 | obj = 0.7511 | cls = 0.0239 | lr = 0.000505
epoch 011 | step 0440 | total = 2.9353 | box = 0.4289 | obj = 0.7668 | cls = 0.0242 | lr = 0.000505
epoch 011 | step 0460 | total = 3.0243 | box = 0.4504 | obj = 0.7496 | cls = 0.0229 | lr = 0.000505
epoch 011 | step 0480 | total = 3.0496 | box = 0.4528 | obj = 0.7630 | cls = 0.0228 | lr = 0.000505
[epoch 011 train] total = 2.9429 | box = 0.4332 | obj = 0.7532 | cls = 0.0235 | batches = 485 | time = 1708.6s
[epoch 011 val] total = 2.5723 | box = 0.3560 | obj = 0.7540 | cls = 0.0382 | batches = 43 | time = 116.4s
epoch 012 | step 0001 | total = 2.7971 | box = 0.4084 | obj = 0.7323 | cls = 0.0229 | lr = 0.000428
epoch 012 | step 0020 | total = 2.8268 | box = 0.4121 | obj = 0.7416 | cls = 0.0245 | lr = 0.000428
epoch 012 | step 0040 | total = 2.8663 | box = 0.4227 | obj = 0.7289 | cls = 0.0237 | lr = 0.000428
epoch 012 | step 0060 | total = 2.8998 | box = 0.4256 | obj = 0.7499 | cls = 0.0220 | lr = 0.000428
epoch 012 | step 0080 | total = 2.8883 | box = 0.4226 | obj = 0.7524 | cls = 0.0230 | lr = 0.000428
epoch 012 | step 0100 | total = 2.8658 | box = 0.4180 | obj = 0.7511 | cls = 0.0246 | lr = 0.000428
epoch 012 | step 0120 | total = 2.8499 | box = 0.4171 | obj = 0.7418 | cls = 0.0225 | lr = 0.000428
epoch 012 | step 0140 | total = 2.8347 | box = 0.4159 | obj = 0.7313 | cls = 0.0238 | lr = 0.000428
epoch 012 | step 0160 | total = 2.8804 | box = 0.4200 | obj = 0.7563 | cls = 0.0241 | lr = 0.000428
epoch 012 | step 0180 | total = 3.0284 | box = 0.4511 | obj = 0.7504 | cls = 0.0223 | lr = 0.000428
epoch 012 | step 0200 | total = 2.8582 | box = 0.4148 | obj = 0.7604 | cls = 0.0239 | lr = 0.000428
epoch 012 | step 0220 | total = 2.9462 | box = 0.4357 | obj = 0.7449 | cls = 0.0229 | lr = 0.000428
epoch 012 | step 0240 | total = 2.9893 | box = 0.4452 | obj = 0.7409 | cls = 0.0221 | lr = 0.000428
epoch 012 | step 0260 | total = 2.8627 | box = 0.4161 | obj = 0.7582 | cls = 0.0238 | lr = 0.000428
epoch 012 | step 0280 | total = 2.9934 | box = 0.4465 | obj = 0.7381 | cls = 0.0230 | lr = 0.000428
epoch 012 | step 0300 | total = 2.8831 | box = 0.4198 | obj = 0.7596 | cls = 0.0246 | lr = 0.000428
epoch 012 | step 0320 | total = 2.8282 | box = 0.4084 | obj = 0.7621 | cls = 0.0239 | lr = 0.000428
epoch 012 | step 0340 | total = 2.9039 | box = 0.4255 | obj = 0.7538 | cls = 0.0225 | lr = 0.000428
epoch 012 | step 0360 | total = 2.7947 | box = 0.4071 | obj = 0.7359 | cls = 0.0231 | lr = 0.000428
epoch 012 | step 0380 | total = 2.9173 | box = 0.4278 | obj = 0.7551 | cls = 0.0231 | lr = 0.000428
epoch 012 | step 0400 | total = 2.9011 | box = 0.4236 | obj = 0.7599 | cls = 0.0232 | lr = 0.000428
epoch 012 | step 0420 | total = 2.8677 | box = 0.4196 | obj = 0.7470 | cls = 0.0225 | lr = 0.000428
epoch 012 | step 0440 | total = 2.7868 | box = 0.4045 | obj = 0.7415 | cls = 0.0230 | lr = 0.000428
epoch 012 | step 0460 | total = 2.8888 | box = 0.4232 | obj = 0.7506 | cls = 0.0224 | lr = 0.000428
epoch 012 | step 0480 | total = 2.9501 | box = 0.4351 | obj = 0.7519 | cls = 0.0230 | lr = 0.000428
[epoch 012 train] total = 2.8969 | box = 0.4252 | obj = 0.7478 | cls = 0.0232 | batches = 485 | time = 1720.0s
[epoch 012 val] total = 2.4828 | box = 0.3440 | obj = 0.7244 | cls = 0.0383 | batches = 43 | time = 117.1s
epoch 013 | step 0001 | total = 2.7414 | box = 0.3926 | obj = 0.7532 | cls = 0.0253 | lr = 0.000352
epoch 013 | step 0020 | total = 3.0842 | box = 0.4623 | obj = 0.7517 | cls = 0.0210 | lr = 0.000352
epoch 013 | step 0040 | total = 2.8355 | box = 0.4129 | obj = 0.7477 | cls = 0.0231 | lr = 0.000352
epoch 013 | step 0060 | total = 2.8315 | box = 0.4143 | obj = 0.7366 | cls = 0.0232 | lr = 0.000352
epoch 013 | step 0080 | total = 2.8571 | box = 0.4170 | obj = 0.7491 | cls = 0.0231 | lr = 0.000352
epoch 013 | step 0100 | total = 2.8780 | box = 0.4240 | obj = 0.7352 | cls = 0.0230 | lr = 0.000352
epoch 013 | step 0120 | total = 2.7891 | box = 0.4066 | obj = 0.7334 | cls = 0.0226 | lr = 0.000352
epoch 013 | step 0140 | total = 2.8908 | box = 0.4275 | obj = 0.7313 | cls = 0.0219 | lr = 0.000352
epoch 013 | step 0160 | total = 2.9432 | box = 0.4351 | obj = 0.7459 | cls = 0.0217 | lr = 0.000352
epoch 013 | step 0180 | total = 2.9320 | box = 0.4339 | obj = 0.7398 | cls = 0.0227 | lr = 0.000352
epoch 013 | step 0200 | total = 2.7957 | box = 0.4034 | obj = 0.7545 | cls = 0.0243 | lr = 0.000352
epoch 013 | step 0220 | total = 2.8720 | box = 0.4200 | obj = 0.7492 | cls = 0.0230 | lr = 0.000352
epoch 013 | step 0240 | total = 2.7756 | box = 0.4020 | obj = 0.7429 | cls = 0.0227 | lr = 0.000352
epoch 013 | step 0260 | total = 2.8791 | box = 0.4226 | obj = 0.7432 | cls = 0.0227 | lr = 0.000352
epoch 013 | step 0280 | total = 2.8574 | box = 0.4196 | obj = 0.7369 | cls = 0.0227 | lr = 0.000352
epoch 013 | step 0300 | total = 2.8713 | box = 0.4205 | obj = 0.7471 | cls = 0.0220 | lr = 0.000352
epoch 013 | step 0320 | total = 2.8861 | box = 0.4230 | obj = 0.7486 | cls = 0.0222 | lr = 0.000352
epoch 013 | step 0340 | total = 2.8541 | box = 0.4193 | obj = 0.7353 | cls = 0.0223 | lr = 0.000352
epoch 013 | step 0360 | total = 2.8354 | box = 0.4140 | obj = 0.7429 | cls = 0.0222 | lr = 0.000352
epoch 013 | step 0380 | total = 2.8401 | box = 0.4165 | obj = 0.7337 | cls = 0.0239 | lr = 0.000352
epoch 013 | step 0400 | total = 2.8831 | box = 0.4222 | obj = 0.7477 | cls = 0.0245 | lr = 0.000352
epoch 013 | step 0420 | total = 2.8944 | box = 0.4240 | obj = 0.7513 | cls = 0.0231 | lr = 0.000352
epoch 013 | step 0440 | total = 2.8937 | box = 0.4251 | obj = 0.7465 | cls = 0.0217 | lr = 0.000352
epoch 013 | step 0460 | total = 2.9415 | box = 0.4349 | obj = 0.7448 | cls = 0.0221 | lr = 0.000352
epoch 013 | step 0480 | total = 2.6700 | box = 0.3817 | obj = 0.7369 | cls = 0.0245 | lr = 0.000352
[epoch 013 train] total = 2.8485 | box = 0.4167 | obj = 0.7420 | cls = 0.0230 | batches = 485 | time = 1728.2s
[epoch 013 val] total = 2.4287 | box = 0.3351 | obj = 0.7154 | cls = 0.0376 | batches = 43 | time = 122.4s
epoch 014 | step 0001 | total = 2.8354 | box = 0.4159 | obj = 0.7335 | cls = 0.0221 | lr = 0.000280
epoch 014 | step 0020 | total = 2.7015 | box = 0.3890 | obj = 0.7334 | cls = 0.0230 | lr = 0.000280
epoch 014 | step 0040 | total = 2.8133 | box = 0.4120 | obj = 0.7314 | cls = 0.0220 | lr = 0.000280
epoch 014 | step 0060 | total = 2.8255 | box = 0.4102 | obj = 0.7515 | cls = 0.0228 | lr = 0.000280
epoch 014 | step 0080 | total = 2.7475 | box = 0.3976 | obj = 0.7362 | cls = 0.0232 | lr = 0.000280
epoch 014 | step 0100 | total = 2.6365 | box = 0.3745 | obj = 0.7392 | cls = 0.0247 | lr = 0.000280
epoch 014 | step 0120 | total = 2.7763 | box = 0.4021 | obj = 0.7423 | cls = 0.0234 | lr = 0.000280
epoch 014 | step 0140 | total = 2.8126 | box = 0.4130 | obj = 0.7249 | cls = 0.0227 | lr = 0.000280
epoch 014 | step 0160 | total = 2.8136 | box = 0.4125 | obj = 0.7278 | cls = 0.0235 | lr = 0.000280
epoch 014 | step 0180 | total = 2.8696 | box = 0.4238 | obj = 0.7282 | cls = 0.0225 | lr = 0.000280
epoch 014 | step 0200 | total = 2.8383 | box = 0.4184 | obj = 0.7233 | cls = 0.0229 | lr = 0.000280
epoch 014 | step 0220 | total = 2.8071 | box = 0.4117 | obj = 0.7265 | cls = 0.0221 | lr = 0.000280
epoch 014 | step 0240 | total = 2.8846 | box = 0.4248 | obj = 0.7379 | cls = 0.0228 | lr = 0.000280
epoch 014 | step 0260 | total = 2.7354 | box = 0.3968 | obj = 0.7270 | cls = 0.0242 | lr = 0.000280
epoch 014 | step 0280 | total = 2.8997 | box = 0.4294 | obj = 0.7300 | cls = 0.0226 | lr = 0.000280
epoch 014 | step 0300 | total = 2.8389 | box = 0.4147 | obj = 0.7423 | cls = 0.0231 | lr = 0.000280
epoch 014 | step 0320 | total = 2.8327 | box = 0.4140 | obj = 0.7399 | cls = 0.0230 | lr = 0.000280
epoch 014 | step 0340 | total = 2.7392 | box = 0.3972 | obj = 0.7311 | cls = 0.0220 | lr = 0.000280
epoch 014 | step 0360 | total = 2.8712 | box = 0.4235 | obj = 0.7315 | cls = 0.0222 | lr = 0.000280
epoch 014 | step 0380 | total = 2.7523 | box = 0.4020 | obj = 0.7200 | cls = 0.0221 | lr = 0.000280
epoch 014 | step 0400 | total = 2.8564 | box = 0.4235 | obj = 0.7176 | cls = 0.0215 | lr = 0.000280
epoch 014 | step 0420 | total = 2.8287 | box = 0.4156 | obj = 0.7284 | cls = 0.0225 | lr = 0.000280
epoch 014 | step 0440 | total = 2.7785 | box = 0.4033 | obj = 0.7388 | cls = 0.0231 | lr = 0.000280
epoch 014 | step 0460 | total = 2.7358 | box = 0.3944 | obj = 0.7404 | cls = 0.0235 | lr = 0.000280
epoch 014 | step 0480 | total = 2.8071 | box = 0.4089 | obj = 0.7401 | cls = 0.0227 | lr = 0.000280
[epoch 014 train] total = 2.7999 | box = 0.4082 | obj = 0.7362 | cls = 0.0228 | batches = 485 | time = 1739.6s
[epoch 014 val] total = 2.4070 | box = 0.3312 | obj = 0.7123 | cls = 0.0389 | batches = 43 | time = 116.0s
epoch 015 | step 0001 | total = 2.8352 | box = 0.4157 | obj = 0.7347 | cls = 0.0220 | lr = 0.000214
epoch 015 | step 0020 | total = 2.8337 | box = 0.4145 | obj = 0.7400 | cls = 0.0210 | lr = 0.000214
epoch 015 | step 0040 | total = 2.8268 | box = 0.4143 | obj = 0.7334 | cls = 0.0216 | lr = 0.000214
epoch 015 | step 0060 | total = 2.7844 | box = 0.4054 | obj = 0.7343 | cls = 0.0231 | lr = 0.000214
epoch 015 | step 0080 | total = 2.8354 | box = 0.4173 | obj = 0.7267 | cls = 0.0224 | lr = 0.000214
epoch 015 | step 0100 | total = 2.6424 | box = 0.3767 | obj = 0.7356 | cls = 0.0231 | lr = 0.000214
epoch 015 | step 0120 | total = 2.7704 | box = 0.4018 | obj = 0.7383 | cls = 0.0229 | lr = 0.000214
epoch 015 | step 0140 | total = 2.7850 | box = 0.4064 | obj = 0.7302 | cls = 0.0226 | lr = 0.000214
epoch 015 | step 0160 | total = 2.5644 | box = 0.3659 | obj = 0.7114 | cls = 0.0232 | lr = 0.000214
epoch 015 | step 0180 | total = 2.8254 | box = 0.4172 | obj = 0.7182 | cls = 0.0214 | lr = 0.000214
epoch 015 | step 0200 | total = 2.8818 | box = 0.4239 | obj = 0.7401 | cls = 0.0224 | lr = 0.000214
epoch 015 | step 0220 | total = 2.6057 | box = 0.3711 | obj = 0.7276 | cls = 0.0227 | lr = 0.000214
epoch 015 | step 0240 | total = 2.7557 | box = 0.4006 | obj = 0.7305 | cls = 0.0223 | lr = 0.000214
epoch 015 | step 0260 | total = 2.7007 | box = 0.3903 | obj = 0.7260 | cls = 0.0231 | lr = 0.000214
epoch 015 | step 0280 | total = 2.7004 | box = 0.3901 | obj = 0.7262 | cls = 0.0235 | lr = 0.000214
epoch 015 | step 0300 | total = 2.7341 | box = 0.3967 | obj = 0.7283 | cls = 0.0221 | lr = 0.000214
epoch 015 | step 0320 | total = 2.8264 | box = 0.4176 | obj = 0.7163 | cls = 0.0222 | lr = 0.000214
epoch 015 | step 0340 | total = 2.7234 | box = 0.3941 | obj = 0.7301 | cls = 0.0229 | lr = 0.000214
epoch 015 | step 0360 | total = 2.7634 | box = 0.4028 | obj = 0.7260 | cls = 0.0235 | lr = 0.000214
epoch 015 | step 0380 | total = 2.7703 | box = 0.4046 | obj = 0.7246 | cls = 0.0225 | lr = 0.000214
epoch 015 | step 0400 | total = 2.7891 | box = 0.4086 | obj = 0.7234 | cls = 0.0229 | lr = 0.000214
epoch 015 | step 0420 | total = 2.7831 | box = 0.4077 | obj = 0.7220 | cls = 0.0226 | lr = 0.000214
epoch 015 | step 0440 | total = 2.6677 | box = 0.3865 | obj = 0.7120 | cls = 0.0230 | lr = 0.000214
epoch 015 | step 0460 | total = 2.8164 | box = 0.4124 | obj = 0.7324 | cls = 0.0222 | lr = 0.000214
epoch 015 | step 0480 | total = 2.7731 | box = 0.4052 | obj = 0.7243 | cls = 0.0230 | lr = 0.000214
[epoch 015 train] total = 2.7533 | box = 0.4001 | obj = 0.7303 | cls = 0.0227 | batches = 485 | time = 1746.7s
[epoch 015 val] total = 2.3630 | box = 0.3249 | obj = 0.6997 | cls = 0.0390 | batches = 43 | time = 120.5s
epoch 016 | step 0001 | total = 2.8228 | box = 0.4157 | obj = 0.7230 | cls = 0.0214 | lr = 0.000155
epoch 016 | step 0020 | total = 2.8181 | box = 0.4155 | obj = 0.7186 | cls = 0.0220 | lr = 0.000155
epoch 016 | step 0040 | total = 2.7669 | box = 0.4065 | obj = 0.7120 | cls = 0.0223 | lr = 0.000155
epoch 016 | step 0060 | total = 2.5715 | box = 0.3651 | obj = 0.7231 | cls = 0.0229 | lr = 0.000155
epoch 016 | step 0080 | total = 2.6334 | box = 0.3744 | obj = 0.7382 | cls = 0.0233 | lr = 0.000155
epoch 016 | step 0100 | total = 2.6554 | box = 0.3803 | obj = 0.7302 | cls = 0.0237 | lr = 0.000155
epoch 016 | step 0120 | total = 2.5809 | box = 0.3701 | obj = 0.7077 | cls = 0.0225 | lr = 0.000155
epoch 016 | step 0140 | total = 2.7110 | box = 0.3929 | obj = 0.7244 | cls = 0.0221 | lr = 0.000155
epoch 016 | step 0160 | total = 2.6773 | box = 0.3862 | obj = 0.7226 | cls = 0.0236 | lr = 0.000155
epoch 016 | step 0180 | total = 2.7040 | box = 0.3903 | obj = 0.7294 | cls = 0.0230 | lr = 0.000155
epoch 016 | step 0200 | total = 2.6414 | box = 0.3811 | obj = 0.7129 | cls = 0.0231 | lr = 0.000155
epoch 016 | step 0220 | total = 2.7515 | box = 0.3998 | obj = 0.7299 | cls = 0.0225 | lr = 0.000155
epoch 016 | step 0240 | total = 2.5809 | box = 0.3678 | obj = 0.7174 | cls = 0.0245 | lr = 0.000155
epoch 016 | step 0260 | total = 2.6719 | box = 0.3847 | obj = 0.7262 | cls = 0.0224 | lr = 0.000155
epoch 016 | step 0280 | total = 2.6215 | box = 0.3753 | obj = 0.7236 | cls = 0.0213 | lr = 0.000155
epoch 016 | step 0300 | total = 2.7330 | box = 0.3967 | obj = 0.7269 | cls = 0.0224 | lr = 0.000155
epoch 016 | step 0320 | total = 2.7797 | box = 0.4042 | obj = 0.7372 | cls = 0.0215 | lr = 0.000155
epoch 016 | step 0340 | total = 2.6404 | box = 0.3826 | obj = 0.7046 | cls = 0.0227 | lr = 0.000155
epoch 016 | step 0360 | total = 2.7320 | box = 0.3982 | obj = 0.7183 | cls = 0.0226 | lr = 0.000155
epoch 016 | step 0380 | total = 2.6266 | box = 0.3784 | obj = 0.7124 | cls = 0.0222 | lr = 0.000155
epoch 016 | step 0400 | total = 2.7513 | box = 0.3983 | obj = 0.7381 | cls = 0.0215 | lr = 0.000155
epoch 016 | step 0420 | total = 2.5551 | box = 0.3626 | obj = 0.7197 | cls = 0.0223 | lr = 0.000155
epoch 016 | step 0440 | total = 2.7772 | box = 0.4055 | obj = 0.7277 | cls = 0.0218 | lr = 0.000155
epoch 016 | step 0460 | total = 2.6847 | box = 0.3879 | obj = 0.7225 | cls = 0.0227 | lr = 0.000155
epoch 016 | step 0480 | total = 2.6703 | box = 0.3850 | obj = 0.7233 | cls = 0.0218 | lr = 0.000155
[epoch 016 train] total = 2.7058 | box = 0.3918 | obj = 0.7244 | cls = 0.0225 | batches = 485 | time = 1742.8s
[epoch 016 val] total = 2.3262 | box = 0.3194 | obj = 0.6912 | cls = 0.0381 | batches = 43 | time = 120.6s
epoch 017 | step 0001 | total = 2.7879 | box = 0.4076 | obj = 0.7275 | cls = 0.0226 | lr = 0.000105
epoch 017 | step 0020 | total = 2.5807 | box = 0.3643 | obj = 0.7350 | cls = 0.0243 | lr = 0.000105
epoch 017 | step 0040 | total = 2.7539 | box = 0.4043 | obj = 0.7115 | cls = 0.0211 | lr = 0.000105
epoch 017 | step 0060 | total = 2.5968 | box = 0.3721 | obj = 0.7133 | cls = 0.0227 | lr = 0.000105
epoch 017 | step 0080 | total = 2.7401 | box = 0.3974 | obj = 0.7299 | cls = 0.0233 | lr = 0.000105
epoch 017 | step 0100 | total = 2.6069 | box = 0.3710 | obj = 0.7293 | cls = 0.0225 | lr = 0.000105
epoch 017 | step 0120 | total = 2.6019 | box = 0.3707 | obj = 0.7255 | cls = 0.0231 | lr = 0.000105
epoch 017 | step 0140 | total = 2.5668 | box = 0.3646 | obj = 0.7195 | cls = 0.0243 | lr = 0.000105
epoch 017 | step 0160 | total = 2.4566 | box = 0.3437 | obj = 0.7147 | cls = 0.0234 | lr = 0.000105
epoch 017 | step 0180 | total = 2.7284 | box = 0.3990 | obj = 0.7113 | cls = 0.0221 | lr = 0.000105
epoch 017 | step 0200 | total = 2.8181 | box = 0.4119 | obj = 0.7356 | cls = 0.0231 | lr = 0.000105
epoch 017 | step 0220 | total = 2.6335 | box = 0.3752 | obj = 0.7342 | cls = 0.0233 | lr = 0.000105
epoch 017 | step 0240 | total = 2.7167 | box = 0.3926 | obj = 0.7306 | cls = 0.0231 | lr = 0.000105
epoch 017 | step 0260 | total = 2.6935 | box = 0.3871 | obj = 0.7361 | cls = 0.0221 | lr = 0.000105
epoch 017 | step 0280 | total = 2.7346 | box = 0.3976 | obj = 0.7248 | cls = 0.0220 | lr = 0.000105
epoch 017 | step 0300 | total = 2.5928 | box = 0.3709 | obj = 0.7148 | cls = 0.0235 | lr = 0.000105
epoch 017 | step 0320 | total = 2.6461 | box = 0.3820 | obj = 0.7152 | cls = 0.0210 | lr = 0.000105
epoch 017 | step 0340 | total = 2.6877 | box = 0.3880 | obj = 0.7256 | cls = 0.0218 | lr = 0.000105
epoch 017 | step 0360 | total = 2.5620 | box = 0.3649 | obj = 0.7147 | cls = 0.0230 | lr = 0.000105
epoch 017 | step 0380 | total = 2.6849 | box = 0.3861 | obj = 0.7313 | cls = 0.0231 | lr = 0.000105
epoch 017 | step 0400 | total = 2.7050 | box = 0.3913 | obj = 0.7262 | cls = 0.0224 | lr = 0.000105
epoch 017 | step 0420 | total = 2.6790 | box = 0.3898 | obj = 0.7075 | cls = 0.0226 | lr = 0.000105
epoch 017 | step 0440 | total = 2.6061 | box = 0.3741 | obj = 0.7122 | cls = 0.0234 | lr = 0.000105
epoch 017 | step 0460 | total = 2.7343 | box = 0.3987 | obj = 0.7192 | cls = 0.0215 | lr = 0.000105
epoch 017 | step 0480 | total = 2.6091 | box = 0.3726 | obj = 0.7235 | cls = 0.0227 | lr = 0.000105
[epoch 017 train] total = 2.6647 | box = 0.3846 | obj = 0.7193 | cls = 0.0224 | batches = 485 | time = 1751.6s
[epoch 017 val] total = 2.3139 | box = 0.3172 | obj = 0.6898 | cls = 0.0380 | batches = 43 | time = 123.7s
epoch 018 | step 0001 | total = 2.6176 | box = 0.3724 | obj = 0.7329 | cls = 0.0227 | lr = 0.000064
epoch 018 | step 0020 | total = 2.6561 | box = 0.3851 | obj = 0.7082 | cls = 0.0223 | lr = 0.000064
epoch 018 | step 0040 | total = 2.6641 | box = 0.3846 | obj = 0.7200 | cls = 0.0211 | lr = 0.000064
epoch 018 | step 0060 | total = 2.6334 | box = 0.3768 | obj = 0.7257 | cls = 0.0235 | lr = 0.000064
epoch 018 | step 0080 | total = 2.5259 | box = 0.3569 | obj = 0.7181 | cls = 0.0231 | lr = 0.000064
epoch 018 | step 0100 | total = 2.6748 | box = 0.3869 | obj = 0.7186 | cls = 0.0217 | lr = 0.000064
epoch 018 | step 0120 | total = 2.5799 | box = 0.3670 | obj = 0.7223 | cls = 0.0226 | lr = 0.000064
epoch 018 | step 0140 | total = 2.4762 | box = 0.3495 | obj = 0.7062 | cls = 0.0226 | lr = 0.000064
epoch 018 | step 0160 | total = 2.6181 | box = 0.3758 | obj = 0.7167 | cls = 0.0224 | lr = 0.000064
epoch 018 | step 0180 | total = 2.6946 | box = 0.3928 | obj = 0.7078 | cls = 0.0230 | lr = 0.000064
epoch 018 | step 0200 | total = 2.7052 | box = 0.3918 | obj = 0.7236 | cls = 0.0228 | lr = 0.000064
epoch 018 | step 0220 | total = 2.6112 | box = 0.3779 | obj = 0.6998 | cls = 0.0217 | lr = 0.000064
epoch 018 | step 0240 | total = 2.6380 | box = 0.3806 | obj = 0.7129 | cls = 0.0223 | lr = 0.000064
epoch 018 | step 0260 | total = 2.5856 | box = 0.3697 | obj = 0.7152 | cls = 0.0220 | lr = 0.000064
epoch 018 | step 0280 | total = 2.6788 | box = 0.3866 | obj = 0.7233 | cls = 0.0222 | lr = 0.000064
epoch 018 | step 0300 | total = 2.6529 | box = 0.3841 | obj = 0.7114 | cls = 0.0212 | lr = 0.000064
epoch 018 | step 0320 | total = 2.6868 | box = 0.3912 | obj = 0.7082 | cls = 0.0225 | lr = 0.000064
epoch 018 | step 0340 | total = 2.5640 | box = 0.3641 | obj = 0.7203 | cls = 0.0233 | lr = 0.000064
epoch 018 | step 0360 | total = 2.4622 | box = 0.3466 | obj = 0.7071 | cls = 0.0222 | lr = 0.000064
epoch 018 | step 0380 | total = 2.6465 | box = 0.3819 | obj = 0.7154 | cls = 0.0218 | lr = 0.000064
epoch 018 | step 0400 | total = 2.6992 | box = 0.3917 | obj = 0.7191 | cls = 0.0216 | lr = 0.000064
epoch 018 | step 0420 | total = 2.6299 | box = 0.3788 | obj = 0.7145 | cls = 0.0216 | lr = 0.000064
epoch 018 | step 0440 | total = 2.6688 | box = 0.3840 | obj = 0.7260 | cls = 0.0229 | lr = 0.000064
epoch 018 | step 0460 | total = 2.6537 | box = 0.3838 | obj = 0.7136 | cls = 0.0210 | lr = 0.000064
epoch 018 | step 0480 | total = 2.6225 | box = 0.3791 | obj = 0.7046 | cls = 0.0222 | lr = 0.000064
[epoch 018 train] total = 2.6269 | box = 0.3780 | obj = 0.7148 | cls = 0.0223 | batches = 485 | time = 1736.2s
[epoch 018 val] total = 2.3098 | box = 0.3163 | obj = 0.6899 | cls = 0.0385 | batches = 43 | time = 127.4s
epoch 019 | step 0001 | total = 2.5689 | box = 0.3670 | obj = 0.7128 | cls = 0.0214 | lr = 0.000034
epoch 019 | step 0020 | total = 2.5801 | box = 0.3691 | obj = 0.7114 | cls = 0.0232 | lr = 0.000034
epoch 019 | step 0040 | total = 2.6214 | box = 0.3817 | obj = 0.6922 | cls = 0.0207 | lr = 0.000034
epoch 019 | step 0060 | total = 2.5873 | box = 0.3679 | obj = 0.7244 | cls = 0.0235 | lr = 0.000034
epoch 019 | step 0080 | total = 2.6390 | box = 0.3811 | obj = 0.7111 | cls = 0.0224 | lr = 0.000034
epoch 019 | step 0100 | total = 2.7030 | box = 0.3923 | obj = 0.7197 | cls = 0.0220 | lr = 0.000034
epoch 019 | step 0120 | total = 2.6002 | box = 0.3717 | obj = 0.7197 | cls = 0.0222 | lr = 0.000034
epoch 019 | step 0140 | total = 2.6303 | box = 0.3841 | obj = 0.6877 | cls = 0.0222 | lr = 0.000034
epoch 019 | step 0160 | total = 2.5702 | box = 0.3662 | obj = 0.7169 | cls = 0.0222 | lr = 0.000034
epoch 019 | step 0180 | total = 2.6571 | box = 0.3834 | obj = 0.7181 | cls = 0.0221 | lr = 0.000034
epoch 019 | step 0200 | total = 2.6087 | box = 0.3744 | obj = 0.7129 | cls = 0.0237 | lr = 0.000034
epoch 019 | step 0220 | total = 2.6148 | box = 0.3777 | obj = 0.7044 | cls = 0.0217 | lr = 0.000034
epoch 019 | step 0240 | total = 2.7750 | box = 0.4067 | obj = 0.7216 | cls = 0.0200 | lr = 0.000034
epoch 019 | step 0260 | total = 2.5685 | box = 0.3666 | obj = 0.7126 | cls = 0.0228 | lr = 0.000034
epoch 019 | step 0280 | total = 2.4316 | box = 0.3397 | obj = 0.7097 | cls = 0.0235 | lr = 0.000034
epoch 019 | step 0300 | total = 2.4996 | box = 0.3534 | obj = 0.7110 | cls = 0.0216 | lr = 0.000034
epoch 019 | step 0320 | total = 2.5649 | box = 0.3667 | obj = 0.7094 | cls = 0.0220 | lr = 0.000034
epoch 019 | step 0340 | total = 2.6039 | box = 0.3748 | obj = 0.7078 | cls = 0.0223 | lr = 0.000034
epoch 019 | step 0360 | total = 2.6032 | box = 0.3733 | obj = 0.7151 | cls = 0.0217 | lr = 0.000034
epoch 019 | step 0380 | total = 2.5931 | box = 0.3724 | obj = 0.7080 | cls = 0.0228 | lr = 0.000034
epoch 019 | step 0400 | total = 2.6085 | box = 0.3734 | obj = 0.7193 | cls = 0.0222 | lr = 0.000034
epoch 019 | step 0420 | total = 2.4919 | box = 0.3509 | obj = 0.7147 | cls = 0.0229 | lr = 0.000034
epoch 019 | step 0440 | total = 2.5996 | box = 0.3718 | obj = 0.7183 | cls = 0.0225 | lr = 0.000034
epoch 019 | step 0460 | total = 2.7060 | box = 0.3945 | obj = 0.7115 | cls = 0.0221 | lr = 0.000034
epoch 019 | step 0480 | total = 2.5517 | box = 0.3624 | obj = 0.7176 | cls = 0.0223 | lr = 0.000034
[epoch 019 train] total = 2.5996 | box = 0.3731 | obj = 0.7118 | cls = 0.0223 | batches = 485 | time = 1747.5s
[epoch 019 val] total = 2.3092 | box = 0.3161 | obj = 0.6907 | cls = 0.0380 | batches = 43 | time = 121.2s
epoch 020 | step 0001 | total = 2.6536 | box = 0.3821 | obj = 0.7214 | cls = 0.0217 | lr = 0.000016
epoch 020 | step 0020 | total = 2.5494 | box = 0.3657 | obj = 0.6990 | cls = 0.0219 | lr = 0.000016
epoch 020 | step 0040 | total = 2.5142 | box = 0.3577 | obj = 0.7031 | cls = 0.0228 | lr = 0.000016
epoch 020 | step 0060 | total = 2.4747 | box = 0.3484 | obj = 0.7088 | cls = 0.0238 | lr = 0.000016
epoch 020 | step 0080 | total = 2.5173 | box = 0.3593 | obj = 0.6974 | cls = 0.0233 | lr = 0.000016
epoch 020 | step 0100 | total = 2.6128 | box = 0.3758 | obj = 0.7121 | cls = 0.0216 | lr = 0.000016
epoch 020 | step 0120 | total = 2.6103 | box = 0.3771 | obj = 0.7034 | cls = 0.0215 | lr = 0.000016
epoch 020 | step 0140 | total = 2.6101 | box = 0.3786 | obj = 0.6960 | cls = 0.0212 | lr = 0.000016
epoch 020 | step 0160 | total = 2.5610 | box = 0.3660 | obj = 0.7096 | cls = 0.0216 | lr = 0.000016
epoch 020 | step 0180 | total = 2.5834 | box = 0.3714 | obj = 0.7044 | cls = 0.0222 | lr = 0.000016
epoch 020 | step 0200 | total = 2.5158 | box = 0.3559 | obj = 0.7133 | cls = 0.0227 | lr = 0.000016
epoch 020 | step 0220 | total = 2.5931 | box = 0.3716 | obj = 0.7128 | cls = 0.0223 | lr = 0.000016
epoch 020 | step 0240 | total = 2.5447 | box = 0.3626 | obj = 0.7096 | cls = 0.0221 | lr = 0.000016
epoch 020 | step 0260 | total = 2.6411 | box = 0.3833 | obj = 0.7028 | cls = 0.0218 | lr = 0.000016
epoch 020 | step 0280 | total = 2.5341 | box = 0.3609 | obj = 0.7062 | cls = 0.0233 | lr = 0.000016
epoch 020 | step 0300 | total = 2.6415 | box = 0.3781 | obj = 0.7293 | cls = 0.0217 | lr = 0.000016
epoch 020 | step 0320 | total = 2.6693 | box = 0.3854 | obj = 0.7204 | cls = 0.0220 | lr = 0.000016
epoch 020 | step 0340 | total = 2.4896 | box = 0.3514 | obj = 0.7101 | cls = 0.0223 | lr = 0.000016
epoch 020 | step 0360 | total = 2.5356 | box = 0.3599 | obj = 0.7133 | cls = 0.0229 | lr = 0.000016
epoch 020 | step 0380 | total = 2.6424 | box = 0.3814 | obj = 0.7145 | cls = 0.0211 | lr = 0.000016
epoch 020 | step 0400 | total = 2.5979 | box = 0.3724 | obj = 0.7138 | cls = 0.0219 | lr = 0.000016
epoch 020 | step 0420 | total = 2.4717 | box = 0.3512 | obj = 0.6934 | cls = 0.0222 | lr = 0.000016
epoch 020 | step 0440 | total = 2.5693 | box = 0.3690 | obj = 0.7019 | cls = 0.0225 | lr = 0.000016
epoch 020 | step 0460 | total = 2.6990 | box = 0.3921 | obj = 0.7164 | cls = 0.0221 | lr = 0.000016
epoch 020 | step 0480 | total = 2.6235 | box = 0.3785 | obj = 0.7087 | cls = 0.0225 | lr = 0.000016
[epoch 020 train] total = 2.5821 | box = 0.3700 | obj = 0.7100 | cls = 0.0223 | batches = 485 | time = 1736.9s
[epoch 020 val] total = 2.2907 | box = 0.3135 | obj = 0.6848 | cls = 0.0385 | batches = 43 | time = 125.1s
training status: completed
result summary: logs/records/deep_residual_three_box_dynamicassign_20260420_030501/result.txt
