starting yolov0 training
run id: deep_residual_three_box_v5box_softobj_shapematch_tight_20260419_201922
device: cuda
train dataset length: 124004
val dataset length: 10823
model output shape: (1, 10, 10, 255)
parameter total: 26560607
parameter trainable: 26560607
gpu count: 8
tensorboard dir: runs/deep_residual_three_box_v5box_softobj_shapematch_tight_20260419_201922
output dir: outputs/deep_residual_three_box_v5box_softobj_shapematch_tight_20260419_201922
epoch 001 | step 0001 | total = 6.3869 | box = 0.9190 | obj = 1.0675 | cls = 0.7242 | lr = 0.001000
epoch 001 | step 0020 | total = 4.8808 | box = 0.7333 | obj = 0.8504 | cls = 0.3640 | lr = 0.001000
epoch 001 | step 0040 | total = 4.3723 | box = 0.6949 | obj = 0.7869 | cls = 0.1107 | lr = 0.001000
epoch 001 | step 0060 | total = 4.3959 | box = 0.7133 | obj = 0.7574 | cls = 0.0719 | lr = 0.001000
epoch 001 | step 0080 | total = 4.3340 | box = 0.7028 | obj = 0.7574 | cls = 0.0627 | lr = 0.001000
epoch 001 | step 0100 | total = 4.2735 | box = 0.6909 | obj = 0.7603 | cls = 0.0589 | lr = 0.001000
epoch 001 | step 0120 | total = 4.2818 | box = 0.6938 | obj = 0.7548 | cls = 0.0580 | lr = 0.001000
epoch 001 | step 0140 | total = 4.1831 | box = 0.6761 | obj = 0.7459 | cls = 0.0569 | lr = 0.001000
epoch 001 | step 0160 | total = 4.2026 | box = 0.6806 | obj = 0.7426 | cls = 0.0567 | lr = 0.001000
epoch 001 | step 0180 | total = 4.0926 | box = 0.6580 | obj = 0.7471 | cls = 0.0555 | lr = 0.001000
epoch 001 | step 0200 | total = 4.1002 | box = 0.6575 | obj = 0.7562 | cls = 0.0564 | lr = 0.001000
epoch 001 | step 0220 | total = 4.0455 | box = 0.6450 | obj = 0.7664 | cls = 0.0541 | lr = 0.001000
epoch 001 | step 0240 | total = 4.0826 | box = 0.6563 | obj = 0.7471 | cls = 0.0538 | lr = 0.001000
epoch 001 | step 0260 | total = 3.9842 | box = 0.6346 | obj = 0.7571 | cls = 0.0541 | lr = 0.001000
epoch 001 | step 0280 | total = 4.0344 | box = 0.6465 | obj = 0.7465 | cls = 0.0554 | lr = 0.001000
epoch 001 | step 0300 | total = 4.0329 | box = 0.6475 | obj = 0.7403 | cls = 0.0551 | lr = 0.001000
epoch 001 | step 0320 | total = 4.0107 | box = 0.6435 | obj = 0.7394 | cls = 0.0538 | lr = 0.001000
epoch 001 | step 0340 | total = 4.0194 | box = 0.6434 | obj = 0.7496 | cls = 0.0530 | lr = 0.001000
epoch 001 | step 0360 | total = 4.0157 | box = 0.6458 | obj = 0.7308 | cls = 0.0561 | lr = 0.001000
epoch 001 | step 0380 | total = 3.8660 | box = 0.6123 | obj = 0.7509 | cls = 0.0537 | lr = 0.001000
epoch 001 | step 0400 | total = 3.8685 | box = 0.6101 | obj = 0.7636 | cls = 0.0545 | lr = 0.001000
epoch 001 | step 0420 | total = 3.9855 | box = 0.6413 | obj = 0.7255 | cls = 0.0533 | lr = 0.001000
epoch 001 | step 0440 | total = 3.9767 | box = 0.6377 | obj = 0.7350 | cls = 0.0530 | lr = 0.001000
epoch 001 | step 0460 | total = 3.9137 | box = 0.6227 | obj = 0.7475 | cls = 0.0528 | lr = 0.001000
epoch 001 | step 0480 | total = 3.9254 | box = 0.6286 | obj = 0.7281 | cls = 0.0543 | lr = 0.001000
[epoch 001 train] total = 4.1577 | box = 0.6629 | obj = 0.7592 | cls = 0.0841 | batches = 485 | time = 220.1s
[epoch 001 val] total = 3.5059 | box = 0.5336 | obj = 0.7761 | cls = 0.0620 | batches = 43 | time = 21.5s
epoch 002 | step 0001 | total = 3.7562 | box = 0.5881 | obj = 0.7615 | cls = 0.0542 | lr = 0.000994
epoch 002 | step 0020 | total = 3.8562 | box = 0.6119 | obj = 0.7436 | cls = 0.0532 | lr = 0.000994
epoch 002 | step 0040 | total = 3.8028 | box = 0.6034 | obj = 0.7336 | cls = 0.0523 | lr = 0.000994
epoch 002 | step 0060 | total = 3.9392 | box = 0.6341 | obj = 0.7172 | cls = 0.0514 | lr = 0.000994
epoch 002 | step 0080 | total = 3.8951 | box = 0.6229 | obj = 0.7289 | cls = 0.0516 | lr = 0.000994
epoch 002 | step 0100 | total = 3.7806 | box = 0.5976 | obj = 0.7384 | cls = 0.0541 | lr = 0.000994
epoch 002 | step 0120 | total = 3.7168 | box = 0.5852 | obj = 0.7376 | cls = 0.0529 | lr = 0.000994
epoch 002 | step 0140 | total = 3.7409 | box = 0.5884 | obj = 0.7458 | cls = 0.0533 | lr = 0.000994
epoch 002 | step 0160 | total = 3.8234 | box = 0.6070 | obj = 0.7357 | cls = 0.0526 | lr = 0.000994
epoch 002 | step 0180 | total = 3.8089 | box = 0.6064 | obj = 0.7243 | cls = 0.0526 | lr = 0.000994
epoch 002 | step 0200 | total = 3.7858 | box = 0.5992 | obj = 0.7385 | cls = 0.0515 | lr = 0.000994
epoch 002 | step 0220 | total = 3.6412 | box = 0.5683 | obj = 0.7474 | cls = 0.0522 | lr = 0.000994
epoch 002 | step 0240 | total = 3.7430 | box = 0.5928 | obj = 0.7285 | cls = 0.0504 | lr = 0.000994
epoch 002 | step 0260 | total = 3.7731 | box = 0.6014 | obj = 0.7162 | cls = 0.0501 | lr = 0.000994
epoch 002 | step 0280 | total = 3.7632 | box = 0.5996 | obj = 0.7130 | cls = 0.0525 | lr = 0.000994
epoch 002 | step 0300 | total = 3.6181 | box = 0.5651 | obj = 0.7389 | cls = 0.0536 | lr = 0.000994
epoch 002 | step 0320 | total = 3.6643 | box = 0.5759 | obj = 0.7317 | cls = 0.0529 | lr = 0.000994
epoch 002 | step 0340 | total = 3.7434 | box = 0.5942 | obj = 0.7223 | cls = 0.0500 | lr = 0.000994
epoch 002 | step 0360 | total = 3.6362 | box = 0.5714 | obj = 0.7269 | cls = 0.0522 | lr = 0.000994
epoch 002 | step 0380 | total = 3.5902 | box = 0.5590 | obj = 0.7439 | cls = 0.0515 | lr = 0.000994
epoch 002 | step 0400 | total = 3.5997 | box = 0.5647 | obj = 0.7236 | cls = 0.0528 | lr = 0.000994
epoch 002 | step 0420 | total = 3.6742 | box = 0.5778 | obj = 0.7328 | cls = 0.0523 | lr = 0.000994
epoch 002 | step 0440 | total = 3.6628 | box = 0.5784 | obj = 0.7184 | cls = 0.0521 | lr = 0.000994
epoch 002 | step 0460 | total = 3.6830 | box = 0.5822 | obj = 0.7208 | cls = 0.0511 | lr = 0.000994
epoch 002 | step 0480 | total = 3.6561 | box = 0.5779 | obj = 0.7164 | cls = 0.0503 | lr = 0.000994
[epoch 002 train] total = 3.7497 | box = 0.5942 | obj = 0.7264 | cls = 0.0521 | batches = 485 | time = 193.6s
[epoch 002 val] total = 3.2417 | box = 0.4872 | obj = 0.7443 | cls = 0.0614 | batches = 43 | time = 15.1s
epoch 003 | step 0001 | total = 3.7072 | box = 0.5898 | obj = 0.7050 | cls = 0.0531 | lr = 0.000976
epoch 003 | step 0020 | total = 3.6621 | box = 0.5788 | obj = 0.7175 | cls = 0.0507 | lr = 0.000976
epoch 003 | step 0040 | total = 3.6234 | box = 0.5714 | obj = 0.7158 | cls = 0.0505 | lr = 0.000976
epoch 003 | step 0060 | total = 3.5087 | box = 0.5454 | obj = 0.7312 | cls = 0.0503 | lr = 0.000976
epoch 003 | step 0080 | total = 3.6552 | box = 0.5801 | obj = 0.7056 | cls = 0.0492 | lr = 0.000976
epoch 003 | step 0100 | total = 3.6846 | box = 0.5877 | obj = 0.6953 | cls = 0.0507 | lr = 0.000976
epoch 003 | step 0120 | total = 3.6653 | box = 0.5787 | obj = 0.7215 | cls = 0.0505 | lr = 0.000976
epoch 003 | step 0140 | total = 3.6786 | box = 0.5821 | obj = 0.7182 | cls = 0.0500 | lr = 0.000976
epoch 003 | step 0160 | total = 3.6738 | box = 0.5816 | obj = 0.7168 | cls = 0.0492 | lr = 0.000976
epoch 003 | step 0180 | total = 3.5599 | box = 0.5591 | obj = 0.7133 | cls = 0.0513 | lr = 0.000976
epoch 003 | step 0200 | total = 3.6253 | box = 0.5720 | obj = 0.7148 | cls = 0.0505 | lr = 0.000976
epoch 003 | step 0220 | total = 3.6032 | box = 0.5699 | obj = 0.7040 | cls = 0.0496 | lr = 0.000976
epoch 003 | step 0240 | total = 3.5178 | box = 0.5478 | obj = 0.7281 | cls = 0.0505 | lr = 0.000976
epoch 003 | step 0260 | total = 3.4779 | box = 0.5422 | obj = 0.7169 | cls = 0.0503 | lr = 0.000976
epoch 003 | step 0280 | total = 3.6150 | box = 0.5690 | obj = 0.7198 | cls = 0.0502 | lr = 0.000976
epoch 003 | step 0300 | total = 3.5771 | box = 0.5636 | obj = 0.7071 | cls = 0.0518 | lr = 0.000976
epoch 003 | step 0320 | total = 3.5873 | box = 0.5663 | obj = 0.7051 | cls = 0.0508 | lr = 0.000976
epoch 003 | step 0340 | total = 3.3822 | box = 0.5212 | obj = 0.7251 | cls = 0.0509 | lr = 0.000976
epoch 003 | step 0360 | total = 3.6200 | box = 0.5738 | obj = 0.7007 | cls = 0.0501 | lr = 0.000976
epoch 003 | step 0380 | total = 3.4114 | box = 0.5281 | obj = 0.7212 | cls = 0.0499 | lr = 0.000976
epoch 003 | step 0400 | total = 3.6059 | box = 0.5704 | obj = 0.7038 | cls = 0.0503 | lr = 0.000976
epoch 003 | step 0420 | total = 3.5463 | box = 0.5614 | obj = 0.6889 | cls = 0.0504 | lr = 0.000976
epoch 003 | step 0440 | total = 3.4929 | box = 0.5459 | obj = 0.7124 | cls = 0.0509 | lr = 0.000976
epoch 003 | step 0460 | total = 3.4578 | box = 0.5405 | obj = 0.7042 | cls = 0.0509 | lr = 0.000976
epoch 003 | step 0480 | total = 3.4559 | box = 0.5378 | obj = 0.7157 | cls = 0.0509 | lr = 0.000976
[epoch 003 train] total = 3.5625 | box = 0.5599 | obj = 0.7126 | cls = 0.0505 | batches = 485 | time = 193.6s
[epoch 003 val] total = 3.0925 | box = 0.4606 | obj = 0.7291 | cls = 0.0606 | batches = 43 | time = 15.7s
epoch 004 | step 0001 | total = 3.4157 | box = 0.5323 | obj = 0.7047 | cls = 0.0496 | lr = 0.000946
epoch 004 | step 0020 | total = 3.5164 | box = 0.5536 | obj = 0.6976 | cls = 0.0507 | lr = 0.000946
epoch 004 | step 0040 | total = 3.4092 | box = 0.5271 | obj = 0.7234 | cls = 0.0502 | lr = 0.000946
epoch 004 | step 0060 | total = 3.3076 | box = 0.5119 | obj = 0.6991 | cls = 0.0488 | lr = 0.000946
epoch 004 | step 0080 | total = 3.3720 | box = 0.5227 | obj = 0.7065 | cls = 0.0517 | lr = 0.000946
epoch 004 | step 0100 | total = 3.4505 | box = 0.5387 | obj = 0.7074 | cls = 0.0496 | lr = 0.000946
epoch 004 | step 0120 | total = 3.4748 | box = 0.5465 | obj = 0.6923 | cls = 0.0500 | lr = 0.000946
epoch 004 | step 0140 | total = 3.5779 | box = 0.5645 | obj = 0.7041 | cls = 0.0512 | lr = 0.000946
epoch 004 | step 0160 | total = 3.3894 | box = 0.5258 | obj = 0.7114 | cls = 0.0490 | lr = 0.000946
epoch 004 | step 0180 | total = 3.4504 | box = 0.5402 | obj = 0.6987 | cls = 0.0506 | lr = 0.000946
epoch 004 | step 0200 | total = 3.4482 | box = 0.5414 | obj = 0.6938 | cls = 0.0473 | lr = 0.000946
epoch 004 | step 0220 | total = 3.6523 | box = 0.5808 | obj = 0.6976 | cls = 0.0508 | lr = 0.000946
epoch 004 | step 0240 | total = 3.5727 | box = 0.5644 | obj = 0.7030 | cls = 0.0476 | lr = 0.000946
epoch 004 | step 0260 | total = 3.4737 | box = 0.5453 | obj = 0.6986 | cls = 0.0487 | lr = 0.000946
epoch 004 | step 0280 | total = 3.4386 | box = 0.5353 | obj = 0.7126 | cls = 0.0493 | lr = 0.000946
epoch 004 | step 0300 | total = 3.4024 | box = 0.5282 | obj = 0.7125 | cls = 0.0487 | lr = 0.000946
epoch 004 | step 0320 | total = 3.4151 | box = 0.5299 | obj = 0.7155 | cls = 0.0501 | lr = 0.000946
epoch 004 | step 0340 | total = 3.4090 | box = 0.5260 | obj = 0.7289 | cls = 0.0504 | lr = 0.000946
epoch 004 | step 0360 | total = 3.4784 | box = 0.5422 | obj = 0.7172 | cls = 0.0501 | lr = 0.000946
epoch 004 | step 0380 | total = 3.5779 | box = 0.5682 | obj = 0.6889 | cls = 0.0481 | lr = 0.000946
epoch 004 | step 0400 | total = 3.4531 | box = 0.5418 | obj = 0.6941 | cls = 0.0499 | lr = 0.000946
epoch 004 | step 0420 | total = 3.4914 | box = 0.5485 | obj = 0.7005 | cls = 0.0483 | lr = 0.000946
epoch 004 | step 0440 | total = 3.4824 | box = 0.5498 | obj = 0.6840 | cls = 0.0493 | lr = 0.000946
epoch 004 | step 0460 | total = 3.4212 | box = 0.5338 | obj = 0.7039 | cls = 0.0485 | lr = 0.000946
epoch 004 | step 0480 | total = 3.3653 | box = 0.5229 | obj = 0.7019 | cls = 0.0490 | lr = 0.000946
[epoch 004 train] total = 3.4434 | box = 0.5382 | obj = 0.7034 | cls = 0.0492 | batches = 485 | time = 231.4s
[epoch 004 val] total = 3.0322 | box = 0.4503 | obj = 0.7209 | cls = 0.0597 | batches = 43 | time = 16.0s
epoch 005 | step 0001 | total = 3.3410 | box = 0.5171 | obj = 0.7057 | cls = 0.0500 | lr = 0.000905
epoch 005 | step 0020 | total = 3.2967 | box = 0.5084 | obj = 0.7081 | cls = 0.0469 | lr = 0.000905
epoch 005 | step 0040 | total = 3.4218 | box = 0.5324 | obj = 0.7112 | cls = 0.0485 | lr = 0.000905
epoch 005 | step 0060 | total = 3.3821 | box = 0.5274 | obj = 0.6971 | cls = 0.0482 | lr = 0.000905
epoch 005 | step 0080 | total = 3.2473 | box = 0.4982 | obj = 0.7087 | cls = 0.0473 | lr = 0.000905
epoch 005 | step 0100 | total = 3.4784 | box = 0.5451 | obj = 0.7027 | cls = 0.0500 | lr = 0.000905
epoch 005 | step 0120 | total = 3.3808 | box = 0.5260 | obj = 0.7030 | cls = 0.0480 | lr = 0.000905
epoch 005 | step 0140 | total = 3.3832 | box = 0.5269 | obj = 0.7003 | cls = 0.0483 | lr = 0.000905
epoch 005 | step 0160 | total = 3.3047 | box = 0.5118 | obj = 0.6979 | cls = 0.0478 | lr = 0.000905
epoch 005 | step 0180 | total = 3.2700 | box = 0.5068 | obj = 0.6882 | cls = 0.0478 | lr = 0.000905
epoch 005 | step 0200 | total = 3.3454 | box = 0.5221 | obj = 0.6883 | cls = 0.0464 | lr = 0.000905
epoch 005 | step 0220 | total = 3.3678 | box = 0.5236 | obj = 0.7027 | cls = 0.0469 | lr = 0.000905
epoch 005 | step 0240 | total = 3.4390 | box = 0.5383 | obj = 0.7004 | cls = 0.0470 | lr = 0.000905
epoch 005 | step 0260 | total = 3.2788 | box = 0.5046 | obj = 0.7077 | cls = 0.0483 | lr = 0.000905
epoch 005 | step 0280 | total = 3.2598 | box = 0.5016 | obj = 0.7037 | cls = 0.0481 | lr = 0.000905
epoch 005 | step 0300 | total = 3.2641 | box = 0.5035 | obj = 0.6999 | cls = 0.0467 | lr = 0.000905
epoch 005 | step 0320 | total = 3.3292 | box = 0.5186 | obj = 0.6869 | cls = 0.0492 | lr = 0.000905
epoch 005 | step 0340 | total = 3.5070 | box = 0.5525 | obj = 0.6960 | cls = 0.0485 | lr = 0.000905
epoch 005 | step 0360 | total = 3.4197 | box = 0.5352 | obj = 0.6966 | cls = 0.0473 | lr = 0.000905
epoch 005 | step 0380 | total = 3.4184 | box = 0.5338 | obj = 0.7000 | cls = 0.0492 | lr = 0.000905
epoch 005 | step 0400 | total = 3.2618 | box = 0.4988 | obj = 0.7166 | cls = 0.0513 | lr = 0.000905
epoch 005 | step 0420 | total = 3.2514 | box = 0.4995 | obj = 0.7094 | cls = 0.0447 | lr = 0.000905
epoch 005 | step 0440 | total = 3.3684 | box = 0.5263 | obj = 0.6882 | cls = 0.0489 | lr = 0.000905
epoch 005 | step 0460 | total = 3.2302 | box = 0.4971 | obj = 0.6959 | cls = 0.0485 | lr = 0.000905
epoch 005 | step 0480 | total = 3.4103 | box = 0.5358 | obj = 0.6856 | cls = 0.0456 | lr = 0.000905
[epoch 005 train] total = 3.3560 | box = 0.5224 | obj = 0.6958 | cls = 0.0481 | batches = 485 | time = 202.6s
[epoch 005 val] total = 2.8920 | box = 0.4259 | obj = 0.7033 | cls = 0.0592 | batches = 43 | time = 15.1s
epoch 006 | step 0001 | total = 3.3351 | box = 0.5198 | obj = 0.6869 | cls = 0.0490 | lr = 0.000855
epoch 006 | step 0020 | total = 3.3517 | box = 0.5257 | obj = 0.6770 | cls = 0.0461 | lr = 0.000855
epoch 006 | step 0040 | total = 3.2208 | box = 0.4949 | obj = 0.6982 | cls = 0.0482 | lr = 0.000855
epoch 006 | step 0060 | total = 3.4132 | box = 0.5361 | obj = 0.6855 | cls = 0.0475 | lr = 0.000855
epoch 006 | step 0080 | total = 3.4126 | box = 0.5364 | obj = 0.6830 | cls = 0.0477 | lr = 0.000855
epoch 006 | step 0100 | total = 3.3142 | box = 0.5203 | obj = 0.6649 | cls = 0.0478 | lr = 0.000855
epoch 006 | step 0120 | total = 3.2654 | box = 0.5072 | obj = 0.6816 | cls = 0.0476 | lr = 0.000855
epoch 006 | step 0140 | total = 3.3712 | box = 0.5290 | obj = 0.6808 | cls = 0.0453 | lr = 0.000855
epoch 006 | step 0160 | total = 3.1147 | box = 0.4728 | obj = 0.7034 | cls = 0.0472 | lr = 0.000855
epoch 006 | step 0180 | total = 3.2758 | box = 0.5086 | obj = 0.6847 | cls = 0.0483 | lr = 0.000855
epoch 006 | step 0200 | total = 3.3916 | box = 0.5299 | obj = 0.6932 | cls = 0.0490 | lr = 0.000855
epoch 006 | step 0220 | total = 3.2959 | box = 0.5117 | obj = 0.6898 | cls = 0.0475 | lr = 0.000855
epoch 006 | step 0240 | total = 3.2598 | box = 0.5066 | obj = 0.6819 | cls = 0.0449 | lr = 0.000855
epoch 006 | step 0260 | total = 3.2710 | box = 0.5082 | obj = 0.6826 | cls = 0.0475 | lr = 0.000855
epoch 006 | step 0280 | total = 3.3318 | box = 0.5209 | obj = 0.6807 | cls = 0.0467 | lr = 0.000855
epoch 006 | step 0300 | total = 3.2182 | box = 0.4916 | obj = 0.7108 | cls = 0.0494 | lr = 0.000855
epoch 006 | step 0320 | total = 3.2913 | box = 0.5077 | obj = 0.7072 | cls = 0.0458 | lr = 0.000855
epoch 006 | step 0340 | total = 3.2407 | box = 0.5011 | obj = 0.6880 | cls = 0.0472 | lr = 0.000855
epoch 006 | step 0360 | total = 3.1970 | box = 0.4915 | obj = 0.6920 | cls = 0.0475 | lr = 0.000855
epoch 006 | step 0380 | total = 3.3395 | box = 0.5237 | obj = 0.6757 | cls = 0.0452 | lr = 0.000855
epoch 006 | step 0400 | total = 3.2163 | box = 0.4962 | obj = 0.6888 | cls = 0.0464 | lr = 0.000855
epoch 006 | step 0420 | total = 3.2675 | box = 0.5095 | obj = 0.6725 | cls = 0.0474 | lr = 0.000855
epoch 006 | step 0440 | total = 3.2693 | box = 0.5074 | obj = 0.6849 | cls = 0.0472 | lr = 0.000855
epoch 006 | step 0460 | total = 3.2032 | box = 0.4942 | obj = 0.6856 | cls = 0.0466 | lr = 0.000855
epoch 006 | step 0480 | total = 3.2513 | box = 0.5032 | obj = 0.6889 | cls = 0.0465 | lr = 0.000855
[epoch 006 train] total = 3.2823 | box = 0.5093 | obj = 0.6886 | cls = 0.0471 | batches = 485 | time = 197.6s
[epoch 006 val] total = 2.8730 | box = 0.4231 | obj = 0.6994 | cls = 0.0583 | batches = 43 | time = 15.1s
epoch 007 | step 0001 | total = 3.2340 | box = 0.4941 | obj = 0.7150 | cls = 0.0485 | lr = 0.000796
epoch 007 | step 0020 | total = 3.2512 | box = 0.5048 | obj = 0.6809 | cls = 0.0460 | lr = 0.000796
epoch 007 | step 0040 | total = 3.1160 | box = 0.4784 | obj = 0.6778 | cls = 0.0462 | lr = 0.000796
epoch 007 | step 0060 | total = 3.1495 | box = 0.4882 | obj = 0.6622 | cls = 0.0463 | lr = 0.000796
epoch 007 | step 0080 | total = 3.2121 | box = 0.4953 | obj = 0.6882 | cls = 0.0471 | lr = 0.000796
epoch 007 | step 0100 | total = 3.2668 | box = 0.5094 | obj = 0.6749 | cls = 0.0452 | lr = 0.000796
epoch 007 | step 0120 | total = 3.2208 | box = 0.4970 | obj = 0.6880 | cls = 0.0480 | lr = 0.000796
epoch 007 | step 0140 | total = 3.2383 | box = 0.4983 | obj = 0.7019 | cls = 0.0450 | lr = 0.000796
epoch 007 | step 0160 | total = 3.2272 | box = 0.4976 | obj = 0.6916 | cls = 0.0477 | lr = 0.000796
epoch 007 | step 0180 | total = 3.0996 | box = 0.4739 | obj = 0.6832 | cls = 0.0470 | lr = 0.000796
epoch 007 | step 0200 | total = 3.2671 | box = 0.5094 | obj = 0.6751 | cls = 0.0452 | lr = 0.000796
epoch 007 | step 0220 | total = 3.3593 | box = 0.5287 | obj = 0.6724 | cls = 0.0435 | lr = 0.000796
epoch 007 | step 0240 | total = 3.2363 | box = 0.5007 | obj = 0.6875 | cls = 0.0451 | lr = 0.000796
epoch 007 | step 0260 | total = 3.3745 | box = 0.5286 | obj = 0.6845 | cls = 0.0470 | lr = 0.000796
epoch 007 | step 0280 | total = 3.2186 | box = 0.4981 | obj = 0.6816 | cls = 0.0463 | lr = 0.000796
epoch 007 | step 0300 | total = 3.2727 | box = 0.5077 | obj = 0.6862 | cls = 0.0478 | lr = 0.000796
epoch 007 | step 0320 | total = 3.3171 | box = 0.5178 | obj = 0.6822 | cls = 0.0457 | lr = 0.000796
epoch 007 | step 0340 | total = 3.2473 | box = 0.5001 | obj = 0.6999 | cls = 0.0466 | lr = 0.000796
epoch 007 | step 0360 | total = 3.2537 | box = 0.5050 | obj = 0.6823 | cls = 0.0467 | lr = 0.000796
epoch 007 | step 0380 | total = 3.2850 | box = 0.5128 | obj = 0.6755 | cls = 0.0456 | lr = 0.000796
epoch 007 | step 0400 | total = 3.1783 | box = 0.4901 | obj = 0.6821 | cls = 0.0458 | lr = 0.000796
epoch 007 | step 0420 | total = 3.0710 | box = 0.4652 | obj = 0.6992 | cls = 0.0457 | lr = 0.000796
epoch 007 | step 0440 | total = 3.3458 | box = 0.5254 | obj = 0.6733 | cls = 0.0457 | lr = 0.000796
epoch 007 | step 0460 | total = 3.2428 | box = 0.5050 | obj = 0.6722 | cls = 0.0455 | lr = 0.000796
epoch 007 | step 0480 | total = 3.2151 | box = 0.4983 | obj = 0.6781 | cls = 0.0456 | lr = 0.000796
[epoch 007 train] total = 3.2166 | box = 0.4976 | obj = 0.6825 | cls = 0.0462 | batches = 485 | time = 200.8s
[epoch 007 val] total = 2.8323 | box = 0.4169 | obj = 0.6895 | cls = 0.0582 | batches = 43 | time = 14.9s
epoch 008 | step 0001 | total = 2.9332 | box = 0.4435 | obj = 0.6700 | cls = 0.0458 | lr = 0.000730
epoch 008 | step 0020 | total = 3.1945 | box = 0.4957 | obj = 0.6713 | cls = 0.0446 | lr = 0.000730
epoch 008 | step 0040 | total = 3.0368 | box = 0.4600 | obj = 0.6899 | cls = 0.0468 | lr = 0.000730
epoch 008 | step 0060 | total = 3.1236 | box = 0.4783 | obj = 0.6864 | cls = 0.0458 | lr = 0.000730
epoch 008 | step 0080 | total = 3.1280 | box = 0.4824 | obj = 0.6710 | cls = 0.0450 | lr = 0.000730
epoch 008 | step 0100 | total = 3.1314 | box = 0.4817 | obj = 0.6763 | cls = 0.0465 | lr = 0.000730
epoch 008 | step 0120 | total = 3.1932 | box = 0.4941 | obj = 0.6785 | cls = 0.0444 | lr = 0.000730
epoch 008 | step 0140 | total = 3.0468 | box = 0.4638 | obj = 0.6828 | cls = 0.0451 | lr = 0.000730
epoch 008 | step 0160 | total = 3.2124 | box = 0.4975 | obj = 0.6790 | cls = 0.0457 | lr = 0.000730
epoch 008 | step 0180 | total = 3.1047 | box = 0.4768 | obj = 0.6772 | cls = 0.0435 | lr = 0.000730
epoch 008 | step 0200 | total = 3.2640 | box = 0.5103 | obj = 0.6667 | cls = 0.0457 | lr = 0.000730
epoch 008 | step 0220 | total = 3.1516 | box = 0.4840 | obj = 0.6846 | cls = 0.0468 | lr = 0.000730
epoch 008 | step 0240 | total = 3.2342 | box = 0.5062 | obj = 0.6600 | cls = 0.0430 | lr = 0.000730
epoch 008 | step 0260 | total = 3.1365 | box = 0.4815 | obj = 0.6838 | cls = 0.0453 | lr = 0.000730
epoch 008 | step 0280 | total = 3.2552 | box = 0.5047 | obj = 0.6857 | cls = 0.0461 | lr = 0.000730
epoch 008 | step 0300 | total = 3.2796 | box = 0.5128 | obj = 0.6695 | cls = 0.0460 | lr = 0.000730
epoch 008 | step 0320 | total = 3.3031 | box = 0.5171 | obj = 0.6712 | cls = 0.0466 | lr = 0.000730
epoch 008 | step 0340 | total = 3.0981 | box = 0.4754 | obj = 0.6757 | cls = 0.0455 | lr = 0.000730
epoch 008 | step 0360 | total = 3.1930 | box = 0.4933 | obj = 0.6827 | cls = 0.0441 | lr = 0.000730
epoch 008 | step 0380 | total = 3.0815 | box = 0.4729 | obj = 0.6716 | cls = 0.0456 | lr = 0.000730
epoch 008 | step 0400 | total = 3.1191 | box = 0.4789 | obj = 0.6793 | cls = 0.0453 | lr = 0.000730
epoch 008 | step 0420 | total = 3.1193 | box = 0.4825 | obj = 0.6617 | cls = 0.0452 | lr = 0.000730
epoch 008 | step 0440 | total = 3.2021 | box = 0.4919 | obj = 0.6957 | cls = 0.0467 | lr = 0.000730
epoch 008 | step 0460 | total = 3.2167 | box = 0.4955 | obj = 0.6909 | cls = 0.0484 | lr = 0.000730
epoch 008 | step 0480 | total = 3.1066 | box = 0.4774 | obj = 0.6739 | cls = 0.0459 | lr = 0.000730
[epoch 008 train] total = 3.1532 | box = 0.4864 | obj = 0.6759 | cls = 0.0454 | batches = 485 | time = 193.7s
[epoch 008 val] total = 2.8592 | box = 0.4203 | obj = 0.6987 | cls = 0.0591 | batches = 43 | time = 14.9s
epoch 009 | step 0001 | total = 3.0460 | box = 0.4644 | obj = 0.6767 | cls = 0.0472 | lr = 0.000658
epoch 009 | step 0020 | total = 3.1080 | box = 0.4764 | obj = 0.6815 | cls = 0.0444 | lr = 0.000658
epoch 009 | step 0040 | total = 3.0715 | box = 0.4687 | obj = 0.6829 | cls = 0.0453 | lr = 0.000658
epoch 009 | step 0060 | total = 3.2728 | box = 0.5130 | obj = 0.6626 | cls = 0.0449 | lr = 0.000658
epoch 009 | step 0080 | total = 3.1586 | box = 0.4907 | obj = 0.6609 | cls = 0.0440 | lr = 0.000658
epoch 009 | step 0100 | total = 3.0267 | box = 0.4679 | obj = 0.6451 | cls = 0.0423 | lr = 0.000658
epoch 009 | step 0120 | total = 3.1369 | box = 0.4847 | obj = 0.6685 | cls = 0.0450 | lr = 0.000658
epoch 009 | step 0140 | total = 3.1545 | box = 0.4869 | obj = 0.6749 | cls = 0.0452 | lr = 0.000658
epoch 009 | step 0160 | total = 3.1022 | box = 0.4768 | obj = 0.6748 | cls = 0.0436 | lr = 0.000658
epoch 009 | step 0180 | total = 3.0596 | box = 0.4668 | obj = 0.6786 | cls = 0.0468 | lr = 0.000658
epoch 009 | step 0200 | total = 3.1197 | box = 0.4804 | obj = 0.6713 | cls = 0.0465 | lr = 0.000658
epoch 009 | step 0220 | total = 3.0798 | box = 0.4712 | obj = 0.6789 | cls = 0.0447 | lr = 0.000658
epoch 009 | step 0240 | total = 2.9748 | box = 0.4491 | obj = 0.6844 | cls = 0.0451 | lr = 0.000658
epoch 009 | step 0260 | total = 2.9759 | box = 0.4513 | obj = 0.6738 | cls = 0.0455 | lr = 0.000658
epoch 009 | step 0280 | total = 3.1461 | box = 0.4866 | obj = 0.6682 | cls = 0.0449 | lr = 0.000658
epoch 009 | step 0300 | total = 3.0976 | box = 0.4760 | obj = 0.6714 | cls = 0.0460 | lr = 0.000658
epoch 009 | step 0320 | total = 3.1650 | box = 0.4939 | obj = 0.6516 | cls = 0.0437 | lr = 0.000658
epoch 009 | step 0340 | total = 3.0569 | box = 0.4690 | obj = 0.6659 | cls = 0.0462 | lr = 0.000658
epoch 009 | step 0360 | total = 3.1487 | box = 0.4888 | obj = 0.6604 | cls = 0.0445 | lr = 0.000658
epoch 009 | step 0380 | total = 3.1071 | box = 0.4771 | obj = 0.6776 | cls = 0.0442 | lr = 0.000658
epoch 009 | step 0400 | total = 3.0935 | box = 0.4740 | obj = 0.6795 | cls = 0.0439 | lr = 0.000658
epoch 009 | step 0420 | total = 3.1398 | box = 0.4864 | obj = 0.6650 | cls = 0.0431 | lr = 0.000658
epoch 009 | step 0440 | total = 3.0919 | box = 0.4749 | obj = 0.6725 | cls = 0.0452 | lr = 0.000658
epoch 009 | step 0460 | total = 3.0861 | box = 0.4729 | obj = 0.6769 | cls = 0.0444 | lr = 0.000658
epoch 009 | step 0480 | total = 3.0936 | box = 0.4744 | obj = 0.6763 | cls = 0.0455 | lr = 0.000658
[epoch 009 train] total = 3.0930 | box = 0.4757 | obj = 0.6699 | cls = 0.0447 | batches = 485 | time = 213.7s
[epoch 009 val] total = 2.7523 | box = 0.4033 | obj = 0.6781 | cls = 0.0579 | batches = 43 | time = 16.6s
epoch 010 | step 0001 | total = 3.0260 | box = 0.4608 | obj = 0.6770 | cls = 0.0448 | lr = 0.000582
epoch 010 | step 0020 | total = 2.9753 | box = 0.4545 | obj = 0.6591 | cls = 0.0436 | lr = 0.000582
epoch 010 | step 0040 | total = 2.9887 | box = 0.4550 | obj = 0.6701 | cls = 0.0438 | lr = 0.000582
epoch 010 | step 0060 | total = 2.9930 | box = 0.4546 | obj = 0.6757 | cls = 0.0445 | lr = 0.000582
epoch 010 | step 0080 | total = 2.9414 | box = 0.4465 | obj = 0.6618 | cls = 0.0470 | lr = 0.000582
epoch 010 | step 0100 | total = 2.9193 | box = 0.4387 | obj = 0.6810 | cls = 0.0448 | lr = 0.000582
epoch 010 | step 0120 | total = 3.0908 | box = 0.4744 | obj = 0.6733 | cls = 0.0457 | lr = 0.000582
epoch 010 | step 0140 | total = 3.0058 | box = 0.4586 | obj = 0.6689 | cls = 0.0440 | lr = 0.000582
epoch 010 | step 0160 | total = 2.9764 | box = 0.4551 | obj = 0.6563 | cls = 0.0447 | lr = 0.000582
epoch 010 | step 0180 | total = 3.0719 | box = 0.4736 | obj = 0.6593 | cls = 0.0445 | lr = 0.000582
epoch 010 | step 0200 | total = 3.0116 | box = 0.4583 | obj = 0.6754 | cls = 0.0447 | lr = 0.000582
epoch 010 | step 0220 | total = 3.0809 | box = 0.4743 | obj = 0.6657 | cls = 0.0439 | lr = 0.000582
epoch 010 | step 0240 | total = 3.0891 | box = 0.4763 | obj = 0.6641 | cls = 0.0433 | lr = 0.000582
epoch 010 | step 0260 | total = 2.9826 | box = 0.4548 | obj = 0.6646 | cls = 0.0441 | lr = 0.000582
epoch 010 | step 0280 | total = 2.9832 | box = 0.4582 | obj = 0.6468 | cls = 0.0455 | lr = 0.000582
epoch 010 | step 0300 | total = 3.0132 | box = 0.4639 | obj = 0.6495 | cls = 0.0441 | lr = 0.000582
epoch 010 | step 0320 | total = 3.0639 | box = 0.4683 | obj = 0.6786 | cls = 0.0437 | lr = 0.000582
epoch 010 | step 0340 | total = 3.0453 | box = 0.4660 | obj = 0.6691 | cls = 0.0462 | lr = 0.000582
epoch 010 | step 0360 | total = 2.9023 | box = 0.4369 | obj = 0.6732 | cls = 0.0447 | lr = 0.000582
epoch 010 | step 0380 | total = 2.9573 | box = 0.4503 | obj = 0.6631 | cls = 0.0429 | lr = 0.000582
epoch 010 | step 0400 | total = 3.0095 | box = 0.4591 | obj = 0.6703 | cls = 0.0435 | lr = 0.000582
epoch 010 | step 0420 | total = 3.0512 | box = 0.4707 | obj = 0.6533 | cls = 0.0444 | lr = 0.000582
epoch 010 | step 0440 | total = 2.9907 | box = 0.4547 | obj = 0.6731 | cls = 0.0442 | lr = 0.000582
epoch 010 | step 0460 | total = 3.1485 | box = 0.4898 | obj = 0.6560 | cls = 0.0437 | lr = 0.000582
epoch 010 | step 0480 | total = 3.0183 | box = 0.4623 | obj = 0.6634 | cls = 0.0433 | lr = 0.000582
[epoch 010 train] total = 3.0296 | box = 0.4645 | obj = 0.6628 | cls = 0.0440 | batches = 485 | time = 221.5s
[epoch 010 val] total = 2.7317 | box = 0.3996 | obj = 0.6756 | cls = 0.0582 | batches = 43 | time = 16.3s
epoch 011 | step 0001 | total = 2.9765 | box = 0.4551 | obj = 0.6559 | cls = 0.0450 | lr = 0.000505
epoch 011 | step 0020 | total = 3.0962 | box = 0.4834 | obj = 0.6362 | cls = 0.0428 | lr = 0.000505
epoch 011 | step 0040 | total = 3.0560 | box = 0.4728 | obj = 0.6497 | cls = 0.0422 | lr = 0.000505
epoch 011 | step 0060 | total = 2.8948 | box = 0.4401 | obj = 0.6500 | cls = 0.0442 | lr = 0.000505
epoch 011 | step 0080 | total = 3.0403 | box = 0.4708 | obj = 0.6419 | cls = 0.0442 | lr = 0.000505
epoch 011 | step 0100 | total = 3.0738 | box = 0.4753 | obj = 0.6569 | cls = 0.0406 | lr = 0.000505
epoch 011 | step 0120 | total = 3.0203 | box = 0.4658 | obj = 0.6472 | cls = 0.0440 | lr = 0.000505
epoch 011 | step 0140 | total = 2.9153 | box = 0.4435 | obj = 0.6545 | cls = 0.0435 | lr = 0.000505
epoch 011 | step 0160 | total = 2.9326 | box = 0.4491 | obj = 0.6465 | cls = 0.0404 | lr = 0.000505
epoch 011 | step 0180 | total = 2.8762 | box = 0.4347 | obj = 0.6597 | cls = 0.0432 | lr = 0.000505
epoch 011 | step 0200 | total = 3.0049 | box = 0.4592 | obj = 0.6650 | cls = 0.0440 | lr = 0.000505
epoch 011 | step 0220 | total = 3.0966 | box = 0.4793 | obj = 0.6578 | cls = 0.0423 | lr = 0.000505
epoch 011 | step 0240 | total = 2.9197 | box = 0.4407 | obj = 0.6723 | cls = 0.0440 | lr = 0.000505
epoch 011 | step 0260 | total = 2.9462 | box = 0.4457 | obj = 0.6752 | cls = 0.0424 | lr = 0.000505
epoch 011 | step 0280 | total = 3.0811 | box = 0.4783 | obj = 0.6472 | cls = 0.0424 | lr = 0.000505
epoch 011 | step 0300 | total = 2.9552 | box = 0.4526 | obj = 0.6480 | cls = 0.0440 | lr = 0.000505
epoch 011 | step 0320 | total = 2.9053 | box = 0.4390 | obj = 0.6660 | cls = 0.0443 | lr = 0.000505
epoch 011 | step 0340 | total = 2.9446 | box = 0.4501 | obj = 0.6504 | cls = 0.0437 | lr = 0.000505
epoch 011 | step 0360 | total = 2.8920 | box = 0.4379 | obj = 0.6602 | cls = 0.0421 | lr = 0.000505
epoch 011 | step 0380 | total = 3.0702 | box = 0.4745 | obj = 0.6520 | cls = 0.0459 | lr = 0.000505
epoch 011 | step 0400 | total = 3.0967 | box = 0.4772 | obj = 0.6664 | cls = 0.0442 | lr = 0.000505
epoch 011 | step 0420 | total = 2.9849 | box = 0.4588 | obj = 0.6495 | cls = 0.0416 | lr = 0.000505
epoch 011 | step 0440 | total = 3.1186 | box = 0.4834 | obj = 0.6588 | cls = 0.0426 | lr = 0.000505
epoch 011 | step 0460 | total = 2.9542 | box = 0.4529 | obj = 0.6456 | cls = 0.0443 | lr = 0.000505
epoch 011 | step 0480 | total = 2.9886 | box = 0.4596 | obj = 0.6468 | cls = 0.0439 | lr = 0.000505
[epoch 011 train] total = 2.9655 | box = 0.4533 | obj = 0.6558 | cls = 0.0434 | batches = 485 | time = 217.6s
[epoch 011 val] total = 2.6813 | box = 0.3908 | obj = 0.6708 | cls = 0.0564 | batches = 43 | time = 16.0s
epoch 012 | step 0001 | total = 3.0341 | box = 0.4688 | obj = 0.6463 | cls = 0.0439 | lr = 0.000428
epoch 012 | step 0020 | total = 2.8542 | box = 0.4305 | obj = 0.6605 | cls = 0.0414 | lr = 0.000428
epoch 012 | step 0040 | total = 2.9226 | box = 0.4430 | obj = 0.6664 | cls = 0.0413 | lr = 0.000428
epoch 012 | step 0060 | total = 2.9728 | box = 0.4574 | obj = 0.6443 | cls = 0.0415 | lr = 0.000428
epoch 012 | step 0080 | total = 2.9595 | box = 0.4543 | obj = 0.6448 | cls = 0.0429 | lr = 0.000428
epoch 012 | step 0100 | total = 2.8677 | box = 0.4359 | obj = 0.6447 | cls = 0.0436 | lr = 0.000428
epoch 012 | step 0120 | total = 2.9835 | box = 0.4570 | obj = 0.6569 | cls = 0.0416 | lr = 0.000428
epoch 012 | step 0140 | total = 2.9959 | box = 0.4605 | obj = 0.6506 | cls = 0.0430 | lr = 0.000428
epoch 012 | step 0160 | total = 2.9067 | box = 0.4436 | obj = 0.6455 | cls = 0.0432 | lr = 0.000428
epoch 012 | step 0180 | total = 2.8012 | box = 0.4200 | obj = 0.6590 | cls = 0.0422 | lr = 0.000428
epoch 012 | step 0200 | total = 2.9773 | box = 0.4593 | obj = 0.6369 | cls = 0.0440 | lr = 0.000428
epoch 012 | step 0220 | total = 2.9391 | box = 0.4472 | obj = 0.6601 | cls = 0.0431 | lr = 0.000428
epoch 012 | step 0240 | total = 2.8838 | box = 0.4361 | obj = 0.6605 | cls = 0.0426 | lr = 0.000428
epoch 012 | step 0260 | total = 2.7446 | box = 0.4088 | obj = 0.6564 | cls = 0.0445 | lr = 0.000428
epoch 012 | step 0280 | total = 2.8278 | box = 0.4245 | obj = 0.6630 | cls = 0.0425 | lr = 0.000428
epoch 012 | step 0300 | total = 2.8873 | box = 0.4379 | obj = 0.6551 | cls = 0.0428 | lr = 0.000428
epoch 012 | step 0320 | total = 2.9733 | box = 0.4577 | obj = 0.6420 | cls = 0.0428 | lr = 0.000428
epoch 012 | step 0340 | total = 2.9421 | box = 0.4516 | obj = 0.6409 | cls = 0.0431 | lr = 0.000428
epoch 012 | step 0360 | total = 2.9220 | box = 0.4445 | obj = 0.6575 | cls = 0.0422 | lr = 0.000428
epoch 012 | step 0380 | total = 2.8832 | box = 0.4370 | obj = 0.6571 | cls = 0.0410 | lr = 0.000428
epoch 012 | step 0400 | total = 2.7924 | box = 0.4179 | obj = 0.6593 | cls = 0.0435 | lr = 0.000428
epoch 012 | step 0420 | total = 2.9754 | box = 0.4580 | obj = 0.6432 | cls = 0.0421 | lr = 0.000428
epoch 012 | step 0440 | total = 2.9131 | box = 0.4429 | obj = 0.6562 | cls = 0.0422 | lr = 0.000428
epoch 012 | step 0460 | total = 2.9398 | box = 0.4492 | obj = 0.6503 | cls = 0.0434 | lr = 0.000428
epoch 012 | step 0480 | total = 2.9886 | box = 0.4581 | obj = 0.6551 | cls = 0.0430 | lr = 0.000428
[epoch 012 train] total = 2.8974 | box = 0.4413 | obj = 0.6480 | cls = 0.0429 | batches = 485 | time = 221.4s
[epoch 012 val] total = 2.6669 | box = 0.3892 | obj = 0.6636 | cls = 0.0572 | batches = 43 | time = 16.2s
epoch 013 | step 0001 | total = 2.7136 | box = 0.4057 | obj = 0.6422 | cls = 0.0431 | lr = 0.000352
epoch 013 | step 0020 | total = 2.8161 | box = 0.4264 | obj = 0.6417 | cls = 0.0423 | lr = 0.000352
epoch 013 | step 0040 | total = 2.8020 | box = 0.4229 | obj = 0.6457 | cls = 0.0418 | lr = 0.000352
epoch 013 | step 0060 | total = 2.9461 | box = 0.4520 | obj = 0.6443 | cls = 0.0418 | lr = 0.000352
epoch 013 | step 0080 | total = 2.8745 | box = 0.4372 | obj = 0.6450 | cls = 0.0433 | lr = 0.000352
epoch 013 | step 0100 | total = 2.7621 | box = 0.4159 | obj = 0.6402 | cls = 0.0426 | lr = 0.000352
epoch 013 | step 0120 | total = 2.8617 | box = 0.4351 | obj = 0.6446 | cls = 0.0413 | lr = 0.000352
epoch 013 | step 0140 | total = 2.7902 | box = 0.4229 | obj = 0.6343 | cls = 0.0416 | lr = 0.000352
epoch 013 | step 0160 | total = 2.7989 | box = 0.4254 | obj = 0.6295 | cls = 0.0425 | lr = 0.000352
epoch 013 | step 0180 | total = 2.8695 | box = 0.4328 | obj = 0.6631 | cls = 0.0423 | lr = 0.000352
epoch 013 | step 0200 | total = 2.8214 | box = 0.4284 | obj = 0.6381 | cls = 0.0414 | lr = 0.000352
epoch 013 | step 0220 | total = 2.8819 | box = 0.4396 | obj = 0.6429 | cls = 0.0411 | lr = 0.000352
epoch 013 | step 0240 | total = 2.8090 | box = 0.4262 | obj = 0.6359 | cls = 0.0423 | lr = 0.000352
epoch 013 | step 0260 | total = 2.9193 | box = 0.4439 | obj = 0.6578 | cls = 0.0421 | lr = 0.000352
epoch 013 | step 0280 | total = 2.9061 | box = 0.4432 | obj = 0.6474 | cls = 0.0426 | lr = 0.000352
epoch 013 | step 0300 | total = 2.7020 | box = 0.4064 | obj = 0.6269 | cls = 0.0429 | lr = 0.000352
epoch 013 | step 0320 | total = 2.7680 | box = 0.4147 | obj = 0.6498 | cls = 0.0448 | lr = 0.000352
epoch 013 | step 0340 | total = 2.8692 | box = 0.4389 | obj = 0.6326 | cls = 0.0423 | lr = 0.000352
epoch 013 | step 0360 | total = 2.8571 | box = 0.4360 | obj = 0.6333 | cls = 0.0437 | lr = 0.000352
epoch 013 | step 0380 | total = 2.8261 | box = 0.4286 | obj = 0.6410 | cls = 0.0419 | lr = 0.000352
epoch 013 | step 0400 | total = 2.9558 | box = 0.4560 | obj = 0.6340 | cls = 0.0416 | lr = 0.000352
epoch 013 | step 0420 | total = 2.8228 | box = 0.4322 | obj = 0.6206 | cls = 0.0412 | lr = 0.000352
epoch 013 | step 0440 | total = 2.7901 | box = 0.4219 | obj = 0.6391 | cls = 0.0413 | lr = 0.000352
epoch 013 | step 0460 | total = 2.7651 | box = 0.4176 | obj = 0.6352 | cls = 0.0421 | lr = 0.000352
epoch 013 | step 0480 | total = 2.8530 | box = 0.4347 | obj = 0.6380 | cls = 0.0413 | lr = 0.000352
[epoch 013 train] total = 2.8229 | box = 0.4283 | obj = 0.6387 | cls = 0.0424 | batches = 485 | time = 217.1s
[epoch 013 val] total = 2.6455 | box = 0.3850 | obj = 0.6631 | cls = 0.0573 | batches = 43 | time = 15.8s
epoch 014 | step 0001 | total = 2.7204 | box = 0.4091 | obj = 0.6335 | cls = 0.0415 | lr = 0.000280
epoch 014 | step 0020 | total = 2.6518 | box = 0.3969 | obj = 0.6247 | cls = 0.0427 | lr = 0.000280
epoch 014 | step 0040 | total = 2.9097 | box = 0.4464 | obj = 0.6354 | cls = 0.0426 | lr = 0.000280
epoch 014 | step 0060 | total = 2.7831 | box = 0.4206 | obj = 0.6392 | cls = 0.0411 | lr = 0.000280
epoch 014 | step 0080 | total = 2.6097 | box = 0.3842 | obj = 0.6448 | cls = 0.0436 | lr = 0.000280
epoch 014 | step 0100 | total = 2.8208 | box = 0.4300 | obj = 0.6285 | cls = 0.0421 | lr = 0.000280
epoch 014 | step 0120 | total = 2.7351 | box = 0.4091 | obj = 0.6465 | cls = 0.0432 | lr = 0.000280
epoch 014 | step 0140 | total = 2.7264 | box = 0.4119 | obj = 0.6268 | cls = 0.0401 | lr = 0.000280
epoch 014 | step 0160 | total = 2.6955 | box = 0.4066 | obj = 0.6210 | cls = 0.0413 | lr = 0.000280
epoch 014 | step 0180 | total = 2.6588 | box = 0.3951 | obj = 0.6404 | cls = 0.0432 | lr = 0.000280
epoch 014 | step 0200 | total = 2.7491 | box = 0.4169 | obj = 0.6249 | cls = 0.0395 | lr = 0.000280
epoch 014 | step 0220 | total = 2.7455 | box = 0.4152 | obj = 0.6273 | cls = 0.0422 | lr = 0.000280
epoch 014 | step 0240 | total = 2.7380 | box = 0.4120 | obj = 0.6347 | cls = 0.0432 | lr = 0.000280
epoch 014 | step 0260 | total = 2.7673 | box = 0.4219 | obj = 0.6167 | cls = 0.0410 | lr = 0.000280
epoch 014 | step 0280 | total = 2.7829 | box = 0.4228 | obj = 0.6269 | cls = 0.0421 | lr = 0.000280
epoch 014 | step 0300 | total = 2.7510 | box = 0.4153 | obj = 0.6325 | cls = 0.0419 | lr = 0.000280
epoch 014 | step 0320 | total = 2.7138 | box = 0.4128 | obj = 0.6080 | cls = 0.0416 | lr = 0.000280
epoch 014 | step 0340 | total = 2.7848 | box = 0.4218 | obj = 0.6345 | cls = 0.0414 | lr = 0.000280
epoch 014 | step 0360 | total = 2.6145 | box = 0.3903 | obj = 0.6207 | cls = 0.0421 | lr = 0.000280
epoch 014 | step 0380 | total = 2.8335 | box = 0.4323 | obj = 0.6299 | cls = 0.0423 | lr = 0.000280
epoch 014 | step 0400 | total = 2.8304 | box = 0.4301 | obj = 0.6371 | cls = 0.0426 | lr = 0.000280
epoch 014 | step 0420 | total = 2.7223 | box = 0.4113 | obj = 0.6234 | cls = 0.0424 | lr = 0.000280
epoch 014 | step 0440 | total = 2.7311 | box = 0.4140 | obj = 0.6176 | cls = 0.0434 | lr = 0.000280
epoch 014 | step 0460 | total = 2.8508 | box = 0.4339 | obj = 0.6387 | cls = 0.0427 | lr = 0.000280
epoch 014 | step 0480 | total = 2.6175 | box = 0.3897 | obj = 0.6282 | cls = 0.0407 | lr = 0.000280
[epoch 014 train] total = 2.7458 | box = 0.4149 | obj = 0.6290 | cls = 0.0420 | batches = 485 | time = 216.2s
[epoch 014 val] total = 2.6691 | box = 0.3897 | obj = 0.6632 | cls = 0.0572 | batches = 43 | time = 16.3s
epoch 015 | step 0001 | total = 2.5775 | box = 0.3839 | obj = 0.6157 | cls = 0.0423 | lr = 0.000214
epoch 015 | step 0020 | total = 2.6476 | box = 0.3966 | obj = 0.6225 | cls = 0.0419 | lr = 0.000214
epoch 015 | step 0040 | total = 2.6213 | box = 0.3916 | obj = 0.6225 | cls = 0.0410 | lr = 0.000214
epoch 015 | step 0060 | total = 2.6432 | box = 0.3949 | obj = 0.6261 | cls = 0.0426 | lr = 0.000214
epoch 015 | step 0080 | total = 2.7159 | box = 0.4110 | obj = 0.6189 | cls = 0.0420 | lr = 0.000214
epoch 015 | step 0100 | total = 2.6552 | box = 0.4004 | obj = 0.6128 | cls = 0.0405 | lr = 0.000214
epoch 015 | step 0120 | total = 2.7164 | box = 0.4107 | obj = 0.6228 | cls = 0.0401 | lr = 0.000214
epoch 015 | step 0140 | total = 2.6603 | box = 0.3988 | obj = 0.6254 | cls = 0.0408 | lr = 0.000214
epoch 015 | step 0160 | total = 2.5947 | box = 0.3833 | obj = 0.6354 | cls = 0.0430 | lr = 0.000214
epoch 015 | step 0180 | total = 2.6870 | box = 0.4038 | obj = 0.6257 | cls = 0.0423 | lr = 0.000214
epoch 015 | step 0200 | total = 2.6487 | box = 0.3985 | obj = 0.6153 | cls = 0.0407 | lr = 0.000214
epoch 015 | step 0220 | total = 2.6355 | box = 0.3983 | obj = 0.6018 | cls = 0.0423 | lr = 0.000214
epoch 015 | step 0240 | total = 2.6754 | box = 0.4010 | obj = 0.6293 | cls = 0.0410 | lr = 0.000214
epoch 015 | step 0260 | total = 2.6179 | box = 0.3935 | obj = 0.6097 | cls = 0.0405 | lr = 0.000214
epoch 015 | step 0280 | total = 2.6221 | box = 0.3908 | obj = 0.6261 | cls = 0.0421 | lr = 0.000214
epoch 015 | step 0300 | total = 2.7497 | box = 0.4174 | obj = 0.6217 | cls = 0.0410 | lr = 0.000214
epoch 015 | step 0320 | total = 2.6497 | box = 0.3998 | obj = 0.6102 | cls = 0.0405 | lr = 0.000214
epoch 015 | step 0340 | total = 2.6777 | box = 0.4002 | obj = 0.6340 | cls = 0.0425 | lr = 0.000214
epoch 015 | step 0360 | total = 2.7119 | box = 0.4102 | obj = 0.6175 | cls = 0.0433 | lr = 0.000214
epoch 015 | step 0380 | total = 2.6601 | box = 0.3983 | obj = 0.6264 | cls = 0.0424 | lr = 0.000214
epoch 015 | step 0400 | total = 2.6579 | box = 0.4000 | obj = 0.6150 | cls = 0.0429 | lr = 0.000214
epoch 015 | step 0420 | total = 2.7461 | box = 0.4160 | obj = 0.6254 | cls = 0.0406 | lr = 0.000214
epoch 015 | step 0440 | total = 2.6530 | box = 0.3979 | obj = 0.6226 | cls = 0.0410 | lr = 0.000214
epoch 015 | step 0460 | total = 2.6964 | box = 0.4093 | obj = 0.6103 | cls = 0.0395 | lr = 0.000214
epoch 015 | step 0480 | total = 2.5798 | box = 0.3838 | obj = 0.6214 | cls = 0.0395 | lr = 0.000214
[epoch 015 train] total = 2.6664 | box = 0.4012 | obj = 0.6185 | cls = 0.0417 | batches = 485 | time = 225.4s
[epoch 015 val] total = 2.6210 | box = 0.3804 | obj = 0.6617 | cls = 0.0573 | batches = 43 | time = 16.1s
epoch 016 | step 0001 | total = 2.5072 | box = 0.3734 | obj = 0.5986 | cls = 0.0418 | lr = 0.000155
epoch 016 | step 0020 | total = 2.4339 | box = 0.3578 | obj = 0.6048 | cls = 0.0401 | lr = 0.000155
epoch 016 | step 0040 | total = 2.5676 | box = 0.3833 | obj = 0.6114 | cls = 0.0397 | lr = 0.000155
epoch 016 | step 0060 | total = 2.6418 | box = 0.4005 | obj = 0.5983 | cls = 0.0412 | lr = 0.000155
epoch 016 | step 0080 | total = 2.5277 | box = 0.3751 | obj = 0.6112 | cls = 0.0412 | lr = 0.000155
epoch 016 | step 0100 | total = 2.5430 | box = 0.3799 | obj = 0.6031 | cls = 0.0403 | lr = 0.000155
epoch 016 | step 0120 | total = 2.6598 | box = 0.3985 | obj = 0.6245 | cls = 0.0429 | lr = 0.000155
epoch 016 | step 0140 | total = 2.5842 | box = 0.3852 | obj = 0.6161 | cls = 0.0421 | lr = 0.000155
epoch 016 | step 0160 | total = 2.5610 | box = 0.3849 | obj = 0.5918 | cls = 0.0444 | lr = 0.000155
epoch 016 | step 0180 | total = 2.7146 | box = 0.4098 | obj = 0.6243 | cls = 0.0413 | lr = 0.000155
epoch 016 | step 0200 | total = 2.6216 | box = 0.3937 | obj = 0.6103 | cls = 0.0430 | lr = 0.000155
epoch 016 | step 0220 | total = 2.4897 | box = 0.3660 | obj = 0.6177 | cls = 0.0419 | lr = 0.000155
epoch 016 | step 0240 | total = 2.5877 | box = 0.3885 | obj = 0.6052 | cls = 0.0402 | lr = 0.000155
epoch 016 | step 0260 | total = 2.6208 | box = 0.3957 | obj = 0.6012 | cls = 0.0413 | lr = 0.000155
epoch 016 | step 0280 | total = 2.6230 | box = 0.3942 | obj = 0.6110 | cls = 0.0410 | lr = 0.000155
epoch 016 | step 0300 | total = 2.5116 | box = 0.3732 | obj = 0.6042 | cls = 0.0412 | lr = 0.000155
epoch 016 | step 0320 | total = 2.7365 | box = 0.4170 | obj = 0.6090 | cls = 0.0427 | lr = 0.000155
epoch 016 | step 0340 | total = 2.6445 | box = 0.3983 | obj = 0.6120 | cls = 0.0411 | lr = 0.000155
epoch 016 | step 0360 | total = 2.5736 | box = 0.3823 | obj = 0.6199 | cls = 0.0422 | lr = 0.000155
epoch 016 | step 0380 | total = 2.5927 | box = 0.3875 | obj = 0.6126 | cls = 0.0426 | lr = 0.000155
epoch 016 | step 0400 | total = 2.6464 | box = 0.4019 | obj = 0.5940 | cls = 0.0428 | lr = 0.000155
epoch 016 | step 0420 | total = 2.4265 | box = 0.3562 | obj = 0.6046 | cls = 0.0409 | lr = 0.000155
epoch 016 | step 0440 | total = 2.7063 | box = 0.4116 | obj = 0.6079 | cls = 0.0404 | lr = 0.000155
epoch 016 | step 0460 | total = 2.7026 | box = 0.4101 | obj = 0.6112 | cls = 0.0407 | lr = 0.000155
epoch 016 | step 0480 | total = 2.6395 | box = 0.3985 | obj = 0.6050 | cls = 0.0422 | lr = 0.000155
[epoch 016 train] total = 2.5870 | box = 0.3876 | obj = 0.6078 | cls = 0.0414 | batches = 485 | time = 222.7s
[epoch 016 val] total = 2.6340 | box = 0.3809 | obj = 0.6728 | cls = 0.0566 | batches = 43 | time = 15.9s
epoch 017 | step 0001 | total = 2.5726 | box = 0.3866 | obj = 0.5965 | cls = 0.0432 | lr = 0.000105
epoch 017 | step 0020 | total = 2.6512 | box = 0.4010 | obj = 0.6053 | cls = 0.0409 | lr = 0.000105
epoch 017 | step 0040 | total = 2.6047 | box = 0.3943 | obj = 0.5936 | cls = 0.0396 | lr = 0.000105
epoch 017 | step 0060 | total = 2.5212 | box = 0.3767 | obj = 0.5977 | cls = 0.0399 | lr = 0.000105
epoch 017 | step 0080 | total = 2.5519 | box = 0.3816 | obj = 0.6045 | cls = 0.0392 | lr = 0.000105
epoch 017 | step 0100 | total = 2.3228 | box = 0.3357 | obj = 0.6012 | cls = 0.0430 | lr = 0.000105
epoch 017 | step 0120 | total = 2.5467 | box = 0.3811 | obj = 0.5998 | cls = 0.0416 | lr = 0.000105
epoch 017 | step 0140 | total = 2.2945 | box = 0.3299 | obj = 0.6018 | cls = 0.0431 | lr = 0.000105
epoch 017 | step 0160 | total = 2.4762 | box = 0.3692 | obj = 0.5878 | cls = 0.0425 | lr = 0.000105
epoch 017 | step 0180 | total = 2.4515 | box = 0.3648 | obj = 0.5860 | cls = 0.0417 | lr = 0.000105
epoch 017 | step 0200 | total = 2.6188 | box = 0.3956 | obj = 0.5977 | cls = 0.0431 | lr = 0.000105
epoch 017 | step 0220 | total = 2.4596 | box = 0.3651 | obj = 0.5925 | cls = 0.0414 | lr = 0.000105
epoch 017 | step 0240 | total = 2.5970 | box = 0.3908 | obj = 0.6028 | cls = 0.0400 | lr = 0.000105
epoch 017 | step 0260 | total = 2.4050 | box = 0.3555 | obj = 0.5871 | cls = 0.0405 | lr = 0.000105
epoch 017 | step 0280 | total = 2.4500 | box = 0.3600 | obj = 0.6074 | cls = 0.0426 | lr = 0.000105
epoch 017 | step 0300 | total = 2.6029 | box = 0.3918 | obj = 0.6030 | cls = 0.0407 | lr = 0.000105
epoch 017 | step 0320 | total = 2.6540 | box = 0.4037 | obj = 0.5957 | cls = 0.0397 | lr = 0.000105
epoch 017 | step 0340 | total = 2.5097 | box = 0.3723 | obj = 0.6076 | cls = 0.0404 | lr = 0.000105
epoch 017 | step 0360 | total = 2.5627 | box = 0.3866 | obj = 0.5908 | cls = 0.0387 | lr = 0.000105
epoch 017 | step 0380 | total = 2.4630 | box = 0.3657 | obj = 0.5932 | cls = 0.0413 | lr = 0.000105
epoch 017 | step 0400 | total = 2.5004 | box = 0.3749 | obj = 0.5863 | cls = 0.0398 | lr = 0.000105
epoch 017 | step 0420 | total = 2.5019 | box = 0.3720 | obj = 0.6014 | cls = 0.0407 | lr = 0.000105
epoch 017 | step 0440 | total = 2.4824 | box = 0.3682 | obj = 0.6016 | cls = 0.0397 | lr = 0.000105
epoch 017 | step 0460 | total = 2.4565 | box = 0.3651 | obj = 0.5891 | cls = 0.0418 | lr = 0.000105
epoch 017 | step 0480 | total = 2.4591 | box = 0.3637 | obj = 0.5986 | cls = 0.0421 | lr = 0.000105
[epoch 017 train] total = 2.5148 | box = 0.3752 | obj = 0.5979 | cls = 0.0412 | batches = 485 | time = 213.8s
[epoch 017 val] total = 2.6470 | box = 0.3828 | obj = 0.6761 | cls = 0.0569 | batches = 43 | time = 15.4s
epoch 018 | step 0001 | total = 2.4743 | box = 0.3683 | obj = 0.5909 | cls = 0.0418 | lr = 0.000064
epoch 018 | step 0020 | total = 2.5612 | box = 0.3840 | obj = 0.6010 | cls = 0.0404 | lr = 0.000064
epoch 018 | step 0040 | total = 2.2978 | box = 0.3384 | obj = 0.5646 | cls = 0.0414 | lr = 0.000064
epoch 018 | step 0060 | total = 2.4989 | box = 0.3734 | obj = 0.5916 | cls = 0.0405 | lr = 0.000064
epoch 018 | step 0080 | total = 2.4357 | box = 0.3610 | obj = 0.5886 | cls = 0.0419 | lr = 0.000064
epoch 018 | step 0100 | total = 2.4428 | box = 0.3614 | obj = 0.5961 | cls = 0.0394 | lr = 0.000064
epoch 018 | step 0120 | total = 2.3702 | box = 0.3499 | obj = 0.5797 | cls = 0.0411 | lr = 0.000064
epoch 018 | step 0140 | total = 2.4255 | box = 0.3598 | obj = 0.5848 | cls = 0.0415 | lr = 0.000064
epoch 018 | step 0160 | total = 2.4368 | box = 0.3624 | obj = 0.5838 | cls = 0.0409 | lr = 0.000064
epoch 018 | step 0180 | total = 2.4842 | box = 0.3699 | obj = 0.5935 | cls = 0.0410 | lr = 0.000064
epoch 018 | step 0200 | total = 2.5034 | box = 0.3737 | obj = 0.5944 | cls = 0.0405 | lr = 0.000064
epoch 018 | step 0220 | total = 2.4184 | box = 0.3551 | obj = 0.6004 | cls = 0.0427 | lr = 0.000064
epoch 018 | step 0240 | total = 2.4024 | box = 0.3539 | obj = 0.5909 | cls = 0.0419 | lr = 0.000064
epoch 018 | step 0260 | total = 2.4923 | box = 0.3732 | obj = 0.5863 | cls = 0.0402 | lr = 0.000064
epoch 018 | step 0280 | total = 2.4868 | box = 0.3720 | obj = 0.5842 | cls = 0.0425 | lr = 0.000064
epoch 018 | step 0300 | total = 2.5590 | box = 0.3866 | obj = 0.5845 | cls = 0.0415 | lr = 0.000064
epoch 018 | step 0320 | total = 2.5355 | box = 0.3812 | obj = 0.5898 | cls = 0.0395 | lr = 0.000064
epoch 018 | step 0340 | total = 2.6208 | box = 0.3971 | obj = 0.5950 | cls = 0.0405 | lr = 0.000064
epoch 018 | step 0360 | total = 2.4587 | box = 0.3677 | obj = 0.5791 | cls = 0.0409 | lr = 0.000064
epoch 018 | step 0380 | total = 2.4465 | box = 0.3643 | obj = 0.5842 | cls = 0.0409 | lr = 0.000064
epoch 018 | step 0400 | total = 2.5225 | box = 0.3796 | obj = 0.5870 | cls = 0.0376 | lr = 0.000064
epoch 018 | step 0420 | total = 2.5132 | box = 0.3756 | obj = 0.5952 | cls = 0.0402 | lr = 0.000064
epoch 018 | step 0440 | total = 2.4846 | box = 0.3726 | obj = 0.5818 | cls = 0.0400 | lr = 0.000064
epoch 018 | step 0460 | total = 2.4630 | box = 0.3658 | obj = 0.5937 | cls = 0.0402 | lr = 0.000064
epoch 018 | step 0480 | total = 2.4958 | box = 0.3712 | obj = 0.5974 | cls = 0.0424 | lr = 0.000064
[epoch 018 train] total = 2.4533 | box = 0.3646 | obj = 0.5895 | cls = 0.0410 | batches = 485 | time = 216.3s
[epoch 018 val] total = 2.6608 | box = 0.3846 | obj = 0.6806 | cls = 0.0571 | batches = 43 | time = 16.7s
epoch 019 | step 0001 | total = 2.4021 | box = 0.3564 | obj = 0.5781 | cls = 0.0420 | lr = 0.000034
epoch 019 | step 0020 | total = 2.4473 | box = 0.3612 | obj = 0.5990 | cls = 0.0426 | lr = 0.000034
epoch 019 | step 0040 | total = 2.2569 | box = 0.3248 | obj = 0.5907 | cls = 0.0425 | lr = 0.000034
epoch 019 | step 0060 | total = 2.4218 | box = 0.3585 | obj = 0.5890 | cls = 0.0404 | lr = 0.000034
epoch 019 | step 0080 | total = 2.5034 | box = 0.3738 | obj = 0.5936 | cls = 0.0409 | lr = 0.000034
epoch 019 | step 0100 | total = 2.4035 | box = 0.3576 | obj = 0.5754 | cls = 0.0399 | lr = 0.000034
epoch 019 | step 0120 | total = 2.3274 | box = 0.3384 | obj = 0.5930 | cls = 0.0426 | lr = 0.000034
epoch 019 | step 0140 | total = 2.2688 | box = 0.3303 | obj = 0.5775 | cls = 0.0397 | lr = 0.000034
epoch 019 | step 0160 | total = 2.3281 | box = 0.3399 | obj = 0.5887 | cls = 0.0400 | lr = 0.000034
epoch 019 | step 0180 | total = 2.3362 | box = 0.3446 | obj = 0.5723 | cls = 0.0408 | lr = 0.000034
epoch 019 | step 0200 | total = 2.4346 | box = 0.3605 | obj = 0.5923 | cls = 0.0398 | lr = 0.000034
epoch 019 | step 0220 | total = 2.3179 | box = 0.3397 | obj = 0.5797 | cls = 0.0394 | lr = 0.000034
epoch 019 | step 0240 | total = 2.2847 | box = 0.3319 | obj = 0.5838 | cls = 0.0415 | lr = 0.000034
epoch 019 | step 0260 | total = 2.3367 | box = 0.3414 | obj = 0.5886 | cls = 0.0411 | lr = 0.000034
epoch 019 | step 0280 | total = 2.6190 | box = 0.3950 | obj = 0.6033 | cls = 0.0404 | lr = 0.000034
epoch 019 | step 0300 | total = 2.3031 | box = 0.3382 | obj = 0.5725 | cls = 0.0397 | lr = 0.000034
epoch 019 | step 0320 | total = 2.4272 | box = 0.3625 | obj = 0.5735 | cls = 0.0409 | lr = 0.000034
epoch 019 | step 0340 | total = 2.4643 | box = 0.3636 | obj = 0.6060 | cls = 0.0406 | lr = 0.000034
epoch 019 | step 0360 | total = 2.4421 | box = 0.3629 | obj = 0.5860 | cls = 0.0415 | lr = 0.000034
epoch 019 | step 0380 | total = 2.2769 | box = 0.3278 | obj = 0.5956 | cls = 0.0421 | lr = 0.000034
epoch 019 | step 0400 | total = 2.4678 | box = 0.3687 | obj = 0.5829 | cls = 0.0413 | lr = 0.000034
epoch 019 | step 0420 | total = 2.5278 | box = 0.3778 | obj = 0.5965 | cls = 0.0425 | lr = 0.000034
epoch 019 | step 0440 | total = 2.3809 | box = 0.3494 | obj = 0.5933 | cls = 0.0406 | lr = 0.000034
epoch 019 | step 0460 | total = 2.4647 | box = 0.3668 | obj = 0.5883 | cls = 0.0424 | lr = 0.000034
epoch 019 | step 0480 | total = 2.2956 | box = 0.3353 | obj = 0.5773 | cls = 0.0417 | lr = 0.000034
[epoch 019 train] total = 2.4073 | box = 0.3566 | obj = 0.5835 | cls = 0.0410 | batches = 485 | time = 216.4s
[epoch 019 val] total = 2.6774 | box = 0.3859 | obj = 0.6908 | cls = 0.0572 | batches = 43 | time = 16.6s
epoch 020 | step 0001 | total = 2.3801 | box = 0.3562 | obj = 0.5600 | cls = 0.0392 | lr = 0.000016
epoch 020 | step 0020 | total = 2.2006 | box = 0.3186 | obj = 0.5648 | cls = 0.0428 | lr = 0.000016
epoch 020 | step 0040 | total = 2.4122 | box = 0.3559 | obj = 0.5916 | cls = 0.0413 | lr = 0.000016
epoch 020 | step 0060 | total = 2.3762 | box = 0.3509 | obj = 0.5821 | cls = 0.0393 | lr = 0.000016
epoch 020 | step 0080 | total = 2.2367 | box = 0.3256 | obj = 0.5667 | cls = 0.0421 | lr = 0.000016
epoch 020 | step 0100 | total = 2.4168 | box = 0.3609 | obj = 0.5705 | cls = 0.0417 | lr = 0.000016
epoch 020 | step 0120 | total = 2.0883 | box = 0.2951 | obj = 0.5720 | cls = 0.0411 | lr = 0.000016
epoch 020 | step 0140 | total = 2.3200 | box = 0.3422 | obj = 0.5694 | cls = 0.0396 | lr = 0.000016
epoch 020 | step 0160 | total = 2.3231 | box = 0.3412 | obj = 0.5765 | cls = 0.0407 | lr = 0.000016
epoch 020 | step 0180 | total = 2.4436 | box = 0.3629 | obj = 0.5874 | cls = 0.0414 | lr = 0.000016
epoch 020 | step 0200 | total = 2.4666 | box = 0.3667 | obj = 0.5930 | cls = 0.0401 | lr = 0.000016
epoch 020 | step 0220 | total = 2.3031 | box = 0.3371 | obj = 0.5745 | cls = 0.0429 | lr = 0.000016
epoch 020 | step 0240 | total = 2.4692 | box = 0.3652 | obj = 0.6018 | cls = 0.0414 | lr = 0.000016
epoch 020 | step 0260 | total = 2.4256 | box = 0.3629 | obj = 0.5700 | cls = 0.0411 | lr = 0.000016
epoch 020 | step 0280 | total = 2.2701 | box = 0.3325 | obj = 0.5673 | cls = 0.0401 | lr = 0.000016
epoch 020 | step 0300 | total = 2.3392 | box = 0.3450 | obj = 0.5746 | cls = 0.0396 | lr = 0.000016
epoch 020 | step 0320 | total = 2.4883 | box = 0.3737 | obj = 0.5800 | cls = 0.0400 | lr = 0.000016
epoch 020 | step 0340 | total = 2.2124 | box = 0.3170 | obj = 0.5841 | cls = 0.0435 | lr = 0.000016
epoch 020 | step 0360 | total = 2.4709 | box = 0.3696 | obj = 0.5811 | cls = 0.0416 | lr = 0.000016
epoch 020 | step 0380 | total = 2.3265 | box = 0.3400 | obj = 0.5871 | cls = 0.0392 | lr = 0.000016
epoch 020 | step 0400 | total = 2.4107 | box = 0.3568 | obj = 0.5852 | cls = 0.0414 | lr = 0.000016
epoch 020 | step 0420 | total = 2.3101 | box = 0.3390 | obj = 0.5733 | cls = 0.0419 | lr = 0.000016
epoch 020 | step 0440 | total = 2.3928 | box = 0.3544 | obj = 0.5811 | cls = 0.0395 | lr = 0.000016
epoch 020 | step 0460 | total = 2.4531 | box = 0.3668 | obj = 0.5773 | cls = 0.0419 | lr = 0.000016
epoch 020 | step 0480 | total = 2.3275 | box = 0.3423 | obj = 0.5755 | cls = 0.0404 | lr = 0.000016
[epoch 020 train] total = 2.3785 | box = 0.3516 | obj = 0.5798 | cls = 0.0409 | batches = 485 | time = 215.7s
[epoch 020 val] total = 2.6830 | box = 0.3859 | obj = 0.6967 | cls = 0.0569 | batches = 43 | time = 16.8s
training status: completed
result summary: logs/records/deep_residual_three_box_v5box_softobj_shapematch_tight_20260419_201922/result.txt
