{
  "anchors": [
    [
      0.052141,
      0.076305
    ],
    [
      0.199926,
      0.288289
    ],
    [
      0.609263,
      0.649287
    ]
  ],
  "batch_size": 1.0,
  "box_parameterization": "yolov5",
  "checkpoint_path": "/home/lidz/YOLO/yolov0/outputs/deep_residual_three_box_dynamicassign_20260420_030501/best.pth",
  "config_path": "/home/lidz/YOLO/yolov0/configs/deep_residual_three_box_dynamicassign.toml",
  "conv2d_flops": 42657331200.0,
  "device": "cuda",
  "duration_seconds": 1.0161996290553361,
  "false_positives": 318835.0,
  "images_per_second": 98.40586154608269,
  "linear_flops": 0.0,
  "map50": 0.0861282357282913,
  "measure_iters": 100.0,
  "milliseconds_per_batch": 10.161996290553361,
  "model_name": "deep_residual",
  "num_boxes": 3,
  "num_evaluated_classes": 79.0,
  "num_ground_truth": 52568.0,
  "num_predictions": 334960.0,
  "num_samples": 10823.0,
  "output_shape": [
    1,
    10,
    10,
    255
  ],
  "params_total": 28921951,
  "params_trainable": 28921951,
  "precision": 0.04814007642703606,
  "recall": 0.3067455486227363,
  "split": "val",
  "total_flops": 42657331200.0,
  "total_gflops": 42.6573312,
  "true_positives": 16125.0,
  "warmup_iters": 20.0
}
creating index...
index created!
Loading and preparing results...
DONE (t=0.55s)
creating index...
index created!
Running per image evaluation...
Evaluate annotation type *bbox*
DONE (t=15.98s).
Accumulating evaluation results...
DONE (t=3.54s).
 Average Precision  (AP) @[ IoU=0.50:0.95 | area=   all | maxDets=100 ] = 0.000
 Average Precision  (AP) @[ IoU=0.50      | area=   all | maxDets=100 ] = 0.001
 Average Precision  (AP) @[ IoU=0.75      | area=   all | maxDets=100 ] = 0.000
 Average Precision  (AP) @[ IoU=0.50:0.95 | area= small | maxDets=100 ] = 0.000
 Average Precision  (AP) @[ IoU=0.50:0.95 | area=medium | maxDets=100 ] = 0.000
 Average Precision  (AP) @[ IoU=0.50:0.95 | area= large | maxDets=100 ] = 0.000
 Average Recall     (AR) @[ IoU=0.50:0.95 | area=   all | maxDets=  1 ] = 0.001
 Average Recall     (AR) @[ IoU=0.50:0.95 | area=   all | maxDets= 10 ] = 0.003
 Average Recall     (AR) @[ IoU=0.50:0.95 | area=   all | maxDets=100 ] = 0.003
 Average Recall     (AR) @[ IoU=0.50:0.95 | area= small | maxDets=100 ] = 0.000
 Average Recall     (AR) @[ IoU=0.50:0.95 | area=medium | maxDets=100 ] = 0.002
 Average Recall     (AR) @[ IoU=0.50:0.95 | area= large | maxDets=100 ] = 0.005
{
  "anchors": [
    [
      0.052141,
      0.076305
    ],
    [
      0.199926,
      0.288289
    ],
    [
      0.609263,
      0.649287
    ]
  ],
  "batch_size": 1.0,
  "box_parameterization": "yolov5",
  "checkpoint_path": "/home/lidz/YOLO/yolov0/outputs/deep_residual_three_box_dynamicassign_20260420_030501/best.pth",
  "coco_ap": 0.00029852154910498164,
  "coco_ap50": 0.0011497954139662162,
  "coco_ap75": 0.00011954564976743737,
  "coco_ar1": 0.0010889366818011537,
  "coco_ar10": 0.0026398920906593325,
  "coco_ar100": 0.0030966401447361526,
  "config_path": "/home/lidz/YOLO/yolov0/configs/deep_residual_three_box_dynamicassign.toml",
  "conv2d_flops": 42657331200.0,
  "device": "cuda",
  "duration_seconds": 0.9459539459785447,
  "images_per_second": 105.71339167738735,
  "linear_flops": 0.0,
  "manifest_path": "/home/lidz/YOLO/DataSet/Unified/manifests/coco2017_val.jsonl",
  "measure_iters": 100.0,
  "milliseconds_per_batch": 9.459539459785447,
  "model_name": "deep_residual",
  "num_boxes": 3,
  "num_predictions": 174573.0,
  "num_samples": 5000.0,
  "output_shape": [
    1,
    10,
    10,
    255
  ],
  "params_total": 28921951,
  "params_trainable": 28921951,
  "total_flops": 42657331200.0,
  "total_gflops": 42.6573312,
  "warmup_iters": 20.0
}
Traceback (most recent call last):
  File "/home/lidz/YOLO/yolov0/tools/finalize_round5c.py", line 473, in <module>
    raise SystemExit(main())
  File "/home/lidz/YOLO/yolov0/tools/finalize_round5c.py", line 468, in main
    finalize(args)
  File "/home/lidz/YOLO/yolov0/tools/finalize_round5c.py", line 433, in finalize
    write_text(summary_path, build_summary_md(run_id, result_metrics, internal_eval, coco_eval))
  File "/home/lidz/YOLO/yolov0/tools/finalize_round5c.py", line 332, in build_summary_md
    | COCO AP50 | `0.000814` | `{coco_eval['ap50']:.6f}` | 待本轮结论解释 |
KeyError: 'ap50'
