This is pdfTeX, Version 3.141592653-2.6-1.40.25 (TeX Live 2023/Debian) (preloaded format=pdflatex 2026.4.8)  5 MAY 2026 21:23
entering extended mode
 restricted \write18 enabled.
 %&-line parsing enabled.
**5.6Ê±áÊä•.tex
(./5.6Ê±áÊä•.tex
LaTeX2e <2023-11-01> patch level 1
L3 programming layer <2024-01-22>
(/usr/share/texlive/texmf-dist/tex/latex/base/article.cls
Document Class: article 2023/05/17 v1.4n Standard LaTeX document class
(/usr/share/texlive/texmf-dist/tex/latex/base/size11.clo
File: size11.clo 2023/05/17 v1.4n Standard LaTeX file (size option)
)
\c@part=\count187
\c@section=\count188
\c@subsection=\count189
\c@subsubsection=\count190
\c@paragraph=\count191
\c@subparagraph=\count192
\c@figure=\count193
\c@table=\count194
\abovecaptionskip=\skip48
\belowcaptionskip=\skip49
\bibindent=\dimen140
)
(/tmp/yolo_texlive_extract/usr/share/texmf/tex/latex/CJK/CJKutf8.sty
Package: CJKutf8 2021/10/16 4.8.5

(/usr/share/texlive/texmf-dist/tex/generic/iftex/ifpdf.sty
Package: ifpdf 2019/10/25 v3.4 ifpdf legacy package. Use iftex instead.

(/usr/share/texlive/texmf-dist/tex/generic/iftex/iftex.sty
Package: iftex 2022/02/03 v1.0f TeX engine tests
))
(/usr/share/texlive/texmf-dist/tex/latex/base/inputenc.sty
Package: inputenc 2021/02/14 v1.3d Input encoding file
\inpenc@prehook=\toks17
\inpenc@posthook=\toks18
)
(/tmp/yolo_texlive_extract/usr/share/texmf/tex/latex/CJK/CJK.sty
Package: CJK 2021/10/16 4.8.5

(/tmp/yolo_texlive_extract/usr/share/texmf/tex/latex/CJK/mule/MULEenc.sty
Package: MULEenc 2021/10/16 4.8.5
)
(/tmp/yolo_texlive_extract/usr/share/texmf/tex/latex/CJK/CJK.enc
File: CJK.enc 2021/10/16 4.8.5
Now handling font encoding C00 ...
... no UTF-8 mapping file for font encoding C00
Now handling font encoding C05 ...
... no UTF-8 mapping file for font encoding C05
Now handling font encoding C09 ...
... no UTF-8 mapping file for font encoding C09
Now handling font encoding C10 ...
... no UTF-8 mapping file for font encoding C10
Now handling font encoding C20 ...
... no UTF-8 mapping file for font encoding C20
Now handling font encoding C19 ...
... no UTF-8 mapping file for font encoding C19
Now handling font encoding C40 ...
... no UTF-8 mapping file for font encoding C40
Now handling font encoding C42 ...
... no UTF-8 mapping file for font encoding C42
Now handling font encoding C43 ...
... no UTF-8 mapping file for font encoding C43
Now handling font encoding C50 ...
... no UTF-8 mapping file for font encoding C50
Now handling font encoding C52 ...
... no UTF-8 mapping file for font encoding C52
Now handling font encoding C49 ...
... no UTF-8 mapping file for font encoding C49
Now handling font encoding C60 ...
... no UTF-8 mapping file for font encoding C60
Now handling font encoding C61 ...
... no UTF-8 mapping file for font encoding C61
Now handling font encoding C63 ...
... no UTF-8 mapping file for font encoding C63
Now handling font encoding C64 ...
... no UTF-8 mapping file for font encoding C64
Now handling font encoding C65 ...
... no UTF-8 mapping file for font encoding C65
Now handling font encoding C70 ...
... no UTF-8 mapping file for font encoding C70
Now handling font encoding C31 ...
... no UTF-8 mapping file for font encoding C31
Now handling font encoding C32 ...
... no UTF-8 mapping file for font encoding C32
Now handling font encoding C33 ...
... no UTF-8 mapping file for font encoding C33
Now handling font encoding C34 ...
... no UTF-8 mapping file for font encoding C34
Now handling font encoding C35 ...
... no UTF-8 mapping file for font encoding C35
Now handling font encoding C36 ...
... no UTF-8 mapping file for font encoding C36
Now handling font encoding C37 ...
... no UTF-8 mapping file for font encoding C37
Now handling font encoding C80 ...
... no UTF-8 mapping file for font encoding C80
Now handling font encoding C81 ...
... no UTF-8 mapping file for font encoding C81
Now handling font encoding C01 ...
... no UTF-8 mapping file for font encoding C01
Now handling font encoding C11 ...
... no UTF-8 mapping file for font encoding C11
Now handling font encoding C21 ...
... no UTF-8 mapping file for font encoding C21
Now handling font encoding C41 ...
... no UTF-8 mapping file for font encoding C41
Now handling font encoding C62 ...
... no UTF-8 mapping file for font encoding C62
)
\CJK@indent=\box51
)
(/usr/share/texlive/texmf-dist/tex/latex/base/fontenc.sty
Package: fontenc 2021/04/29 v2.0v Standard LaTeX package
))
(/usr/share/texlive/texmf-dist/tex/latex/amsmath/amsmath.sty
Package: amsmath 2023/05/13 v2.17o AMS math features
\@mathmargin=\skip50

For additional information on amsmath, use the `?' option.
(/usr/share/texlive/texmf-dist/tex/latex/amsmath/amstext.sty
Package: amstext 2021/08/26 v2.01 AMS text

(/usr/share/texlive/texmf-dist/tex/latex/amsmath/amsgen.sty
File: amsgen.sty 1999/11/30 v2.0 generic functions
\@emptytoks=\toks19
\ex@=\dimen141
))
(/usr/share/texlive/texmf-dist/tex/latex/amsmath/amsbsy.sty
Package: amsbsy 1999/11/29 v1.2d Bold Symbols
\pmbraise@=\dimen142
)
(/usr/share/texlive/texmf-dist/tex/latex/amsmath/amsopn.sty
Package: amsopn 2022/04/08 v2.04 operator names
)
\inf@bad=\count195
LaTeX Info: Redefining \frac on input line 234.
\uproot@=\count196
\leftroot@=\count197
LaTeX Info: Redefining \overline on input line 399.
LaTeX Info: Redefining \colon on input line 410.
\classnum@=\count198
\DOTSCASE@=\count199
LaTeX Info: Redefining \ldots on input line 496.
LaTeX Info: Redefining \dots on input line 499.
LaTeX Info: Redefining \cdots on input line 620.
\Mathstrutbox@=\box52
\strutbox@=\box53
LaTeX Info: Redefining \big on input line 722.
LaTeX Info: Redefining \Big on input line 723.
LaTeX Info: Redefining \bigg on input line 724.
LaTeX Info: Redefining \Bigg on input line 725.
\big@size=\dimen143
LaTeX Font Info:    Redeclaring font encoding OML on input line 743.
LaTeX Font Info:    Redeclaring font encoding OMS on input line 744.
\macc@depth=\count266
LaTeX Info: Redefining \bmod on input line 905.
LaTeX Info: Redefining \pmod on input line 910.
LaTeX Info: Redefining \smash on input line 940.
LaTeX Info: Redefining \relbar on input line 970.
LaTeX Info: Redefining \Relbar on input line 971.
\c@MaxMatrixCols=\count267
\dotsspace@=\muskip16
\c@parentequation=\count268
\dspbrk@lvl=\count269
\tag@help=\toks20
\row@=\count270
\column@=\count271
\maxfields@=\count272
\andhelp@=\toks21
\eqnshift@=\dimen144
\alignsep@=\dimen145
\tagshift@=\dimen146
\tagwidth@=\dimen147
\totwidth@=\dimen148
\lineht@=\dimen149
\@envbody=\toks22
\multlinegap=\skip51
\multlinetaggap=\skip52
\mathdisplay@stack=\toks23
LaTeX Info: Redefining \[ on input line 2953.
LaTeX Info: Redefining \] on input line 2954.
)
(/usr/share/texlive/texmf-dist/tex/latex/amsfonts/amssymb.sty
Package: amssymb 2013/01/14 v3.01 AMS font symbols

(/usr/share/texlive/texmf-dist/tex/latex/amsfonts/amsfonts.sty
Package: amsfonts 2013/01/14 v3.01 Basic AMSFonts support
\symAMSa=\mathgroup4
\symAMSb=\mathgroup5
LaTeX Font Info:    Redeclaring math symbol \hbar on input line 98.
LaTeX Font Info:    Overwriting math alphabet `\mathfrak' in version `bold'
(Font)                  U/euf/m/n --> U/euf/b/n on input line 106.
))
(/usr/share/texlive/texmf-dist/tex/latex/booktabs/booktabs.sty
Package: booktabs 2020/01/12 v1.61803398 Publication quality tables
\heavyrulewidth=\dimen150
\lightrulewidth=\dimen151
\cmidrulewidth=\dimen152
\belowrulesep=\dimen153
\belowbottomsep=\dimen154
\aboverulesep=\dimen155
\abovetopsep=\dimen156
\cmidrulesep=\dimen157
\cmidrulekern=\dimen158
\defaultaddspace=\dimen159
\@cmidla=\count273
\@cmidlb=\count274
\@aboverulesep=\dimen160
\@belowrulesep=\dimen161
\@thisruleclass=\count275
\@lastruleclass=\count276
\@thisrulewidth=\dimen162
)
(/usr/share/texlive/texmf-dist/tex/latex/graphics/graphicx.sty
Package: graphicx 2021/09/16 v1.2d Enhanced LaTeX Graphics (DPC,SPQR)

(/usr/share/texlive/texmf-dist/tex/latex/graphics/keyval.sty
Package: keyval 2022/05/29 v1.15 key=value parser (DPC)
\KV@toks@=\toks24
)
(/usr/share/texlive/texmf-dist/tex/latex/graphics/graphics.sty
Package: graphics 2022/03/10 v1.4e Standard LaTeX Graphics (DPC,SPQR)

(/usr/share/texlive/texmf-dist/tex/latex/graphics/trig.sty
Package: trig 2021/08/11 v1.11 sin cos tan (DPC)
)
(/usr/share/texlive/texmf-dist/tex/latex/graphics-cfg/graphics.cfg
File: graphics.cfg 2016/06/04 v1.11 sample graphics configuration
)
Package graphics Info: Driver file: pdftex.def on input line 107.

(/usr/share/texlive/texmf-dist/tex/latex/graphics-def/pdftex.def
File: pdftex.def 2022/09/22 v1.2b Graphics/color driver for pdftex
))
\Gin@req@height=\dimen163
\Gin@req@width=\dimen164
)
(/usr/share/texlive/texmf-dist/tex/latex/float/float.sty
Package: float 2001/11/08 v1.3d Float enhancements (AL)
\c@float@type=\count277
\float@exts=\toks25
\float@box=\box54
\@float@everytoks=\toks26
\@floatcapt=\box55
)
(/usr/share/texlive/texmf-dist/tex/latex/geometry/geometry.sty
Package: geometry 2020/01/02 v5.9 Page Geometry

(/usr/share/texlive/texmf-dist/tex/generic/iftex/ifvtex.sty
Package: ifvtex 2019/10/25 v1.7 ifvtex legacy package. Use iftex instead.
)
\Gm@cnth=\count278
\Gm@cntv=\count279
\c@Gm@tempcnt=\count280
\Gm@bindingoffset=\dimen165
\Gm@wd@mp=\dimen166
\Gm@odd@mp=\dimen167
\Gm@even@mp=\dimen168
\Gm@layoutwidth=\dimen169
\Gm@layoutheight=\dimen170
\Gm@layouthoffset=\dimen171
\Gm@layoutvoffset=\dimen172
\Gm@dimlist=\toks27
)
(/usr/share/texlive/texmf-dist/tex/latex/tools/array.sty
Package: array 2023/10/16 v2.5g Tabular extension package (FMi)
\col@sep=\dimen173
\ar@mcellbox=\box56
\extrarowheight=\dimen174
\NC@list=\toks28
\extratabsurround=\skip53
\backup@length=\skip54
\ar@cellbox=\box57
)
(/usr/share/texlive/texmf-dist/tex/latex/tools/longtable.sty
Package: longtable 2023-11-01 v4.19 Multi-page Table package (DPC)
\LTleft=\skip55
\LTright=\skip56
\LTpre=\skip57
\LTpost=\skip58
\LTchunksize=\count281
\LTcapwidth=\dimen175
\LT@head=\box58
\LT@firsthead=\box59
\LT@foot=\box60
\LT@lastfoot=\box61
\LT@gbox=\box62
\LT@cols=\count282
\LT@rows=\count283
\c@LT@tables=\count284
\c@LT@chunks=\count285
\LT@p@ftn=\toks29
)
(/usr/share/texlive/texmf-dist/tex/latex/xcolor/xcolor.sty
Package: xcolor 2023/11/15 v3.01 LaTeX color extensions (UK)

(/usr/share/texlive/texmf-dist/tex/latex/graphics-cfg/color.cfg
File: color.cfg 2016/01/02 v1.6 sample color configuration
)
Package xcolor Info: Driver file: pdftex.def on input line 274.

(/usr/share/texlive/texmf-dist/tex/latex/graphics/mathcolor.ltx)
Package xcolor Info: Model `cmy' substituted by `cmy0' on input line 1350.
Package xcolor Info: Model `hsb' substituted by `rgb' on input line 1354.
Package xcolor Info: Model `RGB' extended on input line 1366.
Package xcolor Info: Model `HTML' substituted by `rgb' on input line 1368.
Package xcolor Info: Model `Hsb' substituted by `hsb' on input line 1369.
Package xcolor Info: Model `tHsb' substituted by `hsb' on input line 1370.
Package xcolor Info: Model `HSB' substituted by `hsb' on input line 1371.
Package xcolor Info: Model `Gray' substituted by `gray' on input line 1372.
Package xcolor Info: Model `wave' substituted by `hsb' on input line 1373.
)
(/usr/share/texlive/texmf-dist/tex/latex/enumitem/enumitem.sty
Package: enumitem 2019/06/20 v3.9 Customized lists
\labelindent=\skip59
\enit@outerparindent=\dimen176
\enit@toks=\toks30
\enit@inbox=\box63
\enit@count@id=\count286
\enitdp@description=\count287
)
(/usr/share/texlive/texmf-dist/tex/latex/pgfplots/pgfplots.sty
(/usr/share/texlive/texmf-dist/tex/generic/pgfplots/pgfplots.revision.tex)
Package: pgfplots 2021/05/15 v1.18.1 Data Visualization (1.18.1)

(/usr/share/texlive/texmf-dist/tex/latex/pgf/frontendlayer/tikz.sty
(/usr/share/texlive/texmf-dist/tex/latex/pgf/basiclayer/pgf.sty
(/usr/share/texlive/texmf-dist/tex/latex/pgf/utilities/pgfrcs.sty
(/usr/share/texlive/texmf-dist/tex/generic/pgf/utilities/pgfutil-common.tex
\pgfutil@everybye=\toks31
\pgfutil@tempdima=\dimen177
\pgfutil@tempdimb=\dimen178
)
(/usr/share/texlive/texmf-dist/tex/generic/pgf/utilities/pgfutil-latex.def
\pgfutil@abb=\box64
)
(/usr/share/texlive/texmf-dist/tex/generic/pgf/utilities/pgfrcs.code.tex
(/usr/share/texlive/texmf-dist/tex/generic/pgf/pgf.revision.tex)
Package: pgfrcs 2023-01-15 v3.1.10 (3.1.10)
))
Package: pgf 2023-01-15 v3.1.10 (3.1.10)

(/usr/share/texlive/texmf-dist/tex/latex/pgf/basiclayer/pgfcore.sty
(/usr/share/texlive/texmf-dist/tex/latex/pgf/systemlayer/pgfsys.sty
(/usr/share/texlive/texmf-dist/tex/generic/pgf/systemlayer/pgfsys.code.tex
Package: pgfsys 2023-01-15 v3.1.10 (3.1.10)

(/usr/share/texlive/texmf-dist/tex/generic/pgf/utilities/pgfkeys.code.tex
\pgfkeys@pathtoks=\toks32
\pgfkeys@temptoks=\toks33

(/usr/share/texlive/texmf-dist/tex/generic/pgf/utilities/pgfkeyslibraryfiltered
.code.tex
\pgfkeys@tmptoks=\toks34
))
\pgf@x=\dimen179
\pgf@y=\dimen180
\pgf@xa=\dimen181
\pgf@ya=\dimen182
\pgf@xb=\dimen183
\pgf@yb=\dimen184
\pgf@xc=\dimen185
\pgf@yc=\dimen186
\pgf@xd=\dimen187
\pgf@yd=\dimen188
\w@pgf@writea=\write3
\r@pgf@reada=\read2
\c@pgf@counta=\count288
\c@pgf@countb=\count289
\c@pgf@countc=\count290
\c@pgf@countd=\count291
\t@pgf@toka=\toks35
\t@pgf@tokb=\toks36
\t@pgf@tokc=\toks37
\pgf@sys@id@count=\count292
 (/usr/share/texlive/texmf-dist/tex/generic/pgf/systemlayer/pgf.cfg
File: pgf.cfg 2023-01-15 v3.1.10 (3.1.10)
)
Driver file for pgf: pgfsys-pdftex.def
(/usr/share/texlive/texmf-dist/tex/generic/pgf/systemlayer/pgfsys-pdftex.def
File: pgfsys-pdftex.def 2023-01-15 v3.1.10 (3.1.10)

(/usr/share/texlive/texmf-dist/tex/generic/pgf/systemlayer/pgfsys-common-pdf.de
f
File: pgfsys-common-pdf.def 2023-01-15 v3.1.10 (3.1.10)
)))
(/usr/share/texlive/texmf-dist/tex/generic/pgf/systemlayer/pgfsyssoftpath.code.
tex
File: pgfsyssoftpath.code.tex 2023-01-15 v3.1.10 (3.1.10)
\pgfsyssoftpath@smallbuffer@items=\count293
\pgfsyssoftpath@bigbuffer@items=\count294
)
(/usr/share/texlive/texmf-dist/tex/generic/pgf/systemlayer/pgfsysprotocol.code.
tex
File: pgfsysprotocol.code.tex 2023-01-15 v3.1.10 (3.1.10)
))
(/usr/share/texlive/texmf-dist/tex/generic/pgf/basiclayer/pgfcore.code.tex
Package: pgfcore 2023-01-15 v3.1.10 (3.1.10)

(/usr/share/texlive/texmf-dist/tex/generic/pgf/math/pgfmath.code.tex
(/usr/share/texlive/texmf-dist/tex/generic/pgf/math/pgfmathutil.code.tex)
(/usr/share/texlive/texmf-dist/tex/generic/pgf/math/pgfmathparser.code.tex
\pgfmath@dimen=\dimen189
\pgfmath@count=\count295
\pgfmath@box=\box65
\pgfmath@toks=\toks38
\pgfmath@stack@operand=\toks39
\pgfmath@stack@operation=\toks40
)
(/usr/share/texlive/texmf-dist/tex/generic/pgf/math/pgfmathfunctions.code.tex)
(/usr/share/texlive/texmf-dist/tex/generic/pgf/math/pgfmathfunctions.basic.code
.tex)
(/usr/share/texlive/texmf-dist/tex/generic/pgf/math/pgfmathfunctions.trigonomet
ric.code.tex)
(/usr/share/texlive/texmf-dist/tex/generic/pgf/math/pgfmathfunctions.random.cod
e.tex)
(/usr/share/texlive/texmf-dist/tex/generic/pgf/math/pgfmathfunctions.comparison
.code.tex)
(/usr/share/texlive/texmf-dist/tex/generic/pgf/math/pgfmathfunctions.base.code.
tex)
(/usr/share/texlive/texmf-dist/tex/generic/pgf/math/pgfmathfunctions.round.code
.tex)
(/usr/share/texlive/texmf-dist/tex/generic/pgf/math/pgfmathfunctions.misc.code.
tex)
(/usr/share/texlive/texmf-dist/tex/generic/pgf/math/pgfmathfunctions.integerari
thmetics.code.tex)
(/usr/share/texlive/texmf-dist/tex/generic/pgf/math/pgfmathcalc.code.tex)
(/usr/share/texlive/texmf-dist/tex/generic/pgf/math/pgfmathfloat.code.tex
\c@pgfmathroundto@lastzeros=\count296
))
(/usr/share/texlive/texmf-dist/tex/generic/pgf/math/pgfint.code.tex)
(/usr/share/texlive/texmf-dist/tex/generic/pgf/basiclayer/pgfcorepoints.code.te
x
File: pgfcorepoints.code.tex 2023-01-15 v3.1.10 (3.1.10)
\pgf@picminx=\dimen190
\pgf@picmaxx=\dimen191
\pgf@picminy=\dimen192
\pgf@picmaxy=\dimen193
\pgf@pathminx=\dimen194
\pgf@pathmaxx=\dimen195
\pgf@pathminy=\dimen196
\pgf@pathmaxy=\dimen197
\pgf@xx=\dimen198
\pgf@xy=\dimen199
\pgf@yx=\dimen256
\pgf@yy=\dimen257
\pgf@zx=\dimen258
\pgf@zy=\dimen259
)
(/usr/share/texlive/texmf-dist/tex/generic/pgf/basiclayer/pgfcorepathconstruct.
code.tex
File: pgfcorepathconstruct.code.tex 2023-01-15 v3.1.10 (3.1.10)
\pgf@path@lastx=\dimen260
\pgf@path@lasty=\dimen261
)
(/usr/share/texlive/texmf-dist/tex/generic/pgf/basiclayer/pgfcorepathusage.code
.tex
File: pgfcorepathusage.code.tex 2023-01-15 v3.1.10 (3.1.10)
\pgf@shorten@end@additional=\dimen262
\pgf@shorten@start@additional=\dimen263
)
(/usr/share/texlive/texmf-dist/tex/generic/pgf/basiclayer/pgfcorescopes.code.te
x
File: pgfcorescopes.code.tex 2023-01-15 v3.1.10 (3.1.10)
\pgfpic=\box66
\pgf@hbox=\box67
\pgf@layerbox@main=\box68
\pgf@picture@serial@count=\count297
)
(/usr/share/texlive/texmf-dist/tex/generic/pgf/basiclayer/pgfcoregraphicstate.c
ode.tex
File: pgfcoregraphicstate.code.tex 2023-01-15 v3.1.10 (3.1.10)
\pgflinewidth=\dimen264
)
(/usr/share/texlive/texmf-dist/tex/generic/pgf/basiclayer/pgfcoretransformation
s.code.tex
File: pgfcoretransformations.code.tex 2023-01-15 v3.1.10 (3.1.10)
\pgf@pt@x=\dimen265
\pgf@pt@y=\dimen266
\pgf@pt@temp=\dimen267
)
(/usr/share/texlive/texmf-dist/tex/generic/pgf/basiclayer/pgfcorequick.code.tex
File: pgfcorequick.code.tex 2023-01-15 v3.1.10 (3.1.10)
)
(/usr/share/texlive/texmf-dist/tex/generic/pgf/basiclayer/pgfcoreobjects.code.t
ex
File: pgfcoreobjects.code.tex 2023-01-15 v3.1.10 (3.1.10)
)
(/usr/share/texlive/texmf-dist/tex/generic/pgf/basiclayer/pgfcorepathprocessing
.code.tex
File: pgfcorepathprocessing.code.tex 2023-01-15 v3.1.10 (3.1.10)
)
(/usr/share/texlive/texmf-dist/tex/generic/pgf/basiclayer/pgfcorearrows.code.te
x
File: pgfcorearrows.code.tex 2023-01-15 v3.1.10 (3.1.10)
\pgfarrowsep=\dimen268
)
(/usr/share/texlive/texmf-dist/tex/generic/pgf/basiclayer/pgfcoreshade.code.tex
File: pgfcoreshade.code.tex 2023-01-15 v3.1.10 (3.1.10)
\pgf@max=\dimen269
\pgf@sys@shading@range@num=\count298
\pgf@shadingcount=\count299
)
(/usr/share/texlive/texmf-dist/tex/generic/pgf/basiclayer/pgfcoreimage.code.tex
File: pgfcoreimage.code.tex 2023-01-15 v3.1.10 (3.1.10)
)
(/usr/share/texlive/texmf-dist/tex/generic/pgf/basiclayer/pgfcoreexternal.code.
tex
File: pgfcoreexternal.code.tex 2023-01-15 v3.1.10 (3.1.10)
\pgfexternal@startupbox=\box69
)
(/usr/share/texlive/texmf-dist/tex/generic/pgf/basiclayer/pgfcorelayers.code.te
x
File: pgfcorelayers.code.tex 2023-01-15 v3.1.10 (3.1.10)
)
(/usr/share/texlive/texmf-dist/tex/generic/pgf/basiclayer/pgfcoretransparency.c
ode.tex
File: pgfcoretransparency.code.tex 2023-01-15 v3.1.10 (3.1.10)
)
(/usr/share/texlive/texmf-dist/tex/generic/pgf/basiclayer/pgfcorepatterns.code.
tex
File: pgfcorepatterns.code.tex 2023-01-15 v3.1.10 (3.1.10)
)
(/usr/share/texlive/texmf-dist/tex/generic/pgf/basiclayer/pgfcorerdf.code.tex
File: pgfcorerdf.code.tex 2023-01-15 v3.1.10 (3.1.10)
)))
(/usr/share/texlive/texmf-dist/tex/generic/pgf/modules/pgfmoduleshapes.code.tex
File: pgfmoduleshapes.code.tex 2023-01-15 v3.1.10 (3.1.10)
\pgfnodeparttextbox=\box70
) (/usr/share/texlive/texmf-dist/tex/generic/pgf/modules/pgfmoduleplot.code.tex
File: pgfmoduleplot.code.tex 2023-01-15 v3.1.10 (3.1.10)
)
(/usr/share/texlive/texmf-dist/tex/latex/pgf/compatibility/pgfcomp-version-0-65
.sty
Package: pgfcomp-version-0-65 2023-01-15 v3.1.10 (3.1.10)
\pgf@nodesepstart=\dimen270
\pgf@nodesepend=\dimen271
)
(/usr/share/texlive/texmf-dist/tex/latex/pgf/compatibility/pgfcomp-version-1-18
.sty
Package: pgfcomp-version-1-18 2023-01-15 v3.1.10 (3.1.10)
)) (/usr/share/texlive/texmf-dist/tex/latex/pgf/utilities/pgffor.sty
(/usr/share/texlive/texmf-dist/tex/latex/pgf/utilities/pgfkeys.sty
(/usr/share/texlive/texmf-dist/tex/generic/pgf/utilities/pgfkeys.code.tex))
(/usr/share/texlive/texmf-dist/tex/latex/pgf/math/pgfmath.sty
(/usr/share/texlive/texmf-dist/tex/generic/pgf/math/pgfmath.code.tex))
(/usr/share/texlive/texmf-dist/tex/generic/pgf/utilities/pgffor.code.tex
Package: pgffor 2023-01-15 v3.1.10 (3.1.10)
\pgffor@iter=\dimen272
\pgffor@skip=\dimen273
\pgffor@stack=\toks41
\pgffor@toks=\toks42
))
(/usr/share/texlive/texmf-dist/tex/generic/pgf/frontendlayer/tikz/tikz.code.tex
Package: tikz 2023-01-15 v3.1.10 (3.1.10)

(/usr/share/texlive/texmf-dist/tex/generic/pgf/libraries/pgflibraryplothandlers
.code.tex
File: pgflibraryplothandlers.code.tex 2023-01-15 v3.1.10 (3.1.10)
\pgf@plot@mark@count=\count300
\pgfplotmarksize=\dimen274
)
\tikz@lastx=\dimen275
\tikz@lasty=\dimen276
\tikz@lastxsaved=\dimen277
\tikz@lastysaved=\dimen278
\tikz@lastmovetox=\dimen279
\tikz@lastmovetoy=\dimen280
\tikzleveldistance=\dimen281
\tikzsiblingdistance=\dimen282
\tikz@figbox=\box71
\tikz@figbox@bg=\box72
\tikz@tempbox=\box73
\tikz@tempbox@bg=\box74
\tikztreelevel=\count301
\tikznumberofchildren=\count302
\tikznumberofcurrentchild=\count303
\tikz@fig@count=\count304

(/usr/share/texlive/texmf-dist/tex/generic/pgf/modules/pgfmodulematrix.code.tex
File: pgfmodulematrix.code.tex 2023-01-15 v3.1.10 (3.1.10)
\pgfmatrixcurrentrow=\count305
\pgfmatrixcurrentcolumn=\count306
\pgf@matrix@numberofcolumns=\count307
)
\tikz@expandcount=\count308

(/usr/share/texlive/texmf-dist/tex/generic/pgf/frontendlayer/tikz/libraries/tik
zlibrarytopaths.code.tex
File: tikzlibrarytopaths.code.tex 2023-01-15 v3.1.10 (3.1.10)
)))
(/usr/share/texlive/texmf-dist/tex/generic/pgfplots/pgfplots.code.tex
(/usr/share/texlive/texmf-dist/tex/generic/pgfplots/pgfplotscore.code.tex
\t@pgfplots@toka=\toks43
\t@pgfplots@tokb=\toks44
\t@pgfplots@tokc=\toks45
\pgfplots@tmpa=\dimen283
\c@pgfplots@coordindex=\count309
\c@pgfplots@scanlineindex=\count310

(/usr/share/texlive/texmf-dist/tex/generic/pgfplots/sys/pgfplotssysgeneric.code
.tex))
(/usr/share/texlive/texmf-dist/tex/generic/pgfplots/libs/pgfplotslibrary.code.t
ex)
(/usr/share/texlive/texmf-dist/tex/generic/pgfplots/oldpgfcompatib/pgfplotsoldp
gfsupp_loader.code.tex
(/usr/share/texlive/texmf-dist/tex/generic/pgf/libraries/pgflibraryfpu.code.tex
)
Package pgfplots: loading complementary utilities for your pgf version...
\t@pgf@toka=\toks46
\t@pgf@tokb=\toks47
\t@pgf@tokc=\toks48

(/usr/share/texlive/texmf-dist/tex/generic/pgfplots/oldpgfcompatib/pgfplotsoldp
gfsupp_pgfutil-common-lists.tex))
(/usr/share/texlive/texmf-dist/tex/generic/pgfplots/util/pgfplotsutil.code.tex
(/usr/share/texlive/texmf-dist/tex/generic/pgfplots/liststructure/pgfplotslists
tructure.code.tex)
(/usr/share/texlive/texmf-dist/tex/generic/pgfplots/liststructure/pgfplotslists
tructureext.code.tex)
(/usr/share/texlive/texmf-dist/tex/generic/pgfplots/liststructure/pgfplotsarray
.code.tex
\c@pgfplotsarray@tmp=\count311
)
(/usr/share/texlive/texmf-dist/tex/generic/pgfplots/liststructure/pgfplotsmatri
x.code.tex)
(/usr/share/texlive/texmf-dist/tex/generic/pgfplots/numtable/pgfplotstableshare
d.code.tex
\c@pgfplotstable@counta=\count312
\t@pgfplotstable@a=\toks49
)
(/usr/share/texlive/texmf-dist/tex/generic/pgfplots/liststructure/pgfplotsdeque
.code.tex)
(/usr/share/texlive/texmf-dist/tex/generic/pgfplots/util/pgfplotsbinary.code.te
x
(/usr/share/texlive/texmf-dist/tex/generic/pgfplots/util/pgfplotsbinary.data.co
de.tex))
(/usr/share/texlive/texmf-dist/tex/generic/pgfplots/util/pgfplotsutil.verb.code
.tex)
(/usr/share/texlive/texmf-dist/tex/generic/pgfplots/libs/pgflibrarypgfplots.sur
fshading.code.tex
\c@pgfplotslibrarysurf@no=\count313

(/usr/share/texlive/texmf-dist/tex/generic/pgfplots/sys/pgflibrarypgfplots.surf
shading.pgfsys-pdftex.def)))
(/usr/share/texlive/texmf-dist/tex/generic/pgfplots/util/pgfplotscolormap.code.
tex
(/usr/share/texlive/texmf-dist/tex/generic/pgfplots/util/pgfplotscolor.code.tex
))
(/usr/share/texlive/texmf-dist/tex/generic/pgfplots/pgfplotsstackedplots.code.t
ex)
(/usr/share/texlive/texmf-dist/tex/generic/pgfplots/pgfplotsplothandlers.code.t
ex
(/usr/share/texlive/texmf-dist/tex/generic/pgfplots/pgfplotsmeshplothandler.cod
e.tex
(/usr/share/texlive/texmf-dist/tex/generic/pgfplots/pgfplotsmeshplotimage.code.
tex)))
(/usr/share/texlive/texmf-dist/tex/generic/pgfplots/pgfplots.scaling.code.tex)
(/usr/share/texlive/texmf-dist/tex/generic/pgfplots/pgfplotscoordprocessing.cod
e.tex)
(/usr/share/texlive/texmf-dist/tex/generic/pgfplots/pgfplots.errorbars.code.tex
) (/usr/share/texlive/texmf-dist/tex/generic/pgfplots/pgfplots.markers.code.tex
) (/usr/share/texlive/texmf-dist/tex/generic/pgfplots/pgfplotsticks.code.tex)
(/usr/share/texlive/texmf-dist/tex/generic/pgfplots/pgfplots.paths.code.tex)
(/usr/share/texlive/texmf-dist/tex/generic/pgf/frontendlayer/tikz/libraries/tik
zlibrarydecorations.code.tex
(/usr/share/texlive/texmf-dist/tex/generic/pgf/modules/pgfmoduledecorations.cod
e.tex
\pgfdecoratedcompleteddistance=\dimen284
\pgfdecoratedremainingdistance=\dimen285
\pgfdecoratedinputsegmentcompleteddistance=\dimen286
\pgfdecoratedinputsegmentremainingdistance=\dimen287
\pgf@decorate@distancetomove=\dimen288
\pgf@decorate@repeatstate=\count314
\pgfdecorationsegmentamplitude=\dimen289
\pgfdecorationsegmentlength=\dimen290
)
\tikz@lib@dec@box=\box75
)
(/usr/share/texlive/texmf-dist/tex/generic/pgf/frontendlayer/tikz/libraries/tik
zlibrarydecorations.pathmorphing.code.tex
(/usr/share/texlive/texmf-dist/tex/generic/pgf/libraries/decorations/pgflibrary
decorations.pathmorphing.code.tex))
(/usr/share/texlive/texmf-dist/tex/generic/pgf/frontendlayer/tikz/libraries/tik
zlibrarydecorations.pathreplacing.code.tex
(/usr/share/texlive/texmf-dist/tex/generic/pgf/libraries/decorations/pgflibrary
decorations.pathreplacing.code.tex))
(/usr/share/texlive/texmf-dist/tex/generic/pgfplots/libs/tikzlibrarypgfplots.co
ntourlua.code.tex)
\pgfplots@numplots=\count315
\pgfplots@xmin@reg=\dimen291
\pgfplots@xmax@reg=\dimen292
\pgfplots@ymin@reg=\dimen293
\pgfplots@ymax@reg=\dimen294
\pgfplots@zmin@reg=\dimen295
\pgfplots@zmax@reg=\dimen296
)
(/usr/share/texlive/texmf-dist/tex/generic/pgf/frontendlayer/tikz/libraries/tik
zlibraryplotmarks.code.tex
File: tikzlibraryplotmarks.code.tex 2023-01-15 v3.1.10 (3.1.10)

(/usr/share/texlive/texmf-dist/tex/generic/pgf/libraries/pgflibraryplotmarks.co
de.tex
File: pgflibraryplotmarks.code.tex 2023-01-15 v3.1.10 (3.1.10)
))){/var/lib/texmf/fonts/map/pdftex/updmap/pdftex.map}{/tmp/yolo_texlive_extrac
t/usr/share/texmf/fonts/map/dvips/arphic/gbsnu.map}
(/usr/share/texlive/texmf-dist/tex/latex/l3backend/l3backend-pdftex.def
File: l3backend-pdftex.def 2024-01-04 L3 backend support: PDF output (pdfTeX)
\l__color_backend_stack_int=\count316
\l__pdf_internal_box=\box76
)
(./5.6Ê±áÊä•.aux)
\openout1 = `5.6Ê±áÊä•.aux'.

LaTeX Font Info:    Checking defaults for OML/cmm/m/it on input line 28.
LaTeX Font Info:    ... okay on input line 28.
LaTeX Font Info:    Checking defaults for OMS/cmsy/m/n on input line 28.
LaTeX Font Info:    ... okay on input line 28.
LaTeX Font Info:    Checking defaults for OT1/cmr/m/n on input line 28.
LaTeX Font Info:    ... okay on input line 28.
LaTeX Font Info:    Checking defaults for T1/cmr/m/n on input line 28.
LaTeX Font Info:    ... okay on input line 28.
LaTeX Font Info:    Checking defaults for TS1/cmr/m/n on input line 28.
LaTeX Font Info:    ... okay on input line 28.
LaTeX Font Info:    Checking defaults for OMX/cmex/m/n on input line 28.
LaTeX Font Info:    ... okay on input line 28.
LaTeX Font Info:    Checking defaults for U/cmr/m/n on input line 28.
LaTeX Font Info:    ... okay on input line 28.
LaTeX Font Info:    Checking defaults for C00/song/m/n on input line 28.
LaTeX Font Info:    ... okay on input line 28.
LaTeX Font Info:    Checking defaults for C05/song/m/n on input line 28.
LaTeX Font Info:    ... okay on input line 28.
LaTeX Font Info:    Checking defaults for C09/song/m/n on input line 28.
LaTeX Font Info:    ... okay on input line 28.
LaTeX Font Info:    Checking defaults for C10/song/m/n on input line 28.
LaTeX Font Info:    ... okay on input line 28.
LaTeX Font Info:    Checking defaults for C20/song/m/n on input line 28.
LaTeX Font Info:    ... okay on input line 28.
LaTeX Font Info:    Checking defaults for C19/song/m/n on input line 28.
LaTeX Font Info:    ... okay on input line 28.
LaTeX Font Info:    Checking defaults for C40/song/m/n on input line 28.
LaTeX Font Info:    ... okay on input line 28.
LaTeX Font Info:    Checking defaults for C42/song/m/n on input line 28.
LaTeX Font Info:    ... okay on input line 28.
LaTeX Font Info:    Checking defaults for C43/song/m/n on input line 28.
LaTeX Font Info:    ... okay on input line 28.
LaTeX Font Info:    Checking defaults for C50/song/m/n on input line 28.
LaTeX Font Info:    ... okay on input line 28.
LaTeX Font Info:    Checking defaults for C52/song/m/n on input line 28.
LaTeX Font Info:    ... okay on input line 28.
LaTeX Font Info:    Checking defaults for C49/song/m/n on input line 28.
LaTeX Font Info:    ... okay on input line 28.
LaTeX Font Info:    Checking defaults for C60/mj/m/n on input line 28.
LaTeX Font Info:    ... okay on input line 28.
LaTeX Font Info:    Checking defaults for C61/mj/m/n on input line 28.
LaTeX Font Info:    ... okay on input line 28.
LaTeX Font Info:    Checking defaults for C63/mj/m/n on input line 28.
LaTeX Font Info:    ... okay on input line 28.
LaTeX Font Info:    Checking defaults for C64/mj/m/n on input line 28.
LaTeX Font Info:    ... okay on input line 28.
LaTeX Font Info:    Checking defaults for C65/mj/m/n on input line 28.
LaTeX Font Info:    ... okay on input line 28.
LaTeX Font Info:    Checking defaults for C70/song/m/n on input line 28.
LaTeX Font Info:    ... okay on input line 28.
LaTeX Font Info:    Checking defaults for C31/song/m/n on input line 28.
LaTeX Font Info:    ... okay on input line 28.
LaTeX Font Info:    Checking defaults for C32/song/m/n on input line 28.
LaTeX Font Info:    ... okay on input line 28.
LaTeX Font Info:    Checking defaults for C33/song/m/n on input line 28.
LaTeX Font Info:    ... okay on input line 28.
LaTeX Font Info:    Checking defaults for C34/song/m/n on input line 28.
LaTeX Font Info:    ... okay on input line 28.
LaTeX Font Info:    Checking defaults for C35/song/m/n on input line 28.
LaTeX Font Info:    ... okay on input line 28.
LaTeX Font Info:    Checking defaults for C36/song/m/n on input line 28.
LaTeX Font Info:    ... okay on input line 28.
LaTeX Font Info:    Checking defaults for C37/song/m/n on input line 28.
LaTeX Font Info:    ... okay on input line 28.
LaTeX Font Info:    Checking defaults for C80/song/m/n on input line 28.
LaTeX Font Info:    ... okay on input line 28.
LaTeX Font Info:    Checking defaults for C81/song/m/n on input line 28.
LaTeX Font Info:    ... okay on input line 28.
LaTeX Font Info:    Checking defaults for C01/song/m/n on input line 28.
LaTeX Font Info:    ... okay on input line 28.
LaTeX Font Info:    Checking defaults for C11/song/m/n on input line 28.
LaTeX Font Info:    ... okay on input line 28.
LaTeX Font Info:    Checking defaults for C21/song/m/n on input line 28.
LaTeX Font Info:    ... okay on input line 28.
LaTeX Font Info:    Checking defaults for C41/song/m/n on input line 28.
LaTeX Font Info:    ... okay on input line 28.
LaTeX Font Info:    Checking defaults for C62/song/m/n on input line 28.
LaTeX Font Info:    ... okay on input line 28.

(/usr/share/texlive/texmf-dist/tex/context/base/mkii/supp-pdf.mkii
[Loading MPS to PDF converter (version 2006.09.02).]
\scratchcounter=\count317
\scratchdimen=\dimen297
\scratchbox=\box77
\nofMPsegments=\count318
\nofMParguments=\count319
\everyMPshowfont=\toks50
\MPscratchCnt=\count320
\MPscratchDim=\dimen298
\MPnumerator=\count321
\makeMPintoPDFobject=\count322
\everyMPtoPDFconversion=\toks51
) (/usr/share/texlive/texmf-dist/tex/latex/epstopdf-pkg/epstopdf-base.sty
Package: epstopdf-base 2020-01-24 v2.11 Base part for package epstopdf
Package epstopdf-base Info: Redefining graphics rule for `.eps' on input line 4
85.

(/usr/share/texlive/texmf-dist/tex/latex/latexconfig/epstopdf-sys.cfg
File: epstopdf-sys.cfg 2010/07/13 v1.3 Configuration of (r)epstopdf for TeX Liv
e
))
*geometry* driver: auto-detecting
*geometry* detected driver: pdftex
*geometry* verbose mode - [ preamble ] result:
* driver: pdftex
* paper: a4paper
* layout: <same size as paper>
* layoutoffset:(h,v)=(0.0pt,0.0pt)
* modes: 
* h-part:(L,W,R)=(68.28644pt, 460.935pt, 68.28644pt)
* v-part:(T,H,B)=(65.44142pt, 714.164pt, 65.44142pt)
* \paperwidth=597.50787pt
* \paperheight=845.04684pt
* \textwidth=460.935pt
* \textheight=714.164pt
* \oddsidemargin=-3.98355pt
* \evensidemargin=-3.98355pt
* \topmargin=-43.82857pt
* \headheight=12.0pt
* \headsep=25.0pt
* \topskip=11.0pt
* \footskip=30.0pt
* \marginparwidth=50.0pt
* \marginparsep=10.0pt
* \columnsep=10.0pt
* \skip\footins=10.0pt plus 4.0pt minus 2.0pt
* \hoffset=0.0pt
* \voffset=0.0pt
* \mag=1000
* \@twocolumnfalse
* \@twosidefalse
* \@mparswitchfalse
* \@reversemarginfalse
* (1in=72.27pt=25.4mm, 1cm=28.453pt)

Package pgfplots notification 'compat/show suggested version=true': document ha
s been generated with the most recent feature set (\pgfplotsset{compat=1.18}).

(/tmp/yolo_texlive_extract/usr/share/texmf/tex/latex/CJK/UTF8/UTF8.bdg
File: UTF8.bdg 2021/10/16 4.8.5
)
(/tmp/yolo_texlive_extract/usr/share/texmf/tex/latex/CJK/UTF8/UTF8.enc
File: UTF8.enc 2021/10/16 4.8.5
)
(/tmp/yolo_texlive_extract/usr/share/texmf/tex/latex/CJK/UTF8/UTF8.chr
File: UTF8.chr 2021/10/16 4.8.5
)
LaTeX Font Info:    Font shape `OT1/cmtt/bx/n' in size <17.28> not available
(Font)              Font shape `OT1/cmtt/m/n' tried instead on input line 32.
LaTeX Font Info:    Trying to load font information for C70+gbsn on input line 
32.

(/tmp/yolo_texlive_extract/usr/share/texmf/tex/latex/CJK/UTF8/c70gbsn.fd
File: c70gbsn.fd 2008/10/03 4.8.1
)
(/tmp/yolo_texlive_extract/usr/share/texmf/tex/latex/CJK/UTF8/c70gbsn.fdx
File: c70gbsn.fdx 2012/05/07 4.8.3
)
Overfull \hbox (1.76512pt too wide) in paragraph at lines 41--42
\C70/gbsn/m/n/10.95/67 , \C70/gbsn/m/n/10.95/90 Ë \C70/gbsn/m/n/10.95/52 ^^F \C
70/gbsn/m/n/10.95/75 ( \C70/gbsn/m/n/10.95/4e é À \C70/gbsn/m/n/10.95/7e Õ\OT1/
cmtt/m/n/10.95 yolo[]final \C70/gbsn/m/n/10.95/5f S \C70/gbsn/m/n/10.95/52 M \C
70/gbsn/m/n/10.95/5b û \C70/gbsn/m/n/10.95/9a å \C70/gbsn/m/n/10.95/7e ø \C70/g
bsn/m/n/10.95/4e - \C70/gbsn/m/n/10.95/68 ¿ \C70/gbsn/m/n/10.95/6d K \C70/gbsn/
m/n/10.95/6a ! \C70/gbsn/m/n/10.95/57 ã \C70/gbsn/m/n/10.95/76 Ñ \C70/gbsn/m/n/
10.95/68 8 \C70/gbsn/m/n/10.95/5f √ \C70/gbsn/m/n/10.95/7e ” \C70/gbsn/m/n/10.9
5/67 Ñ \C70/gbsn/m/n/10.95/30 ^^B \C70/gbsn/m/n/10.95/6c G \C70/gbsn/m/n/10.95/
62 • \C70/gbsn/m/n/10.95/91 Õ \C70/gbsn/m/n/10.95/70 π \C70/gbsn/m/n/10.95/4e ^
^M \C70/gbsn/m/n/10.95/66 / \C70/gbsn/m/n/10.95/6c € € \C70/gbsn/m/n/10.95/4e À
 \C70/gbsn/m/n/10.95/7e Õ\OT1/cmr/m/n/10.95 YOLO\C70/gbsn/m/n/10.95/ff ^^L
 []

LaTeX Font Info:    Trying to load font information for U+msa on input line 53.

(/usr/share/texlive/texmf-dist/tex/latex/amsfonts/umsa.fd
File: umsa.fd 2013/01/14 v3.01 AMS symbols A
)
LaTeX Font Info:    Trying to load font information for U+msb on input line 53.


(/usr/share/texlive/texmf-dist/tex/latex/amsfonts/umsb.fd
File: umsb.fd 2013/01/14 v3.01 AMS symbols B
)
Overfull \hbox (133.75151pt too wide) in paragraph at lines 53--54
[]\C70/gbsn/m/n/10.95/5f S \C70/gbsn/m/n/10.95/52 M \C70/gbsn/m/n/10.95/4e ; \C
70/gbsn/m/n/10.95/7e ø \C70/gbsn/m/n/10.95/5b û \C70/gbsn/m/n/10.95/9a å \C70/g
bsn/m/n/10.95/91 « \C70/gbsn/m/n/10.95/75 (\OT1/cmr/m/n/10.95 COCO-only \C70/gb
sn/m/n/10.95/8b ≠ \C70/gbsn/m/n/10.95/7e √ \C70/gbsn/m/n/10.95/8b ƒ \C70/gbsn/m
/n/10.95/4f 0 \C70/gbsn/m/n/10.95/ff ^^L \C70/gbsn/m/n/10.95/8f ì \C70/gbsn/m/n
/10.95/51 e \C70/gbsn/m/n/10.95/52 ^^F \C70/gbsn/m/n/10.95/8f ® \C70/gbsn/m/n/1
0.95/73 á \C70/gbsn/m/n/10.95/4e :$\OT1/cmr/m/n/10.95 416 \OMS/cmsy/m/n/10.95 ^
^B \OT1/cmr/m/n/10.95 416$\C70/gbsn/m/n/10.95/ff ^^L \C70/gbsn/m/n/10.95/6a ! \
C70/gbsn/m/n/10.95/57 ã \C70/gbsn/m/n/10.95/91 M \C70/gbsn/m/n/10.95/7f n \C70/
gbsn/m/n/10.95/4e :\OT1/cmtt/m/n/10.95 deep[]residual[]dual[]scale[]three[]box\
C70/gbsn/m/n/10.95/ff ^^L
 []


Overfull \hbox (7.81528pt too wide) in paragraph at lines 53--54
\C70/gbsn/m/n/10.95/4f ^^? \C70/gbsn/m/n/10.95/75 (\OT1/cmr/m/n/10.95 P4/P5 \C7
0/gbsn/m/n/10.95/53 Ã \C70/gbsn/m/n/10.95/5c : \C70/gbsn/m/n/10.95/5e ¶ \C70/gb
sn/m/n/10.95/8f ì \C70/gbsn/m/n/10.95/51 ˙ \C70/gbsn/m/n/10.95/30 ^^A \C70/gbsn
/m/n/10.95/6b œ \C70/gbsn/m/n/10.95/5c : \C70/gbsn/m/n/10.95/5e ¶\OT1/cmr/m/n/1
0.95 3 \C70/gbsn/m/n/10.95/4e *\OT1/cmr/m/n/10.95 anchor\C70/gbsn/m/n/10.95/30 
^^A \C70/gbsn/m/n/10.95/8f { \C70/gbsn/m/n/10.95/91 œ\OT1/cmr/m/n/10.95 FPN/PAN
 neck \C70/gbsn/m/n/10.95/54 å\OT1/cmr/m/n/10.95 decoupled de-tec-tion head\C70
/gbsn/m/n/10.95/30 ^^B\OT1/cmr/m/n/10.95 P3
 []

[1

]
LaTeX Font Info:    Font shape `OT1/cmtt/bx/n' in size <14.4> not available
(Font)              Font shape `OT1/cmtt/m/n' tried instead on input line 76.
<fbf6a2b881ca96ff418daff491125795.png, id=105, 1591.9475pt x 995.72pt>
File: fbf6a2b881ca96ff418daff491125795.png Graphic file (type png)
<use fbf6a2b881ca96ff418daff491125795.png>
Package pdftex.def Info: fbf6a2b881ca96ff418daff491125795.png  used on input li
ne 80.
(pdftex.def)             Requested size: 424.05934pt x 265.23195pt.


LaTeX Warning: `h' float specifier changed to `ht'.

<91292d3f0fa0b5cb851f90c19486d461.png, id=120, 1117.17375pt x 778.40813pt>
File: 91292d3f0fa0b5cb851f90c19486d461.png Graphic file (type png)
<use 91292d3f0fa0b5cb851f90c19486d461.png>
Package pdftex.def Info: 91292d3f0fa0b5cb851f90c19486d461.png  used on input li
ne 132.
(pdftex.def)             Requested size: 424.05934pt x 295.46559pt.
[2{/usr/share/texmf/fonts/enc/dvips/cm-super/cm-super-ts1.enc} <./fbf6a2b881ca9
6ff418daff491125795.png (PNG copy)>]

LaTeX Warning: `h' float specifier changed to `ht'.

[3 <./91292d3f0fa0b5cb851f90c19486d461.png>]
<d445ecb7b5df8d9ab34431004f891f10.png, id=152, 785.93625pt x 1108.8928pt>
File: d445ecb7b5df8d9ab34431004f891f10.png Graphic file (type png)
<use d445ecb7b5df8d9ab34431004f891f10.png>
Package pdftex.def Info: d445ecb7b5df8d9ab34431004f891f10.png  used on input li
ne 176.
(pdftex.def)             Requested size: 424.05934pt x 598.31944pt.
 [4] [5 <./d445ecb7b5df8d9ab34431004f891f10.png>]
Overfull \hbox (6.90297pt too wide) in paragraph at lines 223--224
[]\C70/gbsn/m/n/10.95/97 ^^@ \C70/gbsn/m/n/10.95/89 Å \C70/gbsn/m/n/10.95/5f : 
\C70/gbsn/m/n/10.95/8c ^^C \C70/gbsn/m/n/10.95/76 Ñ \C70/gbsn/m/n/10.95/66 / \C
70/gbsn/m/n/10.95/ff ^^Z \C70/gbsn/m/n/10.95/5f S \C70/gbsn/m/n/10.95/52 M \C70
/gbsn/m/n/10.95/5b û \C70/gbsn/m/n/10.95/9a å \C70/gbsn/m/n/10.95/7e ø \C70/gbs
n/m/n/10.95/5e v \C70/gbsn/m/n/10.95/4e ^^M \C70/gbsn/m/n/10.95/66 / \C70/gbsn/
m/n/10.95/6c ° \C70/gbsn/m/n/10.95/67 	 \C70/gbsn/m/n/10.95/6b ã \C70/gbsn/m/n/
10.95/5d Ó \C70/gbsn/m/n/10.95/57 W \C70/gbsn/m/n/10.95/30 ^^B \C70/gbsn/m/n/10
.95/4e Œ\OT1/cmr/m/n/10.95 stage3 \C70/gbsn/m/n/10.95/52 0\OT1/cmr/m/n/10.95 st
age6 \C70/gbsn/m/n/10.95/90 ˝ \C70/gbsn/m/n/10.95/54 / \C70/gbsn/m/n/10.95/75 (
 \C70/gbsn/m/n/10.95/4e Ü\OT1/cmtt/m/n/10.95 ResidualBlock\C70/gbsn/m/n/10.95/f
f ^^[
 []

<b325224c7d624b7fdb7fc89e19ba1d42.png, id=162, 1453.43pt x 1090.0725pt>
File: b325224c7d624b7fdb7fc89e19ba1d42.png Graphic file (type png)
<use b325224c7d624b7fdb7fc89e19ba1d42.png>
Package pdftex.def Info: b325224c7d624b7fdb7fc89e19ba1d42.png  used on input li
ne 229.
(pdftex.def)             Requested size: 424.05934pt x 318.04237pt.
[6] [7 <./b325224c7d624b7fdb7fc89e19ba1d42.png (PNG copy)>]
<53d966dd7763d8002bbf99f1aed0445b.png, id=175, 1678.27pt x 944.52875pt>
File: 53d966dd7763d8002bbf99f1aed0445b.png Graphic file (type png)
<use 53d966dd7763d8002bbf99f1aed0445b.png>
Package pdftex.def Info: 53d966dd7763d8002bbf99f1aed0445b.png  used on input li
ne 287.
(pdftex.def)             Requested size: 424.05934pt x 238.65376pt.
 [8 <./53d966dd7763d8002bbf99f1aed0445b.png (PNG copy)>]
<7cf3ea8aafb18db1c7bd66352c975a68.png, id=187, 1453.43pt x 1090.0725pt>
File: 7cf3ea8aafb18db1c7bd66352c975a68.png Graphic file (type png)
<use 7cf3ea8aafb18db1c7bd66352c975a68.png>
Package pdftex.def Info: 7cf3ea8aafb18db1c7bd66352c975a68.png  used on input li
ne 349.
(pdftex.def)             Requested size: 424.05934pt x 318.04237pt.
 [9 <./7cf3ea8aafb18db1c7bd66352c975a68.png (PNG copy)>]
<image.png, id=191, 1453.43pt x 1090.0725pt>
File: image.png Graphic file (type png)
<use image.png>
Package pdftex.def Info: image.png  used on input line 401.
(pdftex.def)             Requested size: 424.05934pt x 318.04237pt.
 [10] [11 <./image.png>] [12] [13] [14]
<../../outputs/dual_scale_three_box_coco_only_noobj1_416_ddp_20260430_124818/vi
sualizations/coco2017_val_000000037777.png, id=213, 417.56pt x 417.56pt>
File: ../../outputs/dual_scale_three_box_coco_only_noobj1_416_ddp_20260430_1248
18/visualizations/coco2017_val_000000037777.png Graphic file (type png)
<use ../../outputs/dual_scale_three_box_coco_only_noobj1_416_ddp_20260430_12481
8/visualizations/coco2017_val_000000037777.png>
Package pdftex.def Info: ../../outputs/dual_scale_three_box_coco_only_noobj1_41
6_ddp_20260430_124818/visualizations/coco2017_val_000000037777.png  used on inp
ut line 625.
(pdftex.def)             Requested size: 221.24683pt x 221.24838pt.
<../../outputs/dual_scale_three_box_coco_only_noobj1_416_ddp_20260430_124818/vi
sualizations/coco2017_val_000000087038.png, id=214, 417.56pt x 417.56pt>
File: ../../outputs/dual_scale_three_box_coco_only_noobj1_416_ddp_20260430_1248
18/visualizations/coco2017_val_000000087038.png Graphic file (type png)
<use ../../outputs/dual_scale_three_box_coco_only_noobj1_416_ddp_20260430_12481
8/visualizations/coco2017_val_000000087038.png>
Package pdftex.def Info: ../../outputs/dual_scale_three_box_coco_only_noobj1_41
6_ddp_20260430_124818/visualizations/coco2017_val_000000087038.png  used on inp
ut line 630.
(pdftex.def)             Requested size: 221.24683pt x 221.24838pt.
<../../outputs/dual_scale_three_box_coco_only_noobj1_416_ddp_20260430_124818/vi
sualizations/coco2017_val_000000252219.png, id=215, 417.56pt x 417.56pt>
File: ../../outputs/dual_scale_three_box_coco_only_noobj1_416_ddp_20260430_1248
18/visualizations/coco2017_val_000000252219.png Graphic file (type png)
<use ../../outputs/dual_scale_three_box_coco_only_noobj1_416_ddp_20260430_12481
8/visualizations/coco2017_val_000000252219.png>
Package pdftex.def Info: ../../outputs/dual_scale_three_box_coco_only_noobj1_41
6_ddp_20260430_124818/visualizations/coco2017_val_000000252219.png  used on inp
ut line 637.
(pdftex.def)             Requested size: 221.24683pt x 221.24838pt.
<../../outputs/dual_scale_three_box_coco_only_noobj1_416_ddp_20260430_124818/vi
sualizations/coco2017_val_000000397133.png, id=216, 417.56pt x 417.56pt>
File: ../../outputs/dual_scale_three_box_coco_only_noobj1_416_ddp_20260430_1248
18/visualizations/coco2017_val_000000397133.png Graphic file (type png)
<use ../../outputs/dual_scale_three_box_coco_only_noobj1_416_ddp_20260430_12481
8/visualizations/coco2017_val_000000397133.png>
Package pdftex.def Info: ../../outputs/dual_scale_three_box_coco_only_noobj1_41
6_ddp_20260430_124818/visualizations/coco2017_val_000000397133.png  used on inp
ut line 642.
(pdftex.def)             Requested size: 221.24683pt x 221.24838pt.
<../../outputs/evaluations/dual_scale_three_box_coco_only_noobj1_416_ddp_202604
30_124818_display_vis12/coco2017_val_000000006818.png, id=217, 417.56pt x 417.5
6pt>
File: ../../outputs/evaluations/dual_scale_three_box_coco_only_noobj1_416_ddp_2
0260430_124818_display_vis12/coco2017_val_000000006818.png Graphic file (type p
ng)
<use ../../outputs/evaluations/dual_scale_three_box_coco_only_noobj1_416_ddp_20
260430_124818_display_vis12/coco2017_val_000000006818.png>
Package pdftex.def Info: ../../outputs/evaluations/dual_scale_three_box_coco_on
ly_noobj1_416_ddp_20260430_124818_display_vis12/coco2017_val_000000006818.png  
used on input line 651.
(pdftex.def)             Requested size: 106.01308pt x 106.00807pt.
<../../outputs/evaluations/dual_scale_three_box_coco_only_noobj1_416_ddp_202604
30_124818_display_vis12/coco2017_val_000000037777.png, id=218, 417.56pt x 417.5
6pt>
File: ../../outputs/evaluations/dual_scale_three_box_coco_only_noobj1_416_ddp_2
0260430_124818_display_vis12/coco2017_val_000000037777.png Graphic file (type p
ng)
<use ../../outputs/evaluations/dual_scale_three_box_coco_only_noobj1_416_ddp_20
260430_124818_display_vis12/coco2017_val_000000037777.png>
Package pdftex.def Info: ../../outputs/evaluations/dual_scale_three_box_coco_on
ly_noobj1_416_ddp_20260430_124818_display_vis12/coco2017_val_000000037777.png  
used on input line 652.
(pdftex.def)             Requested size: 106.01308pt x 106.00807pt.
<../../outputs/evaluations/dual_scale_three_box_coco_only_noobj1_416_ddp_202604
30_124818_display_vis12/coco2017_val_000000087038.png, id=219, 417.56pt x 417.5
6pt>
File: ../../outputs/evaluations/dual_scale_three_box_coco_only_noobj1_416_ddp_2
0260430_124818_display_vis12/coco2017_val_000000087038.png Graphic file (type p
ng)
<use ../../outputs/evaluations/dual_scale_three_box_coco_only_noobj1_416_ddp_20
260430_124818_display_vis12/coco2017_val_000000087038.png>
Package pdftex.def Info: ../../outputs/evaluations/dual_scale_three_box_coco_on
ly_noobj1_416_ddp_20260430_124818_display_vis12/coco2017_val_000000087038.png  
used on input line 653.
(pdftex.def)             Requested size: 106.01308pt x 106.00807pt.
<../../outputs/evaluations/dual_scale_three_box_coco_only_noobj1_416_ddp_202604
30_124818_display_vis12/coco2017_val_000000174482.png, id=220, 417.56pt x 417.5
6pt>
File: ../../outputs/evaluations/dual_scale_three_box_coco_only_noobj1_416_ddp_2
0260430_124818_display_vis12/coco2017_val_000000174482.png Graphic file (type p
ng)
<use ../../outputs/evaluations/dual_scale_three_box_coco_only_noobj1_416_ddp_20
260430_124818_display_vis12/coco2017_val_000000174482.png>
Package pdftex.def Info: ../../outputs/evaluations/dual_scale_three_box_coco_on
ly_noobj1_416_ddp_20260430_124818_display_vis12/coco2017_val_000000174482.png  
used on input line 654.
(pdftex.def)             Requested size: 106.01308pt x 106.00807pt.
<../../outputs/evaluations/dual_scale_three_box_coco_only_noobj1_416_ddp_202604
30_124818_display_vis12/coco2017_val_000000252219.png, id=221, 417.56pt x 417.5
6pt>
File: ../../outputs/evaluations/dual_scale_three_box_coco_only_noobj1_416_ddp_2
0260430_124818_display_vis12/coco2017_val_000000252219.png Graphic file (type p
ng)
<use ../../outputs/evaluations/dual_scale_three_box_coco_only_noobj1_416_ddp_20
260430_124818_display_vis12/coco2017_val_000000252219.png>
Package pdftex.def Info: ../../outputs/evaluations/dual_scale_three_box_coco_on
ly_noobj1_416_ddp_20260430_124818_display_vis12/coco2017_val_000000252219.png  
used on input line 658.
(pdftex.def)             Requested size: 106.01308pt x 106.00807pt.
<../../outputs/evaluations/dual_scale_three_box_coco_only_noobj1_416_ddp_202604
30_124818_display_vis12/coco2017_val_000000296649.png, id=222, 417.56pt x 417.5
6pt>
File: ../../outputs/evaluations/dual_scale_three_box_coco_only_noobj1_416_ddp_2
0260430_124818_display_vis12/coco2017_val_000000296649.png Graphic file (type p
ng)
<use ../../outputs/evaluations/dual_scale_three_box_coco_only_noobj1_416_ddp_20
260430_124818_display_vis12/coco2017_val_000000296649.png>
Package pdftex.def Info: ../../outputs/evaluations/dual_scale_three_box_coco_on
ly_noobj1_416_ddp_20260430_124818_display_vis12/coco2017_val_000000296649.png  
used on input line 659.
(pdftex.def)             Requested size: 106.01308pt x 106.00807pt.
<../../outputs/evaluations/dual_scale_three_box_coco_only_noobj1_416_ddp_202604
30_124818_display_vis12/coco2017_val_000000331352.png, id=223, 417.56pt x 417.5
6pt>
File: ../../outputs/evaluations/dual_scale_three_box_coco_only_noobj1_416_ddp_2
0260430_124818_display_vis12/coco2017_val_000000331352.png Graphic file (type p
ng)
<use ../../outputs/evaluations/dual_scale_three_box_coco_only_noobj1_416_ddp_20
260430_124818_display_vis12/coco2017_val_000000331352.png>
Package pdftex.def Info: ../../outputs/evaluations/dual_scale_three_box_coco_on
ly_noobj1_416_ddp_20260430_124818_display_vis12/coco2017_val_000000331352.png  
used on input line 660.
(pdftex.def)             Requested size: 106.01308pt x 106.00807pt.
<../../outputs/evaluations/dual_scale_three_box_coco_only_noobj1_416_ddp_202604
30_124818_display_vis12/coco2017_val_000000386912.png, id=224, 417.56pt x 417.5
6pt>
File: ../../outputs/evaluations/dual_scale_three_box_coco_only_noobj1_416_ddp_2
0260430_124818_display_vis12/coco2017_val_000000386912.png Graphic file (type p
ng)
<use ../../outputs/evaluations/dual_scale_three_box_coco_only_noobj1_416_ddp_20
260430_124818_display_vis12/coco2017_val_000000386912.png>
Package pdftex.def Info: ../../outputs/evaluations/dual_scale_three_box_coco_on
ly_noobj1_416_ddp_20260430_124818_display_vis12/coco2017_val_000000386912.png  
used on input line 661.
(pdftex.def)             Requested size: 106.01308pt x 106.00807pt.
<../../outputs/evaluations/dual_scale_three_box_coco_only_noobj1_416_ddp_202604
30_124818_display_vis12/coco2017_val_000000397133.png, id=225, 417.56pt x 417.5
6pt>
File: ../../outputs/evaluations/dual_scale_three_box_coco_only_noobj1_416_ddp_2
0260430_124818_display_vis12/coco2017_val_000000397133.png Graphic file (type p
ng)
<use ../../outputs/evaluations/dual_scale_three_box_coco_only_noobj1_416_ddp_20
260430_124818_display_vis12/coco2017_val_000000397133.png>
Package pdftex.def Info: ../../outputs/evaluations/dual_scale_three_box_coco_on
ly_noobj1_416_ddp_20260430_124818_display_vis12/coco2017_val_000000397133.png  
used on input line 665.
(pdftex.def)             Requested size: 106.01308pt x 106.00807pt.
<../../outputs/evaluations/dual_scale_three_box_coco_only_noobj1_416_ddp_202604
30_124818_display_vis12/coco2017_val_000000403385.png, id=226, 417.56pt x 417.5
6pt>
File: ../../outputs/evaluations/dual_scale_three_box_coco_only_noobj1_416_ddp_2
0260430_124818_display_vis12/coco2017_val_000000403385.png Graphic file (type p
ng)
<use ../../outputs/evaluations/dual_scale_three_box_coco_only_noobj1_416_ddp_20
260430_124818_display_vis12/coco2017_val_000000403385.png>
Package pdftex.def Info: ../../outputs/evaluations/dual_scale_three_box_coco_on
ly_noobj1_416_ddp_20260430_124818_display_vis12/coco2017_val_000000403385.png  
used on input line 666.
(pdftex.def)             Requested size: 106.01308pt x 106.00807pt.
<../../outputs/evaluations/dual_scale_three_box_coco_only_noobj1_416_ddp_202604
30_124818_display_vis12/coco2017_val_000000458054.png, id=227, 417.56pt x 417.5
6pt>
File: ../../outputs/evaluations/dual_scale_three_box_coco_only_noobj1_416_ddp_2
0260430_124818_display_vis12/coco2017_val_000000458054.png Graphic file (type p
ng)
<use ../../outputs/evaluations/dual_scale_three_box_coco_only_noobj1_416_ddp_20
260430_124818_display_vis12/coco2017_val_000000458054.png>
Package pdftex.def Info: ../../outputs/evaluations/dual_scale_three_box_coco_on
ly_noobj1_416_ddp_20260430_124818_display_vis12/coco2017_val_000000458054.png  
used on input line 667.
(pdftex.def)             Requested size: 106.01308pt x 106.00807pt.
<../../outputs/evaluations/dual_scale_three_box_coco_only_noobj1_416_ddp_202604
30_124818_display_vis12/coco2017_val_000000480985.png, id=228, 417.56pt x 417.5
6pt>
File: ../../outputs/evaluations/dual_scale_three_box_coco_only_noobj1_416_ddp_2
0260430_124818_display_vis12/coco2017_val_000000480985.png Graphic file (type p
ng)
<use ../../outputs/evaluations/dual_scale_three_box_coco_only_noobj1_416_ddp_20
260430_124818_display_vis12/coco2017_val_000000480985.png>
Package pdftex.def Info: ../../outputs/evaluations/dual_scale_three_box_coco_on
ly_noobj1_416_ddp_20260430_124818_display_vis12/coco2017_val_000000480985.png  
used on input line 668.
(pdftex.def)             Requested size: 106.01308pt x 106.00807pt.
 [15 <../../outputs/dual_scale_three_box_coco_only_noobj1_416_ddp_20260430_1248
18/visualizations/coco2017_val_000000037777.png (PNG copy)> <../../outputs/dual
_scale_three_box_coco_only_noobj1_416_ddp_20260430_124818/visualizations/coco20
17_val_000000087038.png (PNG copy)> <../../outputs/dual_scale_three_box_coco_on
ly_noobj1_416_ddp_20260430_124818/visualizations/coco2017_val_000000252219.png 
(PNG copy)> <../../outputs/dual_scale_three_box_coco_only_noobj1_416_ddp_202604
30_124818/visualizations/coco2017_val_000000397133.png (PNG copy)>]
Overfull \hbox (20.39748pt too wide) detected at line 677
[]\OML/cmm/m/it/10.95 :
 []

[16 <../../outputs/evaluations/dual_scale_three_box_coco_only_noobj1_416_ddp_20
260430_124818_display_vis12/coco2017_val_000000006818.png (PNG copy)> <../../ou
tputs/evaluations/dual_scale_three_box_coco_only_noobj1_416_ddp_20260430_124818
_display_vis12/coco2017_val_000000037777.png (PNG copy)> <../../outputs/evaluat
ions/dual_scale_three_box_coco_only_noobj1_416_ddp_20260430_124818_display_vis1
2/coco2017_val_000000087038.png (PNG copy)> <../../outputs/evaluations/dual_sca
le_three_box_coco_only_noobj1_416_ddp_20260430_124818_display_vis12/coco2017_va
l_000000174482.png (PNG copy)> <../../outputs/evaluations/dual_scale_three_box_
coco_only_noobj1_416_ddp_20260430_124818_display_vis12/coco2017_val_00000025221
9.png (PNG copy)> <../../outputs/evaluations/dual_scale_three_box_coco_only_noo
bj1_416_ddp_20260430_124818_display_vis12/coco2017_val_000000296649.png (PNG co
py)> <../../outputs/evaluations/dual_scale_three_box_coco_only_noobj1_416_ddp_2
0260430_124818_display_vis12/coco2017_val_000000331352.png (PNG copy)> <../../o
utputs/evaluations/dual_scale_three_box_coco_only_noobj1_416_ddp_20260430_12481
8_display_vis12/coco2017_val_000000386912.png (PNG copy)> <../../outputs/evalua
tions/dual_scale_three_box_coco_only_noobj1_416_ddp_20260430_124818_display_vis
12/coco2017_val_000000397133.png (PNG copy)> <../../outputs/evaluations/dual_sc
ale_three_box_coco_only_noobj1_416_ddp_20260430_124818_display_vis12/coco2017_v
al_000000403385.png (PNG copy)> <../../outputs/evaluations/dual_scale_three_box
_coco_only_noobj1_416_ddp_20260430_124818_display_vis12/coco2017_val_0000004580
54.png (PNG copy)> <../../outputs/evaluations/dual_scale_three_box_coco_only_no
obj1_416_ddp_20260430_124818_display_vis12/coco2017_val_000000480985.png (PNG c
opy)>]
Overfull \hbox (8.85005pt too wide) in paragraph at lines 709--710
\OT1/cmr/m/n/10.95 dex \C70/gbsn/m/n/10.95/4e ^^N\OT1/cmr/m/n/10.95 chunk \C70/
gbsn/m/n/10.95/65 á \C70/gbsn/m/n/10.95/4e ˆ \C70/gbsn/m/n/10.95/66 / \C70/gbsn
/m/n/10.95/54 & \C70/gbsn/m/n/10.95/5b å \C70/gbsn/m/n/10.95/65 t \C70/gbsn/m/n
/10.95/ff ^^[ \C70/gbsn/m/n/10.95/51 ç \C70/gbsn/m/n/10.95/67 Ñ \C70/gbsn/m/n/1
0.95/5e ˙\OT1/cmr/m/n/10.95 P4/P5 \C70/gbsn/m/n/10.95/53 Ã \C70/gbsn/m/n/10.95/
5c : \C70/gbsn/m/n/10.95/5e ¶ \C70/gbsn/m/n/10.95/6a ! \C70/gbsn/m/n/10.95/57 ã
 \C70/gbsn/m/n/10.95/30 ^^A \C70/gbsn/m/n/10.95/53 ü \C70/gbsn/m/n/10.95/59 À\O
T1/cmr/m/n/10.95 P4/P5 an-chors\C70/gbsn/m/n/10.95/30 ^^A\OT1/cmtt/m/n/10.95 YO
LOLoss\C70/gbsn/m/n/10.95/30 ^^A\OT1/cmr/m/n/10.95 AdamW
 []


Overfull \hbox (30.07974pt too wide) in paragraph at lines 709--710
\OT1/cmr/m/n/10.95 op-ti-mizer \C70/gbsn/m/n/10.95/54 å\OT1/cmr/m/n/10.95 cosin
e sched-uler\C70/gbsn/m/n/10.95/ff ^^[ \C70/gbsn/m/n/10.95/67 ^^@ \C70/gbsn/m/n
/10.95/54 ^^N \C70/gbsn/m/n/10.95/90 ^^Z \C70/gbsn/m/n/10.95/8f «\OT1/cmtt/m/n/
10.95 torchrun \C70/gbsn/m/n/10.95/54 / \C70/gbsn/m/n/10.95/52 ®\OT1/cmr/m/n/10
.95 8 \C70/gbsn/m/n/10.95/8f € \C70/gbsn/m/n/10.95/7a \OT1/cmr/m/n/10.95 DDP \
C70/gbsn/m/n/10.95/8b ≠ \C70/gbsn/m/n/10.95/7e √ \C70/gbsn/m/n/10.95/30 ^^B \C7
0/gbsn/m/n/10.95/6b œ \C70/gbsn/m/n/10.95/4e *\OT1/cmr/m/n/10.95 epoch \C70/gbs
n/m/n/10.95/54 ^^N \C70/gbsn/m/n/10.95/8f € \C70/gbsn/m/n/10.95/88 L\OT1/cmr/m/
n/10.95 validation\C70/gbsn/m/n/10.95/ff ^^L
 []


Overfull \hbox (4.62158pt too wide) in paragraph at lines 715--716
\C70/gbsn/m/n/10.95/67 , \C70/gbsn/m/n/10.95/8f n \C70/gbsn/m/n/10.95/6a ! \C70
/gbsn/m/n/10.95/57 ã\OT1/cmr/m/n/10.95 profile \C70/gbsn/m/n/10.95/76 Ñ \C70/gb
sn/m/n/10.95/6b c \C70/gbsn/m/n/10.95/5f ^^O \C70/gbsn/m/n/10.95/8b ∞ \C70/gbsn
/m/n/10.95/5f U \C70/gbsn/m/n/10.95/67 e \C70/gbsn/m/n/10.95/81 Í\OT1/cmr/m/n/1
0.95 COCO eval JSON\C70/gbsn/m/n/10.95/30 ^^B \C70/gbsn/m/n/10.95/8b ≠ \C70/gbs
n/m/n/10.95/7e √ \C70/gbsn/m/n/10.95/8f « \C70/gbsn/m/n/10.95/7a  \C70/gbsn/m/
n/10.95/4e - \C70/gbsn/m/n/10.95/76 Ñ\OT1/cmr/m/n/10.95 loss\C70/gbsn/m/n/10.95
/30 ^^A\OT1/cmr/m/n/10.95 learning rate\C70/gbsn/m/n/10.95/30 ^^A\OT1/cmr/m/n/1
0.95 assignment
 []


Overfull \hbox (25.19968pt too wide) in paragraph at lines 718--720
\C70/gbsn/m/n/10.95/6a ! \C70/gbsn/m/n/10.95/57 ã \C70/gbsn/m/n/10.95/53 ¬ \C70
/gbsn/m/n/10.95/65 p \C70/gbsn/m/n/10.95/91 œ \C70/gbsn/m/n/10.95/4e :\OT1/cmr/
m/n/10.95 36.53M\C70/gbsn/m/n/10.95/ff ^^L \C70/gbsn/m/n/10.95/60 ;\OT1/cmr/m/n
/10.95 FLOPs \C70/gbsn/m/n/10.95/4e :\OT1/cmr/m/n/10.95 78.38 GFLOPs\C70/gbsn/m
/n/10.95/30 ^^B \C70/gbsn/m/n/10.95/6d K \C70/gbsn/m/n/10.95/90 ^^_ \C70/gbsn/m
/n/10.95/91 M \C70/gbsn/m/n/10.95/7f n \C70/gbsn/m/n/10.95/4e :\OT1/cmr/m/n/10.
95 batch size 1\C70/gbsn/m/n/10.95/ff ^^L\OT1/cmr/m/n/10.95 warmup 20 \C70/gbsn
/m/n/10.95/6b ! \C70/gbsn/m/n/10.95/ff ^^L\OT1/cmr/m/n/10.95 measure
 []

Package pgfplots info on input line 736: Using 'lua backend=false' for axis: x 
coord trafo unsupported.

Overfull \hbox (223.26216pt too wide) in paragraph at lines 743--744
[]\OT1/cmr/m/n/10.95 Loss \C70/gbsn/m/n/10.95/4e  \C70/gbsn/m/n/10.95/96 M \C7
0/gbsn/m/n/10.95/66 Ú \C70/gbsn/m/n/10.95/7e ø \C70/gbsn/m/n/10.95/59 Ç \C70/gb
sn/m/n/10.95/4e  \C70/gbsn/m/n/10.95/30 ^^B \C70/gbsn/m/n/10.95/8b Â \C70/gbsn
/m/n/10.95/56 ˛ \C70/gbsn/m/n/10.95/75 1\OT1/cmr/m/n/10.95 TensorBoard \C70/gbs
n/m/n/10.95/4e - \C70/gbsn/m/n/10.95/76 Ñ\OT1/cmr/m/n/10.95 epoch \C70/gbsn/m/n
/10.95/7e ß \C70/gbsn/m/n/10.95/68 ^^G \C70/gbsn/m/n/10.95/91 œ \C70/gbsn/m/n/1
0.95/5b ¸ \C70/gbsn/m/n/10.95/51 ˙ \C70/gbsn/m/n/10.95/ff ^^L \C70/gbsn/m/n/10.
95/4f ^^? \C70/gbsn/m/n/10.95/75 ( \C70/gbsn/m/n/10.95/76 Ñ\OT1/cmr/m/n/10.95 t
ag \C70/gbsn/m/n/10.95/53 ^^E \C70/gbsn/m/n/10.95/62 Ï\OT1/cmtt/m/n/10.95 loss/
total[]epoch\C70/gbsn/m/n/10.95/30 ^^A\OT1/cmtt/m/n/10.95 val/total[]epoch\C70/
gbsn/m/n/10.95/30 ^^A\OT1/cmtt/m/n/10.95 loss/box[]epoch
 []

[17]
PGFPlots: reading {best416_loss.dat}
PGFPlots: reading {best416_loss.dat}
PGFPlots: reading {best416_loss.dat}
PGFPlots: reading {best416_loss.dat}
PGFPlots: reading {best416_tb_step_loss.dat}
PGFPlots: reading {best416_tb_step_loss.dat}
PGFPlots: reading {best416_tb_step_loss.dat}
PGFPlots: reading {best416_tb_step_loss.dat}
PGFPlots: reading {best416_loss_delta.dat}
PGFPlots: reading {best416_loss_delta.dat}
 [18]
PGFPlots: reading {best416_monitor.dat}
PGFPlots: reading {best416_monitor.dat}
PGFPlots: reading {best416_monitor.dat}
PGFPlots: reading {best416_monitor.dat}
 [19]
Package pgfplots info on input line 886: Using 'lua backend=false' for axis: x 
coord trafo unsupported.
 [20] (./5.6Ê±áÊä•.aux)
 ***********
LaTeX2e <2023-11-01> patch level 1
L3 programming layer <2024-01-22>
 ***********
 ) 
Here is how much of TeX's memory you used:
 27975 strings out of 476182
 694171 string characters out of 5795596
 1978975 words of memory out of 5000000
 49331 multiletter control sequences out of 15000+600000
 603880 words of font info for 203 fonts, out of 8000000 for 9000
 14 hyphenation exceptions out of 8191
 103i,19n,106p,705b,3437s stack positions out of 10000i,1000n,20000p,200000b,200000s
</usr/share/texlive/texmf-dist/fonts/type1/public/amsfonts/cm/cmbx12.pfb></us
r/share/texlive/texmf-dist/fonts/type1/public/amsfonts/cm/cmex10.pfb></usr/shar
e/texlive/texmf-dist/fonts/type1/public/amsfonts/cm/cmmi10.pfb></usr/share/texl
ive/texmf-dist/fonts/type1/public/amsfonts/cm/cmmi6.pfb></usr/share/texlive/tex
mf-dist/fonts/type1/public/amsfonts/cm/cmmi8.pfb></usr/share/texlive/texmf-dist
/fonts/type1/public/amsfonts/cm/cmr10.pfb></usr/share/texlive/texmf-dist/fonts/
type1/public/amsfonts/cm/cmr6.pfb></usr/share/texlive/texmf-dist/fonts/type1/pu
blic/amsfonts/cm/cmr8.pfb></usr/share/texlive/texmf-dist/fonts/type1/public/ams
fonts/cm/cmsy10.pfb></usr/share/texlive/texmf-dist/fonts/type1/public/amsfonts/
cm/cmsy6.pfb></usr/share/texlive/texmf-dist/fonts/type1/public/amsfonts/cm/cmsy
8.pfb></usr/share/texlive/texmf-dist/fonts/type1/public/amsfonts/cm/cmtt10.pfb>
</usr/share/texlive/texmf-dist/fonts/type1/public/amsfonts/cm/cmtt12.pfb></tmp/
yolo_texlive_extract/usr/share/texmf/fonts/type1/arphic/gbsnu/gbsnu30.pfb></tmp
/yolo_texlive_extract/usr/share/texmf/fonts/type1/arphic/gbsnu/gbsnu4e.pfb></tm
p/yolo_texlive_extract/usr/share/texmf/fonts/type1/arphic/gbsnu/gbsnu4f.pfb></t
mp/yolo_texlive_extract/usr/share/texmf/fonts/type1/arphic/gbsnu/gbsnu50.pfb></
tmp/yolo_texlive_extract/usr/share/texmf/fonts/type1/arphic/gbsnu/gbsnu51.pfb><
/tmp/yolo_texlive_extract/usr/share/texmf/fonts/type1/arphic/gbsnu/gbsnu52.pfb>
</tmp/yolo_texlive_extract/usr/share/texmf/fonts/type1/arphic/gbsnu/gbsnu53.pfb
></tmp/yolo_texlive_extract/usr/share/texmf/fonts/type1/arphic/gbsnu/gbsnu54.pf
b></tmp/yolo_texlive_extract/usr/share/texmf/fonts/type1/arphic/gbsnu/gbsnu55.p
fb></tmp/yolo_texlive_extract/usr/share/texmf/fonts/type1/arphic/gbsnu/gbsnu56.
pfb></tmp/yolo_texlive_extract/usr/share/texmf/fonts/type1/arphic/gbsnu/gbsnu57
.pfb></tmp/yolo_texlive_extract/usr/share/texmf/fonts/type1/arphic/gbsnu/gbsnu5
8.pfb></tmp/yolo_texlive_extract/usr/share/texmf/fonts/type1/arphic/gbsnu/gbsnu
59.pfb></tmp/yolo_texlive_extract/usr/share/texmf/fonts/type1/arphic/gbsnu/gbsn
u5b.pfb></tmp/yolo_texlive_extract/usr/share/texmf/fonts/type1/arphic/gbsnu/gbs
nu5c.pfb></tmp/yolo_texlive_extract/usr/share/texmf/fonts/type1/arphic/gbsnu/gb
snu5d.pfb></tmp/yolo_texlive_extract/usr/share/texmf/fonts/type1/arphic/gbsnu/g
bsnu5e.pfb></tmp/yolo_texlive_extract/usr/share/texmf/fonts/type1/arphic/gbsnu/
gbsnu5f.pfb></tmp/yolo_texlive_extract/usr/share/texmf/fonts/type1/arphic/gbsnu
/gbsnu60.pfb></tmp/yolo_texlive_extract/usr/share/texmf/fonts/type1/arphic/gbsn
u/gbsnu61.pfb></tmp/yolo_texlive_extract/usr/share/texmf/fonts/type1/arphic/gbs
nu/gbsnu62.pfb></tmp/yolo_texlive_extract/usr/share/texmf/fonts/type1/arphic/gb
snu/gbsnu63.pfb></tmp/yolo_texlive_extract/usr/share/texmf/fonts/type1/arphic/g
bsnu/gbsnu65.pfb></tmp/yolo_texlive_extract/usr/share/texmf/fonts/type1/arphic/
gbsnu/gbsnu66.pfb></tmp/yolo_texlive_extract/usr/share/texmf/fonts/type1/arphic
/gbsnu/gbsnu67.pfb></tmp/yolo_texlive_extract/usr/share/texmf/fonts/type1/arphi
c/gbsnu/gbsnu68.pfb></tmp/yolo_texlive_extract/usr/share/texmf/fonts/type1/arph
ic/gbsnu/gbsnu69.pfb></tmp/yolo_texlive_extract/usr/share/texmf/fonts/type1/arp
hic/gbsnu/gbsnu6a.pfb></tmp/yolo_texlive_extract/usr/share/texmf/fonts/type1/ar
phic/gbsnu/gbsnu6b.pfb></tmp/yolo_texlive_extract/usr/share/texmf/fonts/type1/a
rphic/gbsnu/gbsnu6c.pfb></tmp/yolo_texlive_extract/usr/share/texmf/fonts/type1/
arphic/gbsnu/gbsnu6d.pfb></tmp/yolo_texlive_extract/usr/share/texmf/fonts/type1
/arphic/gbsnu/gbsnu6e.pfb></tmp/yolo_texlive_extract/usr/share/texmf/fonts/type
1/arphic/gbsnu/gbsnu6f.pfb></tmp/yolo_texlive_extract/usr/share/texmf/fonts/typ
e1/arphic/gbsnu/gbsnu70.pfb></tmp/yolo_texlive_extract/usr/share/texmf/fonts/ty
pe1/arphic/gbsnu/gbsnu71.pfb></tmp/yolo_texlive_extract/usr/share/texmf/fonts/t
ype1/arphic/gbsnu/gbsnu72.pfb></tmp/yolo_texlive_extract/usr/share/texmf/fonts/
type1/arphic/gbsnu/gbsnu73.pfb></tmp/yolo_texlive_extract/usr/share/texmf/fonts
/type1/arphic/gbsnu/gbsnu74.pfb></tmp/yolo_texlive_extract/usr/share/texmf/font
s/type1/arphic/gbsnu/gbsnu75.pfb></tmp/yolo_texlive_extract/usr/share/texmf/fon
ts/type1/arphic/gbsnu/gbsnu76.pfb></tmp/yolo_texlive_extract/usr/share/texmf/fo
nts/type1/arphic/gbsnu/gbsnu77.pfb></tmp/yolo_texlive_extract/usr/share/texmf/f
onts/type1/arphic/gbsnu/gbsnu78.pfb></tmp/yolo_texlive_extract/usr/share/texmf/
fonts/type1/arphic/gbsnu/gbsnu79.pfb></tmp/yolo_texlive_extract/usr/share/texmf
/fonts/type1/arphic/gbsnu/gbsnu7a.pfb></tmp/yolo_texlive_extract/usr/share/texm
f/fonts/type1/arphic/gbsnu/gbsnu7b.pfb></tmp/yolo_texlive_extract/usr/share/tex
mf/fonts/type1/arphic/gbsnu/gbsnu7c.pfb></tmp/yolo_texlive_extract/usr/share/te
xmf/fonts/type1/arphic/gbsnu/gbsnu7e.pfb></tmp/yolo_texlive_extract/usr/share/t
exmf/fonts/type1/arphic/gbsnu/gbsnu7f.pfb></tmp/yolo_texlive_extract/usr/share/
texmf/fonts/type1/arphic/gbsnu/gbsnu80.pfb></tmp/yolo_texlive_extract/usr/share
/texmf/fonts/type1/arphic/gbsnu/gbsnu81.pfb></tmp/yolo_texlive_extract/usr/shar
e/texmf/fonts/type1/arphic/gbsnu/gbsnu82.pfb></tmp/yolo_texlive_extract/usr/sha
re/texmf/fonts/type1/arphic/gbsnu/gbsnu83.pfb></tmp/yolo_texlive_extract/usr/sh
are/texmf/fonts/type1/arphic/gbsnu/gbsnu84.pfb></tmp/yolo_texlive_extract/usr/s
hare/texmf/fonts/type1/arphic/gbsnu/gbsnu86.pfb></tmp/yolo_texlive_extract/usr/
share/texmf/fonts/type1/arphic/gbsnu/gbsnu87.pfb></tmp/yolo_texlive_extract/usr
/share/texmf/fonts/type1/arphic/gbsnu/gbsnu88.pfb></tmp/yolo_texlive_extract/us
r/share/texmf/fonts/type1/arphic/gbsnu/gbsnu89.pfb></tmp/yolo_texlive_extract/u
sr/share/texmf/fonts/type1/arphic/gbsnu/gbsnu8b.pfb></tmp/yolo_texlive_extract/
usr/share/texmf/fonts/type1/arphic/gbsnu/gbsnu8c.pfb></tmp/yolo_texlive_extract
/usr/share/texmf/fonts/type1/arphic/gbsnu/gbsnu8d.pfb></tmp/yolo_texlive_extrac
t/usr/share/texmf/fonts/type1/arphic/gbsnu/gbsnu8f.pfb></tmp/yolo_texlive_extra
ct/usr/share/texmf/fonts/type1/arphic/gbsnu/gbsnu90.pfb></tmp/yolo_texlive_extr
act/usr/share/texmf/fonts/type1/arphic/gbsnu/gbsnu91.pfb></tmp/yolo_texlive_ext
ract/usr/share/texmf/fonts/type1/arphic/gbsnu/gbsnu94.pfb></tmp/yolo_texlive_ex
tract/usr/share/texmf/fonts/type1/arphic/gbsnu/gbsnu95.pfb></tmp/yolo_texlive_e
xtract/usr/share/texmf/fonts/type1/arphic/gbsnu/gbsnu96.pfb></tmp/yolo_texlive_
extract/usr/share/texmf/fonts/type1/arphic/gbsnu/gbsnu97.pfb></tmp/yolo_texlive
_extract/usr/share/texmf/fonts/type1/arphic/gbsnu/gbsnu98.pfb></tmp/yolo_texliv
e_extract/usr/share/texmf/fonts/type1/arphic/gbsnu/gbsnu99.pfb></tmp/yolo_texli
ve_extract/usr/share/texmf/fonts/type1/arphic/gbsnu/gbsnu9a.pfb></tmp/yolo_texl
ive_extract/usr/share/texmf/fonts/type1/arphic/gbsnu/gbsnu9e.pfb></tmp/yolo_tex
live_extract/usr/share/texmf/fonts/type1/arphic/gbsnu/gbsnu9f.pfb></tmp/yolo_te
xlive_extract/usr/share/texmf/fonts/type1/arphic/gbsnu/gbsnuff.pfb></usr/share/
texlive/texmf-dist/fonts/type1/public/amsfonts/symbols/msbm10.pfb></usr/share/t
exmf/fonts/type1/public/cm-super/sfrm1095.pfb>
Output written on 5.6Ê±áÊä•.pdf (20 pages, 14989489 bytes).
PDF statistics:
 614 PDF objects out of 1000 (max. 8388607)
 315 compressed objects within 4 object streams
 0 named destinations out of 1000 (max. 500000)
 420 words of extra memory for PDF output out of 10000 (max. 10000000)

