W0429 14:33:15.683000 4002753 site-packages/torch/distributed/run.py:851] 
W0429 14:33:15.683000 4002753 site-packages/torch/distributed/run.py:851] *****************************************
W0429 14:33:15.683000 4002753 site-packages/torch/distributed/run.py:851] Setting OMP_NUM_THREADS environment variable for each process to be 1 in default, to avoid your system being overloaded, please further tune the variable for optimal performance in your application as needed. 
W0429 14:33:15.683000 4002753 site-packages/torch/distributed/run.py:851] *****************************************
DDP mode: ignoring train.use_data_parallel from config.
dataset storage train: pt | index = /home/lidz/YOLO/DataSet/Unified/packed/pt/coco2017_train/chunk_1024/index.json | chunks = 116 | samples = 118287 | chunk_size = 1024
dataset storage val: pt | index = /home/lidz/YOLO/DataSet/Unified/packed/pt/coco2017_val/chunk_1024/index.json | chunks = 5 | samples = 5000 | chunk_size = 1024
/home/lidz/miniconda3/envs/yolov1/lib/python3.10/site-packages/torch/distributed/c10d_logger.py:83: UserWarning: barrier(): using the device under current context. You can specify `device_id` in `init_process_group` to mute this warning.
  return func(*args, **kwargs)
DDP configured global batch size: 128
DDP per-rank batch size: 16
DDP effective global batch size: 128
DDP configured workers: 64
DDP per-rank workers: 8
starting yolov0 DDP training
run id: dual_scale_three_box_coco_only_noobj1_topk1_ddp_20260429_143320
device: cuda:0
backend: nccl
world size: 8
train dataset length: 118287
val dataset length: 5000
model output shape: {'p4': (1, 20, 20, 255), 'p5': (1, 10, 10, 255)}
parameter total: 36531294
parameter trainable: 36531294
tensorboard dir: runs/dual_scale_three_box_coco_only_noobj1_topk1_ddp_20260429_143320
output dir: outputs/dual_scale_three_box_coco_only_noobj1_topk1_ddp_20260429_143320
epoch 001 | step 0001 | total = 11.3975 | box = 1.3886 | obj = 3.0357 | cls = 1.4191 | lr = 0.001000
epoch 001 | step 0020 | total = 8.1258 | box = 1.1630 | obj = 2.1281 | cls = 0.1825 | lr = 0.001000
epoch 001 | step 0040 | total = 7.8929 | box = 1.1570 | obj = 2.0243 | cls = 0.0835 | lr = 0.001000
epoch 001 | step 0060 | total = 8.0255 | box = 1.1833 | obj = 2.0308 | cls = 0.0783 | lr = 0.001000
epoch 001 | step 0080 | total = 8.4199 | box = 1.3045 | obj = 1.8365 | cls = 0.0610 | lr = 0.001000
epoch 001 | step 0100 | total = 7.7620 | box = 1.1694 | obj = 1.8570 | cls = 0.0582 | lr = 0.001000
epoch 001 | step 0120 | total = 8.2348 | box = 1.2354 | obj = 1.9967 | cls = 0.0609 | lr = 0.001000
epoch 001 | step 0140 | total = 7.3606 | box = 1.0339 | obj = 2.1279 | cls = 0.0630 | lr = 0.001000
