starting yolov0 training
run id: dual_scale_three_box_formal_2gpu_20260427_150605
device: cuda
train dataset length: 124004
val dataset length: 10823
model output shape: {'p4': (1, 20, 20, 255), 'p5': (1, 10, 10, 255)}
parameter total: 36531294
parameter trainable: 36531294
gpu count: 2
tensorboard dir: runs/dual_scale_three_box_formal_2gpu_20260427_150605
output dir: outputs/dual_scale_three_box_formal_2gpu_20260427_150605
epoch 001 | step 0001 | total = 11.1302 | box = 1.4692 | obj = 2.3564 | cls = 1.4278 | lr = 0.001000
epoch 001 | step 0020 | total = 8.5515 | box = 1.3000 | obj = 1.7553 | cls = 0.2963 | lr = 0.001000
epoch 001 | step 0040 | total = 8.3139 | box = 1.3000 | obj = 1.6912 | cls = 0.1224 | lr = 0.001000
epoch 001 | step 0060 | total = 8.3522 | box = 1.3243 | obj = 1.6602 | cls = 0.0704 | lr = 0.001000
epoch 001 | step 0080 | total = 8.3692 | box = 1.3201 | obj = 1.6928 | cls = 0.0760 | lr = 0.001000
epoch 001 | step 0100 | total = 8.3626 | box = 1.3308 | obj = 1.6459 | cls = 0.0626 | lr = 0.001000
epoch 001 | step 0120 | total = 7.6586 | box = 1.1763 | obj = 1.7154 | cls = 0.0615 | lr = 0.001000
epoch 001 | step 0140 | total = 7.8201 | box = 1.2090 | obj = 1.7109 | cls = 0.0641 | lr = 0.001000
epoch 001 | step 0160 | total = 8.2591 | box = 1.3059 | obj = 1.6716 | cls = 0.0580 | lr = 0.001000
epoch 001 | step 0180 | total = 7.8750 | box = 1.2171 | obj = 1.7294 | cls = 0.0602 | lr = 0.001000
epoch 001 | step 0200 | total = 7.8788 | box = 1.2253 | obj = 1.7041 | cls = 0.0484 | lr = 0.001000
epoch 001 | step 0220 | total = 7.3288 | box = 1.1098 | obj = 1.7141 | cls = 0.0656 | lr = 0.001000
epoch 001 | step 0240 | total = 7.5718 | box = 1.1508 | obj = 1.7605 | cls = 0.0573 | lr = 0.001000
epoch 001 | step 0260 | total = 7.0740 | box = 1.0477 | obj = 1.7682 | cls = 0.0671 | lr = 0.001000
epoch 001 | step 0280 | total = 8.2152 | box = 1.3124 | obj = 1.6030 | cls = 0.0502 | lr = 0.001000
epoch 001 | step 0300 | total = 7.8522 | box = 1.2306 | obj = 1.6457 | cls = 0.0533 | lr = 0.001000
epoch 001 | step 0320 | total = 8.7060 | box = 1.4180 | obj = 1.5707 | cls = 0.0451 | lr = 0.001000
epoch 001 | step 0340 | total = 8.1422 | box = 1.3043 | obj = 1.5731 | cls = 0.0476 | lr = 0.001000
epoch 001 | step 0360 | total = 8.0634 | box = 1.2597 | obj = 1.7080 | cls = 0.0567 | lr = 0.001000
epoch 001 | step 0380 | total = 7.5959 | box = 1.1450 | obj = 1.8113 | cls = 0.0598 | lr = 0.001000
epoch 001 | step 0400 | total = 7.2562 | box = 1.0702 | obj = 1.8400 | cls = 0.0655 | lr = 0.001000
epoch 001 | step 0420 | total = 8.1439 | box = 1.2927 | obj = 1.6303 | cls = 0.0500 | lr = 0.001000
epoch 001 | step 0440 | total = 8.1542 | box = 1.2945 | obj = 1.6256 | cls = 0.0561 | lr = 0.001000
epoch 001 | step 0460 | total = 7.8699 | box = 1.2331 | obj = 1.6500 | cls = 0.0543 | lr = 0.001000
epoch 001 | step 0480 | total = 7.5891 | box = 1.1716 | obj = 1.6767 | cls = 0.0543 | lr = 0.001000
epoch 001 | step 0500 | total = 8.2457 | box = 1.3169 | obj = 1.6162 | cls = 0.0450 | lr = 0.001000
epoch 001 | step 0520 | total = 8.0568 | box = 1.2733 | obj = 1.6351 | cls = 0.0552 | lr = 0.001000
epoch 001 | step 0540 | total = 8.3841 | box = 1.3547 | obj = 1.5676 | cls = 0.0428 | lr = 0.001000
epoch 001 | step 0560 | total = 7.5206 | box = 1.1647 | obj = 1.6384 | cls = 0.0589 | lr = 0.001000
epoch 001 | step 0580 | total = 7.7900 | box = 1.2112 | obj = 1.6822 | cls = 0.0518 | lr = 0.001000
epoch 001 | step 0600 | total = 8.0092 | box = 1.2722 | obj = 1.6041 | cls = 0.0442 | lr = 0.001000
epoch 001 | step 0620 | total = 7.3664 | box = 1.1156 | obj = 1.7405 | cls = 0.0477 | lr = 0.001000
epoch 001 | step 0640 | total = 7.1459 | box = 1.0681 | obj = 1.7510 | cls = 0.0545 | lr = 0.001000
epoch 001 | step 0660 | total = 7.0268 | box = 1.0250 | obj = 1.8279 | cls = 0.0738 | lr = 0.001000
epoch 001 | step 0680 | total = 7.0869 | box = 1.0532 | obj = 1.7578 | cls = 0.0633 | lr = 0.001000
epoch 001 | step 0700 | total = 8.2605 | box = 1.3365 | obj = 1.5304 | cls = 0.0476 | lr = 0.001000
epoch 001 | step 0720 | total = 7.2418 | box = 1.0826 | obj = 1.7695 | cls = 0.0596 | lr = 0.001000
epoch 001 | step 0740 | total = 7.2955 | box = 1.1039 | obj = 1.7168 | cls = 0.0594 | lr = 0.001000
epoch 001 | step 0760 | total = 7.2553 | box = 1.0930 | obj = 1.7324 | cls = 0.0579 | lr = 0.001000
epoch 001 | step 0780 | total = 7.2137 | box = 1.0822 | obj = 1.7437 | cls = 0.0592 | lr = 0.001000
epoch 001 | step 0800 | total = 7.9516 | box = 1.2661 | obj = 1.5747 | cls = 0.0465 | lr = 0.001000
epoch 001 | step 0820 | total = 7.8377 | box = 1.2200 | obj = 1.6785 | cls = 0.0591 | lr = 0.001000
epoch 001 | step 0840 | total = 7.2522 | box = 1.0951 | obj = 1.7174 | cls = 0.0595 | lr = 0.001000
epoch 001 | step 0860 | total = 8.1393 | box = 1.2973 | obj = 1.6032 | cls = 0.0497 | lr = 0.001000
epoch 001 | step 0880 | total = 7.9529 | box = 1.2633 | obj = 1.5837 | cls = 0.0529 | lr = 0.001000
epoch 001 | step 0900 | total = 6.3458 | box = 0.8706 | obj = 1.9208 | cls = 0.0718 | lr = 0.001000
epoch 001 | step 0920 | total = 7.8780 | box = 1.2422 | obj = 1.6214 | cls = 0.0459 | lr = 0.001000
epoch 001 | step 0940 | total = 7.6744 | box = 1.1866 | obj = 1.6894 | cls = 0.0518 | lr = 0.001000
epoch 001 | step 0960 | total = 7.8321 | box = 1.2305 | obj = 1.6232 | cls = 0.0562 | lr = 0.001000
epoch 001 | step 0980 | total = 7.5820 | box = 1.1761 | obj = 1.6501 | cls = 0.0512 | lr = 0.001000
epoch 001 | step 1000 | total = 8.0790 | box = 1.2916 | obj = 1.5790 | cls = 0.0422 | lr = 0.001000
epoch 001 | step 1020 | total = 6.9408 | box = 1.0317 | obj = 1.7116 | cls = 0.0705 | lr = 0.001000
epoch 001 | step 1040 | total = 8.0132 | box = 1.2651 | obj = 1.6348 | cls = 0.0527 | lr = 0.001000
epoch 001 | step 1060 | total = 6.9312 | box = 1.0074 | obj = 1.8216 | cls = 0.0725 | lr = 0.001000
epoch 001 | step 1080 | total = 7.6132 | box = 1.1804 | obj = 1.6540 | cls = 0.0574 | lr = 0.001000
epoch 001 | step 1100 | total = 7.6724 | box = 1.2003 | obj = 1.6182 | cls = 0.0525 | lr = 0.001000
epoch 001 | step 1120 | total = 7.3793 | box = 1.1134 | obj = 1.7459 | cls = 0.0666 | lr = 0.001000
epoch 001 | step 1140 | total = 7.8195 | box = 1.2298 | obj = 1.6237 | cls = 0.0465 | lr = 0.001000
epoch 001 | step 1160 | total = 7.1987 | box = 1.0902 | obj = 1.6875 | cls = 0.0603 | lr = 0.001000
epoch 001 | step 1180 | total = 7.5717 | box = 1.1726 | obj = 1.6578 | cls = 0.0509 | lr = 0.001000
epoch 001 | step 1200 | total = 7.3388 | box = 1.1155 | obj = 1.6957 | cls = 0.0653 | lr = 0.001000
epoch 001 | step 1220 | total = 7.8915 | box = 1.2392 | obj = 1.6450 | cls = 0.0507 | lr = 0.001000
epoch 001 | step 1240 | total = 7.8815 | box = 1.2315 | obj = 1.6653 | cls = 0.0587 | lr = 0.001000
epoch 001 | step 1260 | total = 6.4338 | box = 0.9152 | obj = 1.7943 | cls = 0.0637 | lr = 0.001000
epoch 001 | step 1280 | total = 7.5335 | box = 1.1600 | obj = 1.6792 | cls = 0.0543 | lr = 0.001000
epoch 001 | step 1300 | total = 8.1762 | box = 1.3135 | obj = 1.5662 | cls = 0.0423 | lr = 0.001000
epoch 001 | step 1320 | total = 6.3377 | box = 0.8939 | obj = 1.8053 | cls = 0.0628 | lr = 0.001000
epoch 001 | step 1340 | total = 7.6191 | box = 1.1860 | obj = 1.6377 | cls = 0.0515 | lr = 0.001000
epoch 001 | step 1360 | total = 7.8360 | box = 1.2338 | obj = 1.6163 | cls = 0.0508 | lr = 0.001000
epoch 001 | step 1380 | total = 7.5341 | box = 1.1653 | obj = 1.6522 | cls = 0.0557 | lr = 0.001000
epoch 001 | step 1400 | total = 7.8270 | box = 1.2315 | obj = 1.6185 | cls = 0.0510 | lr = 0.001000
epoch 001 | step 1420 | total = 7.4449 | box = 1.1293 | obj = 1.7413 | cls = 0.0572 | lr = 0.001000
epoch 001 | step 1440 | total = 6.7831 | box = 0.9688 | obj = 1.8733 | cls = 0.0660 | lr = 0.001000
epoch 001 | step 1460 | total = 7.2833 | box = 1.1057 | obj = 1.7055 | cls = 0.0494 | lr = 0.001000
epoch 001 | step 1480 | total = 7.2839 | box = 1.1166 | obj = 1.6515 | cls = 0.0492 | lr = 0.001000
epoch 001 | step 1500 | total = 7.7465 | box = 1.2140 | obj = 1.6289 | cls = 0.0475 | lr = 0.001000
epoch 001 | step 1520 | total = 7.0891 | box = 1.0789 | obj = 1.6458 | cls = 0.0487 | lr = 0.001000
epoch 001 | step 1540 | total = 7.0663 | box = 1.0731 | obj = 1.6518 | cls = 0.0493 | lr = 0.001000
epoch 001 | step 1560 | total = 7.0053 | box = 1.0324 | obj = 1.7811 | cls = 0.0621 | lr = 0.001000
epoch 001 | step 1580 | total = 7.8186 | box = 1.2191 | obj = 1.6765 | cls = 0.0464 | lr = 0.001000
epoch 001 | step 1600 | total = 7.7004 | box = 1.1897 | obj = 1.6961 | cls = 0.0557 | lr = 0.001000
epoch 001 | step 1620 | total = 6.9550 | box = 1.0250 | obj = 1.7699 | cls = 0.0601 | lr = 0.001000
epoch 001 | step 1640 | total = 7.4437 | box = 1.1474 | obj = 1.6592 | cls = 0.0475 | lr = 0.001000
epoch 001 | step 1660 | total = 7.3631 | box = 1.1022 | obj = 1.7840 | cls = 0.0680 | lr = 0.001000
epoch 001 | step 1680 | total = 7.9692 | box = 1.2578 | obj = 1.6321 | cls = 0.0481 | lr = 0.001000
epoch 001 | step 1700 | total = 6.8423 | box = 1.0239 | obj = 1.6711 | cls = 0.0519 | lr = 0.001000
epoch 001 | step 1720 | total = 7.9330 | box = 1.2440 | obj = 1.6644 | cls = 0.0486 | lr = 0.001000
epoch 001 | step 1740 | total = 7.3570 | box = 1.1216 | obj = 1.6922 | cls = 0.0566 | lr = 0.001000
epoch 001 | step 1760 | total = 7.2356 | box = 1.1096 | obj = 1.6436 | cls = 0.0441 | lr = 0.001000
epoch 001 | step 1780 | total = 7.0205 | box = 1.0423 | obj = 1.7392 | cls = 0.0695 | lr = 0.001000
epoch 001 | step 1800 | total = 7.0760 | box = 1.0599 | obj = 1.7135 | cls = 0.0631 | lr = 0.001000
epoch 001 | step 1820 | total = 7.4178 | box = 1.1340 | obj = 1.6915 | cls = 0.0563 | lr = 0.001000
epoch 001 | step 1840 | total = 7.7482 | box = 1.1893 | obj = 1.7506 | cls = 0.0509 | lr = 0.001000
epoch 001 | step 1860 | total = 7.4731 | box = 1.1509 | obj = 1.6586 | cls = 0.0601 | lr = 0.001000
epoch 001 | step 1880 | total = 7.3873 | box = 1.1370 | obj = 1.6427 | cls = 0.0595 | lr = 0.001000
epoch 001 | step 1900 | total = 7.2411 | box = 1.1045 | obj = 1.6644 | cls = 0.0542 | lr = 0.001000
epoch 001 | step 1920 | total = 7.7011 | box = 1.2127 | obj = 1.5863 | cls = 0.0512 | lr = 0.001000
epoch 001 | step 1940 | total = 6.9332 | box = 1.0257 | obj = 1.7412 | cls = 0.0636 | lr = 0.001000
epoch 001 | step 1960 | total = 7.4603 | box = 1.1459 | obj = 1.6813 | cls = 0.0494 | lr = 0.001000
epoch 001 | step 1980 | total = 7.8589 | box = 1.2300 | obj = 1.6550 | cls = 0.0539 | lr = 0.001000
epoch 001 | step 2000 | total = 6.3615 | box = 0.9025 | obj = 1.7829 | cls = 0.0662 | lr = 0.001000
epoch 001 | step 2020 | total = 6.5743 | box = 0.9383 | obj = 1.8147 | cls = 0.0682 | lr = 0.001000
epoch 001 | step 2040 | total = 7.1099 | box = 1.0718 | obj = 1.6914 | cls = 0.0596 | lr = 0.001000
epoch 001 | step 2060 | total = 7.9351 | box = 1.2672 | obj = 1.5571 | cls = 0.0422 | lr = 0.001000
epoch 001 | step 2080 | total = 6.3204 | box = 0.8856 | obj = 1.8182 | cls = 0.0744 | lr = 0.001000
epoch 001 | step 2100 | total = 7.3868 | box = 1.1308 | obj = 1.6765 | cls = 0.0562 | lr = 0.001000
epoch 001 | step 2120 | total = 7.9283 | box = 1.2636 | obj = 1.5601 | cls = 0.0502 | lr = 0.001000
epoch 001 | step 2140 | total = 7.7264 | box = 1.2210 | obj = 1.5755 | cls = 0.0459 | lr = 0.001000
epoch 001 | step 2160 | total = 7.2046 | box = 1.0890 | obj = 1.7035 | cls = 0.0559 | lr = 0.001000
epoch 001 | step 2180 | total = 7.6469 | box = 1.1975 | obj = 1.6065 | cls = 0.0529 | lr = 0.001000
epoch 001 | step 2200 | total = 6.8120 | box = 0.9936 | obj = 1.7800 | cls = 0.0640 | lr = 0.001000
epoch 001 | step 2220 | total = 7.2675 | box = 1.1071 | obj = 1.6800 | cls = 0.0521 | lr = 0.001000
epoch 001 | step 2240 | total = 7.2994 | box = 1.0956 | obj = 1.7625 | cls = 0.0591 | lr = 0.001000
epoch 001 | step 2260 | total = 7.6922 | box = 1.2035 | obj = 1.6251 | cls = 0.0495 | lr = 0.001000
epoch 001 | step 2280 | total = 7.2289 | box = 1.0982 | obj = 1.6804 | cls = 0.0576 | lr = 0.001000
epoch 001 | step 2300 | total = 6.8623 | box = 1.0246 | obj = 1.6861 | cls = 0.0530 | lr = 0.001000
epoch 001 | step 2320 | total = 7.4898 | box = 1.1614 | obj = 1.6281 | cls = 0.0547 | lr = 0.001000
epoch 001 | step 2340 | total = 6.5186 | box = 0.9407 | obj = 1.7547 | cls = 0.0603 | lr = 0.001000
epoch 001 | step 2360 | total = 7.0684 | box = 1.0556 | obj = 1.7304 | cls = 0.0601 | lr = 0.001000
epoch 001 | step 2380 | total = 7.0658 | box = 1.0637 | obj = 1.6854 | cls = 0.0620 | lr = 0.001000
epoch 001 | step 2400 | total = 6.9934 | box = 1.0626 | obj = 1.6222 | cls = 0.0582 | lr = 0.001000
epoch 001 | step 2420 | total = 7.0870 | box = 1.0647 | obj = 1.6985 | cls = 0.0652 | lr = 0.001000
epoch 001 | step 2440 | total = 7.6021 | box = 1.1792 | obj = 1.6526 | cls = 0.0536 | lr = 0.001000
epoch 001 | step 2460 | total = 6.5680 | box = 0.9434 | obj = 1.7927 | cls = 0.0585 | lr = 0.001000
epoch 001 | step 2480 | total = 6.9525 | box = 1.0329 | obj = 1.7366 | cls = 0.0517 | lr = 0.001000
epoch 001 | step 2500 | total = 7.2600 | box = 1.0937 | obj = 1.7325 | cls = 0.0589 | lr = 0.001000
epoch 001 | step 2520 | total = 8.4285 | box = 1.3613 | obj = 1.5763 | cls = 0.0454 | lr = 0.001000
epoch 001 | step 2540 | total = 7.4135 | box = 1.1429 | obj = 1.6493 | cls = 0.0497 | lr = 0.001000
epoch 001 | step 2560 | total = 7.5432 | box = 1.1658 | obj = 1.6597 | cls = 0.0545 | lr = 0.001000
epoch 001 | step 2580 | total = 7.7843 | box = 1.2208 | obj = 1.6231 | cls = 0.0573 | lr = 0.001000
epoch 001 | step 2600 | total = 6.8818 | box = 1.0291 | obj = 1.6760 | cls = 0.0605 | lr = 0.001000
epoch 001 | step 2620 | total = 6.9236 | box = 1.0279 | obj = 1.7188 | cls = 0.0656 | lr = 0.001000
epoch 001 | step 2640 | total = 6.9473 | box = 1.0257 | obj = 1.7607 | cls = 0.0580 | lr = 0.001000
epoch 001 | step 2660 | total = 7.0016 | box = 1.0493 | obj = 1.7017 | cls = 0.0533 | lr = 0.001000
epoch 001 | step 2680 | total = 6.7783 | box = 0.9765 | obj = 1.8309 | cls = 0.0649 | lr = 0.001000
epoch 001 | step 2700 | total = 8.0037 | box = 1.2850 | obj = 1.5349 | cls = 0.0436 | lr = 0.001000
epoch 001 | step 2720 | total = 7.3984 | box = 1.1275 | obj = 1.7040 | cls = 0.0570 | lr = 0.001000
epoch 001 | step 2740 | total = 7.2871 | box = 1.1157 | obj = 1.6633 | cls = 0.0453 | lr = 0.001000
epoch 001 | step 2760 | total = 7.6060 | box = 1.1868 | obj = 1.6178 | cls = 0.0544 | lr = 0.001000
epoch 001 | step 2780 | total = 7.1391 | box = 1.0744 | obj = 1.7149 | cls = 0.0523 | lr = 0.001000
epoch 001 | step 2800 | total = 6.6723 | box = 0.9723 | obj = 1.7503 | cls = 0.0603 | lr = 0.001000
epoch 001 | step 2820 | total = 7.0255 | box = 1.0584 | obj = 1.6789 | cls = 0.0545 | lr = 0.001000
epoch 001 | step 2840 | total = 6.1668 | box = 0.8530 | obj = 1.8299 | cls = 0.0721 | lr = 0.001000
epoch 001 | step 2860 | total = 7.0147 | box = 1.0213 | obj = 1.8483 | cls = 0.0598 | lr = 0.001000
epoch 001 | step 2880 | total = 6.8189 | box = 1.0201 | obj = 1.6629 | cls = 0.0556 | lr = 0.001000
epoch 001 | step 2900 | total = 7.5697 | box = 1.1664 | obj = 1.6825 | cls = 0.0553 | lr = 0.001000
epoch 001 | step 2920 | total = 7.7397 | box = 1.1994 | obj = 1.6923 | cls = 0.0503 | lr = 0.001000
epoch 001 | step 2940 | total = 7.0398 | box = 1.0640 | obj = 1.6660 | cls = 0.0539 | lr = 0.001000
epoch 001 | step 2960 | total = 7.7427 | box = 1.2256 | obj = 1.5697 | cls = 0.0451 | lr = 0.001000
epoch 001 | step 2980 | total = 7.3254 | box = 1.1316 | obj = 1.6106 | cls = 0.0568 | lr = 0.001000
epoch 001 | step 3000 | total = 6.7039 | box = 0.9963 | obj = 1.6646 | cls = 0.0579 | lr = 0.001000
epoch 001 | step 3020 | total = 7.5622 | box = 1.1674 | obj = 1.6765 | cls = 0.0485 | lr = 0.001000
epoch 001 | step 3040 | total = 7.8467 | box = 1.2304 | obj = 1.6494 | cls = 0.0454 | lr = 0.001000
epoch 001 | step 3060 | total = 7.4199 | box = 1.1464 | obj = 1.6351 | cls = 0.0526 | lr = 0.001000
epoch 001 | step 3080 | total = 7.7597 | box = 1.2281 | obj = 1.5691 | cls = 0.0502 | lr = 0.001000
epoch 001 | step 3100 | total = 7.0169 | box = 1.0515 | obj = 1.7101 | cls = 0.0493 | lr = 0.001000
epoch 001 | step 3120 | total = 7.4576 | box = 1.1658 | obj = 1.5795 | cls = 0.0490 | lr = 0.001000
epoch 001 | step 3140 | total = 6.3584 | box = 0.8953 | obj = 1.8167 | cls = 0.0654 | lr = 0.001000
epoch 001 | step 3160 | total = 7.9187 | box = 1.2583 | obj = 1.5828 | cls = 0.0442 | lr = 0.001000
epoch 001 | step 3180 | total = 6.7895 | box = 1.0076 | obj = 1.6906 | cls = 0.0608 | lr = 0.001000
epoch 001 | step 3200 | total = 6.7767 | box = 1.0083 | obj = 1.6742 | cls = 0.0610 | lr = 0.001000
epoch 001 | step 3220 | total = 7.3419 | box = 1.1403 | obj = 1.5901 | cls = 0.0501 | lr = 0.001000
epoch 001 | step 3240 | total = 7.1543 | box = 1.0829 | obj = 1.6806 | cls = 0.0590 | lr = 0.001000
epoch 001 | step 3260 | total = 6.6192 | box = 0.9784 | obj = 1.6693 | cls = 0.0581 | lr = 0.001000
epoch 001 | step 3280 | total = 7.2541 | box = 1.1034 | obj = 1.6815 | cls = 0.0554 | lr = 0.001000
epoch 001 | step 3300 | total = 7.1246 | box = 1.0910 | obj = 1.6134 | cls = 0.0560 | lr = 0.001000
epoch 001 | step 3320 | total = 6.8481 | box = 0.9998 | obj = 1.7788 | cls = 0.0704 | lr = 0.001000
epoch 001 | step 3340 | total = 7.4160 | box = 1.1463 | obj = 1.6401 | cls = 0.0445 | lr = 0.001000
epoch 001 | step 3360 | total = 7.0900 | box = 1.0778 | obj = 1.6456 | cls = 0.0552 | lr = 0.001000
epoch 001 | step 3380 | total = 6.4238 | box = 0.9254 | obj = 1.7318 | cls = 0.0648 | lr = 0.001000
epoch 001 | step 3400 | total = 6.7595 | box = 0.9991 | obj = 1.7038 | cls = 0.0600 | lr = 0.001000
epoch 001 | step 3420 | total = 7.2330 | box = 1.0919 | obj = 1.7179 | cls = 0.0556 | lr = 0.001000
epoch 001 | step 3440 | total = 7.2690 | box = 1.1030 | obj = 1.6945 | cls = 0.0594 | lr = 0.001000
epoch 001 | step 3460 | total = 6.7048 | box = 0.9778 | obj = 1.7506 | cls = 0.0653 | lr = 0.001000
epoch 001 | step 3480 | total = 7.4763 | box = 1.1487 | obj = 1.6783 | cls = 0.0546 | lr = 0.001000
epoch 001 | step 3500 | total = 6.9914 | box = 1.0432 | obj = 1.7227 | cls = 0.0527 | lr = 0.001000
epoch 001 | step 3520 | total = 5.7527 | box = 0.7677 | obj = 1.8468 | cls = 0.0674 | lr = 0.001000
epoch 001 | step 3540 | total = 6.3176 | box = 0.9075 | obj = 1.7220 | cls = 0.0583 | lr = 0.001000
epoch 001 | step 3560 | total = 6.8619 | box = 1.0270 | obj = 1.6655 | cls = 0.0615 | lr = 0.001000
epoch 001 | step 3580 | total = 6.7530 | box = 1.0006 | obj = 1.6917 | cls = 0.0585 | lr = 0.001000
epoch 001 | step 3600 | total = 7.2031 | box = 1.0880 | obj = 1.6989 | cls = 0.0642 | lr = 0.001000
epoch 001 | step 3620 | total = 7.4248 | box = 1.1366 | obj = 1.6919 | cls = 0.0499 | lr = 0.001000
epoch 001 | step 3640 | total = 5.9321 | box = 0.7698 | obj = 2.0019 | cls = 0.0811 | lr = 0.001000
epoch 001 | step 3660 | total = 7.3805 | box = 1.1253 | obj = 1.6953 | cls = 0.0588 | lr = 0.001000
epoch 001 | step 3680 | total = 6.9373 | box = 1.0342 | obj = 1.7034 | cls = 0.0629 | lr = 0.001000
epoch 001 | step 3700 | total = 6.5439 | box = 0.9516 | obj = 1.7233 | cls = 0.0627 | lr = 0.001000
epoch 001 | step 3720 | total = 6.7099 | box = 0.9859 | obj = 1.7151 | cls = 0.0654 | lr = 0.001000
epoch 001 | step 3740 | total = 7.3133 | box = 1.1219 | obj = 1.6527 | cls = 0.0510 | lr = 0.001000
epoch 001 | step 3760 | total = 6.7767 | box = 1.0027 | obj = 1.7039 | cls = 0.0591 | lr = 0.001000
epoch 001 | step 3780 | total = 6.2951 | box = 0.8802 | obj = 1.8326 | cls = 0.0615 | lr = 0.001000
epoch 001 | step 3800 | total = 7.5696 | box = 1.1874 | obj = 1.5850 | cls = 0.0477 | lr = 0.001000
epoch 001 | step 3820 | total = 6.7504 | box = 0.9935 | obj = 1.7219 | cls = 0.0612 | lr = 0.001000
epoch 001 | step 3840 | total = 7.3970 | box = 1.1449 | obj = 1.6183 | cls = 0.0541 | lr = 0.001000
epoch 001 | step 3860 | total = 7.8838 | box = 1.2489 | obj = 1.5971 | cls = 0.0423 | lr = 0.001000
epoch 001 | step 3880 | total = 6.8812 | box = 1.0299 | obj = 1.6746 | cls = 0.0569 | lr = 0.001000
epoch 001 | step 3900 | total = 7.5810 | box = 1.1811 | obj = 1.6260 | cls = 0.0495 | lr = 0.001000
epoch 001 | step 3920 | total = 6.6286 | box = 0.9659 | obj = 1.7369 | cls = 0.0623 | lr = 0.001000
epoch 001 | step 3940 | total = 7.4167 | box = 1.1285 | obj = 1.7212 | cls = 0.0528 | lr = 0.001000
epoch 001 | step 3960 | total = 7.2749 | box = 1.1106 | obj = 1.6707 | cls = 0.0511 | lr = 0.001000
epoch 001 | step 3980 | total = 6.7730 | box = 1.0071 | obj = 1.6829 | cls = 0.0545 | lr = 0.001000
epoch 001 | step 4000 | total = 6.5873 | box = 0.9472 | obj = 1.7859 | cls = 0.0657 | lr = 0.001000
epoch 001 | step 4020 | total = 6.2938 | box = 0.8857 | obj = 1.8069 | cls = 0.0584 | lr = 0.001000
epoch 001 | step 4040 | total = 6.5741 | box = 0.9604 | obj = 1.7106 | cls = 0.0613 | lr = 0.001000
epoch 001 | step 4060 | total = 7.3274 | box = 1.1185 | obj = 1.6851 | cls = 0.0497 | lr = 0.001000
epoch 001 | step 4080 | total = 6.6226 | box = 0.9839 | obj = 1.6480 | cls = 0.0549 | lr = 0.001000
epoch 001 | step 4100 | total = 7.2534 | box = 1.1084 | obj = 1.6611 | cls = 0.0505 | lr = 0.001000
epoch 001 | step 4120 | total = 6.8603 | box = 1.0206 | obj = 1.6935 | cls = 0.0640 | lr = 0.001000
epoch 001 | step 4140 | total = 7.0154 | box = 1.0745 | obj = 1.5967 | cls = 0.0462 | lr = 0.001000
epoch 001 | step 4160 | total = 7.7428 | box = 1.2221 | obj = 1.5835 | cls = 0.0490 | lr = 0.001000
epoch 001 | step 4180 | total = 7.4794 | box = 1.1454 | obj = 1.6976 | cls = 0.0548 | lr = 0.001000
epoch 001 | step 4200 | total = 7.2462 | box = 1.1088 | obj = 1.6489 | cls = 0.0530 | lr = 0.001000
epoch 001 | step 4220 | total = 7.6476 | box = 1.2057 | obj = 1.5690 | cls = 0.0503 | lr = 0.001000
epoch 001 | step 4240 | total = 7.2758 | box = 1.1307 | obj = 1.5736 | cls = 0.0486 | lr = 0.001000
epoch 001 | step 4260 | total = 7.1357 | box = 1.0837 | obj = 1.6714 | cls = 0.0458 | lr = 0.001000
epoch 001 | step 4280 | total = 6.6681 | box = 0.9929 | obj = 1.6444 | cls = 0.0591 | lr = 0.001000
epoch 001 | step 4300 | total = 7.8625 | box = 1.2550 | obj = 1.5437 | cls = 0.0437 | lr = 0.001000
epoch 001 | step 4320 | total = 6.9045 | box = 1.0392 | obj = 1.6512 | cls = 0.0572 | lr = 0.001000
epoch 001 | step 4340 | total = 7.2487 | box = 1.1203 | obj = 1.5876 | cls = 0.0597 | lr = 0.001000
epoch 001 | step 4360 | total = 7.4003 | box = 1.1479 | obj = 1.6110 | cls = 0.0498 | lr = 0.001000
epoch 001 | step 4380 | total = 7.2931 | box = 1.1117 | obj = 1.6842 | cls = 0.0505 | lr = 0.001000
epoch 001 | step 4400 | total = 6.7690 | box = 0.9922 | obj = 1.7498 | cls = 0.0582 | lr = 0.001000
epoch 001 | step 4420 | total = 6.5493 | box = 0.9551 | obj = 1.6997 | cls = 0.0744 | lr = 0.001000
epoch 001 | step 4440 | total = 6.9617 | box = 1.0504 | obj = 1.6548 | cls = 0.0551 | lr = 0.001000
epoch 001 | step 4460 | total = 8.1043 | box = 1.3107 | obj = 1.5037 | cls = 0.0471 | lr = 0.001000
epoch 001 | step 4480 | total = 7.0328 | box = 1.0613 | obj = 1.6740 | cls = 0.0523 | lr = 0.001000
epoch 001 | step 4500 | total = 6.3235 | box = 0.9228 | obj = 1.6523 | cls = 0.0572 | lr = 0.001000
epoch 001 | step 4520 | total = 6.8141 | box = 1.0209 | obj = 1.6559 | cls = 0.0536 | lr = 0.001000
epoch 001 | step 4540 | total = 7.1032 | box = 1.0636 | obj = 1.7322 | cls = 0.0528 | lr = 0.001000
epoch 001 | step 4560 | total = 6.5796 | box = 0.9450 | obj = 1.7845 | cls = 0.0703 | lr = 0.001000
epoch 001 | step 4580 | total = 7.3593 | box = 1.1418 | obj = 1.6087 | cls = 0.0416 | lr = 0.001000
epoch 001 | step 4600 | total = 7.3063 | box = 1.1214 | obj = 1.6508 | cls = 0.0487 | lr = 0.001000
epoch 001 | step 4620 | total = 7.3245 | box = 1.1217 | obj = 1.6605 | cls = 0.0557 | lr = 0.001000
epoch 001 | step 4640 | total = 7.1676 | box = 1.1100 | obj = 1.5658 | cls = 0.0518 | lr = 0.001000
epoch 001 | step 4660 | total = 6.4649 | box = 0.9266 | obj = 1.7679 | cls = 0.0641 | lr = 0.001000
epoch 001 | step 4680 | total = 7.2918 | box = 1.1162 | obj = 1.6607 | cls = 0.0501 | lr = 0.001000
epoch 001 | step 4700 | total = 6.4701 | box = 0.9537 | obj = 1.6380 | cls = 0.0637 | lr = 0.001000
epoch 001 | step 4720 | total = 6.4193 | box = 0.9365 | obj = 1.6756 | cls = 0.0612 | lr = 0.001000
epoch 001 | step 4740 | total = 6.8458 | box = 1.0217 | obj = 1.6805 | cls = 0.0570 | lr = 0.001000
epoch 001 | step 4760 | total = 7.2909 | box = 1.1127 | obj = 1.6727 | cls = 0.0544 | lr = 0.001000
epoch 001 | step 4780 | total = 6.7372 | box = 1.0011 | obj = 1.6714 | cls = 0.0601 | lr = 0.001000
epoch 001 | step 4800 | total = 7.5216 | box = 1.1717 | obj = 1.6081 | cls = 0.0552 | lr = 0.001000
epoch 001 | step 4820 | total = 7.5366 | box = 1.1566 | obj = 1.7031 | cls = 0.0507 | lr = 0.001000
epoch 001 | step 4840 | total = 6.9158 | box = 1.0397 | obj = 1.6605 | cls = 0.0568 | lr = 0.001000
epoch 001 | step 4860 | total = 7.2542 | box = 1.1216 | obj = 1.5990 | cls = 0.0472 | lr = 0.001000
epoch 001 | step 4880 | total = 7.2242 | box = 1.0959 | obj = 1.6849 | cls = 0.0600 | lr = 0.001000
epoch 001 | step 4900 | total = 6.6708 | box = 0.9787 | obj = 1.7188 | cls = 0.0587 | lr = 0.001000
epoch 001 | step 4920 | total = 6.9975 | box = 1.0630 | obj = 1.6317 | cls = 0.0511 | lr = 0.001000
epoch 001 | step 4940 | total = 6.8911 | box = 1.0275 | obj = 1.6953 | cls = 0.0582 | lr = 0.001000
epoch 001 | step 4960 | total = 7.1180 | box = 1.1069 | obj = 1.5372 | cls = 0.0463 | lr = 0.001000
epoch 001 | step 4980 | total = 7.0302 | box = 1.0635 | obj = 1.6636 | cls = 0.0493 | lr = 0.001000
epoch 001 | step 5000 | total = 7.5445 | box = 1.1639 | obj = 1.6659 | cls = 0.0590 | lr = 0.001000
epoch 001 | step 5020 | total = 6.0781 | box = 0.8637 | obj = 1.6972 | cls = 0.0627 | lr = 0.001000
epoch 001 | step 5040 | total = 7.0787 | box = 1.0595 | obj = 1.7249 | cls = 0.0562 | lr = 0.001000
epoch 001 | step 5060 | total = 8.1203 | box = 1.3252 | obj = 1.4530 | cls = 0.0413 | lr = 0.001000
epoch 001 | step 5080 | total = 6.6685 | box = 0.9831 | obj = 1.6998 | cls = 0.0534 | lr = 0.001000
epoch 001 | step 5100 | total = 6.2145 | box = 0.8884 | obj = 1.7097 | cls = 0.0626 | lr = 0.001000
epoch 001 | step 5120 | total = 6.8476 | box = 1.0328 | obj = 1.6302 | cls = 0.0534 | lr = 0.001000
epoch 001 | step 5140 | total = 7.6701 | box = 1.2153 | obj = 1.5460 | cls = 0.0474 | lr = 0.001000
epoch 001 | step 5160 | total = 6.7523 | box = 1.0113 | obj = 1.6431 | cls = 0.0529 | lr = 0.001000
epoch 001 | step 5180 | total = 6.9919 | box = 1.0571 | obj = 1.6558 | cls = 0.0507 | lr = 0.001000
epoch 001 | step 5200 | total = 6.8374 | box = 1.0055 | obj = 1.7473 | cls = 0.0625 | lr = 0.001000
epoch 001 | step 5220 | total = 6.7633 | box = 0.9941 | obj = 1.7409 | cls = 0.0518 | lr = 0.001000
epoch 001 | step 5240 | total = 7.5829 | box = 1.1944 | obj = 1.5670 | cls = 0.0438 | lr = 0.001000
epoch 001 | step 5260 | total = 6.5102 | box = 0.9545 | obj = 1.6812 | cls = 0.0562 | lr = 0.001000
epoch 001 | step 5280 | total = 7.0725 | box = 1.0714 | obj = 1.6610 | cls = 0.0543 | lr = 0.001000
epoch 001 | step 5300 | total = 7.1066 | box = 1.0727 | obj = 1.6857 | cls = 0.0571 | lr = 0.001000
epoch 001 | step 5320 | total = 7.0273 | box = 1.0638 | obj = 1.6579 | cls = 0.0503 | lr = 0.001000
epoch 001 | step 5340 | total = 6.9404 | box = 1.0310 | obj = 1.7223 | cls = 0.0629 | lr = 0.001000
epoch 001 | step 5360 | total = 6.7003 | box = 0.9791 | obj = 1.7447 | cls = 0.0600 | lr = 0.001000
epoch 001 | step 5380 | total = 7.3677 | box = 1.1049 | obj = 1.7850 | cls = 0.0582 | lr = 0.001000
epoch 001 | step 5400 | total = 7.6689 | box = 1.2082 | obj = 1.5804 | cls = 0.0475 | lr = 0.001000
epoch 001 | step 5420 | total = 6.8025 | box = 1.0210 | obj = 1.6423 | cls = 0.0551 | lr = 0.001000
epoch 001 | step 5440 | total = 5.9866 | box = 0.8357 | obj = 1.7435 | cls = 0.0646 | lr = 0.001000
epoch 001 | step 5460 | total = 6.3125 | box = 0.9193 | obj = 1.6562 | cls = 0.0598 | lr = 0.001000
epoch 001 | step 5480 | total = 7.4580 | box = 1.1470 | obj = 1.6758 | cls = 0.0471 | lr = 0.001000
epoch 001 | step 5500 | total = 6.8613 | box = 1.0358 | obj = 1.6311 | cls = 0.0512 | lr = 0.001000
epoch 001 | step 5520 | total = 6.3493 | box = 0.9148 | obj = 1.7105 | cls = 0.0648 | lr = 0.001000
epoch 001 | step 5540 | total = 7.0946 | box = 1.0747 | obj = 1.6667 | cls = 0.0546 | lr = 0.001000
epoch 001 | step 5560 | total = 7.1024 | box = 1.0875 | obj = 1.6117 | cls = 0.0531 | lr = 0.001000
epoch 001 | step 5580 | total = 6.3818 | box = 0.9222 | obj = 1.7175 | cls = 0.0535 | lr = 0.001000
epoch 001 | step 5600 | total = 7.5051 | box = 1.1666 | obj = 1.6185 | cls = 0.0536 | lr = 0.001000
epoch 001 | step 5620 | total = 7.3372 | box = 1.1443 | obj = 1.5719 | cls = 0.0440 | lr = 0.001000
epoch 001 | step 5640 | total = 6.7778 | box = 1.0163 | obj = 1.6350 | cls = 0.0612 | lr = 0.001000
