dataset storage train: pt | index = /home/lidz/YOLO/DataSet/Unified/packed/pt/coco2017_train/chunk_1024/index.json | chunks = 116 | samples = 118287 | chunk_size = 1024
dataset storage val: pt | index = /home/lidz/YOLO/DataSet/Unified/packed/pt/coco2017_val/chunk_1024/index.json | chunks = 5 | samples = 5000 | chunk_size = 1024
starting yolov0 training
run id: dual_scale_three_box_coco_only_noobj1_20260428_180817
device: cuda
train dataset length: 118287
val dataset length: 5000
model output shape: {'p4': (1, 20, 20, 255), 'p5': (1, 10, 10, 255)}
parameter total: 36531294
parameter trainable: 36531294
gpu count: 8
tensorboard dir: runs/dual_scale_three_box_coco_only_noobj1_20260428_180817
output dir: outputs/dual_scale_three_box_coco_only_noobj1_20260428_180817
epoch 001 | step 0001 | total = 11.7341 | box = 1.4576 | obj = 3.0394 | cls = 1.4065 | lr = 0.001000
epoch 001 | step 0020 | total = 8.7395 | box = 1.3097 | obj = 1.9831 | cls = 0.2078 | lr = 0.001000
epoch 001 | step 0040 | total = 8.3515 | box = 1.2750 | obj = 1.8837 | cls = 0.0929 | lr = 0.001000
epoch 001 | step 0060 | total = 8.0922 | box = 1.2123 | obj = 1.9567 | cls = 0.0738 | lr = 0.001000
epoch 001 | step 0080 | total = 8.1555 | box = 1.2462 | obj = 1.8628 | cls = 0.0618 | lr = 0.001000
epoch 001 | step 0100 | total = 8.2152 | box = 1.2666 | obj = 1.8274 | cls = 0.0548 | lr = 0.001000
epoch 001 | step 0120 | total = 8.0379 | box = 1.2220 | obj = 1.8726 | cls = 0.0555 | lr = 0.001000
epoch 001 | step 0140 | total = 7.8084 | box = 1.1620 | obj = 1.9383 | cls = 0.0600 | lr = 0.001000
epoch 001 | step 0160 | total = 7.7686 | box = 1.1660 | obj = 1.8821 | cls = 0.0564 | lr = 0.001000
epoch 001 | step 0180 | total = 7.6140 | box = 1.1223 | obj = 1.9455 | cls = 0.0568 | lr = 0.001000
epoch 001 | step 0200 | total = 7.5182 | box = 1.0976 | obj = 1.9718 | cls = 0.0585 | lr = 0.001000
epoch 001 | step 0220 | total = 7.7094 | box = 1.1514 | obj = 1.8936 | cls = 0.0587 | lr = 0.001000
epoch 001 | step 0240 | total = 7.9043 | box = 1.2083 | obj = 1.8096 | cls = 0.0533 | lr = 0.001000
epoch 001 | step 0260 | total = 7.4019 | box = 1.0828 | obj = 1.9274 | cls = 0.0603 | lr = 0.001000
epoch 001 | step 0280 | total = 7.5460 | box = 1.1077 | obj = 1.9474 | cls = 0.0600 | lr = 0.001000
epoch 001 | step 0300 | total = 7.7205 | box = 1.1602 | obj = 1.8666 | cls = 0.0527 | lr = 0.001000
epoch 001 | step 0320 | total = 7.4024 | box = 1.0771 | obj = 1.9594 | cls = 0.0577 | lr = 0.001000
epoch 001 | step 0340 | total = 7.4587 | box = 1.1055 | obj = 1.8747 | cls = 0.0563 | lr = 0.001000
epoch 001 | step 0360 | total = 7.6713 | box = 1.1462 | obj = 1.8862 | cls = 0.0542 | lr = 0.001000
epoch 001 | step 0380 | total = 7.4305 | box = 1.0890 | obj = 1.9287 | cls = 0.0567 | lr = 0.001000
epoch 001 | step 0400 | total = 7.2919 | box = 1.0562 | obj = 1.9529 | cls = 0.0580 | lr = 0.001000
epoch 001 | step 0420 | total = 7.4787 | box = 1.1119 | obj = 1.8656 | cls = 0.0536 | lr = 0.001000
epoch 001 | step 0440 | total = 7.4763 | box = 1.1165 | obj = 1.8376 | cls = 0.0563 | lr = 0.001000
epoch 001 | step 0460 | total = 7.2876 | box = 1.0639 | obj = 1.9114 | cls = 0.0567 | lr = 0.001000
epoch 001 | step 0480 | total = 7.3047 | box = 1.0644 | obj = 1.9262 | cls = 0.0568 | lr = 0.001000
epoch 001 | step 0500 | total = 7.4331 | box = 1.0994 | obj = 1.8805 | cls = 0.0557 | lr = 0.001000
epoch 001 | step 0520 | total = 7.1025 | box = 1.0133 | obj = 1.9745 | cls = 0.0614 | lr = 0.001000
epoch 001 | step 0540 | total = 7.2196 | box = 1.0495 | obj = 1.9135 | cls = 0.0587 | lr = 0.001000
epoch 001 | step 0560 | total = 7.4465 | box = 1.1041 | obj = 1.8703 | cls = 0.0556 | lr = 0.001000
epoch 001 | step 0580 | total = 7.3480 | box = 1.0837 | obj = 1.8761 | cls = 0.0534 | lr = 0.001000
epoch 001 | step 0600 | total = 7.1902 | box = 1.0526 | obj = 1.8676 | cls = 0.0593 | lr = 0.001000
epoch 001 | step 0620 | total = 7.1324 | box = 1.0338 | obj = 1.9058 | cls = 0.0575 | lr = 0.001000
epoch 001 | step 0640 | total = 7.1710 | box = 1.0321 | obj = 1.9517 | cls = 0.0589 | lr = 0.001000
epoch 001 | step 0660 | total = 7.2055 | box = 1.0467 | obj = 1.9174 | cls = 0.0546 | lr = 0.001000
epoch 001 | step 0680 | total = 7.0593 | box = 1.0156 | obj = 1.9219 | cls = 0.0592 | lr = 0.001000
epoch 001 | step 0700 | total = 7.0969 | box = 1.0334 | obj = 1.8746 | cls = 0.0552 | lr = 0.001000
epoch 001 | step 0720 | total = 7.1600 | box = 1.0395 | obj = 1.9063 | cls = 0.0562 | lr = 0.001000
epoch 001 | step 0740 | total = 7.0281 | box = 1.0006 | obj = 1.9667 | cls = 0.0582 | lr = 0.001000
epoch 001 | step 0760 | total = 6.6892 | box = 0.9345 | obj = 1.9582 | cls = 0.0587 | lr = 0.001000
epoch 001 | step 0780 | total = 6.9552 | box = 0.9968 | obj = 1.9167 | cls = 0.0546 | lr = 0.001000
epoch 001 | step 0800 | total = 7.2389 | box = 1.0690 | obj = 1.8412 | cls = 0.0525 | lr = 0.001000
epoch 001 | step 0820 | total = 7.0799 | box = 1.0351 | obj = 1.8510 | cls = 0.0534 | lr = 0.001000
epoch 001 | step 0840 | total = 6.8614 | box = 0.9787 | obj = 1.9079 | cls = 0.0598 | lr = 0.001000
epoch 001 | step 0860 | total = 6.7320 | box = 0.9558 | obj = 1.8937 | cls = 0.0594 | lr = 0.001000
epoch 001 | step 0880 | total = 7.0512 | box = 1.0163 | obj = 1.9153 | cls = 0.0547 | lr = 0.001000
epoch 001 | step 0900 | total = 7.0167 | box = 1.0216 | obj = 1.8555 | cls = 0.0533 | lr = 0.001000
epoch 001 | step 0920 | total = 7.1768 | box = 1.0544 | obj = 1.8532 | cls = 0.0516 | lr = 0.001000
[epoch 001 train] total = 7.4982 | box = 1.1046 | obj = 1.9049 | cls = 0.0706 | batches = 925 | time = 2856.5s
[epoch 001 val] total = 7.0067 | box = 1.0099 | obj = 1.9016 | cls = 0.0554 | batches = 40 | time = 131.3s
epoch 002 | step 0001 | total = 6.9073 | box = 1.0004 | obj = 1.8500 | cls = 0.0551 | lr = 0.000994
epoch 002 | step 0020 | total = 7.0762 | box = 1.0296 | obj = 1.8734 | cls = 0.0550 | lr = 0.000994
epoch 002 | step 0040 | total = 6.7746 | box = 0.9744 | obj = 1.8482 | cls = 0.0543 | lr = 0.000994
epoch 002 | step 0060 | total = 6.8020 | box = 0.9701 | obj = 1.8975 | cls = 0.0542 | lr = 0.000994
epoch 002 | step 0080 | total = 7.0107 | box = 1.0107 | obj = 1.9045 | cls = 0.0526 | lr = 0.000994
epoch 002 | step 0100 | total = 6.8683 | box = 0.9890 | obj = 1.8683 | cls = 0.0548 | lr = 0.000994
epoch 002 | step 0120 | total = 7.1980 | box = 1.0533 | obj = 1.8795 | cls = 0.0522 | lr = 0.000994
epoch 002 | step 0140 | total = 6.9037 | box = 1.0043 | obj = 1.8302 | cls = 0.0517 | lr = 0.000994
epoch 002 | step 0160 | total = 6.8822 | box = 0.9978 | obj = 1.8383 | cls = 0.0548 | lr = 0.000994
epoch 002 | step 0180 | total = 6.7529 | box = 0.9612 | obj = 1.8897 | cls = 0.0571 | lr = 0.000994
epoch 002 | step 0200 | total = 6.6353 | box = 0.9317 | obj = 1.9170 | cls = 0.0598 | lr = 0.000994
epoch 002 | step 0220 | total = 6.8881 | box = 0.9986 | obj = 1.8406 | cls = 0.0544 | lr = 0.000994
epoch 002 | step 0240 | total = 6.8893 | box = 1.0020 | obj = 1.8256 | cls = 0.0540 | lr = 0.000994
epoch 002 | step 0260 | total = 6.8179 | box = 0.9915 | obj = 1.8092 | cls = 0.0513 | lr = 0.000994
epoch 002 | step 0280 | total = 6.6877 | box = 0.9550 | obj = 1.8601 | cls = 0.0524 | lr = 0.000994
epoch 002 | step 0300 | total = 6.8368 | box = 0.9909 | obj = 1.8300 | cls = 0.0524 | lr = 0.000994
epoch 002 | step 0320 | total = 6.6957 | box = 0.9603 | obj = 1.8395 | cls = 0.0548 | lr = 0.000994
epoch 002 | step 0340 | total = 6.7996 | box = 0.9578 | obj = 1.9499 | cls = 0.0605 | lr = 0.000994
epoch 002 | step 0360 | total = 7.1437 | box = 1.0554 | obj = 1.8174 | cls = 0.0492 | lr = 0.000994
epoch 002 | step 0380 | total = 6.6021 | box = 0.9419 | obj = 1.8353 | cls = 0.0573 | lr = 0.000994
epoch 002 | step 0400 | total = 6.8729 | box = 0.9937 | obj = 1.8528 | cls = 0.0515 | lr = 0.000994
epoch 002 | step 0420 | total = 6.7597 | box = 0.9824 | obj = 1.7957 | cls = 0.0520 | lr = 0.000994
epoch 002 | step 0440 | total = 6.7498 | box = 0.9738 | obj = 1.8289 | cls = 0.0518 | lr = 0.000994
epoch 002 | step 0460 | total = 6.8301 | box = 1.0021 | obj = 1.7703 | cls = 0.0492 | lr = 0.000994
epoch 002 | step 0480 | total = 6.5483 | box = 0.9273 | obj = 1.8569 | cls = 0.0550 | lr = 0.000994
epoch 002 | step 0500 | total = 6.5783 | box = 0.9429 | obj = 1.8112 | cls = 0.0525 | lr = 0.000994
epoch 002 | step 0520 | total = 6.6894 | box = 0.9715 | obj = 1.7820 | cls = 0.0501 | lr = 0.000994
epoch 002 | step 0540 | total = 6.9107 | box = 0.9999 | obj = 1.8599 | cls = 0.0511 | lr = 0.000994
epoch 002 | step 0560 | total = 6.5469 | box = 0.9256 | obj = 1.8661 | cls = 0.0527 | lr = 0.000994
epoch 002 | step 0580 | total = 6.8832 | box = 0.9983 | obj = 1.8398 | cls = 0.0517 | lr = 0.000994
epoch 002 | step 0600 | total = 6.6603 | box = 0.9525 | obj = 1.8453 | cls = 0.0526 | lr = 0.000994
epoch 002 | step 0620 | total = 6.5777 | box = 0.9377 | obj = 1.8360 | cls = 0.0532 | lr = 0.000994
epoch 002 | step 0640 | total = 6.7837 | box = 0.9827 | obj = 1.8176 | cls = 0.0525 | lr = 0.000994
epoch 002 | step 0660 | total = 6.5828 | box = 0.9347 | obj = 1.8551 | cls = 0.0540 | lr = 0.000994
epoch 002 | step 0680 | total = 6.8027 | box = 0.9870 | obj = 1.8183 | cls = 0.0494 | lr = 0.000994
epoch 002 | step 0700 | total = 6.7002 | box = 0.9644 | obj = 1.8274 | cls = 0.0507 | lr = 0.000994
epoch 002 | step 0720 | total = 6.4347 | box = 0.9018 | obj = 1.8692 | cls = 0.0565 | lr = 0.000994
epoch 002 | step 0740 | total = 6.5840 | box = 0.9488 | obj = 1.7888 | cls = 0.0513 | lr = 0.000994
epoch 002 | step 0760 | total = 6.8172 | box = 0.9902 | obj = 1.8123 | cls = 0.0538 | lr = 0.000994
epoch 002 | step 0780 | total = 6.4750 | box = 0.9116 | obj = 1.8618 | cls = 0.0552 | lr = 0.000994
epoch 002 | step 0800 | total = 6.7047 | box = 0.9668 | obj = 1.8164 | cls = 0.0541 | lr = 0.000994
epoch 002 | step 0820 | total = 6.4657 | box = 0.9127 | obj = 1.8474 | cls = 0.0547 | lr = 0.000994
epoch 002 | step 0840 | total = 6.6592 | box = 0.9621 | obj = 1.7974 | cls = 0.0514 | lr = 0.000994
epoch 002 | step 0860 | total = 6.4924 | box = 0.9215 | obj = 1.8280 | cls = 0.0569 | lr = 0.000994
epoch 002 | step 0880 | total = 6.5682 | box = 0.9444 | obj = 1.7943 | cls = 0.0519 | lr = 0.000994
epoch 002 | step 0900 | total = 6.3991 | box = 0.9162 | obj = 1.7684 | cls = 0.0495 | lr = 0.000994
epoch 002 | step 0920 | total = 6.7955 | box = 0.9845 | obj = 1.8258 | cls = 0.0473 | lr = 0.000994
[epoch 002 train] total = 6.7310 | box = 0.9669 | obj = 1.8436 | cls = 0.0530 | batches = 925 | time = 3034.7s
[epoch 002 val] total = 6.8139 | box = 0.9730 | obj = 1.8952 | cls = 0.0540 | batches = 40 | time = 125.0s
epoch 003 | step 0001 | total = 6.5956 | box = 0.9486 | obj = 1.8036 | cls = 0.0489 | lr = 0.000976
epoch 003 | step 0020 | total = 6.4826 | box = 0.9132 | obj = 1.8638 | cls = 0.0525 | lr = 0.000976
epoch 003 | step 0040 | total = 6.3040 | box = 0.8851 | obj = 1.8256 | cls = 0.0529 | lr = 0.000976
epoch 003 | step 0060 | total = 6.4902 | box = 0.9241 | obj = 1.8159 | cls = 0.0536 | lr = 0.000976
epoch 003 | step 0080 | total = 6.4364 | box = 0.9053 | obj = 1.8573 | cls = 0.0524 | lr = 0.000976
epoch 003 | step 0100 | total = 6.5731 | box = 0.9423 | obj = 1.8087 | cls = 0.0530 | lr = 0.000976
epoch 003 | step 0120 | total = 6.6538 | box = 0.9595 | obj = 1.8079 | cls = 0.0486 | lr = 0.000976
epoch 003 | step 0140 | total = 6.6561 | box = 0.9519 | obj = 1.8435 | cls = 0.0531 | lr = 0.000976
epoch 003 | step 0160 | total = 6.2962 | box = 0.8861 | obj = 1.8147 | cls = 0.0508 | lr = 0.000976
epoch 003 | step 0180 | total = 6.3715 | box = 0.8959 | obj = 1.8385 | cls = 0.0534 | lr = 0.000976
epoch 003 | step 0200 | total = 6.1425 | box = 0.8583 | obj = 1.7984 | cls = 0.0526 | lr = 0.000976
epoch 003 | step 0220 | total = 6.6762 | box = 0.9543 | obj = 1.8534 | cls = 0.0515 | lr = 0.000976
epoch 003 | step 0240 | total = 6.3891 | box = 0.8990 | obj = 1.8453 | cls = 0.0490 | lr = 0.000976
epoch 003 | step 0260 | total = 6.2772 | box = 0.8822 | obj = 1.8159 | cls = 0.0504 | lr = 0.000976
epoch 003 | step 0280 | total = 6.4168 | box = 0.9160 | obj = 1.7844 | cls = 0.0525 | lr = 0.000976
epoch 003 | step 0300 | total = 6.4988 | box = 0.9174 | obj = 1.8618 | cls = 0.0502 | lr = 0.000976
epoch 003 | step 0320 | total = 6.4053 | box = 0.9068 | obj = 1.8212 | cls = 0.0501 | lr = 0.000976
epoch 003 | step 0340 | total = 6.0502 | box = 0.8330 | obj = 1.8285 | cls = 0.0569 | lr = 0.000976
epoch 003 | step 0360 | total = 6.5041 | box = 0.9427 | obj = 1.7378 | cls = 0.0529 | lr = 0.000976
epoch 003 | step 0380 | total = 6.4435 | box = 0.9149 | obj = 1.8182 | cls = 0.0510 | lr = 0.000976
epoch 003 | step 0400 | total = 6.5074 | box = 0.9401 | obj = 1.7571 | cls = 0.0496 | lr = 0.000976
epoch 003 | step 0420 | total = 6.4431 | box = 0.9217 | obj = 1.7852 | cls = 0.0495 | lr = 0.000976
epoch 003 | step 0440 | total = 6.3994 | box = 0.9170 | obj = 1.7649 | cls = 0.0496 | lr = 0.000976
epoch 003 | step 0460 | total = 6.3575 | box = 0.9043 | obj = 1.7871 | cls = 0.0488 | lr = 0.000976
epoch 003 | step 0480 | total = 6.7919 | box = 0.9919 | obj = 1.7847 | cls = 0.0480 | lr = 0.000976
epoch 003 | step 0500 | total = 6.4223 | box = 0.9196 | obj = 1.7746 | cls = 0.0499 | lr = 0.000976
epoch 003 | step 0520 | total = 6.5435 | box = 0.9427 | obj = 1.7820 | cls = 0.0482 | lr = 0.000976
epoch 003 | step 0540 | total = 6.5700 | box = 0.9521 | obj = 1.7632 | cls = 0.0462 | lr = 0.000976
epoch 003 | step 0560 | total = 6.2159 | box = 0.8844 | obj = 1.7445 | cls = 0.0495 | lr = 0.000976
epoch 003 | step 0580 | total = 6.3198 | box = 0.8958 | obj = 1.7896 | cls = 0.0511 | lr = 0.000976
epoch 003 | step 0600 | total = 6.2902 | box = 0.8803 | obj = 1.8364 | cls = 0.0523 | lr = 0.000976
epoch 003 | step 0620 | total = 6.3788 | box = 0.9059 | obj = 1.7986 | cls = 0.0509 | lr = 0.000976
epoch 003 | step 0640 | total = 6.2040 | box = 0.8673 | obj = 1.8151 | cls = 0.0526 | lr = 0.000976
epoch 003 | step 0660 | total = 6.5088 | box = 0.9316 | obj = 1.8016 | cls = 0.0495 | lr = 0.000976
epoch 003 | step 0680 | total = 6.4561 | box = 0.9244 | obj = 1.7850 | cls = 0.0492 | lr = 0.000976
epoch 003 | step 0700 | total = 6.6764 | box = 0.9756 | obj = 1.7525 | cls = 0.0456 | lr = 0.000976
epoch 003 | step 0720 | total = 6.2709 | box = 0.8795 | obj = 1.8233 | cls = 0.0503 | lr = 0.000976
epoch 003 | step 0740 | total = 6.6097 | box = 0.9493 | obj = 1.8138 | cls = 0.0492 | lr = 0.000976
epoch 003 | step 0760 | total = 6.4046 | box = 0.9109 | obj = 1.8010 | cls = 0.0491 | lr = 0.000976
epoch 003 | step 0780 | total = 6.3279 | box = 0.8978 | obj = 1.7877 | cls = 0.0510 | lr = 0.000976
epoch 003 | step 0800 | total = 6.2114 | box = 0.8789 | obj = 1.7633 | cls = 0.0537 | lr = 0.000976
epoch 003 | step 0820 | total = 6.2029 | box = 0.8766 | obj = 1.7693 | cls = 0.0508 | lr = 0.000976
epoch 003 | step 0840 | total = 6.4094 | box = 0.9182 | obj = 1.7696 | cls = 0.0487 | lr = 0.000976
epoch 003 | step 0860 | total = 6.2834 | box = 0.8913 | obj = 1.7774 | cls = 0.0495 | lr = 0.000976
epoch 003 | step 0880 | total = 6.6172 | box = 0.9549 | obj = 1.7946 | cls = 0.0481 | lr = 0.000976
epoch 003 | step 0900 | total = 6.2084 | box = 0.8814 | obj = 1.7498 | cls = 0.0517 | lr = 0.000976
epoch 003 | step 0920 | total = 6.2279 | box = 0.8754 | obj = 1.8010 | cls = 0.0500 | lr = 0.000976
[epoch 003 train] total = 6.4046 | box = 0.9101 | obj = 1.8032 | cls = 0.0509 | batches = 925 | time = 3131.4s
[epoch 003 val] total = 6.2995 | box = 0.8919 | obj = 1.7886 | cls = 0.0514 | batches = 40 | time = 127.6s
epoch 004 | step 0001 | total = 6.2266 | box = 0.8763 | obj = 1.7937 | cls = 0.0514 | lr = 0.000946
epoch 004 | step 0020 | total = 6.5523 | box = 0.9582 | obj = 1.7171 | cls = 0.0445 | lr = 0.000946
epoch 004 | step 0040 | total = 6.3294 | box = 0.8898 | obj = 1.8317 | cls = 0.0489 | lr = 0.000946
epoch 004 | step 0060 | total = 6.1351 | box = 0.8612 | obj = 1.7755 | cls = 0.0538 | lr = 0.000946
epoch 004 | step 0080 | total = 6.2476 | box = 0.8768 | obj = 1.8118 | cls = 0.0517 | lr = 0.000946
epoch 004 | step 0100 | total = 6.3046 | box = 0.8946 | obj = 1.7847 | cls = 0.0469 | lr = 0.000946
epoch 004 | step 0120 | total = 6.0587 | box = 0.8399 | obj = 1.8088 | cls = 0.0505 | lr = 0.000946
epoch 004 | step 0140 | total = 6.0730 | box = 0.8509 | obj = 1.7693 | cls = 0.0493 | lr = 0.000946
epoch 004 | step 0160 | total = 6.3442 | box = 0.8966 | obj = 1.8109 | cls = 0.0502 | lr = 0.000946
epoch 004 | step 0180 | total = 6.0002 | box = 0.8280 | obj = 1.8075 | cls = 0.0527 | lr = 0.000946
epoch 004 | step 0200 | total = 5.9408 | box = 0.8214 | obj = 1.7836 | cls = 0.0500 | lr = 0.000946
epoch 004 | step 0220 | total = 6.3034 | box = 0.9044 | obj = 1.7331 | cls = 0.0485 | lr = 0.000946
epoch 004 | step 0240 | total = 6.2120 | box = 0.8702 | obj = 1.8095 | cls = 0.0514 | lr = 0.000946
epoch 004 | step 0260 | total = 6.2624 | box = 0.8913 | obj = 1.7609 | cls = 0.0452 | lr = 0.000946
epoch 004 | step 0280 | total = 6.3930 | box = 0.8984 | obj = 1.8484 | cls = 0.0526 | lr = 0.000946
epoch 004 | step 0300 | total = 6.1310 | box = 0.8639 | obj = 1.7648 | cls = 0.0469 | lr = 0.000946
epoch 004 | step 0320 | total = 6.1323 | box = 0.8600 | obj = 1.7797 | cls = 0.0527 | lr = 0.000946
epoch 004 | step 0340 | total = 6.2422 | box = 0.8758 | obj = 1.8129 | cls = 0.0503 | lr = 0.000946
epoch 004 | step 0360 | total = 6.1553 | box = 0.8732 | obj = 1.7436 | cls = 0.0455 | lr = 0.000946
epoch 004 | step 0380 | total = 6.1221 | box = 0.8692 | obj = 1.7260 | cls = 0.0503 | lr = 0.000946
epoch 004 | step 0400 | total = 6.4663 | box = 0.9255 | obj = 1.7869 | cls = 0.0522 | lr = 0.000946
epoch 004 | step 0420 | total = 5.9892 | box = 0.8293 | obj = 1.7919 | cls = 0.0507 | lr = 0.000946
epoch 004 | step 0440 | total = 6.1544 | box = 0.8750 | obj = 1.7318 | cls = 0.0479 | lr = 0.000946
epoch 004 | step 0460 | total = 6.2064 | box = 0.8722 | obj = 1.7916 | cls = 0.0536 | lr = 0.000946
epoch 004 | step 0480 | total = 5.9733 | box = 0.8339 | obj = 1.7558 | cls = 0.0481 | lr = 0.000946
epoch 004 | step 0500 | total = 6.1128 | box = 0.8664 | obj = 1.7302 | cls = 0.0505 | lr = 0.000946
epoch 004 | step 0520 | total = 6.0605 | box = 0.8463 | obj = 1.7782 | cls = 0.0508 | lr = 0.000946
epoch 004 | step 0540 | total = 6.5118 | box = 0.9427 | obj = 1.7547 | cls = 0.0435 | lr = 0.000946
epoch 004 | step 0560 | total = 6.3271 | box = 0.9117 | obj = 1.7227 | cls = 0.0457 | lr = 0.000946
epoch 004 | step 0580 | total = 6.1421 | box = 0.8649 | obj = 1.7690 | cls = 0.0487 | lr = 0.000946
epoch 004 | step 0600 | total = 6.4124 | box = 0.9242 | obj = 1.7478 | cls = 0.0435 | lr = 0.000946
epoch 004 | step 0620 | total = 6.3977 | box = 0.9298 | obj = 1.7053 | cls = 0.0435 | lr = 0.000946
epoch 004 | step 0640 | total = 6.2466 | box = 0.8908 | obj = 1.7447 | cls = 0.0479 | lr = 0.000946
epoch 004 | step 0660 | total = 6.2781 | box = 0.9021 | obj = 1.7217 | cls = 0.0458 | lr = 0.000946
epoch 004 | step 0680 | total = 5.9154 | box = 0.8125 | obj = 1.8013 | cls = 0.0519 | lr = 0.000946
epoch 004 | step 0700 | total = 6.1679 | box = 0.8700 | obj = 1.7702 | cls = 0.0477 | lr = 0.000946
epoch 004 | step 0720 | total = 6.0989 | box = 0.8555 | obj = 1.7718 | cls = 0.0498 | lr = 0.000946
epoch 004 | step 0740 | total = 6.1409 | box = 0.8687 | obj = 1.7460 | cls = 0.0511 | lr = 0.000946
epoch 004 | step 0760 | total = 5.9798 | box = 0.8361 | obj = 1.7524 | cls = 0.0471 | lr = 0.000946
epoch 004 | step 0780 | total = 6.0306 | box = 0.8402 | obj = 1.7804 | cls = 0.0494 | lr = 0.000946
epoch 004 | step 0800 | total = 6.1186 | box = 0.8639 | obj = 1.7504 | cls = 0.0489 | lr = 0.000946
epoch 004 | step 0820 | total = 5.8342 | box = 0.8035 | obj = 1.7661 | cls = 0.0507 | lr = 0.000946
epoch 004 | step 0840 | total = 6.0794 | box = 0.8562 | obj = 1.7498 | cls = 0.0487 | lr = 0.000946
epoch 004 | step 0860 | total = 6.0477 | box = 0.8458 | obj = 1.7701 | cls = 0.0485 | lr = 0.000946
epoch 004 | step 0880 | total = 6.2035 | box = 0.8740 | obj = 1.7836 | cls = 0.0499 | lr = 0.000946
epoch 004 | step 0900 | total = 6.3029 | box = 0.9063 | obj = 1.7271 | cls = 0.0445 | lr = 0.000946
epoch 004 | step 0920 | total = 6.0254 | box = 0.8407 | obj = 1.7732 | cls = 0.0486 | lr = 0.000946
[epoch 004 train] total = 6.1912 | box = 0.8740 | obj = 1.7718 | cls = 0.0493 | batches = 925 | time = 3105.7s
[epoch 004 val] total = 6.1696 | box = 0.8709 | obj = 1.7663 | cls = 0.0488 | batches = 40 | time = 125.4s
epoch 005 | step 0001 | total = 5.9808 | box = 0.8296 | obj = 1.7837 | cls = 0.0491 | lr = 0.000905
epoch 005 | step 0020 | total = 6.4408 | box = 0.9201 | obj = 1.7944 | cls = 0.0461 | lr = 0.000905
epoch 005 | step 0040 | total = 6.0326 | box = 0.8456 | obj = 1.7564 | cls = 0.0481 | lr = 0.000905
epoch 005 | step 0060 | total = 6.1161 | box = 0.8662 | obj = 1.7377 | cls = 0.0473 | lr = 0.000905
epoch 005 | step 0080 | total = 6.1835 | box = 0.8842 | obj = 1.7158 | cls = 0.0468 | lr = 0.000905
epoch 005 | step 0100 | total = 6.0257 | box = 0.8452 | obj = 1.7512 | cls = 0.0487 | lr = 0.000905
epoch 005 | step 0120 | total = 6.3675 | box = 0.9039 | obj = 1.8000 | cls = 0.0477 | lr = 0.000905
epoch 005 | step 0140 | total = 6.2567 | box = 0.8996 | obj = 1.7124 | cls = 0.0465 | lr = 0.000905
epoch 005 | step 0160 | total = 5.9378 | box = 0.8246 | obj = 1.7656 | cls = 0.0490 | lr = 0.000905
epoch 005 | step 0180 | total = 5.9294 | box = 0.8306 | obj = 1.7264 | cls = 0.0499 | lr = 0.000905
epoch 005 | step 0200 | total = 5.8286 | box = 0.8004 | obj = 1.7756 | cls = 0.0512 | lr = 0.000905
epoch 005 | step 0220 | total = 5.7241 | box = 0.7951 | obj = 1.7042 | cls = 0.0446 | lr = 0.000905
epoch 005 | step 0240 | total = 5.6496 | box = 0.7671 | obj = 1.7650 | cls = 0.0493 | lr = 0.000905
epoch 005 | step 0260 | total = 6.1085 | box = 0.8574 | obj = 1.7752 | cls = 0.0465 | lr = 0.000905
epoch 005 | step 0280 | total = 6.2277 | box = 0.8856 | obj = 1.7498 | cls = 0.0498 | lr = 0.000905
epoch 005 | step 0300 | total = 6.0727 | box = 0.8523 | obj = 1.7633 | cls = 0.0477 | lr = 0.000905
epoch 005 | step 0320 | total = 6.2615 | box = 0.8840 | obj = 1.7937 | cls = 0.0478 | lr = 0.000905
epoch 005 | step 0340 | total = 6.2185 | box = 0.8852 | obj = 1.7465 | cls = 0.0460 | lr = 0.000905
epoch 005 | step 0360 | total = 5.9235 | box = 0.8317 | obj = 1.7155 | cls = 0.0495 | lr = 0.000905
epoch 005 | step 0380 | total = 5.9405 | box = 0.8258 | obj = 1.7634 | cls = 0.0481 | lr = 0.000905
epoch 005 | step 0400 | total = 6.1230 | box = 0.8667 | obj = 1.7401 | cls = 0.0494 | lr = 0.000905
epoch 005 | step 0420 | total = 5.7179 | box = 0.7895 | obj = 1.7192 | cls = 0.0513 | lr = 0.000905
epoch 005 | step 0440 | total = 5.8167 | box = 0.7981 | obj = 1.7753 | cls = 0.0511 | lr = 0.000905
epoch 005 | step 0460 | total = 5.9890 | box = 0.8382 | obj = 1.7506 | cls = 0.0473 | lr = 0.000905
epoch 005 | step 0480 | total = 6.1817 | box = 0.8811 | obj = 1.7290 | cls = 0.0472 | lr = 0.000905
epoch 005 | step 0500 | total = 5.8121 | box = 0.7955 | obj = 1.7855 | cls = 0.0491 | lr = 0.000905
epoch 005 | step 0520 | total = 6.3519 | box = 0.9144 | obj = 1.7341 | cls = 0.0456 | lr = 0.000905
epoch 005 | step 0540 | total = 6.2710 | box = 0.8862 | obj = 1.7921 | cls = 0.0476 | lr = 0.000905
epoch 005 | step 0560 | total = 6.0392 | box = 0.8507 | obj = 1.7358 | cls = 0.0498 | lr = 0.000905
epoch 005 | step 0580 | total = 6.0181 | box = 0.8436 | obj = 1.7495 | cls = 0.0505 | lr = 0.000905
epoch 005 | step 0600 | total = 6.0927 | box = 0.8612 | obj = 1.7400 | cls = 0.0466 | lr = 0.000905
epoch 005 | step 0620 | total = 6.2171 | box = 0.8868 | obj = 1.7371 | cls = 0.0458 | lr = 0.000905
epoch 005 | step 0640 | total = 5.9030 | box = 0.8262 | obj = 1.7241 | cls = 0.0477 | lr = 0.000905
epoch 005 | step 0660 | total = 6.0981 | box = 0.8595 | obj = 1.7516 | cls = 0.0491 | lr = 0.000905
epoch 005 | step 0680 | total = 5.9224 | box = 0.8256 | obj = 1.7477 | cls = 0.0469 | lr = 0.000905
epoch 005 | step 0700 | total = 5.9139 | box = 0.8231 | obj = 1.7478 | cls = 0.0506 | lr = 0.000905
epoch 005 | step 0720 | total = 5.8073 | box = 0.8000 | obj = 1.7580 | cls = 0.0494 | lr = 0.000905
epoch 005 | step 0740 | total = 6.1289 | box = 0.8693 | obj = 1.7323 | cls = 0.0499 | lr = 0.000905
epoch 005 | step 0760 | total = 5.8037 | box = 0.8133 | obj = 1.6914 | cls = 0.0460 | lr = 0.000905
epoch 005 | step 0780 | total = 6.0818 | box = 0.8604 | obj = 1.7331 | cls = 0.0468 | lr = 0.000905
epoch 005 | step 0800 | total = 6.0941 | box = 0.8629 | obj = 1.7331 | cls = 0.0466 | lr = 0.000905
epoch 005 | step 0820 | total = 5.9900 | box = 0.8215 | obj = 1.8355 | cls = 0.0469 | lr = 0.000905
epoch 005 | step 0840 | total = 6.0622 | box = 0.8568 | obj = 1.7313 | cls = 0.0471 | lr = 0.000905
epoch 005 | step 0860 | total = 6.0253 | box = 0.8462 | obj = 1.7470 | cls = 0.0473 | lr = 0.000905
epoch 005 | step 0880 | total = 6.1767 | box = 0.8838 | obj = 1.7113 | cls = 0.0465 | lr = 0.000905
epoch 005 | step 0900 | total = 5.9093 | box = 0.8164 | obj = 1.7795 | cls = 0.0478 | lr = 0.000905
epoch 005 | step 0920 | total = 5.7137 | box = 0.7890 | obj = 1.7164 | cls = 0.0523 | lr = 0.000905
[epoch 005 train] total = 6.0268 | box = 0.8461 | obj = 1.7482 | cls = 0.0482 | batches = 925 | time = 3400.3s
[epoch 005 val] total = 6.0846 | box = 0.8530 | obj = 1.7704 | cls = 0.0490 | batches = 40 | time = 123.6s
epoch 006 | step 0001 | total = 6.1346 | box = 0.8676 | obj = 1.7503 | cls = 0.0461 | lr = 0.000855
epoch 006 | step 0020 | total = 5.8900 | box = 0.8224 | obj = 1.7312 | cls = 0.0468 | lr = 0.000855
epoch 006 | step 0040 | total = 5.8322 | box = 0.7958 | obj = 1.8012 | cls = 0.0520 | lr = 0.000855
epoch 006 | step 0060 | total = 5.6058 | box = 0.7692 | obj = 1.7133 | cls = 0.0465 | lr = 0.000855
epoch 006 | step 0080 | total = 5.9953 | box = 0.8509 | obj = 1.6950 | cls = 0.0456 | lr = 0.000855
epoch 006 | step 0100 | total = 5.9602 | box = 0.8271 | obj = 1.7747 | cls = 0.0502 | lr = 0.000855
epoch 006 | step 0120 | total = 5.8631 | box = 0.8130 | obj = 1.7482 | cls = 0.0497 | lr = 0.000855
epoch 006 | step 0140 | total = 5.6201 | box = 0.7769 | obj = 1.6911 | cls = 0.0445 | lr = 0.000855
epoch 006 | step 0160 | total = 5.8032 | box = 0.8057 | obj = 1.7259 | cls = 0.0490 | lr = 0.000855
epoch 006 | step 0180 | total = 6.0493 | box = 0.8571 | obj = 1.7174 | cls = 0.0465 | lr = 0.000855
epoch 006 | step 0200 | total = 5.6254 | box = 0.7658 | obj = 1.7454 | cls = 0.0510 | lr = 0.000855
epoch 006 | step 0220 | total = 5.6974 | box = 0.7840 | obj = 1.7300 | cls = 0.0475 | lr = 0.000855
epoch 006 | step 0240 | total = 5.9934 | box = 0.8424 | obj = 1.7355 | cls = 0.0459 | lr = 0.000855
epoch 006 | step 0260 | total = 6.1850 | box = 0.8900 | obj = 1.6897 | cls = 0.0455 | lr = 0.000855
epoch 006 | step 0280 | total = 5.9134 | box = 0.8308 | obj = 1.7100 | cls = 0.0494 | lr = 0.000855
epoch 006 | step 0300 | total = 5.7898 | box = 0.8104 | obj = 1.6887 | cls = 0.0493 | lr = 0.000855
epoch 006 | step 0320 | total = 5.9172 | box = 0.8352 | obj = 1.6942 | cls = 0.0468 | lr = 0.000855
epoch 006 | step 0340 | total = 6.0878 | box = 0.8558 | obj = 1.7645 | cls = 0.0446 | lr = 0.000855
epoch 006 | step 0360 | total = 5.5265 | box = 0.7410 | obj = 1.7672 | cls = 0.0543 | lr = 0.000855
epoch 006 | step 0380 | total = 5.9158 | box = 0.8380 | obj = 1.6803 | cls = 0.0456 | lr = 0.000855
epoch 006 | step 0400 | total = 5.9567 | box = 0.8401 | obj = 1.7115 | cls = 0.0447 | lr = 0.000855
epoch 006 | step 0420 | total = 6.0676 | box = 0.8525 | obj = 1.7565 | cls = 0.0487 | lr = 0.000855
epoch 006 | step 0440 | total = 5.9028 | box = 0.8139 | obj = 1.7861 | cls = 0.0473 | lr = 0.000855
epoch 006 | step 0460 | total = 6.0484 | box = 0.8612 | obj = 1.6943 | cls = 0.0480 | lr = 0.000855
epoch 006 | step 0480 | total = 5.9735 | box = 0.8357 | obj = 1.7469 | cls = 0.0484 | lr = 0.000855
epoch 006 | step 0500 | total = 6.0689 | box = 0.8651 | obj = 1.7006 | cls = 0.0427 | lr = 0.000855
epoch 006 | step 0520 | total = 5.9878 | box = 0.8288 | obj = 1.7933 | cls = 0.0504 | lr = 0.000855
epoch 006 | step 0540 | total = 5.9021 | box = 0.8044 | obj = 1.8307 | cls = 0.0494 | lr = 0.000855
epoch 006 | step 0560 | total = 5.5761 | box = 0.7620 | obj = 1.7173 | cls = 0.0489 | lr = 0.000855
epoch 006 | step 0580 | total = 5.9312 | box = 0.8217 | obj = 1.7753 | cls = 0.0475 | lr = 0.000855
epoch 006 | step 0600 | total = 5.7641 | box = 0.7922 | obj = 1.7551 | cls = 0.0480 | lr = 0.000855
epoch 006 | step 0620 | total = 5.9574 | box = 0.8464 | obj = 1.6831 | cls = 0.0424 | lr = 0.000855
epoch 006 | step 0640 | total = 5.9688 | box = 0.8341 | obj = 1.7514 | cls = 0.0468 | lr = 0.000855
epoch 006 | step 0660 | total = 5.7442 | box = 0.7969 | obj = 1.7132 | cls = 0.0465 | lr = 0.000855
epoch 006 | step 0680 | total = 5.9565 | box = 0.8268 | obj = 1.7721 | cls = 0.0505 | lr = 0.000855
epoch 006 | step 0700 | total = 5.6194 | box = 0.7617 | obj = 1.7581 | cls = 0.0529 | lr = 0.000855
epoch 006 | step 0720 | total = 5.5063 | box = 0.7484 | obj = 1.7150 | cls = 0.0495 | lr = 0.000855
epoch 006 | step 0740 | total = 6.0283 | box = 0.8350 | obj = 1.8045 | cls = 0.0488 | lr = 0.000855
epoch 006 | step 0760 | total = 6.4031 | box = 0.9221 | obj = 1.7464 | cls = 0.0461 | lr = 0.000855
epoch 006 | step 0780 | total = 5.8077 | box = 0.8075 | obj = 1.7237 | cls = 0.0466 | lr = 0.000855
epoch 006 | step 0800 | total = 5.8803 | box = 0.8239 | obj = 1.7108 | cls = 0.0500 | lr = 0.000855
epoch 006 | step 0820 | total = 5.8528 | box = 0.8149 | obj = 1.7313 | cls = 0.0472 | lr = 0.000855
epoch 006 | step 0840 | total = 6.1162 | box = 0.8669 | obj = 1.7353 | cls = 0.0462 | lr = 0.000855
epoch 006 | step 0860 | total = 5.9458 | box = 0.8427 | obj = 1.6872 | cls = 0.0451 | lr = 0.000855
epoch 006 | step 0880 | total = 5.9094 | box = 0.8358 | obj = 1.6845 | cls = 0.0459 | lr = 0.000855
epoch 006 | step 0900 | total = 5.7833 | box = 0.8019 | obj = 1.7305 | cls = 0.0434 | lr = 0.000855
epoch 006 | step 0920 | total = 5.9406 | box = 0.8308 | obj = 1.7410 | cls = 0.0455 | lr = 0.000855
[epoch 006 train] total = 5.8922 | box = 0.8235 | obj = 1.7277 | cls = 0.0472 | batches = 925 | time = 3262.7s
[epoch 006 val] total = 6.0121 | box = 0.8447 | obj = 1.7406 | cls = 0.0481 | batches = 40 | time = 129.0s
epoch 007 | step 0001 | total = 5.8337 | box = 0.8219 | obj = 1.6794 | cls = 0.0449 | lr = 0.000796
epoch 007 | step 0020 | total = 5.9031 | box = 0.8203 | obj = 1.7537 | cls = 0.0478 | lr = 0.000796
epoch 007 | step 0040 | total = 5.7746 | box = 0.8058 | obj = 1.6984 | cls = 0.0474 | lr = 0.000796
epoch 007 | step 0060 | total = 5.7601 | box = 0.8022 | obj = 1.7019 | cls = 0.0473 | lr = 0.000796
epoch 007 | step 0080 | total = 5.8702 | box = 0.8215 | obj = 1.7145 | cls = 0.0484 | lr = 0.000796
epoch 007 | step 0100 | total = 5.8720 | box = 0.8283 | obj = 1.6870 | cls = 0.0435 | lr = 0.000796
epoch 007 | step 0120 | total = 5.5883 | box = 0.7731 | obj = 1.6774 | cls = 0.0452 | lr = 0.000796
epoch 007 | step 0140 | total = 5.5105 | box = 0.7401 | obj = 1.7596 | cls = 0.0503 | lr = 0.000796
epoch 007 | step 0160 | total = 5.8390 | box = 0.8194 | obj = 1.6957 | cls = 0.0463 | lr = 0.000796
epoch 007 | step 0180 | total = 5.7266 | box = 0.8037 | obj = 1.6630 | cls = 0.0451 | lr = 0.000796
epoch 007 | step 0200 | total = 5.8963 | box = 0.8419 | obj = 1.6437 | cls = 0.0432 | lr = 0.000796
epoch 007 | step 0220 | total = 5.7807 | box = 0.8092 | obj = 1.6873 | cls = 0.0474 | lr = 0.000796
epoch 007 | step 0240 | total = 5.5107 | box = 0.7483 | obj = 1.7201 | cls = 0.0489 | lr = 0.000796
epoch 007 | step 0260 | total = 5.6033 | box = 0.7766 | obj = 1.6759 | cls = 0.0446 | lr = 0.000796
epoch 007 | step 0280 | total = 5.7163 | box = 0.7901 | obj = 1.7206 | cls = 0.0450 | lr = 0.000796
epoch 007 | step 0300 | total = 5.6654 | box = 0.7817 | obj = 1.7082 | cls = 0.0485 | lr = 0.000796
epoch 007 | step 0320 | total = 5.6974 | box = 0.7820 | obj = 1.7391 | cls = 0.0482 | lr = 0.000796
epoch 007 | step 0340 | total = 5.6890 | box = 0.7893 | obj = 1.6959 | cls = 0.0468 | lr = 0.000796
epoch 007 | step 0360 | total = 5.9396 | box = 0.8233 | obj = 1.7766 | cls = 0.0467 | lr = 0.000796
epoch 007 | step 0380 | total = 5.6072 | box = 0.7680 | obj = 1.7208 | cls = 0.0462 | lr = 0.000796
epoch 007 | step 0400 | total = 5.6797 | box = 0.7802 | obj = 1.7320 | cls = 0.0465 | lr = 0.000796
epoch 007 | step 0420 | total = 5.9107 | box = 0.8239 | obj = 1.7435 | cls = 0.0475 | lr = 0.000796
epoch 007 | step 0440 | total = 5.9572 | box = 0.8405 | obj = 1.7119 | cls = 0.0428 | lr = 0.000796
epoch 007 | step 0460 | total = 5.7350 | box = 0.8095 | obj = 1.6455 | cls = 0.0421 | lr = 0.000796
epoch 007 | step 0480 | total = 5.7948 | box = 0.8106 | obj = 1.6975 | cls = 0.0441 | lr = 0.000796
epoch 007 | step 0500 | total = 5.6398 | box = 0.7713 | obj = 1.7325 | cls = 0.0506 | lr = 0.000796
epoch 007 | step 0520 | total = 5.8524 | box = 0.8140 | obj = 1.7352 | cls = 0.0475 | lr = 0.000796
epoch 007 | step 0540 | total = 5.5632 | box = 0.7766 | obj = 1.6361 | cls = 0.0441 | lr = 0.000796
epoch 007 | step 0560 | total = 5.8494 | box = 0.8243 | obj = 1.6813 | cls = 0.0467 | lr = 0.000796
epoch 007 | step 0580 | total = 5.9836 | box = 0.8420 | obj = 1.7294 | cls = 0.0443 | lr = 0.000796
epoch 007 | step 0600 | total = 5.6885 | box = 0.7813 | obj = 1.7331 | cls = 0.0488 | lr = 0.000796
epoch 007 | step 0620 | total = 5.8665 | box = 0.8322 | obj = 1.6616 | cls = 0.0439 | lr = 0.000796
epoch 007 | step 0640 | total = 5.9252 | box = 0.8358 | obj = 1.6990 | cls = 0.0471 | lr = 0.000796
epoch 007 | step 0660 | total = 5.5870 | box = 0.7693 | obj = 1.6924 | cls = 0.0479 | lr = 0.000796
epoch 007 | step 0680 | total = 6.1200 | box = 0.8712 | obj = 1.7189 | cls = 0.0451 | lr = 0.000796
epoch 007 | step 0700 | total = 5.9973 | box = 0.8450 | obj = 1.7258 | cls = 0.0464 | lr = 0.000796
epoch 007 | step 0720 | total = 5.6363 | box = 0.7844 | obj = 1.6694 | cls = 0.0447 | lr = 0.000796
epoch 007 | step 0740 | total = 5.7601 | box = 0.8035 | obj = 1.6947 | cls = 0.0480 | lr = 0.000796
epoch 007 | step 0760 | total = 5.6814 | box = 0.7793 | obj = 1.7378 | cls = 0.0468 | lr = 0.000796
epoch 007 | step 0780 | total = 5.7691 | box = 0.8046 | obj = 1.7009 | cls = 0.0453 | lr = 0.000796
epoch 007 | step 0800 | total = 5.6592 | box = 0.7806 | obj = 1.7088 | cls = 0.0476 | lr = 0.000796
epoch 007 | step 0820 | total = 5.5868 | box = 0.7769 | obj = 1.6572 | cls = 0.0453 | lr = 0.000796
epoch 007 | step 0840 | total = 6.1174 | box = 0.8750 | obj = 1.6990 | cls = 0.0434 | lr = 0.000796
epoch 007 | step 0860 | total = 5.5017 | box = 0.7470 | obj = 1.7188 | cls = 0.0477 | lr = 0.000796
epoch 007 | step 0880 | total = 5.9180 | box = 0.8336 | obj = 1.7049 | cls = 0.0450 | lr = 0.000796
epoch 007 | step 0900 | total = 5.6644 | box = 0.7887 | obj = 1.6741 | cls = 0.0469 | lr = 0.000796
epoch 007 | step 0920 | total = 5.6139 | box = 0.7747 | obj = 1.6925 | cls = 0.0479 | lr = 0.000796
[epoch 007 train] total = 5.7681 | box = 0.8032 | obj = 1.7060 | cls = 0.0463 | batches = 925 | time = 3238.5s
[epoch 007 val] total = 5.8419 | box = 0.8148 | obj = 1.7212 | cls = 0.0468 | batches = 40 | time = 127.2s
epoch 008 | step 0001 | total = 5.3883 | box = 0.7354 | obj = 1.6628 | cls = 0.0486 | lr = 0.000730
epoch 008 | step 0020 | total = 5.9342 | box = 0.8438 | obj = 1.6701 | cls = 0.0449 | lr = 0.000730
epoch 008 | step 0040 | total = 5.7216 | box = 0.8083 | obj = 1.6371 | cls = 0.0430 | lr = 0.000730
epoch 008 | step 0060 | total = 5.9079 | box = 0.8541 | obj = 1.5975 | cls = 0.0399 | lr = 0.000730
epoch 008 | step 0080 | total = 5.8052 | box = 0.8195 | obj = 1.6640 | cls = 0.0438 | lr = 0.000730
epoch 008 | step 0100 | total = 5.7357 | box = 0.7964 | obj = 1.7100 | cls = 0.0436 | lr = 0.000730
epoch 008 | step 0120 | total = 5.8220 | box = 0.8283 | obj = 1.6355 | cls = 0.0452 | lr = 0.000730
epoch 008 | step 0140 | total = 5.8442 | box = 0.8266 | obj = 1.6673 | cls = 0.0440 | lr = 0.000730
epoch 008 | step 0160 | total = 5.6190 | box = 0.7779 | obj = 1.6843 | cls = 0.0454 | lr = 0.000730
epoch 008 | step 0180 | total = 5.8535 | box = 0.8240 | obj = 1.6897 | cls = 0.0439 | lr = 0.000730
epoch 008 | step 0200 | total = 5.9191 | box = 0.8358 | obj = 1.6994 | cls = 0.0408 | lr = 0.000730
epoch 008 | step 0220 | total = 5.6638 | box = 0.7749 | obj = 1.7437 | cls = 0.0456 | lr = 0.000730
epoch 008 | step 0240 | total = 5.4454 | box = 0.7431 | obj = 1.6822 | cls = 0.0478 | lr = 0.000730
epoch 008 | step 0260 | total = 5.7333 | box = 0.8112 | obj = 1.6334 | cls = 0.0440 | lr = 0.000730
epoch 008 | step 0280 | total = 5.7094 | box = 0.7978 | obj = 1.6758 | cls = 0.0448 | lr = 0.000730
epoch 008 | step 0300 | total = 5.4808 | box = 0.7500 | obj = 1.6895 | cls = 0.0414 | lr = 0.000730
epoch 008 | step 0320 | total = 5.5245 | box = 0.7603 | obj = 1.6794 | cls = 0.0437 | lr = 0.000730
epoch 008 | step 0340 | total = 5.7843 | box = 0.8056 | obj = 1.7123 | cls = 0.0443 | lr = 0.000730
epoch 008 | step 0360 | total = 5.2934 | box = 0.7117 | obj = 1.6853 | cls = 0.0497 | lr = 0.000730
epoch 008 | step 0380 | total = 5.7000 | box = 0.7958 | obj = 1.6752 | cls = 0.0456 | lr = 0.000730
epoch 008 | step 0400 | total = 5.6822 | box = 0.7819 | obj = 1.7253 | cls = 0.0471 | lr = 0.000730
epoch 008 | step 0420 | total = 5.4594 | box = 0.7379 | obj = 1.7218 | cls = 0.0481 | lr = 0.000730
epoch 008 | step 0440 | total = 5.6357 | box = 0.7798 | obj = 1.6905 | cls = 0.0463 | lr = 0.000730
epoch 008 | step 0460 | total = 5.7751 | box = 0.8133 | obj = 1.6657 | cls = 0.0429 | lr = 0.000730
epoch 008 | step 0480 | total = 5.6095 | box = 0.7652 | obj = 1.7384 | cls = 0.0451 | lr = 0.000730
epoch 008 | step 0500 | total = 5.3836 | box = 0.7343 | obj = 1.6695 | cls = 0.0426 | lr = 0.000730
epoch 008 | step 0520 | total = 5.5389 | box = 0.7717 | obj = 1.6360 | cls = 0.0446 | lr = 0.000730
epoch 008 | step 0540 | total = 5.5067 | box = 0.7566 | obj = 1.6782 | cls = 0.0457 | lr = 0.000730
epoch 008 | step 0560 | total = 5.5199 | box = 0.7648 | obj = 1.6473 | cls = 0.0487 | lr = 0.000730
epoch 008 | step 0580 | total = 5.4626 | box = 0.7464 | obj = 1.6807 | cls = 0.0498 | lr = 0.000730
epoch 008 | step 0600 | total = 5.9164 | box = 0.8387 | obj = 1.6806 | cls = 0.0423 | lr = 0.000730
epoch 008 | step 0620 | total = 5.5656 | box = 0.7593 | obj = 1.7235 | cls = 0.0456 | lr = 0.000730
epoch 008 | step 0640 | total = 5.5833 | box = 0.7683 | obj = 1.6914 | cls = 0.0505 | lr = 0.000730
epoch 008 | step 0660 | total = 5.5546 | box = 0.7678 | obj = 1.6707 | cls = 0.0450 | lr = 0.000730
epoch 008 | step 0680 | total = 5.9025 | box = 0.8289 | obj = 1.7129 | cls = 0.0454 | lr = 0.000730
epoch 008 | step 0700 | total = 5.7328 | box = 0.7984 | obj = 1.6951 | cls = 0.0460 | lr = 0.000730
epoch 008 | step 0720 | total = 5.4775 | box = 0.7502 | obj = 1.6804 | cls = 0.0462 | lr = 0.000730
epoch 008 | step 0740 | total = 6.0702 | box = 0.8665 | obj = 1.6943 | cls = 0.0436 | lr = 0.000730
epoch 008 | step 0760 | total = 5.6975 | box = 0.7895 | obj = 1.7059 | cls = 0.0443 | lr = 0.000730
epoch 008 | step 0780 | total = 5.5225 | box = 0.7627 | obj = 1.6680 | cls = 0.0410 | lr = 0.000730
epoch 008 | step 0800 | total = 5.4788 | box = 0.7491 | obj = 1.6844 | cls = 0.0487 | lr = 0.000730
epoch 008 | step 0820 | total = 5.7300 | box = 0.8057 | obj = 1.6571 | cls = 0.0443 | lr = 0.000730
epoch 008 | step 0840 | total = 5.6308 | box = 0.7722 | obj = 1.7217 | cls = 0.0483 | lr = 0.000730
epoch 008 | step 0860 | total = 5.7386 | box = 0.8042 | obj = 1.6720 | cls = 0.0454 | lr = 0.000730
epoch 008 | step 0880 | total = 5.8061 | box = 0.8115 | obj = 1.7019 | cls = 0.0466 | lr = 0.000730
epoch 008 | step 0900 | total = 5.8412 | box = 0.8195 | obj = 1.6995 | cls = 0.0443 | lr = 0.000730
epoch 008 | step 0920 | total = 5.8942 | box = 0.8354 | obj = 1.6700 | cls = 0.0474 | lr = 0.000730
[epoch 008 train] total = 5.6579 | box = 0.7850 | obj = 1.6873 | cls = 0.0455 | batches = 925 | time = 3279.8s
[epoch 008 val] total = 5.7205 | box = 0.7949 | obj = 1.7001 | cls = 0.0457 | batches = 40 | time = 132.1s
epoch 009 | step 0001 | total = 5.4761 | box = 0.7553 | obj = 1.6560 | cls = 0.0436 | lr = 0.000658
epoch 009 | step 0020 | total = 5.4934 | box = 0.7503 | obj = 1.6951 | cls = 0.0470 | lr = 0.000658
epoch 009 | step 0040 | total = 5.6811 | box = 0.7872 | obj = 1.7015 | cls = 0.0438 | lr = 0.000658
epoch 009 | step 0060 | total = 5.8419 | box = 0.8186 | obj = 1.7044 | cls = 0.0444 | lr = 0.000658
epoch 009 | step 0080 | total = 5.5289 | box = 0.7625 | obj = 1.6711 | cls = 0.0454 | lr = 0.000658
epoch 009 | step 0100 | total = 5.7413 | box = 0.8038 | obj = 1.6815 | cls = 0.0410 | lr = 0.000658
epoch 009 | step 0120 | total = 5.5095 | box = 0.7679 | obj = 1.6262 | cls = 0.0436 | lr = 0.000658
epoch 009 | step 0140 | total = 5.4209 | box = 0.7381 | obj = 1.6825 | cls = 0.0481 | lr = 0.000658
epoch 009 | step 0160 | total = 5.2718 | box = 0.7103 | obj = 1.6744 | cls = 0.0459 | lr = 0.000658
epoch 009 | step 0180 | total = 5.6085 | box = 0.7811 | obj = 1.6578 | cls = 0.0451 | lr = 0.000658
epoch 009 | step 0200 | total = 5.4753 | box = 0.7605 | obj = 1.6296 | cls = 0.0431 | lr = 0.000658
epoch 009 | step 0220 | total = 5.8925 | box = 0.8436 | obj = 1.6310 | cls = 0.0433 | lr = 0.000658
epoch 009 | step 0240 | total = 5.8077 | box = 0.8254 | obj = 1.6376 | cls = 0.0430 | lr = 0.000658
epoch 009 | step 0260 | total = 5.3414 | box = 0.7217 | obj = 1.6881 | cls = 0.0449 | lr = 0.000658
epoch 009 | step 0280 | total = 5.6715 | box = 0.7868 | obj = 1.6944 | cls = 0.0433 | lr = 0.000658
epoch 009 | step 0300 | total = 5.4578 | box = 0.7525 | obj = 1.6518 | cls = 0.0437 | lr = 0.000658
epoch 009 | step 0320 | total = 5.6771 | box = 0.7918 | obj = 1.6726 | cls = 0.0458 | lr = 0.000658
epoch 009 | step 0340 | total = 6.0053 | box = 0.8446 | obj = 1.7386 | cls = 0.0438 | lr = 0.000658
epoch 009 | step 0360 | total = 5.7658 | box = 0.8025 | obj = 1.7066 | cls = 0.0467 | lr = 0.000658
epoch 009 | step 0380 | total = 5.5916 | box = 0.7770 | obj = 1.6633 | cls = 0.0434 | lr = 0.000658
epoch 009 | step 0400 | total = 5.2112 | box = 0.7041 | obj = 1.6450 | cls = 0.0459 | lr = 0.000658
epoch 009 | step 0420 | total = 5.6768 | box = 0.7909 | obj = 1.6771 | cls = 0.0451 | lr = 0.000658
epoch 009 | step 0440 | total = 5.5357 | box = 0.7542 | obj = 1.7198 | cls = 0.0451 | lr = 0.000658
epoch 009 | step 0460 | total = 5.3730 | box = 0.7359 | obj = 1.6461 | cls = 0.0473 | lr = 0.000658
epoch 009 | step 0480 | total = 5.5868 | box = 0.7788 | obj = 1.6483 | cls = 0.0445 | lr = 0.000658
epoch 009 | step 0500 | total = 5.3350 | box = 0.7165 | obj = 1.7049 | cls = 0.0474 | lr = 0.000658
epoch 009 | step 0520 | total = 5.5894 | box = 0.7681 | obj = 1.7046 | cls = 0.0441 | lr = 0.000658
epoch 009 | step 0540 | total = 5.5164 | box = 0.7604 | obj = 1.6711 | cls = 0.0435 | lr = 0.000658
epoch 009 | step 0560 | total = 5.7091 | box = 0.7981 | obj = 1.6720 | cls = 0.0467 | lr = 0.000658
epoch 009 | step 0580 | total = 5.3275 | box = 0.7236 | obj = 1.6648 | cls = 0.0447 | lr = 0.000658
epoch 009 | step 0600 | total = 5.7163 | box = 0.8050 | obj = 1.6483 | cls = 0.0431 | lr = 0.000658
epoch 009 | step 0620 | total = 5.5631 | box = 0.7647 | obj = 1.6948 | cls = 0.0451 | lr = 0.000658
epoch 009 | step 0640 | total = 5.6599 | box = 0.7937 | obj = 1.6474 | cls = 0.0442 | lr = 0.000658
epoch 009 | step 0660 | total = 5.5631 | box = 0.7639 | obj = 1.6995 | cls = 0.0440 | lr = 0.000658
epoch 009 | step 0680 | total = 5.2739 | box = 0.7001 | obj = 1.7262 | cls = 0.0469 | lr = 0.000658
epoch 009 | step 0700 | total = 5.3023 | box = 0.7176 | obj = 1.6699 | cls = 0.0444 | lr = 0.000658
epoch 009 | step 0720 | total = 5.6390 | box = 0.7807 | obj = 1.6907 | cls = 0.0447 | lr = 0.000658
epoch 009 | step 0740 | total = 5.4532 | box = 0.7444 | obj = 1.6850 | cls = 0.0460 | lr = 0.000658
epoch 009 | step 0760 | total = 5.8008 | box = 0.8208 | obj = 1.6539 | cls = 0.0427 | lr = 0.000658
epoch 009 | step 0780 | total = 5.5987 | box = 0.7872 | obj = 1.6184 | cls = 0.0445 | lr = 0.000658
epoch 009 | step 0800 | total = 5.2270 | box = 0.7116 | obj = 1.6245 | cls = 0.0447 | lr = 0.000658
epoch 009 | step 0820 | total = 5.2937 | box = 0.7150 | obj = 1.6715 | cls = 0.0471 | lr = 0.000658
epoch 009 | step 0840 | total = 5.5836 | box = 0.7757 | obj = 1.6630 | cls = 0.0423 | lr = 0.000658
epoch 009 | step 0860 | total = 5.6957 | box = 0.8035 | obj = 1.6331 | cls = 0.0452 | lr = 0.000658
epoch 009 | step 0880 | total = 5.7457 | box = 0.8139 | obj = 1.6323 | cls = 0.0439 | lr = 0.000658
epoch 009 | step 0900 | total = 5.8419 | box = 0.8260 | obj = 1.6704 | cls = 0.0418 | lr = 0.000658
epoch 009 | step 0920 | total = 5.6295 | box = 0.7771 | obj = 1.6988 | cls = 0.0453 | lr = 0.000658
[epoch 009 train] total = 5.5522 | box = 0.7679 | obj = 1.6679 | cls = 0.0447 | batches = 925 | time = 3284.8s
[epoch 009 val] total = 5.6644 | box = 0.7891 | obj = 1.6735 | cls = 0.0451 | batches = 40 | time = 129.7s
epoch 010 | step 0001 | total = 5.5893 | box = 0.7754 | obj = 1.6679 | cls = 0.0442 | lr = 0.000582
epoch 010 | step 0020 | total = 5.5513 | box = 0.7788 | obj = 1.6158 | cls = 0.0414 | lr = 0.000582
epoch 010 | step 0040 | total = 5.3072 | box = 0.7209 | obj = 1.6554 | cls = 0.0473 | lr = 0.000582
epoch 010 | step 0060 | total = 5.5088 | box = 0.7685 | obj = 1.6248 | cls = 0.0416 | lr = 0.000582
epoch 010 | step 0080 | total = 5.5167 | box = 0.7621 | obj = 1.6595 | cls = 0.0469 | lr = 0.000582
epoch 010 | step 0100 | total = 5.5139 | box = 0.7561 | obj = 1.6903 | cls = 0.0432 | lr = 0.000582
epoch 010 | step 0120 | total = 5.5099 | box = 0.7623 | obj = 1.6533 | cls = 0.0451 | lr = 0.000582
epoch 010 | step 0140 | total = 5.4224 | box = 0.7501 | obj = 1.6303 | cls = 0.0415 | lr = 0.000582
epoch 010 | step 0160 | total = 5.6235 | box = 0.7905 | obj = 1.6290 | cls = 0.0419 | lr = 0.000582
epoch 010 | step 0180 | total = 5.4521 | box = 0.7552 | obj = 1.6318 | cls = 0.0442 | lr = 0.000582
epoch 010 | step 0200 | total = 5.3872 | box = 0.7381 | obj = 1.6503 | cls = 0.0463 | lr = 0.000582
epoch 010 | step 0220 | total = 5.4384 | box = 0.7525 | obj = 1.6323 | cls = 0.0437 | lr = 0.000582
epoch 010 | step 0240 | total = 5.4657 | box = 0.7504 | obj = 1.6680 | cls = 0.0458 | lr = 0.000582
epoch 010 | step 0260 | total = 5.1241 | box = 0.6924 | obj = 1.6175 | cls = 0.0446 | lr = 0.000582
epoch 010 | step 0280 | total = 5.5255 | box = 0.7652 | obj = 1.6541 | cls = 0.0454 | lr = 0.000582
epoch 010 | step 0300 | total = 5.5461 | box = 0.7638 | obj = 1.6811 | cls = 0.0460 | lr = 0.000582
epoch 010 | step 0320 | total = 5.4842 | box = 0.7583 | obj = 1.6490 | cls = 0.0439 | lr = 0.000582
epoch 010 | step 0340 | total = 5.6013 | box = 0.7842 | obj = 1.6373 | cls = 0.0431 | lr = 0.000582
epoch 010 | step 0360 | total = 5.5033 | box = 0.7692 | obj = 1.6138 | cls = 0.0433 | lr = 0.000582
epoch 010 | step 0380 | total = 5.1203 | box = 0.6940 | obj = 1.6044 | cls = 0.0457 | lr = 0.000582
epoch 010 | step 0400 | total = 5.3626 | box = 0.7253 | obj = 1.6909 | cls = 0.0450 | lr = 0.000582
epoch 010 | step 0420 | total = 5.5000 | box = 0.7505 | obj = 1.7022 | cls = 0.0454 | lr = 0.000582
epoch 010 | step 0440 | total = 5.4045 | box = 0.7290 | obj = 1.7117 | cls = 0.0480 | lr = 0.000582
epoch 010 | step 0460 | total = 5.6118 | box = 0.7875 | obj = 1.6287 | cls = 0.0457 | lr = 0.000582
epoch 010 | step 0480 | total = 5.2467 | box = 0.7131 | obj = 1.6353 | cls = 0.0462 | lr = 0.000582
epoch 010 | step 0500 | total = 5.2669 | box = 0.7149 | obj = 1.6465 | cls = 0.0459 | lr = 0.000582
epoch 010 | step 0520 | total = 5.5904 | box = 0.7830 | obj = 1.6326 | cls = 0.0425 | lr = 0.000582
epoch 010 | step 0540 | total = 5.5250 | box = 0.7599 | obj = 1.6815 | cls = 0.0441 | lr = 0.000582
epoch 010 | step 0560 | total = 5.4916 | box = 0.7651 | obj = 1.6193 | cls = 0.0467 | lr = 0.000582
epoch 010 | step 0580 | total = 5.5338 | box = 0.7614 | obj = 1.6820 | cls = 0.0446 | lr = 0.000582
epoch 010 | step 0600 | total = 5.0998 | box = 0.6877 | obj = 1.6176 | cls = 0.0437 | lr = 0.000582
epoch 010 | step 0620 | total = 5.4761 | box = 0.7679 | obj = 1.5951 | cls = 0.0415 | lr = 0.000582
epoch 010 | step 0640 | total = 5.3822 | box = 0.7456 | obj = 1.6094 | cls = 0.0447 | lr = 0.000582
epoch 010 | step 0660 | total = 5.4008 | box = 0.7403 | obj = 1.6572 | cls = 0.0419 | lr = 0.000582
epoch 010 | step 0680 | total = 5.6674 | box = 0.8001 | obj = 1.6239 | cls = 0.0430 | lr = 0.000582
epoch 010 | step 0700 | total = 5.6028 | box = 0.7803 | obj = 1.6575 | cls = 0.0438 | lr = 0.000582
epoch 010 | step 0720 | total = 5.3851 | box = 0.7392 | obj = 1.6465 | cls = 0.0423 | lr = 0.000582
epoch 010 | step 0740 | total = 5.2863 | box = 0.7159 | obj = 1.6619 | cls = 0.0452 | lr = 0.000582
epoch 010 | step 0760 | total = 5.6192 | box = 0.7790 | obj = 1.6787 | cls = 0.0455 | lr = 0.000582
epoch 010 | step 0780 | total = 5.5821 | box = 0.7771 | obj = 1.6515 | cls = 0.0451 | lr = 0.000582
epoch 010 | step 0800 | total = 5.4862 | box = 0.7409 | obj = 1.7317 | cls = 0.0499 | lr = 0.000582
epoch 010 | step 0820 | total = 5.6157 | box = 0.7860 | obj = 1.6441 | cls = 0.0416 | lr = 0.000582
epoch 010 | step 0840 | total = 5.5411 | box = 0.7607 | obj = 1.6912 | cls = 0.0465 | lr = 0.000582
epoch 010 | step 0860 | total = 5.4933 | box = 0.7598 | obj = 1.6503 | cls = 0.0438 | lr = 0.000582
epoch 010 | step 0880 | total = 5.6144 | box = 0.7802 | obj = 1.6709 | cls = 0.0428 | lr = 0.000582
epoch 010 | step 0900 | total = 5.6499 | box = 0.7930 | obj = 1.6431 | cls = 0.0417 | lr = 0.000582
epoch 010 | step 0920 | total = 5.2264 | box = 0.7046 | obj = 1.6546 | cls = 0.0486 | lr = 0.000582
[epoch 010 train] total = 5.4484 | box = 0.7511 | obj = 1.6490 | cls = 0.0440 | batches = 925 | time = 3261.1s
[epoch 010 val] total = 5.7337 | box = 0.7967 | obj = 1.7045 | cls = 0.0458 | batches = 40 | time = 133.9s
epoch 011 | step 0001 | total = 5.5168 | box = 0.7550 | obj = 1.6979 | cls = 0.0439 | lr = 0.000505
epoch 011 | step 0020 | total = 5.6367 | box = 0.7865 | obj = 1.6586 | cls = 0.0456 | lr = 0.000505
epoch 011 | step 0040 | total = 5.4940 | box = 0.7557 | obj = 1.6688 | cls = 0.0465 | lr = 0.000505
epoch 011 | step 0060 | total = 5.3556 | box = 0.7264 | obj = 1.6774 | cls = 0.0463 | lr = 0.000505
epoch 011 | step 0080 | total = 5.3741 | box = 0.7475 | obj = 1.5975 | cls = 0.0391 | lr = 0.000505
epoch 011 | step 0100 | total = 5.4491 | box = 0.7501 | obj = 1.6572 | cls = 0.0414 | lr = 0.000505
epoch 011 | step 0120 | total = 5.3138 | box = 0.7348 | obj = 1.6000 | cls = 0.0399 | lr = 0.000505
epoch 011 | step 0140 | total = 5.1852 | box = 0.7007 | obj = 1.6369 | cls = 0.0445 | lr = 0.000505
epoch 011 | step 0160 | total = 5.2215 | box = 0.7234 | obj = 1.5613 | cls = 0.0432 | lr = 0.000505
epoch 011 | step 0180 | total = 5.4866 | box = 0.7470 | obj = 1.7090 | cls = 0.0428 | lr = 0.000505
epoch 011 | step 0200 | total = 5.4071 | box = 0.7428 | obj = 1.6455 | cls = 0.0477 | lr = 0.000505
epoch 011 | step 0220 | total = 5.3570 | box = 0.7404 | obj = 1.6147 | cls = 0.0402 | lr = 0.000505
epoch 011 | step 0240 | total = 5.3123 | box = 0.7281 | obj = 1.6276 | cls = 0.0441 | lr = 0.000505
epoch 011 | step 0260 | total = 5.2130 | box = 0.7004 | obj = 1.6670 | cls = 0.0441 | lr = 0.000505
epoch 011 | step 0280 | total = 5.4039 | box = 0.7472 | obj = 1.6208 | cls = 0.0470 | lr = 0.000505
epoch 011 | step 0300 | total = 4.9155 | box = 0.6621 | obj = 1.5637 | cls = 0.0411 | lr = 0.000505
epoch 011 | step 0320 | total = 5.1969 | box = 0.7006 | obj = 1.6491 | cls = 0.0447 | lr = 0.000505
epoch 011 | step 0340 | total = 5.3518 | box = 0.7367 | obj = 1.6256 | cls = 0.0425 | lr = 0.000505
epoch 011 | step 0360 | total = 5.4153 | box = 0.7412 | obj = 1.6613 | cls = 0.0478 | lr = 0.000505
epoch 011 | step 0380 | total = 5.1439 | box = 0.7025 | obj = 1.5860 | cls = 0.0452 | lr = 0.000505
epoch 011 | step 0400 | total = 5.0587 | box = 0.6784 | obj = 1.6219 | cls = 0.0448 | lr = 0.000505
epoch 011 | step 0420 | total = 5.5224 | box = 0.7706 | obj = 1.6266 | cls = 0.0430 | lr = 0.000505
epoch 011 | step 0440 | total = 5.0424 | box = 0.6765 | obj = 1.6147 | cls = 0.0453 | lr = 0.000505
epoch 011 | step 0460 | total = 5.6774 | box = 0.7908 | obj = 1.6812 | cls = 0.0423 | lr = 0.000505
epoch 011 | step 0480 | total = 5.4761 | box = 0.7605 | obj = 1.6322 | cls = 0.0413 | lr = 0.000505
epoch 011 | step 0500 | total = 5.4164 | box = 0.7508 | obj = 1.6213 | cls = 0.0413 | lr = 0.000505
epoch 011 | step 0520 | total = 5.2917 | box = 0.7241 | obj = 1.6286 | cls = 0.0424 | lr = 0.000505
epoch 011 | step 0540 | total = 5.2567 | box = 0.7086 | obj = 1.6677 | cls = 0.0461 | lr = 0.000505
epoch 011 | step 0560 | total = 5.1455 | box = 0.6960 | obj = 1.6216 | cls = 0.0437 | lr = 0.000505
epoch 011 | step 0580 | total = 5.0751 | box = 0.6738 | obj = 1.6622 | cls = 0.0440 | lr = 0.000505
epoch 011 | step 0600 | total = 5.3642 | box = 0.7365 | obj = 1.6355 | cls = 0.0460 | lr = 0.000505
epoch 011 | step 0620 | total = 5.6687 | box = 0.8033 | obj = 1.6103 | cls = 0.0421 | lr = 0.000505
epoch 011 | step 0640 | total = 5.3662 | box = 0.7384 | obj = 1.6300 | cls = 0.0442 | lr = 0.000505
epoch 011 | step 0660 | total = 5.5006 | box = 0.7616 | obj = 1.6487 | cls = 0.0441 | lr = 0.000505
epoch 011 | step 0680 | total = 5.2626 | box = 0.7159 | obj = 1.6373 | cls = 0.0459 | lr = 0.000505
epoch 011 | step 0700 | total = 5.3890 | box = 0.7501 | obj = 1.5976 | cls = 0.0411 | lr = 0.000505
epoch 011 | step 0720 | total = 5.4404 | box = 0.7469 | obj = 1.6608 | cls = 0.0452 | lr = 0.000505
epoch 011 | step 0740 | total = 5.2405 | box = 0.7160 | obj = 1.6137 | cls = 0.0468 | lr = 0.000505
epoch 011 | step 0760 | total = 5.5545 | box = 0.7806 | obj = 1.6077 | cls = 0.0437 | lr = 0.000505
epoch 011 | step 0780 | total = 5.1668 | box = 0.7002 | obj = 1.6214 | cls = 0.0445 | lr = 0.000505
epoch 011 | step 0800 | total = 5.5552 | box = 0.7845 | obj = 1.5916 | cls = 0.0411 | lr = 0.000505
epoch 011 | step 0820 | total = 5.2234 | box = 0.7222 | obj = 1.5707 | cls = 0.0419 | lr = 0.000505
epoch 011 | step 0840 | total = 5.3628 | box = 0.7423 | obj = 1.6108 | cls = 0.0406 | lr = 0.000505
epoch 011 | step 0860 | total = 5.3698 | box = 0.7368 | obj = 1.6400 | cls = 0.0456 | lr = 0.000505
epoch 011 | step 0880 | total = 5.7780 | box = 0.8168 | obj = 1.6538 | cls = 0.0401 | lr = 0.000505
epoch 011 | step 0900 | total = 5.2153 | box = 0.7176 | obj = 1.5831 | cls = 0.0443 | lr = 0.000505
epoch 011 | step 0920 | total = 5.5382 | box = 0.7747 | obj = 1.6239 | cls = 0.0406 | lr = 0.000505
[epoch 011 train] total = 5.3490 | box = 0.7351 | obj = 1.6301 | cls = 0.0434 | batches = 925 | time = 3323.3s
[epoch 011 val] total = 5.4944 | box = 0.7594 | obj = 1.6534 | cls = 0.0439 | batches = 40 | time = 132.2s
epoch 012 | step 0001 | total = 4.9914 | box = 0.6678 | obj = 1.6072 | cls = 0.0454 | lr = 0.000428
epoch 012 | step 0020 | total = 5.2895 | box = 0.7152 | obj = 1.6705 | cls = 0.0430 | lr = 0.000428
epoch 012 | step 0040 | total = 5.0635 | box = 0.6736 | obj = 1.6528 | cls = 0.0429 | lr = 0.000428
epoch 012 | step 0060 | total = 5.1259 | box = 0.6846 | obj = 1.6546 | cls = 0.0482 | lr = 0.000428
epoch 012 | step 0080 | total = 5.4646 | box = 0.7492 | obj = 1.6765 | cls = 0.0420 | lr = 0.000428
epoch 012 | step 0100 | total = 5.3971 | box = 0.7575 | obj = 1.5675 | cls = 0.0421 | lr = 0.000428
epoch 012 | step 0120 | total = 5.1210 | box = 0.6938 | obj = 1.6104 | cls = 0.0416 | lr = 0.000428
epoch 012 | step 0140 | total = 5.2385 | box = 0.7170 | obj = 1.6112 | cls = 0.0424 | lr = 0.000428
epoch 012 | step 0160 | total = 5.3667 | box = 0.7429 | obj = 1.6102 | cls = 0.0422 | lr = 0.000428
epoch 012 | step 0180 | total = 5.0817 | box = 0.6769 | obj = 1.6553 | cls = 0.0420 | lr = 0.000428
epoch 012 | step 0200 | total = 5.3872 | box = 0.7466 | obj = 1.6112 | cls = 0.0431 | lr = 0.000428
epoch 012 | step 0220 | total = 5.2276 | box = 0.7181 | obj = 1.5927 | cls = 0.0444 | lr = 0.000428
epoch 012 | step 0240 | total = 5.4463 | box = 0.7618 | obj = 1.5958 | cls = 0.0413 | lr = 0.000428
epoch 012 | step 0260 | total = 5.5594 | box = 0.7783 | obj = 1.6253 | cls = 0.0425 | lr = 0.000428
epoch 012 | step 0280 | total = 5.1277 | box = 0.7064 | obj = 1.5551 | cls = 0.0405 | lr = 0.000428
epoch 012 | step 0300 | total = 5.2205 | box = 0.7116 | obj = 1.6186 | cls = 0.0438 | lr = 0.000428
epoch 012 | step 0320 | total = 5.4902 | box = 0.7595 | obj = 1.6504 | cls = 0.0424 | lr = 0.000428
epoch 012 | step 0340 | total = 4.9582 | box = 0.6665 | obj = 1.5817 | cls = 0.0439 | lr = 0.000428
epoch 012 | step 0360 | total = 5.2018 | box = 0.7062 | obj = 1.6300 | cls = 0.0410 | lr = 0.000428
epoch 012 | step 0380 | total = 4.8927 | box = 0.6407 | obj = 1.6458 | cls = 0.0436 | lr = 0.000428
epoch 012 | step 0400 | total = 5.1976 | box = 0.7124 | obj = 1.5921 | cls = 0.0433 | lr = 0.000428
epoch 012 | step 0420 | total = 5.1886 | box = 0.7051 | obj = 1.6192 | cls = 0.0439 | lr = 0.000428
epoch 012 | step 0440 | total = 5.4705 | box = 0.7696 | obj = 1.5793 | cls = 0.0432 | lr = 0.000428
epoch 012 | step 0460 | total = 5.2441 | box = 0.7221 | obj = 1.5888 | cls = 0.0448 | lr = 0.000428
epoch 012 | step 0480 | total = 5.1566 | box = 0.6958 | obj = 1.6341 | cls = 0.0434 | lr = 0.000428
epoch 012 | step 0500 | total = 5.3634 | box = 0.7442 | obj = 1.6021 | cls = 0.0401 | lr = 0.000428
epoch 012 | step 0520 | total = 5.2594 | box = 0.7294 | obj = 1.5688 | cls = 0.0436 | lr = 0.000428
epoch 012 | step 0540 | total = 5.3138 | box = 0.7275 | obj = 1.6298 | cls = 0.0463 | lr = 0.000428
epoch 012 | step 0560 | total = 5.3260 | box = 0.7390 | obj = 1.5862 | cls = 0.0447 | lr = 0.000428
epoch 012 | step 0580 | total = 5.4588 | box = 0.7700 | obj = 1.5676 | cls = 0.0411 | lr = 0.000428
epoch 012 | step 0600 | total = 4.9170 | box = 0.6458 | obj = 1.6424 | cls = 0.0455 | lr = 0.000428
epoch 012 | step 0620 | total = 5.3106 | box = 0.7295 | obj = 1.6214 | cls = 0.0419 | lr = 0.000428
epoch 012 | step 0640 | total = 5.3647 | box = 0.7378 | obj = 1.6356 | cls = 0.0399 | lr = 0.000428
epoch 012 | step 0660 | total = 5.4178 | box = 0.7501 | obj = 1.6245 | cls = 0.0429 | lr = 0.000428
epoch 012 | step 0680 | total = 5.2636 | box = 0.7135 | obj = 1.6533 | cls = 0.0430 | lr = 0.000428
epoch 012 | step 0700 | total = 5.4577 | box = 0.7521 | obj = 1.6521 | cls = 0.0452 | lr = 0.000428
epoch 012 | step 0720 | total = 5.5363 | box = 0.7776 | obj = 1.6093 | cls = 0.0391 | lr = 0.000428
epoch 012 | step 0740 | total = 5.3427 | box = 0.7413 | obj = 1.5906 | cls = 0.0454 | lr = 0.000428
epoch 012 | step 0760 | total = 5.1302 | box = 0.7031 | obj = 1.5736 | cls = 0.0412 | lr = 0.000428
epoch 012 | step 0780 | total = 4.9273 | box = 0.6577 | obj = 1.5940 | cls = 0.0451 | lr = 0.000428
epoch 012 | step 0800 | total = 5.3446 | box = 0.7419 | obj = 1.5914 | cls = 0.0439 | lr = 0.000428
epoch 012 | step 0820 | total = 5.1113 | box = 0.6847 | obj = 1.6431 | cls = 0.0445 | lr = 0.000428
epoch 012 | step 0840 | total = 5.0925 | box = 0.6834 | obj = 1.6321 | cls = 0.0435 | lr = 0.000428
epoch 012 | step 0860 | total = 5.2006 | box = 0.6993 | obj = 1.6578 | cls = 0.0462 | lr = 0.000428
epoch 012 | step 0880 | total = 5.5204 | box = 0.7747 | obj = 1.6045 | cls = 0.0424 | lr = 0.000428
epoch 012 | step 0900 | total = 5.6604 | box = 0.7918 | obj = 1.6577 | cls = 0.0436 | lr = 0.000428
epoch 012 | step 0920 | total = 5.6137 | box = 0.8018 | obj = 1.5649 | cls = 0.0399 | lr = 0.000428
[epoch 012 train] total = 5.2529 | box = 0.7198 | obj = 1.6111 | cls = 0.0428 | batches = 925 | time = 3317.6s
[epoch 012 val] total = 5.5146 | box = 0.7600 | obj = 1.6694 | cls = 0.0451 | batches = 40 | time = 130.4s
epoch 013 | step 0001 | total = 5.2508 | box = 0.7164 | obj = 1.6265 | cls = 0.0421 | lr = 0.000352
epoch 013 | step 0020 | total = 5.4609 | box = 0.7519 | obj = 1.6591 | cls = 0.0423 | lr = 0.000352
epoch 013 | step 0040 | total = 4.6852 | box = 0.6022 | obj = 1.6280 | cls = 0.0465 | lr = 0.000352
epoch 013 | step 0060 | total = 5.2616 | box = 0.7359 | obj = 1.5429 | cls = 0.0391 | lr = 0.000352
epoch 013 | step 0080 | total = 4.9907 | box = 0.6573 | obj = 1.6596 | cls = 0.0447 | lr = 0.000352
epoch 013 | step 0100 | total = 5.4244 | box = 0.7585 | obj = 1.5935 | cls = 0.0386 | lr = 0.000352
epoch 013 | step 0120 | total = 5.2066 | box = 0.7130 | obj = 1.5997 | cls = 0.0421 | lr = 0.000352
epoch 013 | step 0140 | total = 5.6097 | box = 0.7916 | obj = 1.6098 | cls = 0.0418 | lr = 0.000352
epoch 013 | step 0160 | total = 5.5269 | box = 0.7713 | obj = 1.6301 | cls = 0.0404 | lr = 0.000352
epoch 013 | step 0180 | total = 5.0245 | box = 0.6814 | obj = 1.5742 | cls = 0.0432 | lr = 0.000352
epoch 013 | step 0200 | total = 5.4200 | box = 0.7508 | obj = 1.6223 | cls = 0.0438 | lr = 0.000352
epoch 013 | step 0220 | total = 4.9131 | box = 0.6619 | obj = 1.5605 | cls = 0.0428 | lr = 0.000352
epoch 013 | step 0240 | total = 5.3458 | box = 0.7441 | obj = 1.5850 | cls = 0.0402 | lr = 0.000352
epoch 013 | step 0260 | total = 5.1141 | box = 0.6908 | obj = 1.6187 | cls = 0.0415 | lr = 0.000352
epoch 013 | step 0280 | total = 5.1282 | box = 0.6971 | obj = 1.6010 | cls = 0.0418 | lr = 0.000352
epoch 013 | step 0300 | total = 4.8070 | box = 0.6401 | obj = 1.5597 | cls = 0.0469 | lr = 0.000352
epoch 013 | step 0320 | total = 5.2100 | box = 0.7114 | obj = 1.6107 | cls = 0.0424 | lr = 0.000352
epoch 013 | step 0340 | total = 5.0012 | box = 0.6780 | obj = 1.5696 | cls = 0.0416 | lr = 0.000352
epoch 013 | step 0360 | total = 5.2483 | box = 0.7283 | obj = 1.5657 | cls = 0.0409 | lr = 0.000352
epoch 013 | step 0380 | total = 5.1298 | box = 0.6914 | obj = 1.6283 | cls = 0.0444 | lr = 0.000352
epoch 013 | step 0400 | total = 5.2830 | box = 0.7213 | obj = 1.6367 | cls = 0.0399 | lr = 0.000352
epoch 013 | step 0420 | total = 5.2572 | box = 0.7202 | obj = 1.6147 | cls = 0.0414 | lr = 0.000352
epoch 013 | step 0440 | total = 5.1413 | box = 0.7023 | obj = 1.5882 | cls = 0.0418 | lr = 0.000352
epoch 013 | step 0460 | total = 5.1484 | box = 0.7048 | obj = 1.5826 | cls = 0.0418 | lr = 0.000352
epoch 013 | step 0480 | total = 5.2797 | box = 0.7262 | obj = 1.6060 | cls = 0.0427 | lr = 0.000352
epoch 013 | step 0500 | total = 5.5494 | box = 0.7750 | obj = 1.6352 | cls = 0.0391 | lr = 0.000352
epoch 013 | step 0520 | total = 5.1409 | box = 0.6939 | obj = 1.6304 | cls = 0.0411 | lr = 0.000352
epoch 013 | step 0540 | total = 5.3300 | box = 0.7442 | obj = 1.5687 | cls = 0.0404 | lr = 0.000352
epoch 013 | step 0560 | total = 5.0291 | box = 0.6812 | obj = 1.5820 | cls = 0.0413 | lr = 0.000352
epoch 013 | step 0580 | total = 4.9414 | box = 0.6664 | obj = 1.5674 | cls = 0.0419 | lr = 0.000352
epoch 013 | step 0600 | total = 5.1832 | box = 0.7133 | obj = 1.5763 | cls = 0.0403 | lr = 0.000352
epoch 013 | step 0620 | total = 5.2720 | box = 0.7227 | obj = 1.6179 | cls = 0.0408 | lr = 0.000352
epoch 013 | step 0640 | total = 5.3139 | box = 0.7358 | obj = 1.5933 | cls = 0.0417 | lr = 0.000352
epoch 013 | step 0660 | total = 5.4429 | box = 0.7561 | obj = 1.6212 | cls = 0.0411 | lr = 0.000352
epoch 013 | step 0680 | total = 5.1373 | box = 0.6949 | obj = 1.6222 | cls = 0.0405 | lr = 0.000352
epoch 013 | step 0700 | total = 5.2237 | box = 0.7128 | obj = 1.6172 | cls = 0.0426 | lr = 0.000352
epoch 013 | step 0720 | total = 5.1850 | box = 0.7049 | obj = 1.6171 | cls = 0.0435 | lr = 0.000352
epoch 013 | step 0740 | total = 5.0611 | box = 0.6868 | obj = 1.5829 | cls = 0.0443 | lr = 0.000352
epoch 013 | step 0760 | total = 5.1040 | box = 0.6942 | obj = 1.5902 | cls = 0.0426 | lr = 0.000352
epoch 013 | step 0780 | total = 5.2663 | box = 0.7240 | obj = 1.6042 | cls = 0.0423 | lr = 0.000352
epoch 013 | step 0800 | total = 5.1469 | box = 0.7056 | obj = 1.5805 | cls = 0.0384 | lr = 0.000352
epoch 013 | step 0820 | total = 5.4734 | box = 0.7735 | obj = 1.5664 | cls = 0.0394 | lr = 0.000352
epoch 013 | step 0840 | total = 4.9902 | box = 0.6723 | obj = 1.5835 | cls = 0.0449 | lr = 0.000352
epoch 013 | step 0860 | total = 5.2758 | box = 0.7225 | obj = 1.6205 | cls = 0.0427 | lr = 0.000352
epoch 013 | step 0880 | total = 5.1555 | box = 0.7032 | obj = 1.5961 | cls = 0.0436 | lr = 0.000352
epoch 013 | step 0900 | total = 5.2294 | box = 0.7223 | obj = 1.5786 | cls = 0.0394 | lr = 0.000352
epoch 013 | step 0920 | total = 5.1785 | box = 0.7153 | obj = 1.5625 | cls = 0.0395 | lr = 0.000352
[epoch 013 train] total = 5.1731 | box = 0.7067 | obj = 1.5975 | cls = 0.0423 | batches = 925 | time = 3396.0s
[epoch 013 val] total = 5.5603 | box = 0.7606 | obj = 1.7119 | cls = 0.0452 | batches = 40 | time = 132.4s
epoch 014 | step 0001 | total = 5.2491 | box = 0.7285 | obj = 1.5658 | cls = 0.0407 | lr = 0.000280
epoch 014 | step 0020 | total = 5.2971 | box = 0.7237 | obj = 1.6338 | cls = 0.0448 | lr = 0.000280
epoch 014 | step 0040 | total = 5.2595 | box = 0.7378 | obj = 1.5293 | cls = 0.0411 | lr = 0.000280
epoch 014 | step 0060 | total = 5.3015 | box = 0.7302 | obj = 1.6104 | cls = 0.0400 | lr = 0.000280
epoch 014 | step 0080 | total = 5.0738 | box = 0.6861 | obj = 1.6016 | cls = 0.0419 | lr = 0.000280
epoch 014 | step 0100 | total = 5.0559 | box = 0.6896 | obj = 1.5654 | cls = 0.0423 | lr = 0.000280
epoch 014 | step 0120 | total = 4.8114 | box = 0.6333 | obj = 1.5983 | cls = 0.0465 | lr = 0.000280
epoch 014 | step 0140 | total = 5.1888 | box = 0.7205 | obj = 1.5466 | cls = 0.0399 | lr = 0.000280
epoch 014 | step 0160 | total = 5.1873 | box = 0.7110 | obj = 1.5885 | cls = 0.0436 | lr = 0.000280
epoch 014 | step 0180 | total = 5.1134 | box = 0.6904 | obj = 1.6197 | cls = 0.0418 | lr = 0.000280
epoch 014 | step 0200 | total = 5.2078 | box = 0.7111 | obj = 1.6077 | cls = 0.0447 | lr = 0.000280
epoch 014 | step 0220 | total = 5.0824 | box = 0.6896 | obj = 1.5940 | cls = 0.0407 | lr = 0.000280
epoch 014 | step 0240 | total = 5.0599 | box = 0.6961 | obj = 1.5377 | cls = 0.0414 | lr = 0.000280
epoch 014 | step 0260 | total = 5.0740 | box = 0.6885 | obj = 1.5880 | cls = 0.0435 | lr = 0.000280
epoch 014 | step 0280 | total = 5.1234 | box = 0.7027 | obj = 1.5702 | cls = 0.0399 | lr = 0.000280
epoch 014 | step 0300 | total = 5.0136 | box = 0.6794 | obj = 1.5738 | cls = 0.0426 | lr = 0.000280
epoch 014 | step 0320 | total = 4.7273 | box = 0.6370 | obj = 1.5038 | cls = 0.0386 | lr = 0.000280
epoch 014 | step 0340 | total = 4.9144 | box = 0.6611 | obj = 1.5657 | cls = 0.0433 | lr = 0.000280
epoch 014 | step 0360 | total = 4.7309 | box = 0.6291 | obj = 1.5404 | cls = 0.0450 | lr = 0.000280
epoch 014 | step 0380 | total = 4.9530 | box = 0.6676 | obj = 1.5735 | cls = 0.0415 | lr = 0.000280
epoch 014 | step 0400 | total = 5.0669 | box = 0.6896 | obj = 1.5770 | cls = 0.0417 | lr = 0.000280
epoch 014 | step 0420 | total = 5.1324 | box = 0.7071 | obj = 1.5578 | cls = 0.0392 | lr = 0.000280
epoch 014 | step 0440 | total = 5.1187 | box = 0.6959 | obj = 1.5977 | cls = 0.0414 | lr = 0.000280
epoch 014 | step 0460 | total = 5.0417 | box = 0.6840 | obj = 1.5811 | cls = 0.0407 | lr = 0.000280
epoch 014 | step 0480 | total = 4.8439 | box = 0.6537 | obj = 1.5306 | cls = 0.0449 | lr = 0.000280
epoch 014 | step 0500 | total = 4.6401 | box = 0.6175 | obj = 1.5105 | cls = 0.0421 | lr = 0.000280
epoch 014 | step 0520 | total = 5.1934 | box = 0.7155 | obj = 1.5772 | cls = 0.0390 | lr = 0.000280
epoch 014 | step 0540 | total = 5.1473 | box = 0.7027 | obj = 1.5920 | cls = 0.0420 | lr = 0.000280
epoch 014 | step 0560 | total = 5.0958 | box = 0.6922 | obj = 1.5911 | cls = 0.0437 | lr = 0.000280
epoch 014 | step 0580 | total = 5.1406 | box = 0.7048 | obj = 1.5740 | cls = 0.0424 | lr = 0.000280
epoch 014 | step 0600 | total = 4.9300 | box = 0.6573 | obj = 1.6024 | cls = 0.0413 | lr = 0.000280
epoch 014 | step 0620 | total = 5.0644 | box = 0.6915 | obj = 1.5641 | cls = 0.0427 | lr = 0.000280
epoch 014 | step 0640 | total = 5.1161 | box = 0.6942 | obj = 1.6016 | cls = 0.0435 | lr = 0.000280
epoch 014 | step 0660 | total = 5.0370 | box = 0.6871 | obj = 1.5600 | cls = 0.0416 | lr = 0.000280
epoch 014 | step 0680 | total = 4.9597 | box = 0.6642 | obj = 1.5920 | cls = 0.0465 | lr = 0.000280
epoch 014 | step 0700 | total = 4.7806 | box = 0.6353 | obj = 1.5580 | cls = 0.0459 | lr = 0.000280
epoch 014 | step 0720 | total = 5.1685 | box = 0.7115 | obj = 1.5708 | cls = 0.0404 | lr = 0.000280
epoch 014 | step 0740 | total = 5.2242 | box = 0.7287 | obj = 1.5436 | cls = 0.0371 | lr = 0.000280
epoch 014 | step 0760 | total = 4.9040 | box = 0.6673 | obj = 1.5231 | cls = 0.0446 | lr = 0.000280
epoch 014 | step 0780 | total = 5.1057 | box = 0.7014 | obj = 1.5562 | cls = 0.0425 | lr = 0.000280
epoch 014 | step 0800 | total = 4.9567 | box = 0.6677 | obj = 1.5757 | cls = 0.0423 | lr = 0.000280
epoch 014 | step 0820 | total = 5.1928 | box = 0.7119 | obj = 1.5916 | cls = 0.0417 | lr = 0.000280
epoch 014 | step 0840 | total = 4.8675 | box = 0.6527 | obj = 1.5572 | cls = 0.0466 | lr = 0.000280
epoch 014 | step 0860 | total = 4.7725 | box = 0.6427 | obj = 1.5147 | cls = 0.0444 | lr = 0.000280
epoch 014 | step 0880 | total = 5.3544 | box = 0.7429 | obj = 1.5992 | cls = 0.0407 | lr = 0.000280
epoch 014 | step 0900 | total = 5.0874 | box = 0.7028 | obj = 1.5322 | cls = 0.0412 | lr = 0.000280
epoch 014 | step 0920 | total = 5.0338 | box = 0.6888 | obj = 1.5477 | cls = 0.0420 | lr = 0.000280
[epoch 014 train] total = 5.0763 | box = 0.6917 | obj = 1.5762 | cls = 0.0418 | batches = 925 | time = 3435.4s
[epoch 014 val] total = 5.3440 | box = 0.7364 | obj = 1.6195 | cls = 0.0427 | batches = 40 | time = 136.3s
epoch 015 | step 0001 | total = 4.9033 | box = 0.6690 | obj = 1.5169 | cls = 0.0416 | lr = 0.000214
epoch 015 | step 0020 | total = 5.0416 | box = 0.6903 | obj = 1.5507 | cls = 0.0395 | lr = 0.000214
epoch 015 | step 0040 | total = 4.8315 | box = 0.6441 | obj = 1.5681 | cls = 0.0427 | lr = 0.000214
epoch 015 | step 0060 | total = 4.8387 | box = 0.6488 | obj = 1.5535 | cls = 0.0410 | lr = 0.000214
epoch 015 | step 0080 | total = 5.0703 | box = 0.6974 | obj = 1.5433 | cls = 0.0399 | lr = 0.000214
epoch 015 | step 0100 | total = 4.9570 | box = 0.6718 | obj = 1.5564 | cls = 0.0414 | lr = 0.000214
epoch 015 | step 0120 | total = 5.1514 | box = 0.7052 | obj = 1.5849 | cls = 0.0407 | lr = 0.000214
epoch 015 | step 0140 | total = 4.7530 | box = 0.6360 | obj = 1.5310 | cls = 0.0422 | lr = 0.000214
epoch 015 | step 0160 | total = 4.7732 | box = 0.6290 | obj = 1.5843 | cls = 0.0441 | lr = 0.000214
epoch 015 | step 0180 | total = 5.1443 | box = 0.7128 | obj = 1.5400 | cls = 0.0401 | lr = 0.000214
epoch 015 | step 0200 | total = 4.7490 | box = 0.6390 | obj = 1.5100 | cls = 0.0441 | lr = 0.000214
epoch 015 | step 0220 | total = 4.8547 | box = 0.6520 | obj = 1.5532 | cls = 0.0416 | lr = 0.000214
epoch 015 | step 0240 | total = 5.2438 | box = 0.7242 | obj = 1.5807 | cls = 0.0420 | lr = 0.000214
epoch 015 | step 0260 | total = 5.0624 | box = 0.6964 | obj = 1.5400 | cls = 0.0402 | lr = 0.000214
epoch 015 | step 0280 | total = 4.8218 | box = 0.6469 | obj = 1.5457 | cls = 0.0416 | lr = 0.000214
epoch 015 | step 0300 | total = 4.8073 | box = 0.6490 | obj = 1.5189 | cls = 0.0434 | lr = 0.000214
epoch 015 | step 0320 | total = 5.0493 | box = 0.6802 | obj = 1.6094 | cls = 0.0390 | lr = 0.000214
epoch 015 | step 0340 | total = 4.7748 | box = 0.6341 | obj = 1.5624 | cls = 0.0419 | lr = 0.000214
epoch 015 | step 0360 | total = 4.9071 | box = 0.6578 | obj = 1.5738 | cls = 0.0444 | lr = 0.000214
epoch 015 | step 0380 | total = 4.9492 | box = 0.6698 | obj = 1.5582 | cls = 0.0422 | lr = 0.000214
epoch 015 | step 0400 | total = 4.8483 | box = 0.6525 | obj = 1.5455 | cls = 0.0405 | lr = 0.000214
epoch 015 | step 0420 | total = 5.0200 | box = 0.6742 | obj = 1.6070 | cls = 0.0420 | lr = 0.000214
epoch 015 | step 0440 | total = 5.0069 | box = 0.6814 | obj = 1.5588 | cls = 0.0410 | lr = 0.000214
epoch 015 | step 0460 | total = 5.0909 | box = 0.6912 | obj = 1.5908 | cls = 0.0443 | lr = 0.000214
epoch 015 | step 0480 | total = 5.0691 | box = 0.6862 | obj = 1.5938 | cls = 0.0445 | lr = 0.000214
epoch 015 | step 0500 | total = 5.1016 | box = 0.7074 | obj = 1.5258 | cls = 0.0386 | lr = 0.000214
epoch 015 | step 0520 | total = 5.0853 | box = 0.6973 | obj = 1.5572 | cls = 0.0414 | lr = 0.000214
epoch 015 | step 0540 | total = 4.9557 | box = 0.6691 | obj = 1.5688 | cls = 0.0412 | lr = 0.000214
epoch 015 | step 0560 | total = 5.1810 | box = 0.7125 | obj = 1.5775 | cls = 0.0409 | lr = 0.000214
epoch 015 | step 0580 | total = 5.1622 | box = 0.7106 | obj = 1.5695 | cls = 0.0396 | lr = 0.000214
epoch 015 | step 0600 | total = 4.6616 | box = 0.6169 | obj = 1.5367 | cls = 0.0404 | lr = 0.000214
epoch 015 | step 0620 | total = 4.8434 | box = 0.6535 | obj = 1.5369 | cls = 0.0392 | lr = 0.000214
epoch 015 | step 0640 | total = 5.1242 | box = 0.6998 | obj = 1.5826 | cls = 0.0424 | lr = 0.000214
epoch 015 | step 0660 | total = 4.6524 | box = 0.6151 | obj = 1.5344 | cls = 0.0427 | lr = 0.000214
epoch 015 | step 0680 | total = 4.9375 | box = 0.6672 | obj = 1.5594 | cls = 0.0421 | lr = 0.000214
epoch 015 | step 0700 | total = 4.9919 | box = 0.6817 | obj = 1.5418 | cls = 0.0414 | lr = 0.000214
epoch 015 | step 0720 | total = 4.9348 | box = 0.6713 | obj = 1.5384 | cls = 0.0397 | lr = 0.000214
epoch 015 | step 0740 | total = 4.9607 | box = 0.6669 | obj = 1.5839 | cls = 0.0421 | lr = 0.000214
epoch 015 | step 0760 | total = 5.1652 | box = 0.7175 | obj = 1.5405 | cls = 0.0370 | lr = 0.000214
epoch 015 | step 0780 | total = 5.0721 | box = 0.6891 | obj = 1.5836 | cls = 0.0428 | lr = 0.000214
epoch 015 | step 0800 | total = 4.9107 | box = 0.6546 | obj = 1.5952 | cls = 0.0424 | lr = 0.000214
epoch 015 | step 0820 | total = 4.7812 | box = 0.6422 | obj = 1.5270 | cls = 0.0431 | lr = 0.000214
epoch 015 | step 0840 | total = 4.9992 | box = 0.6810 | obj = 1.5531 | cls = 0.0411 | lr = 0.000214
epoch 015 | step 0860 | total = 5.2063 | box = 0.7212 | obj = 1.5627 | cls = 0.0376 | lr = 0.000214
epoch 015 | step 0880 | total = 5.0788 | box = 0.6989 | obj = 1.5431 | cls = 0.0414 | lr = 0.000214
epoch 015 | step 0900 | total = 4.7265 | box = 0.6276 | obj = 1.5485 | cls = 0.0400 | lr = 0.000214
epoch 015 | step 0920 | total = 4.9119 | box = 0.6691 | obj = 1.5230 | cls = 0.0433 | lr = 0.000214
[epoch 015 train] total = 4.9802 | box = 0.6765 | obj = 1.5563 | cls = 0.0413 | batches = 925 | time = 3432.8s
[epoch 015 val] total = 5.3333 | box = 0.7351 | obj = 1.6154 | cls = 0.0425 | batches = 40 | time = 135.9s
epoch 016 | step 0001 | total = 5.1086 | box = 0.7155 | obj = 1.4958 | cls = 0.0353 | lr = 0.000155
epoch 016 | step 0020 | total = 4.9802 | box = 0.6846 | obj = 1.5174 | cls = 0.0400 | lr = 0.000155
epoch 016 | step 0040 | total = 5.0361 | box = 0.6853 | obj = 1.5698 | cls = 0.0398 | lr = 0.000155
epoch 016 | step 0060 | total = 5.0726 | box = 0.6928 | obj = 1.5670 | cls = 0.0415 | lr = 0.000155
epoch 016 | step 0080 | total = 4.7435 | box = 0.6387 | obj = 1.5066 | cls = 0.0435 | lr = 0.000155
epoch 016 | step 0100 | total = 4.9202 | box = 0.6659 | obj = 1.5528 | cls = 0.0379 | lr = 0.000155
epoch 016 | step 0120 | total = 4.6799 | box = 0.6269 | obj = 1.5060 | cls = 0.0394 | lr = 0.000155
epoch 016 | step 0140 | total = 4.9998 | box = 0.6795 | obj = 1.5606 | cls = 0.0415 | lr = 0.000155
epoch 016 | step 0160 | total = 5.0301 | box = 0.6821 | obj = 1.5782 | cls = 0.0416 | lr = 0.000155
epoch 016 | step 0180 | total = 4.9147 | box = 0.6643 | obj = 1.5503 | cls = 0.0429 | lr = 0.000155
epoch 016 | step 0200 | total = 4.7624 | box = 0.6360 | obj = 1.5363 | cls = 0.0462 | lr = 0.000155
epoch 016 | step 0220 | total = 5.1297 | box = 0.7038 | obj = 1.5708 | cls = 0.0401 | lr = 0.000155
epoch 016 | step 0240 | total = 4.7140 | box = 0.6213 | obj = 1.5631 | cls = 0.0445 | lr = 0.000155
epoch 016 | step 0260 | total = 4.9603 | box = 0.6747 | obj = 1.5464 | cls = 0.0404 | lr = 0.000155
epoch 016 | step 0280 | total = 5.0742 | box = 0.6914 | obj = 1.5764 | cls = 0.0406 | lr = 0.000155
epoch 016 | step 0300 | total = 5.0074 | box = 0.6820 | obj = 1.5570 | cls = 0.0406 | lr = 0.000155
epoch 016 | step 0320 | total = 4.6990 | box = 0.6208 | obj = 1.5546 | cls = 0.0406 | lr = 0.000155
epoch 016 | step 0340 | total = 5.0865 | box = 0.6904 | obj = 1.5935 | cls = 0.0408 | lr = 0.000155
epoch 016 | step 0360 | total = 4.8268 | box = 0.6444 | obj = 1.5645 | cls = 0.0401 | lr = 0.000155
epoch 016 | step 0380 | total = 4.9997 | box = 0.6884 | obj = 1.5176 | cls = 0.0403 | lr = 0.000155
epoch 016 | step 0400 | total = 5.1079 | box = 0.7073 | obj = 1.5327 | cls = 0.0388 | lr = 0.000155
epoch 016 | step 0420 | total = 5.0159 | box = 0.6779 | obj = 1.5869 | cls = 0.0397 | lr = 0.000155
epoch 016 | step 0440 | total = 5.1944 | box = 0.7129 | obj = 1.5910 | cls = 0.0391 | lr = 0.000155
epoch 016 | step 0460 | total = 4.9553 | box = 0.6824 | obj = 1.5036 | cls = 0.0397 | lr = 0.000155
epoch 016 | step 0480 | total = 5.0397 | box = 0.7006 | obj = 1.4963 | cls = 0.0404 | lr = 0.000155
epoch 016 | step 0500 | total = 4.9141 | box = 0.6758 | obj = 1.4940 | cls = 0.0408 | lr = 0.000155
epoch 016 | step 0520 | total = 4.5343 | box = 0.5957 | obj = 1.5137 | cls = 0.0420 | lr = 0.000155
epoch 016 | step 0540 | total = 4.7294 | box = 0.6205 | obj = 1.5829 | cls = 0.0438 | lr = 0.000155
epoch 016 | step 0560 | total = 4.7388 | box = 0.6391 | obj = 1.5039 | cls = 0.0395 | lr = 0.000155
epoch 016 | step 0580 | total = 4.9052 | box = 0.6672 | obj = 1.5270 | cls = 0.0424 | lr = 0.000155
epoch 016 | step 0600 | total = 4.9199 | box = 0.6693 | obj = 1.5320 | cls = 0.0416 | lr = 0.000155
epoch 016 | step 0620 | total = 5.0259 | box = 0.6809 | obj = 1.5788 | cls = 0.0425 | lr = 0.000155
epoch 016 | step 0640 | total = 4.4610 | box = 0.5772 | obj = 1.5300 | cls = 0.0448 | lr = 0.000155
epoch 016 | step 0660 | total = 4.7880 | box = 0.6393 | obj = 1.5494 | cls = 0.0418 | lr = 0.000155
epoch 016 | step 0680 | total = 5.1192 | box = 0.7058 | obj = 1.5514 | cls = 0.0390 | lr = 0.000155
epoch 016 | step 0700 | total = 4.8114 | box = 0.6521 | obj = 1.5072 | cls = 0.0438 | lr = 0.000155
epoch 016 | step 0720 | total = 4.9651 | box = 0.6753 | obj = 1.5477 | cls = 0.0409 | lr = 0.000155
epoch 016 | step 0740 | total = 4.9869 | box = 0.6881 | obj = 1.5070 | cls = 0.0395 | lr = 0.000155
epoch 016 | step 0760 | total = 4.6747 | box = 0.6203 | obj = 1.5309 | cls = 0.0421 | lr = 0.000155
epoch 016 | step 0780 | total = 4.9495 | box = 0.6783 | obj = 1.5178 | cls = 0.0403 | lr = 0.000155
epoch 016 | step 0800 | total = 5.2003 | box = 0.7237 | obj = 1.5418 | cls = 0.0399 | lr = 0.000155
epoch 016 | step 0820 | total = 4.9157 | box = 0.6653 | obj = 1.5490 | cls = 0.0403 | lr = 0.000155
epoch 016 | step 0840 | total = 4.5879 | box = 0.6073 | obj = 1.5089 | cls = 0.0427 | lr = 0.000155
epoch 016 | step 0860 | total = 5.0080 | box = 0.6759 | obj = 1.5878 | cls = 0.0408 | lr = 0.000155
epoch 016 | step 0880 | total = 4.8240 | box = 0.6473 | obj = 1.5467 | cls = 0.0411 | lr = 0.000155
epoch 016 | step 0900 | total = 4.7424 | box = 0.6404 | obj = 1.4988 | cls = 0.0418 | lr = 0.000155
epoch 016 | step 0920 | total = 4.9395 | box = 0.6721 | obj = 1.5371 | cls = 0.0417 | lr = 0.000155
[epoch 016 train] total = 4.8997 | box = 0.6639 | obj = 1.5393 | cls = 0.0409 | batches = 925 | time = 3442.7s
[epoch 016 val] total = 5.3026 | box = 0.7296 | obj = 1.6120 | cls = 0.0424 | batches = 40 | time = 139.7s
epoch 017 | step 0001 | total = 4.8242 | box = 0.6554 | obj = 1.5080 | cls = 0.0390 | lr = 0.000105
epoch 017 | step 0020 | total = 4.6165 | box = 0.6217 | obj = 1.4668 | cls = 0.0413 | lr = 0.000105
epoch 017 | step 0040 | total = 4.7578 | box = 0.6473 | obj = 1.4826 | cls = 0.0387 | lr = 0.000105
epoch 017 | step 0060 | total = 5.0293 | box = 0.6913 | obj = 1.5341 | cls = 0.0389 | lr = 0.000105
epoch 017 | step 0080 | total = 4.8136 | box = 0.6524 | obj = 1.5102 | cls = 0.0415 | lr = 0.000105
epoch 017 | step 0100 | total = 4.8120 | box = 0.6547 | obj = 1.4981 | cls = 0.0404 | lr = 0.000105
epoch 017 | step 0120 | total = 4.8709 | box = 0.6718 | obj = 1.4719 | cls = 0.0398 | lr = 0.000105
epoch 017 | step 0140 | total = 5.0068 | box = 0.6758 | obj = 1.5873 | cls = 0.0404 | lr = 0.000105
epoch 017 | step 0160 | total = 4.7813 | box = 0.6496 | obj = 1.4933 | cls = 0.0402 | lr = 0.000105
epoch 017 | step 0180 | total = 4.7192 | box = 0.6238 | obj = 1.5559 | cls = 0.0444 | lr = 0.000105
epoch 017 | step 0200 | total = 4.8501 | box = 0.6591 | obj = 1.5153 | cls = 0.0392 | lr = 0.000105
epoch 017 | step 0220 | total = 4.6353 | box = 0.6045 | obj = 1.5704 | cls = 0.0425 | lr = 0.000105
epoch 017 | step 0240 | total = 4.8730 | box = 0.6638 | obj = 1.5147 | cls = 0.0391 | lr = 0.000105
epoch 017 | step 0260 | total = 4.8910 | box = 0.6442 | obj = 1.6247 | cls = 0.0455 | lr = 0.000105
epoch 017 | step 0280 | total = 4.8804 | box = 0.6542 | obj = 1.5669 | cls = 0.0427 | lr = 0.000105
epoch 017 | step 0300 | total = 4.7600 | box = 0.6360 | obj = 1.5378 | cls = 0.0424 | lr = 0.000105
epoch 017 | step 0320 | total = 4.7513 | box = 0.6406 | obj = 1.5085 | cls = 0.0399 | lr = 0.000105
epoch 017 | step 0340 | total = 4.7160 | box = 0.6242 | obj = 1.5563 | cls = 0.0389 | lr = 0.000105
epoch 017 | step 0360 | total = 5.0640 | box = 0.7009 | obj = 1.5175 | cls = 0.0421 | lr = 0.000105
epoch 017 | step 0380 | total = 4.5633 | box = 0.6059 | obj = 1.4952 | cls = 0.0384 | lr = 0.000105
epoch 017 | step 0400 | total = 4.8138 | box = 0.6463 | obj = 1.5396 | cls = 0.0428 | lr = 0.000105
epoch 017 | step 0420 | total = 4.7654 | box = 0.6428 | obj = 1.5098 | cls = 0.0414 | lr = 0.000105
epoch 017 | step 0440 | total = 4.9170 | box = 0.6640 | obj = 1.5573 | cls = 0.0398 | lr = 0.000105
epoch 017 | step 0460 | total = 4.7817 | box = 0.6551 | obj = 1.4643 | cls = 0.0419 | lr = 0.000105
epoch 017 | step 0480 | total = 4.8462 | box = 0.6463 | obj = 1.5714 | cls = 0.0432 | lr = 0.000105
epoch 017 | step 0500 | total = 4.6933 | box = 0.6218 | obj = 1.5429 | cls = 0.0415 | lr = 0.000105
epoch 017 | step 0520 | total = 5.0658 | box = 0.6933 | obj = 1.5582 | cls = 0.0411 | lr = 0.000105
epoch 017 | step 0540 | total = 4.4908 | box = 0.5783 | obj = 1.5572 | cls = 0.0422 | lr = 0.000105
epoch 017 | step 0560 | total = 4.7707 | box = 0.6402 | obj = 1.5287 | cls = 0.0412 | lr = 0.000105
epoch 017 | step 0580 | total = 4.3062 | box = 0.5529 | obj = 1.5001 | cls = 0.0413 | lr = 0.000105
epoch 017 | step 0600 | total = 4.9986 | box = 0.6778 | obj = 1.5684 | cls = 0.0412 | lr = 0.000105
epoch 017 | step 0620 | total = 4.7504 | box = 0.6517 | obj = 1.4538 | cls = 0.0381 | lr = 0.000105
epoch 017 | step 0640 | total = 5.0224 | box = 0.6843 | obj = 1.5598 | cls = 0.0411 | lr = 0.000105
epoch 017 | step 0660 | total = 4.9220 | box = 0.6633 | obj = 1.5626 | cls = 0.0432 | lr = 0.000105
epoch 017 | step 0680 | total = 4.6393 | box = 0.6223 | obj = 1.4896 | cls = 0.0383 | lr = 0.000105
epoch 017 | step 0700 | total = 4.6006 | box = 0.6060 | obj = 1.5290 | cls = 0.0416 | lr = 0.000105
epoch 017 | step 0720 | total = 4.6714 | box = 0.6293 | obj = 1.4864 | cls = 0.0385 | lr = 0.000105
epoch 017 | step 0740 | total = 4.9161 | box = 0.6755 | obj = 1.5007 | cls = 0.0377 | lr = 0.000105
epoch 017 | step 0760 | total = 5.0756 | box = 0.6988 | obj = 1.5417 | cls = 0.0398 | lr = 0.000105
epoch 017 | step 0780 | total = 4.8366 | box = 0.6499 | obj = 1.5428 | cls = 0.0442 | lr = 0.000105
epoch 017 | step 0800 | total = 4.9805 | box = 0.6895 | obj = 1.4938 | cls = 0.0391 | lr = 0.000105
epoch 017 | step 0820 | total = 4.6337 | box = 0.6171 | obj = 1.5089 | cls = 0.0395 | lr = 0.000105
epoch 017 | step 0840 | total = 4.8487 | box = 0.6496 | obj = 1.5613 | cls = 0.0396 | lr = 0.000105
epoch 017 | step 0860 | total = 4.8589 | box = 0.6614 | obj = 1.5094 | cls = 0.0426 | lr = 0.000105
epoch 017 | step 0880 | total = 4.7016 | box = 0.6311 | obj = 1.5063 | cls = 0.0397 | lr = 0.000105
epoch 017 | step 0900 | total = 4.6911 | box = 0.6215 | obj = 1.5435 | cls = 0.0399 | lr = 0.000105
epoch 017 | step 0920 | total = 5.0266 | box = 0.6973 | obj = 1.5011 | cls = 0.0389 | lr = 0.000105
[epoch 017 train] total = 4.8300 | box = 0.6529 | obj = 1.5248 | cls = 0.0406 | batches = 925 | time = 3444.7s
[epoch 017 val] total = 5.2886 | box = 0.7281 | obj = 1.6062 | cls = 0.0421 | batches = 40 | time = 135.1s
epoch 018 | step 0001 | total = 4.8062 | box = 0.6554 | obj = 1.4928 | cls = 0.0363 | lr = 0.000064
epoch 018 | step 0020 | total = 4.8746 | box = 0.6616 | obj = 1.5283 | cls = 0.0384 | lr = 0.000064
epoch 018 | step 0040 | total = 4.8208 | box = 0.6523 | obj = 1.5197 | cls = 0.0395 | lr = 0.000064
epoch 018 | step 0060 | total = 4.6635 | box = 0.6232 | obj = 1.5052 | cls = 0.0422 | lr = 0.000064
epoch 018 | step 0080 | total = 4.5277 | box = 0.5980 | obj = 1.4946 | cls = 0.0431 | lr = 0.000064
epoch 018 | step 0100 | total = 4.7387 | box = 0.6370 | obj = 1.5121 | cls = 0.0417 | lr = 0.000064
epoch 018 | step 0120 | total = 4.7427 | box = 0.6377 | obj = 1.5148 | cls = 0.0394 | lr = 0.000064
epoch 018 | step 0140 | total = 4.4968 | box = 0.5956 | obj = 1.4744 | cls = 0.0444 | lr = 0.000064
epoch 018 | step 0160 | total = 4.7477 | box = 0.6369 | obj = 1.5233 | cls = 0.0397 | lr = 0.000064
epoch 018 | step 0180 | total = 4.8877 | box = 0.6617 | obj = 1.5393 | cls = 0.0399 | lr = 0.000064
epoch 018 | step 0200 | total = 4.7131 | box = 0.6272 | obj = 1.5331 | cls = 0.0441 | lr = 0.000064
epoch 018 | step 0220 | total = 4.5235 | box = 0.5995 | obj = 1.4852 | cls = 0.0411 | lr = 0.000064
epoch 018 | step 0240 | total = 4.9680 | box = 0.6893 | obj = 1.4819 | cls = 0.0396 | lr = 0.000064
epoch 018 | step 0260 | total = 4.8875 | box = 0.6728 | obj = 1.4824 | cls = 0.0414 | lr = 0.000064
epoch 018 | step 0280 | total = 4.7212 | box = 0.6414 | obj = 1.4735 | cls = 0.0407 | lr = 0.000064
epoch 018 | step 0300 | total = 4.6797 | box = 0.6207 | obj = 1.5342 | cls = 0.0419 | lr = 0.000064
epoch 018 | step 0320 | total = 5.0146 | box = 0.6936 | obj = 1.5041 | cls = 0.0425 | lr = 0.000064
epoch 018 | step 0340 | total = 4.9875 | box = 0.6895 | obj = 1.5008 | cls = 0.0390 | lr = 0.000064
epoch 018 | step 0360 | total = 4.6817 | box = 0.6208 | obj = 1.5367 | cls = 0.0408 | lr = 0.000064
epoch 018 | step 0380 | total = 4.7673 | box = 0.6418 | obj = 1.5158 | cls = 0.0425 | lr = 0.000064
epoch 018 | step 0400 | total = 4.7483 | box = 0.6409 | obj = 1.5062 | cls = 0.0376 | lr = 0.000064
epoch 018 | step 0420 | total = 4.7144 | box = 0.6339 | obj = 1.5011 | cls = 0.0439 | lr = 0.000064
epoch 018 | step 0440 | total = 4.8583 | box = 0.6545 | obj = 1.5461 | cls = 0.0397 | lr = 0.000064
epoch 018 | step 0460 | total = 4.6752 | box = 0.6245 | obj = 1.5111 | cls = 0.0418 | lr = 0.000064
epoch 018 | step 0480 | total = 4.6099 | box = 0.6008 | obj = 1.5630 | cls = 0.0431 | lr = 0.000064
epoch 018 | step 0500 | total = 4.6394 | box = 0.6176 | obj = 1.5100 | cls = 0.0417 | lr = 0.000064
epoch 018 | step 0520 | total = 4.6233 | box = 0.6139 | obj = 1.5114 | cls = 0.0421 | lr = 0.000064
epoch 018 | step 0540 | total = 4.6395 | box = 0.6232 | obj = 1.4810 | cls = 0.0425 | lr = 0.000064
epoch 018 | step 0560 | total = 4.7833 | box = 0.6417 | obj = 1.5341 | cls = 0.0405 | lr = 0.000064
epoch 018 | step 0580 | total = 4.9109 | box = 0.6763 | obj = 1.4912 | cls = 0.0381 | lr = 0.000064
epoch 018 | step 0600 | total = 4.4343 | box = 0.5766 | obj = 1.5117 | cls = 0.0396 | lr = 0.000064
epoch 018 | step 0620 | total = 4.7870 | box = 0.6482 | obj = 1.5072 | cls = 0.0391 | lr = 0.000064
epoch 018 | step 0640 | total = 4.7658 | box = 0.6296 | obj = 1.5735 | cls = 0.0441 | lr = 0.000064
epoch 018 | step 0660 | total = 4.9806 | box = 0.6822 | obj = 1.5316 | cls = 0.0382 | lr = 0.000064
epoch 018 | step 0680 | total = 4.8070 | box = 0.6527 | obj = 1.5023 | cls = 0.0410 | lr = 0.000064
epoch 018 | step 0700 | total = 4.8725 | box = 0.6683 | obj = 1.4920 | cls = 0.0388 | lr = 0.000064
epoch 018 | step 0720 | total = 4.7993 | box = 0.6438 | obj = 1.5386 | cls = 0.0417 | lr = 0.000064
epoch 018 | step 0740 | total = 4.8838 | box = 0.6710 | obj = 1.4887 | cls = 0.0403 | lr = 0.000064
epoch 018 | step 0760 | total = 4.8364 | box = 0.6477 | obj = 1.5567 | cls = 0.0414 | lr = 0.000064
epoch 018 | step 0780 | total = 4.7932 | box = 0.6534 | obj = 1.4844 | cls = 0.0418 | lr = 0.000064
epoch 018 | step 0800 | total = 4.9326 | box = 0.6689 | obj = 1.5470 | cls = 0.0409 | lr = 0.000064
epoch 018 | step 0820 | total = 5.0909 | box = 0.6941 | obj = 1.5801 | cls = 0.0402 | lr = 0.000064
epoch 018 | step 0840 | total = 4.8321 | box = 0.6528 | obj = 1.5287 | cls = 0.0391 | lr = 0.000064
epoch 018 | step 0860 | total = 4.6987 | box = 0.6321 | obj = 1.4974 | cls = 0.0407 | lr = 0.000064
epoch 018 | step 0880 | total = 4.9201 | box = 0.6691 | obj = 1.5353 | cls = 0.0395 | lr = 0.000064
epoch 018 | step 0900 | total = 4.6147 | box = 0.6283 | obj = 1.4332 | cls = 0.0399 | lr = 0.000064
epoch 018 | step 0920 | total = 4.4350 | box = 0.5773 | obj = 1.5044 | cls = 0.0438 | lr = 0.000064
[epoch 018 train] total = 4.7718 | box = 0.6437 | obj = 1.5129 | cls = 0.0403 | batches = 925 | time = 3512.9s
[epoch 018 val] total = 5.2746 | box = 0.7253 | obj = 1.6061 | cls = 0.0422 | batches = 40 | time = 139.6s
epoch 019 | step 0001 | total = 4.7761 | box = 0.6446 | obj = 1.5118 | cls = 0.0414 | lr = 0.000034
epoch 019 | step 0020 | total = 4.7951 | box = 0.6552 | obj = 1.4822 | cls = 0.0370 | lr = 0.000034
epoch 019 | step 0040 | total = 4.4585 | box = 0.5839 | obj = 1.4994 | cls = 0.0398 | lr = 0.000034
epoch 019 | step 0060 | total = 4.5773 | box = 0.5964 | obj = 1.5537 | cls = 0.0415 | lr = 0.000034
epoch 019 | step 0080 | total = 4.5753 | box = 0.6018 | obj = 1.5217 | cls = 0.0443 | lr = 0.000034
epoch 019 | step 0100 | total = 4.7289 | box = 0.6261 | obj = 1.5526 | cls = 0.0459 | lr = 0.000034
epoch 019 | step 0120 | total = 4.6416 | box = 0.6259 | obj = 1.4714 | cls = 0.0406 | lr = 0.000034
epoch 019 | step 0140 | total = 4.7365 | box = 0.6321 | obj = 1.5362 | cls = 0.0398 | lr = 0.000034
epoch 019 | step 0160 | total = 4.6821 | box = 0.6199 | obj = 1.5403 | cls = 0.0422 | lr = 0.000034
epoch 019 | step 0180 | total = 4.8288 | box = 0.6656 | obj = 1.4601 | cls = 0.0407 | lr = 0.000034
epoch 019 | step 0200 | total = 5.0669 | box = 0.7000 | obj = 1.5284 | cls = 0.0384 | lr = 0.000034
epoch 019 | step 0220 | total = 4.6229 | box = 0.6123 | obj = 1.5211 | cls = 0.0404 | lr = 0.000034
epoch 019 | step 0240 | total = 4.7900 | box = 0.6535 | obj = 1.4839 | cls = 0.0387 | lr = 0.000034
epoch 019 | step 0260 | total = 4.8109 | box = 0.6489 | obj = 1.5280 | cls = 0.0386 | lr = 0.000034
epoch 019 | step 0280 | total = 4.7458 | box = 0.6404 | obj = 1.5022 | cls = 0.0415 | lr = 0.000034
epoch 019 | step 0300 | total = 4.7322 | box = 0.6446 | obj = 1.4692 | cls = 0.0398 | lr = 0.000034
epoch 019 | step 0320 | total = 4.6600 | box = 0.6223 | obj = 1.5088 | cls = 0.0395 | lr = 0.000034
epoch 019 | step 0340 | total = 4.6153 | box = 0.6157 | obj = 1.4961 | cls = 0.0406 | lr = 0.000034
epoch 019 | step 0360 | total = 4.7512 | box = 0.6377 | obj = 1.5228 | cls = 0.0398 | lr = 0.000034
epoch 019 | step 0380 | total = 4.6753 | box = 0.6180 | obj = 1.5434 | cls = 0.0419 | lr = 0.000034
epoch 019 | step 0400 | total = 4.4461 | box = 0.5744 | obj = 1.5350 | cls = 0.0390 | lr = 0.000034
epoch 019 | step 0420 | total = 4.8916 | box = 0.6671 | obj = 1.5168 | cls = 0.0392 | lr = 0.000034
epoch 019 | step 0440 | total = 4.8375 | box = 0.6621 | obj = 1.4899 | cls = 0.0372 | lr = 0.000034
epoch 019 | step 0460 | total = 4.8860 | box = 0.6660 | obj = 1.5186 | cls = 0.0373 | lr = 0.000034
epoch 019 | step 0480 | total = 4.6903 | box = 0.6326 | obj = 1.4846 | cls = 0.0429 | lr = 0.000034
epoch 019 | step 0500 | total = 4.6368 | box = 0.6230 | obj = 1.4812 | cls = 0.0405 | lr = 0.000034
epoch 019 | step 0520 | total = 4.8280 | box = 0.6541 | obj = 1.5183 | cls = 0.0390 | lr = 0.000034
epoch 019 | step 0540 | total = 4.7344 | box = 0.6360 | obj = 1.5145 | cls = 0.0398 | lr = 0.000034
epoch 019 | step 0560 | total = 4.9095 | box = 0.6690 | obj = 1.5265 | cls = 0.0381 | lr = 0.000034
epoch 019 | step 0580 | total = 4.6890 | box = 0.6287 | obj = 1.5073 | cls = 0.0383 | lr = 0.000034
epoch 019 | step 0600 | total = 4.5050 | box = 0.5963 | obj = 1.4849 | cls = 0.0388 | lr = 0.000034
epoch 019 | step 0620 | total = 4.9689 | box = 0.6821 | obj = 1.5188 | cls = 0.0396 | lr = 0.000034
epoch 019 | step 0640 | total = 4.2197 | box = 0.5395 | obj = 1.4800 | cls = 0.0424 | lr = 0.000034
epoch 019 | step 0660 | total = 4.9036 | box = 0.6730 | obj = 1.4993 | cls = 0.0392 | lr = 0.000034
epoch 019 | step 0680 | total = 4.6686 | box = 0.6229 | obj = 1.5134 | cls = 0.0405 | lr = 0.000034
epoch 019 | step 0700 | total = 4.6659 | box = 0.6324 | obj = 1.4650 | cls = 0.0388 | lr = 0.000034
epoch 019 | step 0720 | total = 4.5702 | box = 0.5993 | obj = 1.5294 | cls = 0.0442 | lr = 0.000034
epoch 019 | step 0740 | total = 4.4319 | box = 0.5921 | obj = 1.4304 | cls = 0.0409 | lr = 0.000034
epoch 019 | step 0760 | total = 4.6125 | box = 0.6212 | obj = 1.4655 | cls = 0.0410 | lr = 0.000034
epoch 019 | step 0780 | total = 4.5579 | box = 0.6015 | obj = 1.5112 | cls = 0.0393 | lr = 0.000034
epoch 019 | step 0800 | total = 4.6348 | box = 0.6191 | obj = 1.4996 | cls = 0.0397 | lr = 0.000034
epoch 019 | step 0820 | total = 4.7528 | box = 0.6468 | obj = 1.4809 | cls = 0.0380 | lr = 0.000034
epoch 019 | step 0840 | total = 4.8363 | box = 0.6583 | obj = 1.5059 | cls = 0.0388 | lr = 0.000034
epoch 019 | step 0860 | total = 4.7030 | box = 0.6304 | obj = 1.5090 | cls = 0.0418 | lr = 0.000034
epoch 019 | step 0880 | total = 4.8286 | box = 0.6568 | obj = 1.5073 | cls = 0.0371 | lr = 0.000034
epoch 019 | step 0900 | total = 5.2168 | box = 0.7251 | obj = 1.5531 | cls = 0.0383 | lr = 0.000034
epoch 019 | step 0920 | total = 4.8429 | box = 0.6591 | obj = 1.5029 | cls = 0.0444 | lr = 0.000034
[epoch 019 train] total = 4.7341 | box = 0.6376 | obj = 1.5059 | cls = 0.0402 | batches = 925 | time = 3478.5s
[epoch 019 val] total = 5.2702 | box = 0.7245 | obj = 1.6059 | cls = 0.0420 | batches = 40 | time = 136.6s
epoch 020 | step 0001 | total = 4.7761 | box = 0.6431 | obj = 1.5214 | cls = 0.0391 | lr = 0.000016
epoch 020 | step 0020 | total = 4.4287 | box = 0.5764 | obj = 1.5052 | cls = 0.0414 | lr = 0.000016
epoch 020 | step 0040 | total = 4.5723 | box = 0.6101 | obj = 1.4830 | cls = 0.0388 | lr = 0.000016
epoch 020 | step 0060 | total = 4.7415 | box = 0.6364 | obj = 1.5124 | cls = 0.0469 | lr = 0.000016
epoch 020 | step 0080 | total = 4.7927 | box = 0.6384 | obj = 1.5602 | cls = 0.0403 | lr = 0.000016
epoch 020 | step 0100 | total = 4.4958 | box = 0.5934 | obj = 1.4873 | cls = 0.0417 | lr = 0.000016
epoch 020 | step 0120 | total = 4.6006 | box = 0.6189 | obj = 1.4664 | cls = 0.0397 | lr = 0.000016
epoch 020 | step 0140 | total = 4.4426 | box = 0.5838 | obj = 1.4819 | cls = 0.0419 | lr = 0.000016
epoch 020 | step 0160 | total = 4.9654 | box = 0.6826 | obj = 1.5123 | cls = 0.0403 | lr = 0.000016
epoch 020 | step 0180 | total = 4.9575 | box = 0.6789 | obj = 1.5209 | cls = 0.0419 | lr = 0.000016
epoch 020 | step 0200 | total = 4.6866 | box = 0.6260 | obj = 1.5169 | cls = 0.0397 | lr = 0.000016
epoch 020 | step 0220 | total = 4.8381 | box = 0.6546 | obj = 1.5262 | cls = 0.0391 | lr = 0.000016
epoch 020 | step 0240 | total = 4.6538 | box = 0.6296 | obj = 1.4666 | cls = 0.0394 | lr = 0.000016
epoch 020 | step 0260 | total = 4.6837 | box = 0.6287 | obj = 1.5009 | cls = 0.0394 | lr = 0.000016
epoch 020 | step 0280 | total = 4.6671 | box = 0.6220 | obj = 1.5174 | cls = 0.0400 | lr = 0.000016
epoch 020 | step 0300 | total = 4.5838 | box = 0.6187 | obj = 1.4512 | cls = 0.0391 | lr = 0.000016
epoch 020 | step 0320 | total = 4.7010 | box = 0.6269 | obj = 1.5258 | cls = 0.0408 | lr = 0.000016
epoch 020 | step 0340 | total = 4.7333 | box = 0.6395 | obj = 1.4966 | cls = 0.0392 | lr = 0.000016
epoch 020 | step 0360 | total = 4.5407 | box = 0.6060 | obj = 1.4703 | cls = 0.0402 | lr = 0.000016
epoch 020 | step 0380 | total = 4.6689 | box = 0.6270 | obj = 1.4950 | cls = 0.0388 | lr = 0.000016
epoch 020 | step 0400 | total = 4.7373 | box = 0.6401 | obj = 1.4942 | cls = 0.0428 | lr = 0.000016
epoch 020 | step 0420 | total = 4.7785 | box = 0.6396 | obj = 1.5401 | cls = 0.0405 | lr = 0.000016
epoch 020 | step 0440 | total = 4.4149 | box = 0.5758 | obj = 1.4906 | cls = 0.0454 | lr = 0.000016
epoch 020 | step 0460 | total = 4.5459 | box = 0.5965 | obj = 1.5231 | cls = 0.0404 | lr = 0.000016
epoch 020 | step 0480 | total = 4.6739 | box = 0.6281 | obj = 1.4915 | cls = 0.0420 | lr = 0.000016
epoch 020 | step 0500 | total = 4.6487 | box = 0.6250 | obj = 1.4835 | cls = 0.0404 | lr = 0.000016
epoch 020 | step 0520 | total = 4.7349 | box = 0.6408 | obj = 1.4925 | cls = 0.0384 | lr = 0.000016
epoch 020 | step 0540 | total = 4.9638 | box = 0.6830 | obj = 1.5109 | cls = 0.0379 | lr = 0.000016
epoch 020 | step 0560 | total = 4.7847 | box = 0.6405 | obj = 1.5421 | cls = 0.0402 | lr = 0.000016
epoch 020 | step 0580 | total = 4.6541 | box = 0.6326 | obj = 1.4512 | cls = 0.0399 | lr = 0.000016
epoch 020 | step 0600 | total = 4.6855 | box = 0.6273 | obj = 1.5078 | cls = 0.0411 | lr = 0.000016
epoch 020 | step 0620 | total = 5.1226 | box = 0.7063 | obj = 1.5506 | cls = 0.0402 | lr = 0.000016
epoch 020 | step 0640 | total = 5.0299 | box = 0.6916 | obj = 1.5304 | cls = 0.0415 | lr = 0.000016
epoch 020 | step 0660 | total = 4.4234 | box = 0.5893 | obj = 1.4343 | cls = 0.0426 | lr = 0.000016
epoch 020 | step 0680 | total = 4.6871 | box = 0.6337 | obj = 1.4795 | cls = 0.0389 | lr = 0.000016
epoch 020 | step 0700 | total = 4.8556 | box = 0.6612 | obj = 1.5114 | cls = 0.0384 | lr = 0.000016
epoch 020 | step 0720 | total = 4.5478 | box = 0.5985 | obj = 1.5119 | cls = 0.0436 | lr = 0.000016
epoch 020 | step 0740 | total = 4.3895 | box = 0.5765 | obj = 1.4666 | cls = 0.0403 | lr = 0.000016
epoch 020 | step 0760 | total = 4.7013 | box = 0.6336 | obj = 1.4950 | cls = 0.0383 | lr = 0.000016
epoch 020 | step 0780 | total = 4.7153 | box = 0.6303 | obj = 1.5233 | cls = 0.0404 | lr = 0.000016
epoch 020 | step 0800 | total = 4.6542 | box = 0.6177 | obj = 1.5249 | cls = 0.0409 | lr = 0.000016
epoch 020 | step 0820 | total = 4.5869 | box = 0.6117 | obj = 1.4897 | cls = 0.0389 | lr = 0.000016
epoch 020 | step 0840 | total = 4.2679 | box = 0.5483 | obj = 1.4856 | cls = 0.0409 | lr = 0.000016
epoch 020 | step 0860 | total = 4.6418 | box = 0.6241 | obj = 1.4793 | cls = 0.0420 | lr = 0.000016
epoch 020 | step 0880 | total = 4.7616 | box = 0.6490 | obj = 1.4749 | cls = 0.0417 | lr = 0.000016
epoch 020 | step 0900 | total = 4.7926 | box = 0.6527 | obj = 1.4885 | cls = 0.0407 | lr = 0.000016
epoch 020 | step 0920 | total = 4.9242 | box = 0.6635 | obj = 1.5647 | cls = 0.0421 | lr = 0.000016
[epoch 020 train] total = 4.7076 | box = 0.6334 | obj = 1.5003 | cls = 0.0401 | batches = 925 | time = 3499.0s
[epoch 020 val] total = 5.2626 | box = 0.7233 | obj = 1.6041 | cls = 0.0421 | batches = 40 | time = 139.0s
training status: completed
result summary: logs/records/dual_scale_three_box_coco_only_noobj1_20260428_180817/result.txt
