This is LuaHBTeX, Version 1.17.0 (TeX Live 2023/Debian)  (format=lualatex 2026.4.8)  13 MAY 2026 15:06
 restricted system commands enabled.
**checkpoint8_export_report.tex
(./checkpoint8_export_report.tex
LaTeX2e <2023-11-01> patch level 1
L3 programming layer <2024-01-22>
[\directlua]:1: module 'luaotfload-main' not found:
	no field package.preload['luaotfload-main']
	[kpse lua searcher] file not found: 'luaotfload-main'
Error in luaotfload: reverting to OT1
Inserting `tracingstacklevels' in `input_level_string'.
(/usr/share/texlive/texmf-dist/tex/latex/base/article.cls
Document Class: article 2023/05/17 v1.4n Standard LaTeX document class
(/usr/share/texlive/texmf-dist/tex/latex/base/size11.clo
File: size11.clo 2023/05/17 v1.4n Standard LaTeX file (size option)
LaTeX Font Info:    Trying to load font information for OT1+lmr on input line 5
4.

(/usr/share/texmf/tex/latex/lm/ot1lmr.fd
File: ot1lmr.fd 2015/05/01 v1.6.1 Font defs for Latin Modern
))
\c@part=\count185
\c@section=\count186
\c@subsection=\count187
\c@subsubsection=\count188
\c@paragraph=\count189
\c@subparagraph=\count190
\c@figure=\count191
\c@table=\count192
\abovecaptionskip=\skip48
\belowcaptionskip=\skip49
\bibindent=\dimen139
)
(/usr/share/texlive/texmf-dist/tex/latex/geometry/geometry.sty
Package: geometry 2020/01/02 v5.9 Page Geometry

(/usr/share/texlive/texmf-dist/tex/latex/graphics/keyval.sty
Package: keyval 2022/05/29 v1.15 key=value parser (DPC)
\KV@toks@=\toks17
)
(/usr/share/texlive/texmf-dist/tex/generic/iftex/ifvtex.sty
Package: ifvtex 2019/10/25 v1.7 ifvtex legacy package. Use iftex instead.

(/usr/share/texlive/texmf-dist/tex/generic/iftex/iftex.sty
Package: iftex 2022/02/03 v1.0f TeX engine tests
))
\Gm@cnth=\count193
\Gm@cntv=\count194
\c@Gm@tempcnt=\count195
\Gm@bindingoffset=\dimen140
\Gm@wd@mp=\dimen141
\Gm@odd@mp=\dimen142
\Gm@even@mp=\dimen143
\Gm@layoutwidth=\dimen144
\Gm@layoutheight=\dimen145
\Gm@layouthoffset=\dimen146
\Gm@layoutvoffset=\dimen147
\Gm@dimlist=\toks18
)
(/usr/share/texlive/texmf-dist/tex/latex/fontspec/fontspec.sty
(/usr/share/texlive/texmf-dist/tex/latex/l3packages/xparse/xparse.sty
(/usr/share/texlive/texmf-dist/tex/latex/l3kernel/expl3.sty
Package: expl3 2024-01-22 L3 programming layer (loader) 

(/usr/share/texlive/texmf-dist/tex/latex/l3backend/l3backend-luatex.def
File: l3backend-luatex.def 2024-01-04 L3 backend support: PDF output (LuaTeX)
\l__color_backend_stack_int=\count196
\l__pdf_internal_box=\box51
))
Package: xparse 2023-10-10 L3 Experimental document command parser
)
Package: fontspec 2022/01/15 v2.8a Font selection for XeLaTeX and LuaLaTeX
Lua module: fontspec 2022/01/15 2.8a Font selection for XeLaTeX and LuaLaTeX
(/usr/share/texlive/texmf-dist/tex/latex/fontspec/fontspec-luatex.sty
Package: fontspec-luatex 2022/01/15 v2.8a Font selection for XeLaTeX and LuaLaT
eX
\l__fontspec_script_int=\count197
\l__fontspec_language_int=\count198
\l__fontspec_strnum_int=\count199
\l__fontspec_tmp_int=\count266
\l__fontspec_tmpa_int=\count267
\l__fontspec_tmpb_int=\count268
\l__fontspec_tmpc_int=\count269
\l__fontspec_em_int=\count270
\l__fontspec_emdef_int=\count271
\l__fontspec_strong_int=\count272
\l__fontspec_strongdef_int=\count273
\l__fontspec_tmpa_dim=\dimen148
\l__fontspec_tmpb_dim=\dimen149
\l__fontspec_tmpc_dim=\dimen150

(/usr/share/texlive/texmf-dist/tex/latex/base/fontenc.sty
Package: fontenc 2021/04/29 v2.0v Standard LaTeX package

! Font \TU/lmr/m/n/10.95=[lmroman10-regular]:+tlig; at 10.95pt not loadable: met
ric data not found or bad.
<to be read again> 
relax 
l.112 ...lt\familydefault\seriesdefault\shapedefault
                                                  
I wasn't able to read the size data for this font,
so I will ignore the font specification.
[Wizards can fix TFM files using TFtoPL/PLtoTF.]
You might try inserting a different font spec;
e.g., type `I\font<same font id>=<substitute font name>'.

) (/usr/share/texlive/texmf-dist/tex/latex/fontspec/fontspec.cfg)
! Font \TU/lmr/bx/n/10.95=[lmroman10-bold]:+tlig; at 10.95pt not loadable: metri
c data not found or bad.
<to be read again> 
relax 
l.3901 \strongfontdeclare{ \bfseries }
                                    
I wasn't able to read the size data for this font,
so I will ignore the font specification.
[Wizards can fix TFM files using TFtoPL/PLtoTF.]
You might try inserting a different font spec;
e.g., type `I\font<same font id>=<substitute font name>'.

)) (/usr/share/texlive/texmf-dist/tex/latex/graphics/graphicx.sty
Package: graphicx 2021/09/16 v1.2d Enhanced LaTeX Graphics (DPC,SPQR)

(/usr/share/texlive/texmf-dist/tex/latex/graphics/graphics.sty
Package: graphics 2022/03/10 v1.4e Standard LaTeX Graphics (DPC,SPQR)

(/usr/share/texlive/texmf-dist/tex/latex/graphics/trig.sty
Package: trig 2021/08/11 v1.11 sin cos tan (DPC)
)
(/usr/share/texlive/texmf-dist/tex/latex/graphics-cfg/graphics.cfg
File: graphics.cfg 2016/06/04 v1.11 sample graphics configuration
)
Package graphics Info: Driver file: luatex.def on input line 107.

(/usr/share/texlive/texmf-dist/tex/latex/graphics-def/luatex.def
File: luatex.def 2022/09/22 v1.2d Graphics/color driver for luatex
))
\Gin@req@height=\dimen151
\Gin@req@width=\dimen152
)
(/usr/share/texlive/texmf-dist/tex/latex/booktabs/booktabs.sty
Package: booktabs 2020/01/12 v1.61803398 Publication quality tables
\heavyrulewidth=\dimen153
\lightrulewidth=\dimen154
\cmidrulewidth=\dimen155
\belowrulesep=\dimen156
\belowbottomsep=\dimen157
\aboverulesep=\dimen158
\abovetopsep=\dimen159
\cmidrulesep=\dimen160
\cmidrulekern=\dimen161
\defaultaddspace=\dimen162
\@cmidla=\count274
\@cmidlb=\count275
\@aboverulesep=\dimen163
\@belowrulesep=\dimen164
\@thisruleclass=\count276
\@lastruleclass=\count277
\@thisrulewidth=\dimen165
)
(/usr/share/texlive/texmf-dist/tex/latex/float/float.sty
Package: float 2001/11/08 v1.3d Float enhancements (AL)
\c@float@type=\count278
\float@exts=\toks19
\float@box=\box52
\@float@everytoks=\toks20
\@floatcapt=\box53
)
(/usr/share/texlive/texmf-dist/tex/latex/hyperref/hyperref.sty
Package: hyperref 2024-01-20 v7.01h Hypertext links for LaTeX

(/usr/share/texlive/texmf-dist/tex/latex/kvsetkeys/kvsetkeys.sty
Package: kvsetkeys 2022-10-05 v1.19 Key value parser (HO)
)
(/usr/share/texlive/texmf-dist/tex/generic/kvdefinekeys/kvdefinekeys.sty
Package: kvdefinekeys 2019-12-19 v1.6 Define keys (HO)
)
(/usr/share/texlive/texmf-dist/tex/generic/pdfescape/pdfescape.sty
Package: pdfescape 2019/12/09 v1.15 Implements pdfTeX's escape features (HO)

(/usr/share/texlive/texmf-dist/tex/generic/ltxcmds/ltxcmds.sty
Package: ltxcmds 2023-12-04 v1.26 LaTeX kernel commands for general use (HO)
)
(/usr/share/texlive/texmf-dist/tex/generic/pdftexcmds/pdftexcmds.sty
Package: pdftexcmds 2020-06-27 v0.33 Utility functions of pdfTeX for LuaTeX (HO
)

(/usr/share/texlive/texmf-dist/tex/generic/infwarerr/infwarerr.sty
Package: infwarerr 2019/12/03 v1.5 Providing info/warning/error messages (HO)
)
Package pdftexcmds Info: \pdf@primitive is available.
Package pdftexcmds Info: \pdf@ifprimitive is available.
Package pdftexcmds Info: \pdfdraftmode found.
\pdftexcmds@toks=\toks21
))
(/usr/share/texlive/texmf-dist/tex/latex/hycolor/hycolor.sty
Package: hycolor 2020-01-27 v1.10 Color options for hyperref/bookmark (HO)
)
(/usr/share/texlive/texmf-dist/tex/latex/auxhook/auxhook.sty
Package: auxhook 2019-12-17 v1.6 Hooks for auxiliary files (HO)
)
(/usr/share/texlive/texmf-dist/tex/latex/hyperref/nameref.sty
Package: nameref 2023-11-26 v2.56 Cross-referencing by name of section

(/usr/share/texlive/texmf-dist/tex/latex/refcount/refcount.sty
Package: refcount 2019/12/15 v3.6 Data extraction from label references (HO)
)
(/usr/share/texlive/texmf-dist/tex/generic/gettitlestring/gettitlestring.sty
Package: gettitlestring 2019/12/15 v1.6 Cleanup title references (HO)

(/usr/share/texlive/texmf-dist/tex/latex/kvoptions/kvoptions.sty
Package: kvoptions 2022-06-15 v3.15 Key value format for package options (HO)
))
\c@section@level=\count279
)
(/usr/share/texlive/texmf-dist/tex/latex/etoolbox/etoolbox.sty
Package: etoolbox 2020/10/05 v2.5k e-TeX tools for LaTeX (JAW)
\etb@tempcnta=\count280
)
\@linkdim=\dimen166
\Hy@linkcounter=\count281
\Hy@pagecounter=\count282

(/usr/share/texlive/texmf-dist/tex/latex/hyperref/pd1enc.def
File: pd1enc.def 2024-01-20 v7.01h Hyperref: PDFDocEncoding definition (HO)
)
(/usr/share/texlive/texmf-dist/tex/generic/intcalc/intcalc.sty
Package: intcalc 2019/12/15 v1.3 Expandable calculations with integers (HO)
)
\Hy@SavedSpaceFactor=\count283

(/usr/share/texlive/texmf-dist/tex/latex/hyperref/puenc.def
File: puenc.def 2024-01-20 v7.01h Hyperref: PDF Unicode definition (HO)
)
Package hyperref Info: Hyper figures OFF on input line 4179.
Package hyperref Info: Link nesting OFF on input line 4184.
Package hyperref Info: Hyper index ON on input line 4187.
Package hyperref Info: Plain pages OFF on input line 4194.
Package hyperref Info: Backreferencing OFF on input line 4199.
Package hyperref Info: Implicit mode ON; LaTeX internals redefined.
Package hyperref Info: Bookmarks ON on input line 4446.
\c@Hy@tempcnt=\count284

(/usr/share/texlive/texmf-dist/tex/latex/url/url.sty
\Urlmuskip=\muskip16
Package: url 2013/09/16  ver 3.4  Verb mode for urls, etc.
)
LaTeX Info: Redefining \url on input line 4784.
\XeTeXLinkMargin=\dimen167

(/usr/share/texlive/texmf-dist/tex/generic/bitset/bitset.sty
Package: bitset 2019/12/09 v1.3 Handle bit-vector datatype (HO)

(/usr/share/texlive/texmf-dist/tex/generic/bigintcalc/bigintcalc.sty
Package: bigintcalc 2019/12/15 v1.5 Expandable calculations on big integers (HO
)
))
\Fld@menulength=\count285
\Field@Width=\dimen168
\Fld@charsize=\dimen169
Package hyperref Info: Hyper figures OFF on input line 6063.
Package hyperref Info: Link nesting OFF on input line 6068.
Package hyperref Info: Hyper index ON on input line 6071.
Package hyperref Info: backreferencing OFF on input line 6078.
Package hyperref Info: Link coloring OFF on input line 6083.
Package hyperref Info: Link coloring with OCG OFF on input line 6088.
Package hyperref Info: PDF/A mode OFF on input line 6093.

(/usr/share/texlive/texmf-dist/tex/latex/base/atbegshi-ltx.sty
Package: atbegshi-ltx 2021/01/10 v1.0c Emulation of the original atbegshi
package with kernel methods
)
\Hy@abspage=\count286
\c@Item=\count287
\c@Hfootnote=\count288
)
Package hyperref Info: Driver (autodetected): hluatex.

(/usr/share/texlive/texmf-dist/tex/latex/hyperref/hluatex.def
File: hluatex.def 2024-01-20 v7.01h Hyperref driver for luaTeX

(/usr/share/texlive/texmf-dist/tex/generic/stringenc/stringenc.sty
Package: stringenc 2019/11/29 v1.12 Convert strings between diff. encodings (HO
)
)
(/usr/share/texlive/texmf-dist/tex/latex/base/atveryend-ltx.sty
Package: atveryend-ltx 2020/08/19 v1.0a Emulation of the original atveryend pac
kage
with kernel methods
)
\Fld@listcount=\count289
\c@bookmark@seq@number=\count290

(/usr/share/texlive/texmf-dist/tex/latex/rerunfilecheck/rerunfilecheck.sty
Package: rerunfilecheck 2022-07-10 v1.10 Rerun checks for auxiliary files (HO)

(/usr/share/texlive/texmf-dist/tex/generic/uniquecounter/uniquecounter.sty
Package: uniquecounter 2019/12/15 v1.4 Provide unlimited unique counter (HO)
)
Package uniquecounter Info: New unique counter `rerunfilecheck' on input line 2
85.
)
\Hy@SectionHShift=\skip50
)
(/usr/share/texlive/texmf-dist/tex/latex/tools/array.sty
Package: array 2023/10/16 v2.5g Tabular extension package (FMi)
\col@sep=\dimen170
\ar@mcellbox=\box54
\extrarowheight=\dimen171
\NC@list=\toks22
\extratabsurround=\skip51
\backup@length=\skip52
\ar@cellbox=\box55
)
(/usr/share/texlive/texmf-dist/tex/latex/caption/caption.sty
Package: caption 2023/08/05 v3.6o Customizing captions (AR)

(/usr/share/texlive/texmf-dist/tex/latex/caption/caption3.sty
Package: caption3 2023/07/31 v2.4d caption3 kernel (AR)
\caption@tempdima=\dimen172
\captionmargin=\dimen173
\caption@leftmargin=\dimen174
\caption@rightmargin=\dimen175
\caption@width=\dimen176
\caption@indent=\dimen177
\caption@parindent=\dimen178
\caption@hangindent=\dimen179
Package caption Info: Standard document class detected.
)
\c@caption@flags=\count291
\c@continuedfloat=\count292
Package caption Info: float package is loaded.
Package caption Info: hyperref package is loaded.
)
(/usr/share/texlive/texmf-dist/tex/latex/enumitem/enumitem.sty
Package: enumitem 2019/06/20 v3.9 Customized lists
\labelindent=\skip53
\enit@outerparindent=\dimen180
\enit@toks=\toks23
\enit@inbox=\box56
\enit@count@id=\count293
\enitdp@description=\count294
)

! Package fontspec Error: The font "NotoSerifCJKSC" cannot be found.

For immediate help type H <return>.
 ...                                              
                                                  
l.15 \setsansfont
               {Noto Sans CJK SC}

A font might not be found for many reasons.
 Check the spelling, where the font is installed etc. etc.

 When in doubt, ask someone for help!


...share/texlive/texmf-dist/tex/latex/fontspec/fontspec.lua:48: attempt to index
 a nil value (global 'luaotfload')
stack traceback:
	...share/texlive/texmf-dist/tex/latex/fontspec/fontspec.lua:48: in field 'check
_ot_script'
	[\directlua]:1: in main chunk.
\lua_now:e #1->\__lua_now:n {#1}
                                
l.15 \setsansfont
               {Noto Sans CJK SC}
The lua interpreter ran into a problem, so the
remainder of this lua chunk will be ignored.

...share/texlive/texmf-dist/tex/latex/fontspec/fontspec.lua:48: attempt to index
 a nil value (global 'luaotfload')
stack traceback:
	...share/texlive/texmf-dist/tex/latex/fontspec/fontspec.lua:48: in field 'check
_ot_script'
	[\directlua]:1: in main chunk.
\lua_now:e #1->\__lua_now:n {#1}
                                
l.15 \setsansfont
               {Noto Sans CJK SC}
The lua interpreter ran into a problem, so the
remainder of this lua chunk will be ignored.


Package fontspec Info: Could not resolve font "NotoSerifCJKSC/BI" (it probably
(fontspec)             doesn't exist).


Package fontspec Info: Could not resolve font "NotoSerifCJKSC/B" (it probably
(fontspec)             doesn't exist).


Package fontspec Info: Could not resolve font "NotoSerifCJKSC/I" (it probably
(fontspec)             doesn't exist).


! Package fontspec Error: The font "NotoSerifCJKSC" cannot be found.

For immediate help type H <return>.
 ...                                              
                                                  
l.15 \setsansfont
               {Noto Sans CJK SC}

A font might not be found for many reasons.
 Check the spelling, where the font is installed etc. etc.

 When in doubt, ask someone for help!



! Package fontspec Error: The font "NotoSerifCJKSC" cannot be found.

For immediate help type H <return>.
 ...                                              
                                                  
l.15 \setsansfont
               {Noto Sans CJK SC}

A font might not be found for many reasons.
 Check the spelling, where the font is installed etc. etc.

 When in doubt, ask someone for help!



Package fontspec Info: Font family 'NotoSerifCJKSC(0)' created for font 'Noto
(fontspec)             Serif CJK SC' with options [Ligatures=TeX].
(fontspec)              
(fontspec)              This font family consists of the following NFSS
(fontspec)             series/shapes:
(fontspec)              
(fontspec)             - 'normal' (m/n) with NFSS spec.:
(fontspec)             <->"NotoSerifCJKSC:mode=node;language=dflt;+tlig;"
(fontspec)             - 'small caps'  (m/sc) with NFSS spec.: 

! Font \TU/NotoSerifCJKSC(0)/m/n/10.95=NotoSerifCJKSC:mode=node;language=dflt;+t
lig; at 10.95pt not loadable: metric data not found or bad.
<to be read again> 
relax 
l.15 \setsansfont
               {Noto Sans CJK SC}
I wasn't able to read the size data for this font,
so I will ignore the font specification.
[Wizards can fix TFM files using TFtoPL/PLtoTF.]
You might try inserting a different font spec;
e.g., type `I\font<same font id>=<substitute font name>'.


! Package fontspec Error: The font "NotoSansCJKSC" cannot be found.

For immediate help type H <return>.
 ...                                              
                                                  
l.16 \setmonofont
               {Noto Sans Mono CJK SC}

A font might not be found for many reasons.
 Check the spelling, where the font is installed etc. etc.

 When in doubt, ask someone for help!


...share/texlive/texmf-dist/tex/latex/fontspec/fontspec.lua:48: attempt to index
 a nil value (global 'luaotfload')
stack traceback:
	...share/texlive/texmf-dist/tex/latex/fontspec/fontspec.lua:48: in field 'check
_ot_script'
	[\directlua]:1: in main chunk.
\lua_now:e #1->\__lua_now:n {#1}
                                
l.16 \setmonofont
               {Noto Sans Mono CJK SC}
The lua interpreter ran into a problem, so the
remainder of this lua chunk will be ignored.

...share/texlive/texmf-dist/tex/latex/fontspec/fontspec.lua:48: attempt to index
 a nil value (global 'luaotfload')
stack traceback:
	...share/texlive/texmf-dist/tex/latex/fontspec/fontspec.lua:48: in field 'check
_ot_script'
	[\directlua]:1: in main chunk.
\lua_now:e #1->\__lua_now:n {#1}
                                
l.16 \setmonofont
               {Noto Sans Mono CJK SC}
The lua interpreter ran into a problem, so the
remainder of this lua chunk will be ignored.


Package fontspec Info: Could not resolve font "NotoSansCJKSC/BI" (it probably
(fontspec)             doesn't exist).


Package fontspec Info: Could not resolve font "NotoSansCJKSC/B" (it probably
(fontspec)             doesn't exist).


Package fontspec Info: Could not resolve font "NotoSansCJKSC/I" (it probably
(fontspec)             doesn't exist).


! Package fontspec Error: The font "NotoSansCJKSC" cannot be found.

For immediate help type H <return>.
 ...                                              
                                                  
l.16 \setmonofont
               {Noto Sans Mono CJK SC}

A font might not be found for many reasons.
 Check the spelling, where the font is installed etc. etc.

 When in doubt, ask someone for help!



! Package fontspec Error: The font "NotoSansCJKSC" cannot be found.

For immediate help type H <return>.
 ...                                              
                                                  
l.16 \setmonofont
               {Noto Sans Mono CJK SC}

A font might not be found for many reasons.
 Check the spelling, where the font is installed etc. etc.

 When in doubt, ask someone for help!



Package fontspec Info: Font family 'NotoSansCJKSC(0)' created for font 'Noto
(fontspec)             Sans CJK SC' with options [Ligatures=TeX].
(fontspec)              
(fontspec)              This font family consists of the following NFSS
(fontspec)             series/shapes:
(fontspec)              
(fontspec)             - 'normal' (m/n) with NFSS spec.:
(fontspec)             <->"NotoSansCJKSC:mode=node;language=dflt;+tlig;"
(fontspec)             - 'small caps'  (m/sc) with NFSS spec.: 


! Package fontspec Error: The font "NotoSansMonoCJKSC" cannot be found.

For immediate help type H <return>.
 ...                                              
                                                  
l.17 
   

A font might not be found for many reasons.
 Check the spelling, where the font is installed etc. etc.

 When in doubt, ask someone for help!


...share/texlive/texmf-dist/tex/latex/fontspec/fontspec.lua:48: attempt to index
 a nil value (global 'luaotfload')
stack traceback:
	...share/texlive/texmf-dist/tex/latex/fontspec/fontspec.lua:48: in field 'check
_ot_script'
	[\directlua]:1: in main chunk.
\lua_now:e #1->\__lua_now:n {#1}
                                
l.17 
   
The lua interpreter ran into a problem, so the
remainder of this lua chunk will be ignored.

...share/texlive/texmf-dist/tex/latex/fontspec/fontspec.lua:48: attempt to index
 a nil value (global 'luaotfload')
stack traceback:
	...share/texlive/texmf-dist/tex/latex/fontspec/fontspec.lua:48: in field 'check
_ot_script'
	[\directlua]:1: in main chunk.
\lua_now:e #1->\__lua_now:n {#1}
                                
l.17 
   
The lua interpreter ran into a problem, so the
remainder of this lua chunk will be ignored.


Package fontspec Info: Could not resolve font "NotoSansMonoCJKSC/BI" (it
(fontspec)             probably doesn't exist).


Package fontspec Info: Could not resolve font "NotoSansMonoCJKSC/B" (it
(fontspec)             probably doesn't exist).


Package fontspec Info: Could not resolve font "NotoSansMonoCJKSC/I" (it
(fontspec)             probably doesn't exist).


! Package fontspec Error: The font "NotoSansMonoCJKSC" cannot be found.

For immediate help type H <return>.
 ...                                              
                                                  
l.17 
   

A font might not be found for many reasons.
 Check the spelling, where the font is installed etc. etc.

 When in doubt, ask someone for help!



! Package fontspec Error: The font "NotoSansMonoCJKSC" cannot be found.

For immediate help type H <return>.
 ...                                              
                                                  
l.17 
   

A font might not be found for many reasons.
 Check the spelling, where the font is installed etc. etc.

 When in doubt, ask someone for help!



Package fontspec Info: Font family 'NotoSansMonoCJKSC(0)' created for font
(fontspec)             'Noto Sans Mono CJK SC' with options
(fontspec)             [WordSpace={1,0,0},HyphenChar=None,PunctuationSpace=Word
Space].
(fontspec)              
(fontspec)              This font family consists of the following NFSS
(fontspec)             series/shapes:
(fontspec)              
(fontspec)             - 'normal' (m/n) with NFSS spec.:
(fontspec)             <->"NotoSansMonoCJKSC:mode=node;language=dflt;"
(fontspec)             - 'small caps'  (m/sc) with NFSS spec.: 
(fontspec)             and font adjustment code:
(fontspec)             \fontdimen 2\font =1\fontdimen 2\font \fontdimen 3\font
(fontspec)             =0\fontdimen 3\font \fontdimen 4\font =0\fontdimen
(fontspec)             4\font \fontdimen 7\font =0\fontdimen 2\font
(fontspec)             \tex_hyphenchar:D \font =-1\scan_stop: 

No file checkpoint8_export_report.aux.

\openout1 = checkpoint8_export_report.aux
LaTeX Font Info:    Checking defaults for OML/cmm/m/it on input line 22.
LaTeX Font Info:    ... okay on input line 22.
LaTeX Font Info:    Checking defaults for OMS/cmsy/m/n on input line 22.
LaTeX Font Info:    ... okay on input line 22.
LaTeX Font Info:    Checking defaults for OT1/cmr/m/n on input line 22.
LaTeX Font Info:    ... okay on input line 22.
LaTeX Font Info:    Checking defaults for T1/cmr/m/n on input line 22.
LaTeX Font Info:    ... okay on input line 22.
LaTeX Font Info:    Checking defaults for TS1/cmr/m/n on input line 22.
LaTeX Font Info:    Trying to load font information for TS1+cmr on input line 2
2.
(/usr/share/texlive/texmf-dist/tex/latex/base/ts1cmr.fd
File: ts1cmr.fd 2023/04/13 v2.5m Standard LaTeX font definitions
)
LaTeX Font Info:    ... okay on input line 22.
LaTeX Font Info:    Checking defaults for TU/lmr/m/n on input line 22.
LaTeX Font Info:    ... okay on input line 22.
LaTeX Font Info:    Checking defaults for OMX/cmex/m/n on input line 22.
LaTeX Font Info:    ... okay on input line 22.
LaTeX Font Info:    Checking defaults for U/cmr/m/n on input line 22.
LaTeX Font Info:    ... okay on input line 22.
LaTeX Font Info:    Checking defaults for PD1/pdf/m/n on input line 22.
LaTeX Font Info:    ... okay on input line 22.
LaTeX Font Info:    Checking defaults for PU/pdf/m/n on input line 22.
LaTeX Font Info:    ... okay on input line 22.

*geometry* driver: auto-detecting
*geometry* detected driver: luatex
*geometry* verbose mode - [ preamble ] result:
* driver: luatex
* paper: a4paper
* layout: <same size as paper>
* layoutoffset:(h,v)=(0.0pt,0.0pt)
* modes: 
* h-part:(L,W,R)=(72.26999pt, 452.9679pt, 72.26999pt)
* v-part:(T,H,B)=(72.26999pt, 700.50687pt, 72.26999pt)
* \paperwidth=597.50787pt
* \paperheight=845.04684pt
* \textwidth=452.9679pt
* \textheight=700.50687pt
* \oddsidemargin=0.0pt
* \evensidemargin=0.0pt
* \topmargin=-37.0pt
* \headheight=12.0pt
* \headsep=25.0pt
* \topskip=11.0pt
* \footskip=30.0pt
* \marginparwidth=50.0pt
* \marginparsep=10.0pt
* \columnsep=10.0pt
* \skip\footins=10.0pt plus 4.0pt minus 2.0pt
* \hoffset=0.0pt
* \voffset=0.0pt
* \mag=1000
* \@twocolumnfalse
* \@twosidefalse
* \@mparswitchfalse
* \@reversemarginfalse
* (1in=72.27pt=25.4mm, 1cm=28.453pt)


Package fontspec Info: Adjusting the maths setup (use [no-math] to avoid
(fontspec)             this).

\symlegacymaths=\mathgroup4
LaTeX Font Info:    Overwriting symbol font `legacymaths' in version `bold'
(Font)                  OT1/cmr/m/n --> OT1/cmr/bx/n on input line 22.
LaTeX Font Info:    Redeclaring math accent \acute on input line 22.
LaTeX Font Info:    Redeclaring math accent \grave on input line 22.
LaTeX Font Info:    Redeclaring math accent \ddot on input line 22.
LaTeX Font Info:    Redeclaring math accent \tilde on input line 22.
LaTeX Font Info:    Redeclaring math accent \bar on input line 22.
LaTeX Font Info:    Redeclaring math accent \breve on input line 22.
LaTeX Font Info:    Redeclaring math accent \check on input line 22.
LaTeX Font Info:    Redeclaring math accent \hat on input line 22.
LaTeX Font Info:    Redeclaring math accent \dot on input line 22.
LaTeX Font Info:    Redeclaring math accent \mathring on input line 22.
LaTeX Font Info:    Redeclaring math symbol \colon on input line 22.
LaTeX Font Info:    Redeclaring math symbol \Gamma on input line 22.
LaTeX Font Info:    Redeclaring math symbol \Delta on input line 22.
LaTeX Font Info:    Redeclaring math symbol \Theta on input line 22.
LaTeX Font Info:    Redeclaring math symbol \Lambda on input line 22.
LaTeX Font Info:    Redeclaring math symbol \Xi on input line 22.
LaTeX Font Info:    Redeclaring math symbol \Pi on input line 22.
LaTeX Font Info:    Redeclaring math symbol \Sigma on input line 22.
LaTeX Font Info:    Redeclaring math symbol \Upsilon on input line 22.
LaTeX Font Info:    Redeclaring math symbol \Phi on input line 22.
LaTeX Font Info:    Redeclaring math symbol \Psi on input line 22.
LaTeX Font Info:    Redeclaring math symbol \Omega on input line 22.
LaTeX Font Info:    Redeclaring math symbol \mathdollar on input line 22.
LaTeX Font Info:    Redeclaring symbol font `operators' on input line 22.
LaTeX Font Info:    Encoding `OT1' has changed to `TU' for symbol font
(Font)              `operators' in the math version `normal' on input line 22.
LaTeX Font Info:    Overwriting symbol font `operators' in version `normal'
(Font)                  OT1/cmr/m/n --> TU/NotoSerifCJKSC(0)/m/n on input line 
22.
LaTeX Font Info:    Encoding `OT1' has changed to `TU' for symbol font
(Font)              `operators' in the math version `bold' on input line 22.
LaTeX Font Info:    Overwriting symbol font `operators' in version `bold'
(Font)                  OT1/cmr/bx/n --> TU/NotoSerifCJKSC(0)/m/n on input line
 22.
LaTeX Font Info:    Overwriting symbol font `operators' in version `normal'
(Font)                  TU/NotoSerifCJKSC(0)/m/n --> TU/NotoSerifCJKSC(0)/m/n o
n input line 22.
LaTeX Font Info:    Overwriting math alphabet `\mathit' in version `normal'
(Font)                  OT1/cmr/m/it --> TU/NotoSerifCJKSC(0)/m/it on input lin
e 22.
LaTeX Font Info:    Overwriting math alphabet `\mathbf' in version `normal'
(Font)                  OT1/cmr/bx/n --> TU/NotoSerifCJKSC(0)/b/n on input line
 22.
LaTeX Font Info:    Overwriting math alphabet `\mathsf' in version `normal'
(Font)                  OT1/cmss/m/n --> TU/NotoSansCJKSC(0)/m/n on input line 
22.
LaTeX Font Info:    Overwriting math alphabet `\mathtt' in version `normal'
(Font)                  OT1/cmtt/m/n --> TU/NotoSansMonoCJKSC(0)/m/n on input l
ine 22.
LaTeX Font Info:    Overwriting symbol font `operators' in version `bold'
(Font)                  TU/NotoSerifCJKSC(0)/m/n --> TU/NotoSerifCJKSC(0)/b/n o
n input line 22.
LaTeX Font Info:    Overwriting math alphabet `\mathit' in version `bold'
(Font)                  OT1/cmr/bx/it --> TU/NotoSerifCJKSC(0)/b/it on input li
ne 22.
LaTeX Font Info:    Overwriting math alphabet `\mathsf' in version `bold'
(Font)                  OT1/cmss/bx/n --> TU/NotoSansCJKSC(0)/b/n on input line
 22.
LaTeX Font Info:    Overwriting math alphabet `\mathtt' in version `bold'
(Font)                  OT1/cmtt/m/n --> TU/NotoSansMonoCJKSC(0)/b/n on input l
ine 22.
(/usr/share/texlive/texmf-dist/tex/context/base/mkii/supp-pdf.mkii
[Loading MPS to PDF converter (version 2006.09.02).]
\scratchcounter=\count295
\scratchdimen=\dimen181
\scratchbox=\box57
\nofMPsegments=\count296
\nofMParguments=\count297
\everyMPshowfont=\toks24
\MPscratchCnt=\count298
\MPscratchDim=\dimen182
\MPnumerator=\count299
\makeMPintoPDFobject=\count300
\everyMPtoPDFconversion=\toks25
) (/usr/share/texlive/texmf-dist/tex/latex/epstopdf-pkg/epstopdf-base.sty
Package: epstopdf-base 2020-01-24 v2.11 Base part for package epstopdf
Package epstopdf-base Info: Redefining graphics rule for `.eps' on input line 4
85.

(/usr/share/texlive/texmf-dist/tex/latex/latexconfig/epstopdf-sys.cfg
File: epstopdf-sys.cfg 2010/07/13 v1.3 Configuration of (r)epstopdf for TeX Liv
e
))
Package hyperref Info: Link coloring OFF on input line 22.
\@outlinefile=\write3

\openout3 = checkpoint8_export_report.out
Package caption Info: Begin \AtBeginDocument code.
Package caption Info: End \AtBeginDocument code.

! Font \TU/NotoSerifCJKSC(0)/m/n/17.28=NotoSerifCJKSC:mode=node;language=dflt;+t
lig; at 17.28pt not loadable: metric data not found or bad.
<to be read again> 
relax 
l.25 
   
I wasn't able to read the size data for this font,
so I will ignore the font specification.
[Wizards can fix TFM files using TFtoPL/PLtoTF.]
You might try inserting a different font spec;
e.g., type `I\font<same font id>=<substitute font name>'.

! Font \TU/NotoSerifCJKSC(0)/m/n/12=NotoSerifCJKSC:mode=node;language=dflt;+tlig
; at 12pt not loadable: metric data not found or bad.
<to be read again> 
relax 
l.25 
   
I wasn't able to read the size data for this font,
so I will ignore the font specification.
[Wizards can fix TFM files using TFtoPL/PLtoTF.]
You might try inserting a different font spec;
e.g., type `I\font<same font id>=<substitute font name>'.

! Font \TU/NotoSerifCJKSC(0)/m/n/8=NotoSerifCJKSC:mode=node;language=dflt;+tlig;
 at 8pt not loadable: metric data not found or bad.
<to be read again> 
relax 
l.25 
   
I wasn't able to read the size data for this font,
so I will ignore the font specification.
[Wizards can fix TFM files using TFtoPL/PLtoTF.]
You might try inserting a different font spec;
e.g., type `I\font<same font id>=<substitute font name>'.

! Font \TU/NotoSerifCJKSC(0)/m/n/6=NotoSerifCJKSC:mode=node;language=dflt;+tlig;
 at 6pt not loadable: metric data not found or bad.
<to be read again> 
relax 
l.25 
   
I wasn't able to read the size data for this font,
so I will ignore the font specification.
[Wizards can fix TFM files using TFtoPL/PLtoTF.]
You might try inserting a different font spec;
e.g., type `I\font<same font id>=<substitute font name>'.

LaTeX Font Info:    External font `cmex10' loaded for size
(Font)              <12> on input line 25.
LaTeX Font Info:    External font `cmex10' loaded for size
(Font)              <8> on input line 25.
LaTeX Font Info:    External font `cmex10' loaded for size
(Font)              <6> on input line 25.
! Font \TU/NotoSerifCJKSC(0)/m/n/14.4=NotoSerifCJKSC:mode=node;language=dflt;+tl
ig; at 14.4pt not loadable: metric data not found or bad.
<to be read again> 
relax 
l.28 本
      检查点聚焦模型导出与推理服务，不包含量化实验。本..
.
I wasn't able to read the size data for this font,
so I will ignore the font specification.
[Wizards can fix TFM files using TFtoPL/PLtoTF.]
You might try inserting a different font spec;
e.g., type `I\font<same font id>=<substitute font name>'.


LaTeX Font Warning: Font shape `TU/NotoSerifCJKSC(0)/b/n' undefined
(Font)              using `TU/NotoSerifCJKSC(0)/m/n' instead on input line 28.

! Font \TU/NotoSansMonoCJKSC(0)/m/n/10.95=NotoSansMonoCJKSC:mode=node;language=d
flt; at 10.95pt not loadable: metric data not found or bad.
<to be read again> 
relax 
l.31 ...j1_416_basic_aug_scale_jitter_50_lr7e4.toml}
                                                  
I wasn't able to read the size data for this font,
so I will ignore the font specification.
[Wizards can fix TFM files using TFtoPL/PLtoTF.]
You might try inserting a different font spec;
e.g., type `I\font<same font id>=<substitute font name>'.

LaTeX Font Info:    External font `cmex10' loaded for size
(Font)              <10.95> on input line 31.
! \textfont0 is undefined (character 99).
\Url@FormatString ...\Url@String \UrlRight \m@th $
                                                  
l.31 ...j1_416_basic_aug_scale_jitter_50_lr7e4.toml}
                                                  
Somewhere in the math formula just ended, you used the
stated character from an undefined font family. For example,
plain TeX doesn't allow \it or \sl in subscripts. Proceed,
and I'll try to forget that I needed that character.

! \textfont0 is undefined (character 99).
\Url@FormatString ...\Url@String \UrlRight \m@th $
                                                  
l.31 ...j1_416_basic_aug_scale_jitter_50_lr7e4.toml}
                                                  
Somewhere in the math formula just ended, you used the
stated character from an undefined font family. For example,
plain TeX doesn't allow \it or \sl in subscripts. Proceed,
and I'll try to forget that I needed that character.

! \textfont0 is undefined (character 111).
\Url@FormatString ...\Url@String \UrlRight \m@th $
                                                  
l.31 ...j1_416_basic_aug_scale_jitter_50_lr7e4.toml}
                                                  
Somewhere in the math formula just ended, you used the
stated character from an undefined font family. For example,
plain TeX doesn't allow \it or \sl in subscripts. Proceed,
and I'll try to forget that I needed that character.

! \textfont0 is undefined (character 111).
\Url@FormatString ...\Url@String \UrlRight \m@th $
                                                  
l.31 ...j1_416_basic_aug_scale_jitter_50_lr7e4.toml}
                                                  
Somewhere in the math formula just ended, you used the
stated character from an undefined font family. For example,
plain TeX doesn't allow \it or \sl in subscripts. Proceed,
and I'll try to forget that I needed that character.

! \textfont0 is undefined (character 110).
\Url@FormatString ...\Url@String \UrlRight \m@th $
                                                  
l.31 ...j1_416_basic_aug_scale_jitter_50_lr7e4.toml}
                                                  
Somewhere in the math formula just ended, you used the
stated character from an undefined font family. For example,
plain TeX doesn't allow \it or \sl in subscripts. Proceed,
and I'll try to forget that I needed that character.

! \textfont0 is undefined (character 110).
\Url@FormatString ...\Url@String \UrlRight \m@th $
                                                  
l.31 ...j1_416_basic_aug_scale_jitter_50_lr7e4.toml}
                                                  
Somewhere in the math formula just ended, you used the
stated character from an undefined font family. For example,
plain TeX doesn't allow \it or \sl in subscripts. Proceed,
and I'll try to forget that I needed that character.

! \textfont0 is undefined (character 102).
\Url@FormatString ...\Url@String \UrlRight \m@th $
                                                  
l.31 ...j1_416_basic_aug_scale_jitter_50_lr7e4.toml}
                                                  
Somewhere in the math formula just ended, you used the
stated character from an undefined font family. For example,
plain TeX doesn't allow \it or \sl in subscripts. Proceed,
and I'll try to forget that I needed that character.

! \textfont0 is undefined (character 102).
\Url@FormatString ...\Url@String \UrlRight \m@th $
                                                  
l.31 ...j1_416_basic_aug_scale_jitter_50_lr7e4.toml}
                                                  
Somewhere in the math formula just ended, you used the
stated character from an undefined font family. For example,
plain TeX doesn't allow \it or \sl in subscripts. Proceed,
and I'll try to forget that I needed that character.

! \textfont0 is undefined (character 105).
\Url@FormatString ...\Url@String \UrlRight \m@th $
                                                  
l.31 ...j1_416_basic_aug_scale_jitter_50_lr7e4.toml}
                                                  
Somewhere in the math formula just ended, you used the
stated character from an undefined font family. For example,
plain TeX doesn't allow \it or \sl in subscripts. Proceed,
and I'll try to forget that I needed that character.

! \textfont0 is undefined (character 105).
\Url@FormatString ...\Url@String \UrlRight \m@th $
                                                  
l.31 ...j1_416_basic_aug_scale_jitter_50_lr7e4.toml}
                                                  
Somewhere in the math formula just ended, you used the
stated character from an undefined font family. For example,
plain TeX doesn't allow \it or \sl in subscripts. Proceed,
and I'll try to forget that I needed that character.

! \textfont0 is undefined (character 103).
\Url@FormatString ...\Url@String \UrlRight \m@th $
                                                  
l.31 ...j1_416_basic_aug_scale_jitter_50_lr7e4.toml}
                                                  
Somewhere in the math formula just ended, you used the
stated character from an undefined font family. For example,
plain TeX doesn't allow \it or \sl in subscripts. Proceed,
and I'll try to forget that I needed that character.

! \textfont0 is undefined (character 103).
\Url@FormatString ...\Url@String \UrlRight \m@th $
                                                  
l.31 ...j1_416_basic_aug_scale_jitter_50_lr7e4.toml}
                                                  
Somewhere in the math formula just ended, you used the
stated character from an undefined font family. For example,
plain TeX doesn't allow \it or \sl in subscripts. Proceed,
and I'll try to forget that I needed that character.

! \textfont0 is undefined (character 115).
\Url@FormatString ...\Url@String \UrlRight \m@th $
                                                  
l.31 ...j1_416_basic_aug_scale_jitter_50_lr7e4.toml}
                                                  
Somewhere in the math formula just ended, you used the
stated character from an undefined font family. For example,
plain TeX doesn't allow \it or \sl in subscripts. Proceed,
and I'll try to forget that I needed that character.

! \textfont0 is undefined (character 115).
\Url@FormatString ...\Url@String \UrlRight \m@th $
                                                  
l.31 ...j1_416_basic_aug_scale_jitter_50_lr7e4.toml}
                                                  
Somewhere in the math formula just ended, you used the
stated character from an undefined font family. For example,
plain TeX doesn't allow \it or \sl in subscripts. Proceed,
and I'll try to forget that I needed that character.

! \textfont0 is undefined (character 47).
\Url@FormatString ...\Url@String \UrlRight \m@th $
                                                  
l.31 ...j1_416_basic_aug_scale_jitter_50_lr7e4.toml}
                                                  
Somewhere in the math formula just ended, you used the
stated character from an undefined font family. For example,
plain TeX doesn't allow \it or \sl in subscripts. Proceed,
and I'll try to forget that I needed that character.

! \textfont0 is undefined (character 100).
\Url@FormatString ...\Url@String \UrlRight \m@th $
                                                  
l.31 ...j1_416_basic_aug_scale_jitter_50_lr7e4.toml}
                                                  
Somewhere in the math formula just ended, you used the
stated character from an undefined font family. For example,
plain TeX doesn't allow \it or \sl in subscripts. Proceed,
and I'll try to forget that I needed that character.

! \textfont0 is undefined (character 100).
\Url@FormatString ...\Url@String \UrlRight \m@th $
                                                  
l.31 ...j1_416_basic_aug_scale_jitter_50_lr7e4.toml}
                                                  
Somewhere in the math formula just ended, you used the
stated character from an undefined font family. For example,
plain TeX doesn't allow \it or \sl in subscripts. Proceed,
and I'll try to forget that I needed that character.

! \textfont0 is undefined (character 117).
\Url@FormatString ...\Url@String \UrlRight \m@th $
                                                  
l.31 ...j1_416_basic_aug_scale_jitter_50_lr7e4.toml}
                                                  
Somewhere in the math formula just ended, you used the
stated character from an undefined font family. For example,
plain TeX doesn't allow \it or \sl in subscripts. Proceed,
and I'll try to forget that I needed that character.

! \textfont0 is undefined (character 117).
\Url@FormatString ...\Url@String \UrlRight \m@th $
                                                  
l.31 ...j1_416_basic_aug_scale_jitter_50_lr7e4.toml}
                                                  
Somewhere in the math formula just ended, you used the
stated character from an undefined font family. For example,
plain TeX doesn't allow \it or \sl in subscripts. Proceed,
and I'll try to forget that I needed that character.

! \textfont0 is undefined (character 97).
\Url@FormatString ...\Url@String \UrlRight \m@th $
                                                  
l.31 ...j1_416_basic_aug_scale_jitter_50_lr7e4.toml}
                                                  
Somewhere in the math formula just ended, you used the
stated character from an undefined font family. For example,
plain TeX doesn't allow \it or \sl in subscripts. Proceed,
and I'll try to forget that I needed that character.

! \textfont0 is undefined (character 97).
\Url@FormatString ...\Url@String \UrlRight \m@th $
                                                  
l.31 ...j1_416_basic_aug_scale_jitter_50_lr7e4.toml}
                                                  
Somewhere in the math formula just ended, you used the
stated character from an undefined font family. For example,
plain TeX doesn't allow \it or \sl in subscripts. Proceed,
and I'll try to forget that I needed that character.

! \textfont0 is undefined (character 108).
\Url@FormatString ...\Url@String \UrlRight \m@th $
                                                  
l.31 ...j1_416_basic_aug_scale_jitter_50_lr7e4.toml}
                                                  
Somewhere in the math formula just ended, you used the
stated character from an undefined font family. For example,
plain TeX doesn't allow \it or \sl in subscripts. Proceed,
and I'll try to forget that I needed that character.

! \textfont0 is undefined (character 108).
\Url@FormatString ...\Url@String \UrlRight \m@th $
                                                  
l.31 ...j1_416_basic_aug_scale_jitter_50_lr7e4.toml}
                                                  
Somewhere in the math formula just ended, you used the
stated character from an undefined font family. For example,
plain TeX doesn't allow \it or \sl in subscripts. Proceed,
and I'll try to forget that I needed that character.

! \textfont0 is undefined (character 95).
\Url@FormatString ...\Url@String \UrlRight \m@th $
                                                  
l.31 ...j1_416_basic_aug_scale_jitter_50_lr7e4.toml}
                                                  
Somewhere in the math formula just ended, you used the
stated character from an undefined font family. For example,
plain TeX doesn't allow \it or \sl in subscripts. Proceed,
and I'll try to forget that I needed that character.

! \textfont0 is undefined (character 115).
\Url@FormatString ...\Url@String \UrlRight \m@th $
                                                  
l.31 ...j1_416_basic_aug_scale_jitter_50_lr7e4.toml}
                                                  
Somewhere in the math formula just ended, you used the
stated character from an undefined font family. For example,
plain TeX doesn't allow \it or \sl in subscripts. Proceed,
and I'll try to forget that I needed that character.

! \textfont0 is undefined (character 115).
\Url@FormatString ...\Url@String \UrlRight \m@th $
                                                  
l.31 ...j1_416_basic_aug_scale_jitter_50_lr7e4.toml}
                                                  
Somewhere in the math formula just ended, you used the
stated character from an undefined font family. For example,
plain TeX doesn't allow \it or \sl in subscripts. Proceed,
and I'll try to forget that I needed that character.

! \textfont0 is undefined (character 99).
\Url@FormatString ...\Url@String \UrlRight \m@th $
                                                  
l.31 ...j1_416_basic_aug_scale_jitter_50_lr7e4.toml}
                                                  
Somewhere in the math formula just ended, you used the
stated character from an undefined font family. For example,
plain TeX doesn't allow \it or \sl in subscripts. Proceed,
and I'll try to forget that I needed that character.

! \textfont0 is undefined (character 99).
\Url@FormatString ...\Url@String \UrlRight \m@th $
                                                  
l.31 ...j1_416_basic_aug_scale_jitter_50_lr7e4.toml}
                                                  
Somewhere in the math formula just ended, you used the
stated character from an undefined font family. For example,
plain TeX doesn't allow \it or \sl in subscripts. Proceed,
and I'll try to forget that I needed that character.

! \textfont0 is undefined (character 97).
\Url@FormatString ...\Url@String \UrlRight \m@th $
                                                  
l.31 ...j1_416_basic_aug_scale_jitter_50_lr7e4.toml}
                                                  
Somewhere in the math formula just ended, you used the
stated character from an undefined font family. For example,
plain TeX doesn't allow \it or \sl in subscripts. Proceed,
and I'll try to forget that I needed that character.

! \textfont0 is undefined (character 97).
\Url@FormatString ...\Url@String \UrlRight \m@th $
                                                  
l.31 ...j1_416_basic_aug_scale_jitter_50_lr7e4.toml}
                                                  
Somewhere in the math formula just ended, you used the
stated character from an undefined font family. For example,
plain TeX doesn't allow \it or \sl in subscripts. Proceed,
and I'll try to forget that I needed that character.

! \textfont0 is undefined (character 108).
\Url@FormatString ...\Url@String \UrlRight \m@th $
                                                  
l.31 ...j1_416_basic_aug_scale_jitter_50_lr7e4.toml}
                                                  
Somewhere in the math formula just ended, you used the
stated character from an undefined font family. For example,
plain TeX doesn't allow \it or \sl in subscripts. Proceed,
and I'll try to forget that I needed that character.

! \textfont0 is undefined (character 108).
\Url@FormatString ...\Url@String \UrlRight \m@th $
                                                  
l.31 ...j1_416_basic_aug_scale_jitter_50_lr7e4.toml}
                                                  
Somewhere in the math formula just ended, you used the
stated character from an undefined font family. For example,
plain TeX doesn't allow \it or \sl in subscripts. Proceed,
and I'll try to forget that I needed that character.

! \textfont0 is undefined (character 101).
\Url@FormatString ...\Url@String \UrlRight \m@th $
                                                  
l.31 ...j1_416_basic_aug_scale_jitter_50_lr7e4.toml}
                                                  
Somewhere in the math formula just ended, you used the
stated character from an undefined font family. For example,
plain TeX doesn't allow \it or \sl in subscripts. Proceed,
and I'll try to forget that I needed that character.

! \textfont0 is undefined (character 101).
\Url@FormatString ...\Url@String \UrlRight \m@th $
                                                  
l.31 ...j1_416_basic_aug_scale_jitter_50_lr7e4.toml}
                                                  
Somewhere in the math formula just ended, you used the
stated character from an undefined font family. For example,
plain TeX doesn't allow \it or \sl in subscripts. Proceed,
and I'll try to forget that I needed that character.

! \textfont0 is undefined (character 95).
\Url@FormatString ...\Url@String \UrlRight \m@th $
                                                  
l.31 ...j1_416_basic_aug_scale_jitter_50_lr7e4.toml}
                                                  
Somewhere in the math formula just ended, you used the
stated character from an undefined font family. For example,
plain TeX doesn't allow \it or \sl in subscripts. Proceed,
and I'll try to forget that I needed that character.

! \textfont0 is undefined (character 116).
\Url@FormatString ...\Url@String \UrlRight \m@th $
                                                  
l.31 ...j1_416_basic_aug_scale_jitter_50_lr7e4.toml}
                                                  
Somewhere in the math formula just ended, you used the
stated character from an undefined font family. For example,
plain TeX doesn't allow \it or \sl in subscripts. Proceed,
and I'll try to forget that I needed that character.

! \textfont0 is undefined (character 116).
\Url@FormatString ...\Url@String \UrlRight \m@th $
                                                  
l.31 ...j1_416_basic_aug_scale_jitter_50_lr7e4.toml}
                                                  
Somewhere in the math formula just ended, you used the
stated character from an undefined font family. For example,
plain TeX doesn't allow \it or \sl in subscripts. Proceed,
and I'll try to forget that I needed that character.

! \textfont0 is undefined (character 104).
\Url@FormatString ...\Url@String \UrlRight \m@th $
                                                  
l.31 ...j1_416_basic_aug_scale_jitter_50_lr7e4.toml}
                                                  
Somewhere in the math formula just ended, you used the
stated character from an undefined font family. For example,
plain TeX doesn't allow \it or \sl in subscripts. Proceed,
and I'll try to forget that I needed that character.

! \textfont0 is undefined (character 104).
\Url@FormatString ...\Url@String \UrlRight \m@th $
                                                  
l.31 ...j1_416_basic_aug_scale_jitter_50_lr7e4.toml}
                                                  
Somewhere in the math formula just ended, you used the
stated character from an undefined font family. For example,
plain TeX doesn't allow \it or \sl in subscripts. Proceed,
and I'll try to forget that I needed that character.

! \textfont0 is undefined (character 114).
\Url@FormatString ...\Url@String \UrlRight \m@th $
                                                  
l.31 ...j1_416_basic_aug_scale_jitter_50_lr7e4.toml}
                                                  
Somewhere in the math formula just ended, you used the
stated character from an undefined font family. For example,
plain TeX doesn't allow \it or \sl in subscripts. Proceed,
and I'll try to forget that I needed that character.

! \textfont0 is undefined (character 114).
\Url@FormatString ...\Url@String \UrlRight \m@th $
                                                  
l.31 ...j1_416_basic_aug_scale_jitter_50_lr7e4.toml}
                                                  
Somewhere in the math formula just ended, you used the
stated character from an undefined font family. For example,
plain TeX doesn't allow \it or \sl in subscripts. Proceed,
and I'll try to forget that I needed that character.

! \textfont0 is undefined (character 101).
\Url@FormatString ...\Url@String \UrlRight \m@th $
                                                  
l.31 ...j1_416_basic_aug_scale_jitter_50_lr7e4.toml}
                                                  
Somewhere in the math formula just ended, you used the
stated character from an undefined font family. For example,
plain TeX doesn't allow \it or \sl in subscripts. Proceed,
and I'll try to forget that I needed that character.

! \textfont0 is undefined (character 101).
\Url@FormatString ...\Url@String \UrlRight \m@th $
                                                  
l.31 ...j1_416_basic_aug_scale_jitter_50_lr7e4.toml}
                                                  
Somewhere in the math formula just ended, you used the
stated character from an undefined font family. For example,
plain TeX doesn't allow \it or \sl in subscripts. Proceed,
and I'll try to forget that I needed that character.

! \textfont0 is undefined (character 101).
\Url@FormatString ...\Url@String \UrlRight \m@th $
                                                  
l.31 ...j1_416_basic_aug_scale_jitter_50_lr7e4.toml}
                                                  
Somewhere in the math formula just ended, you used the
stated character from an undefined font family. For example,
plain TeX doesn't allow \it or \sl in subscripts. Proceed,
and I'll try to forget that I needed that character.

! \textfont0 is undefined (character 101).
\Url@FormatString ...\Url@String \UrlRight \m@th $
                                                  
l.31 ...j1_416_basic_aug_scale_jitter_50_lr7e4.toml}
                                                  
Somewhere in the math formula just ended, you used the
stated character from an undefined font family. For example,
plain TeX doesn't allow \it or \sl in subscripts. Proceed,
and I'll try to forget that I needed that character.

! \textfont0 is undefined (character 95).
\Url@FormatString ...\Url@String \UrlRight \m@th $
                                                  
l.31 ...j1_416_basic_aug_scale_jitter_50_lr7e4.toml}
                                                  
Somewhere in the math formula just ended, you used the
stated character from an undefined font family. For example,
plain TeX doesn't allow \it or \sl in subscripts. Proceed,
and I'll try to forget that I needed that character.

! \textfont0 is undefined (character 98).
\Url@FormatString ...\Url@String \UrlRight \m@th $
                                                  
l.31 ...j1_416_basic_aug_scale_jitter_50_lr7e4.toml}
                                                  
Somewhere in the math formula just ended, you used the
stated character from an undefined font family. For example,
plain TeX doesn't allow \it or \sl in subscripts. Proceed,
and I'll try to forget that I needed that character.

! \textfont0 is undefined (character 98).
\Url@FormatString ...\Url@String \UrlRight \m@th $
                                                  
l.31 ...j1_416_basic_aug_scale_jitter_50_lr7e4.toml}
                                                  
Somewhere in the math formula just ended, you used the
stated character from an undefined font family. For example,
plain TeX doesn't allow \it or \sl in subscripts. Proceed,
and I'll try to forget that I needed that character.

! \textfont0 is undefined (character 111).
\Url@FormatString ...\Url@String \UrlRight \m@th $
                                                  
l.31 ...j1_416_basic_aug_scale_jitter_50_lr7e4.toml}
                                                  
Somewhere in the math formula just ended, you used the
stated character from an undefined font family. For example,
plain TeX doesn't allow \it or \sl in subscripts. Proceed,
and I'll try to forget that I needed that character.

! \textfont0 is undefined (character 111).
\Url@FormatString ...\Url@String \UrlRight \m@th $
                                                  
l.31 ...j1_416_basic_aug_scale_jitter_50_lr7e4.toml}
                                                  
Somewhere in the math formula just ended, you used the
stated character from an undefined font family. For example,
plain TeX doesn't allow \it or \sl in subscripts. Proceed,
and I'll try to forget that I needed that character.

! \textfont0 is undefined (character 120).
\Url@FormatString ...\Url@String \UrlRight \m@th $
                                                  
l.31 ...j1_416_basic_aug_scale_jitter_50_lr7e4.toml}
                                                  
Somewhere in the math formula just ended, you used the
stated character from an undefined font family. For example,
plain TeX doesn't allow \it or \sl in subscripts. Proceed,
and I'll try to forget that I needed that character.

! \textfont0 is undefined (character 120).
\Url@FormatString ...\Url@String \UrlRight \m@th $
                                                  
l.31 ...j1_416_basic_aug_scale_jitter_50_lr7e4.toml}
                                                  
Somewhere in the math formula just ended, you used the
stated character from an undefined font family. For example,
plain TeX doesn't allow \it or \sl in subscripts. Proceed,
and I'll try to forget that I needed that character.

! \textfont0 is undefined (character 95).
\Url@FormatString ...\Url@String \UrlRight \m@th $
                                                  
l.31 ...j1_416_basic_aug_scale_jitter_50_lr7e4.toml}
                                                  
Somewhere in the math formula just ended, you used the
stated character from an undefined font family. For example,
plain TeX doesn't allow \it or \sl in subscripts. Proceed,
and I'll try to forget that I needed that character.

! \textfont0 is undefined (character 99).
\Url@FormatString ...\Url@String \UrlRight \m@th $
                                                  
l.31 ...j1_416_basic_aug_scale_jitter_50_lr7e4.toml}
                                                  
Somewhere in the math formula just ended, you used the
stated character from an undefined font family. For example,
plain TeX doesn't allow \it or \sl in subscripts. Proceed,
and I'll try to forget that I needed that character.

! \textfont0 is undefined (character 99).
\Url@FormatString ...\Url@String \UrlRight \m@th $
                                                  
l.31 ...j1_416_basic_aug_scale_jitter_50_lr7e4.toml}
                                                  
Somewhere in the math formula just ended, you used the
stated character from an undefined font family. For example,
plain TeX doesn't allow \it or \sl in subscripts. Proceed,
and I'll try to forget that I needed that character.

! \textfont0 is undefined (character 111).
\Url@FormatString ...\Url@String \UrlRight \m@th $
                                                  
l.31 ...j1_416_basic_aug_scale_jitter_50_lr7e4.toml}
                                                  
Somewhere in the math formula just ended, you used the
stated character from an undefined font family. For example,
plain TeX doesn't allow \it or \sl in subscripts. Proceed,
and I'll try to forget that I needed that character.

! \textfont0 is undefined (character 111).
\Url@FormatString ...\Url@String \UrlRight \m@th $
                                                  
l.31 ...j1_416_basic_aug_scale_jitter_50_lr7e4.toml}
                                                  
Somewhere in the math formula just ended, you used the
stated character from an undefined font family. For example,
plain TeX doesn't allow \it or \sl in subscripts. Proceed,
and I'll try to forget that I needed that character.

! \textfont0 is undefined (character 99).
\Url@FormatString ...\Url@String \UrlRight \m@th $
                                                  
l.31 ...j1_416_basic_aug_scale_jitter_50_lr7e4.toml}
                                                  
Somewhere in the math formula just ended, you used the
stated character from an undefined font family. For example,
plain TeX doesn't allow \it or \sl in subscripts. Proceed,
and I'll try to forget that I needed that character.

! \textfont0 is undefined (character 99).
\Url@FormatString ...\Url@String \UrlRight \m@th $
                                                  
l.31 ...j1_416_basic_aug_scale_jitter_50_lr7e4.toml}
                                                  
Somewhere in the math formula just ended, you used the
stated character from an undefined font family. For example,
plain TeX doesn't allow \it or \sl in subscripts. Proceed,
and I'll try to forget that I needed that character.

! \textfont0 is undefined (character 111).
\Url@FormatString ...\Url@String \UrlRight \m@th $
                                                  
l.31 ...j1_416_basic_aug_scale_jitter_50_lr7e4.toml}
                                                  
Somewhere in the math formula just ended, you used the
stated character from an undefined font family. For example,
plain TeX doesn't allow \it or \sl in subscripts. Proceed,
and I'll try to forget that I needed that character.

! \textfont0 is undefined (character 111).
\Url@FormatString ...\Url@String \UrlRight \m@th $
                                                  
l.31 ...j1_416_basic_aug_scale_jitter_50_lr7e4.toml}
                                                  
Somewhere in the math formula just ended, you used the
stated character from an undefined font family. For example,
plain TeX doesn't allow \it or \sl in subscripts. Proceed,
and I'll try to forget that I needed that character.

! \textfont0 is undefined (character 95).
\Url@FormatString ...\Url@String \UrlRight \m@th $
                                                  
l.31 ...j1_416_basic_aug_scale_jitter_50_lr7e4.toml}
                                                  
Somewhere in the math formula just ended, you used the
stated character from an undefined font family. For example,
plain TeX doesn't allow \it or \sl in subscripts. Proceed,
and I'll try to forget that I needed that character.

! \textfont0 is undefined (character 111).
\Url@FormatString ...\Url@String \UrlRight \m@th $
                                                  
l.31 ...j1_416_basic_aug_scale_jitter_50_lr7e4.toml}
                                                  
Somewhere in the math formula just ended, you used the
stated character from an undefined font family. For example,
plain TeX doesn't allow \it or \sl in subscripts. Proceed,
and I'll try to forget that I needed that character.

! \textfont0 is undefined (character 111).
\Url@FormatString ...\Url@String \UrlRight \m@th $
                                                  
l.31 ...j1_416_basic_aug_scale_jitter_50_lr7e4.toml}
                                                  
Somewhere in the math formula just ended, you used the
stated character from an undefined font family. For example,
plain TeX doesn't allow \it or \sl in subscripts. Proceed,
and I'll try to forget that I needed that character.

! \textfont0 is undefined (character 110).
\Url@FormatString ...\Url@String \UrlRight \m@th $
                                                  
l.31 ...j1_416_basic_aug_scale_jitter_50_lr7e4.toml}
                                                  
Somewhere in the math formula just ended, you used the
stated character from an undefined font family. For example,
plain TeX doesn't allow \it or \sl in subscripts. Proceed,
and I'll try to forget that I needed that character.

! \textfont0 is undefined (character 110).
\Url@FormatString ...\Url@String \UrlRight \m@th $
                                                  
l.31 ...j1_416_basic_aug_scale_jitter_50_lr7e4.toml}
                                                  
Somewhere in the math formula just ended, you used the
stated character from an undefined font family. For example,
plain TeX doesn't allow \it or \sl in subscripts. Proceed,
and I'll try to forget that I needed that character.

! \textfont0 is undefined (character 108).
\Url@FormatString ...\Url@String \UrlRight \m@th $
                                                  
l.31 ...j1_416_basic_aug_scale_jitter_50_lr7e4.toml}
                                                  
Somewhere in the math formula just ended, you used the
stated character from an undefined font family. For example,
plain TeX doesn't allow \it or \sl in subscripts. Proceed,
and I'll try to forget that I needed that character.

! \textfont0 is undefined (character 108).
\Url@FormatString ...\Url@String \UrlRight \m@th $
                                                  
l.31 ...j1_416_basic_aug_scale_jitter_50_lr7e4.toml}
                                                  
Somewhere in the math formula just ended, you used the
stated character from an undefined font family. For example,
plain TeX doesn't allow \it or \sl in subscripts. Proceed,
and I'll try to forget that I needed that character.

! \textfont0 is undefined (character 121).
\Url@FormatString ...\Url@String \UrlRight \m@th $
                                                  
l.31 ...j1_416_basic_aug_scale_jitter_50_lr7e4.toml}
                                                  
Somewhere in the math formula just ended, you used the
stated character from an undefined font family. For example,
plain TeX doesn't allow \it or \sl in subscripts. Proceed,
and I'll try to forget that I needed that character.

! \textfont0 is undefined (character 121).
\Url@FormatString ...\Url@String \UrlRight \m@th $
                                                  
l.31 ...j1_416_basic_aug_scale_jitter_50_lr7e4.toml}
                                                  
Somewhere in the math formula just ended, you used the
stated character from an undefined font family. For example,
plain TeX doesn't allow \it or \sl in subscripts. Proceed,
and I'll try to forget that I needed that character.

! \textfont0 is undefined (character 95).
\Url@FormatString ...\Url@String \UrlRight \m@th $
                                                  
l.31 ...j1_416_basic_aug_scale_jitter_50_lr7e4.toml}
                                                  
Somewhere in the math formula just ended, you used the
stated character from an undefined font family. For example,
plain TeX doesn't allow \it or \sl in subscripts. Proceed,
and I'll try to forget that I needed that character.

! \textfont0 is undefined (character 110).
\Url@FormatString ...\Url@String \UrlRight \m@th $
                                                  
l.31 ...j1_416_basic_aug_scale_jitter_50_lr7e4.toml}
                                                  
Somewhere in the math formula just ended, you used the
stated character from an undefined font family. For example,
plain TeX doesn't allow \it or \sl in subscripts. Proceed,
and I'll try to forget that I needed that character.

! \textfont0 is undefined (character 110).
\Url@FormatString ...\Url@String \UrlRight \m@th $
                                                  
l.31 ...j1_416_basic_aug_scale_jitter_50_lr7e4.toml}
                                                  
Somewhere in the math formula just ended, you used the
stated character from an undefined font family. For example,
plain TeX doesn't allow \it or \sl in subscripts. Proceed,
and I'll try to forget that I needed that character.

! \textfont0 is undefined (character 111).
\Url@FormatString ...\Url@String \UrlRight \m@th $
                                                  
l.31 ...j1_416_basic_aug_scale_jitter_50_lr7e4.toml}
                                                  
Somewhere in the math formula just ended, you used the
stated character from an undefined font family. For example,
plain TeX doesn't allow \it or \sl in subscripts. Proceed,
and I'll try to forget that I needed that character.

! \textfont0 is undefined (character 111).
\Url@FormatString ...\Url@String \UrlRight \m@th $
                                                  
l.31 ...j1_416_basic_aug_scale_jitter_50_lr7e4.toml}
                                                  
Somewhere in the math formula just ended, you used the
stated character from an undefined font family. For example,
plain TeX doesn't allow \it or \sl in subscripts. Proceed,
and I'll try to forget that I needed that character.

! \textfont0 is undefined (character 111).
\Url@FormatString ...\Url@String \UrlRight \m@th $
                                                  
l.31 ...j1_416_basic_aug_scale_jitter_50_lr7e4.toml}
                                                  
Somewhere in the math formula just ended, you used the
stated character from an undefined font family. For example,
plain TeX doesn't allow \it or \sl in subscripts. Proceed,
and I'll try to forget that I needed that character.

! \textfont0 is undefined (character 111).
\Url@FormatString ...\Url@String \UrlRight \m@th $
                                                  
l.31 ...j1_416_basic_aug_scale_jitter_50_lr7e4.toml}
                                                  
Somewhere in the math formula just ended, you used the
stated character from an undefined font family. For example,
plain TeX doesn't allow \it or \sl in subscripts. Proceed,
and I'll try to forget that I needed that character.

! \textfont0 is undefined (character 98).
\Url@FormatString ...\Url@String \UrlRight \m@th $
                                                  
l.31 ...j1_416_basic_aug_scale_jitter_50_lr7e4.toml}
                                                  
Somewhere in the math formula just ended, you used the
stated character from an undefined font family. For example,
plain TeX doesn't allow \it or \sl in subscripts. Proceed,
and I'll try to forget that I needed that character.

! \textfont0 is undefined (character 98).
\Url@FormatString ...\Url@String \UrlRight \m@th $
                                                  
l.31 ...j1_416_basic_aug_scale_jitter_50_lr7e4.toml}
                                                  
Somewhere in the math formula just ended, you used the
stated character from an undefined font family. For example,
plain TeX doesn't allow \it or \sl in subscripts. Proceed,
and I'll try to forget that I needed that character.

! \textfont0 is undefined (character 106).
\Url@FormatString ...\Url@String \UrlRight \m@th $
                                                  
l.31 ...j1_416_basic_aug_scale_jitter_50_lr7e4.toml}
                                                  
Somewhere in the math formula just ended, you used the
stated character from an undefined font family. For example,
plain TeX doesn't allow \it or \sl in subscripts. Proceed,
and I'll try to forget that I needed that character.

! \textfont0 is undefined (character 106).
\Url@FormatString ...\Url@String \UrlRight \m@th $
                                                  
l.31 ...j1_416_basic_aug_scale_jitter_50_lr7e4.toml}
                                                  
Somewhere in the math formula just ended, you used the
stated character from an undefined font family. For example,
plain TeX doesn't allow \it or \sl in subscripts. Proceed,
and I'll try to forget that I needed that character.

! \textfont0 is undefined (character 49).
\Url@FormatString ...\Url@String \UrlRight \m@th $
                                                  
l.31 ...j1_416_basic_aug_scale_jitter_50_lr7e4.toml}
                                                  
Somewhere in the math formula just ended, you used the
stated character from an undefined font family. For example,
plain TeX doesn't allow \it or \sl in subscripts. Proceed,
and I'll try to forget that I needed that character.

! \textfont0 is undefined (character 49).
\Url@FormatString ...\Url@String \UrlRight \m@th $
                                                  
l.31 ...j1_416_basic_aug_scale_jitter_50_lr7e4.toml}
                                                  
Somewhere in the math formula just ended, you used the
stated character from an undefined font family. For example,
plain TeX doesn't allow \it or \sl in subscripts. Proceed,
and I'll try to forget that I needed that character.

! \textfont0 is undefined (character 95).
\Url@FormatString ...\Url@String \UrlRight \m@th $
                                                  
l.31 ...j1_416_basic_aug_scale_jitter_50_lr7e4.toml}
                                                  
Somewhere in the math formula just ended, you used the
stated character from an undefined font family. For example,
plain TeX doesn't allow \it or \sl in subscripts. Proceed,
and I'll try to forget that I needed that character.

! \textfont0 is undefined (character 52).
\Url@FormatString ...\Url@String \UrlRight \m@th $
                                                  
l.31 ...j1_416_basic_aug_scale_jitter_50_lr7e4.toml}
                                                  
Somewhere in the math formula just ended, you used the
stated character from an undefined font family. For example,
plain TeX doesn't allow \it or \sl in subscripts. Proceed,
and I'll try to forget that I needed that character.

! \textfont0 is undefined (character 52).
\Url@FormatString ...\Url@String \UrlRight \m@th $
                                                  
l.31 ...j1_416_basic_aug_scale_jitter_50_lr7e4.toml}
                                                  
Somewhere in the math formula just ended, you used the
stated character from an undefined font family. For example,
plain TeX doesn't allow \it or \sl in subscripts. Proceed,
and I'll try to forget that I needed that character.

! \textfont0 is undefined (character 49).
\Url@FormatString ...\Url@String \UrlRight \m@th $
                                                  
l.31 ...j1_416_basic_aug_scale_jitter_50_lr7e4.toml}
                                                  
Somewhere in the math formula just ended, you used the
stated character from an undefined font family. For example,
plain TeX doesn't allow \it or \sl in subscripts. Proceed,
and I'll try to forget that I needed that character.

! \textfont0 is undefined (character 49).
\Url@FormatString ...\Url@String \UrlRight \m@th $
                                                  
l.31 ...j1_416_basic_aug_scale_jitter_50_lr7e4.toml}
                                                  
Somewhere in the math formula just ended, you used the
stated character from an undefined font family. For example,
plain TeX doesn't allow \it or \sl in subscripts. Proceed,
and I'll try to forget that I needed that character.

! \textfont0 is undefined (character 54).
\Url@FormatString ...\Url@String \UrlRight \m@th $
                                                  
l.31 ...j1_416_basic_aug_scale_jitter_50_lr7e4.toml}
                                                  
Somewhere in the math formula just ended, you used the
stated character from an undefined font family. For example,
plain TeX doesn't allow \it or \sl in subscripts. Proceed,
and I'll try to forget that I needed that character.

! \textfont0 is undefined (character 54).
\Url@FormatString ...\Url@String \UrlRight \m@th $
                                                  
l.31 ...j1_416_basic_aug_scale_jitter_50_lr7e4.toml}
                                                  
Somewhere in the math formula just ended, you used the
stated character from an undefined font family. For example,
plain TeX doesn't allow \it or \sl in subscripts. Proceed,
and I'll try to forget that I needed that character.

! \textfont0 is undefined (character 95).
\Url@FormatString ...\Url@String \UrlRight \m@th $
                                                  
l.31 ...j1_416_basic_aug_scale_jitter_50_lr7e4.toml}
                                                  
Somewhere in the math formula just ended, you used the
stated character from an undefined font family. For example,
plain TeX doesn't allow \it or \sl in subscripts. Proceed,
and I'll try to forget that I needed that character.

! \textfont0 is undefined (character 98).
\Url@FormatString ...\Url@String \UrlRight \m@th $
                                                  
l.31 ...j1_416_basic_aug_scale_jitter_50_lr7e4.toml}
                                                  
Somewhere in the math formula just ended, you used the
stated character from an undefined font family. For example,
plain TeX doesn't allow \it or \sl in subscripts. Proceed,
and I'll try to forget that I needed that character.

! \textfont0 is undefined (character 98).
\Url@FormatString ...\Url@String \UrlRight \m@th $
                                                  
l.31 ...j1_416_basic_aug_scale_jitter_50_lr7e4.toml}
                                                  
Somewhere in the math formula just ended, you used the
stated character from an undefined font family. For example,
plain TeX doesn't allow \it or \sl in subscripts. Proceed,
and I'll try to forget that I needed that character.

! \textfont0 is undefined (character 97).
\Url@FormatString ...\Url@String \UrlRight \m@th $
                                                  
l.31 ...j1_416_basic_aug_scale_jitter_50_lr7e4.toml}
                                                  
Somewhere in the math formula just ended, you used the
stated character from an undefined font family. For example,
plain TeX doesn't allow \it or \sl in subscripts. Proceed,
and I'll try to forget that I needed that character.

! \textfont0 is undefined (character 97).
\Url@FormatString ...\Url@String \UrlRight \m@th $
                                                  
l.31 ...j1_416_basic_aug_scale_jitter_50_lr7e4.toml}
                                                  
Somewhere in the math formula just ended, you used the
stated character from an undefined font family. For example,
plain TeX doesn't allow \it or \sl in subscripts. Proceed,
and I'll try to forget that I needed that character.

! \textfont0 is undefined (character 115).
\Url@FormatString ...\Url@String \UrlRight \m@th $
                                                  
l.31 ...j1_416_basic_aug_scale_jitter_50_lr7e4.toml}
                                                  
Somewhere in the math formula just ended, you used the
stated character from an undefined font family. For example,
plain TeX doesn't allow \it or \sl in subscripts. Proceed,
and I'll try to forget that I needed that character.

! \textfont0 is undefined (character 115).
\Url@FormatString ...\Url@String \UrlRight \m@th $
                                                  
l.31 ...j1_416_basic_aug_scale_jitter_50_lr7e4.toml}
                                                  
Somewhere in the math formula just ended, you used the
stated character from an undefined font family. For example,
plain TeX doesn't allow \it or \sl in subscripts. Proceed,
and I'll try to forget that I needed that character.

! \textfont0 is undefined (character 105).
\Url@FormatString ...\Url@String \UrlRight \m@th $
                                                  
l.31 ...j1_416_basic_aug_scale_jitter_50_lr7e4.toml}
                                                  
Somewhere in the math formula just ended, you used the
stated character from an undefined font family. For example,
plain TeX doesn't allow \it or \sl in subscripts. Proceed,
and I'll try to forget that I needed that character.

! \textfont0 is undefined (character 105).
\Url@FormatString ...\Url@String \UrlRight \m@th $
                                                  
l.31 ...j1_416_basic_aug_scale_jitter_50_lr7e4.toml}
                                                  
(That makes 100 errors; please try again.)

Here is how much of LuaTeX's memory you used:
 13348 strings out of 476553
 100000,1977958 words of node,token memory allocated
 2627 words of node memory still in use:
   17 hlist, 1 vlist, 1 rule, 2 disc, 6 local_par, 2 dir, 3 math, 61 glue, 13 pe
nalty, 86 noad, 32 math_char, 1 math_text_char, 97 glyph, 67 glue_spec, 1 temp, 
1 shape, 3 write, 2 pdf_dest nodes
   avail lists: 1:1,2:16,3:53,4:6,5:2,9:1,10:5
 35172 multiletter control sequences out of 65536+600000
 31 fonts using 1306475 bytes
 79i,4n,89p,268b,340s stack positions out of 10000i,1000n,20000p,200000b,200000s
!  ==> Fatal error occurred, no output PDF file produced!
