This is pdfTeX, Version 3.141592653-2.6-1.40.25 (TeX Live 2023/Debian) (preloaded format=pdflatex 2026.4.8)  3 MAY 2026 17:15
entering extended mode
 restricted \write18 enabled.
 %&-line parsing enabled.
**report/final_version1.tex
(./report/final_version1.tex
LaTeX2e <2023-11-01> patch level 1
L3 programming layer <2024-01-22>
(/usr/share/texlive/texmf-dist/tex/latex/base/article.cls
Document Class: article 2023/05/17 v1.4n Standard LaTeX document class
(/usr/share/texlive/texmf-dist/tex/latex/base/size11.clo
File: size11.clo 2023/05/17 v1.4n Standard LaTeX file (size option)
)
\c@part=\count187
\c@section=\count188
\c@subsection=\count189
\c@subsubsection=\count190
\c@paragraph=\count191
\c@subparagraph=\count192
\c@figure=\count193
\c@table=\count194
\abovecaptionskip=\skip48
\belowcaptionskip=\skip49
\bibindent=\dimen140
)
(/tmp/yolo_texlive_extract/usr/share/texmf/tex/latex/CJK/CJKutf8.sty
Package: CJKutf8 2021/10/16 4.8.5

(/usr/share/texlive/texmf-dist/tex/generic/iftex/ifpdf.sty
Package: ifpdf 2019/10/25 v3.4 ifpdf legacy package. Use iftex instead.

(/usr/share/texlive/texmf-dist/tex/generic/iftex/iftex.sty
Package: iftex 2022/02/03 v1.0f TeX engine tests
))
(/usr/share/texlive/texmf-dist/tex/latex/base/inputenc.sty
Package: inputenc 2021/02/14 v1.3d Input encoding file
\inpenc@prehook=\toks17
\inpenc@posthook=\toks18
)
(/tmp/yolo_texlive_extract/usr/share/texmf/tex/latex/CJK/CJK.sty
Package: CJK 2021/10/16 4.8.5

(/tmp/yolo_texlive_extract/usr/share/texmf/tex/latex/CJK/mule/MULEenc.sty
Package: MULEenc 2021/10/16 4.8.5
)
(/tmp/yolo_texlive_extract/usr/share/texmf/tex/latex/CJK/CJK.enc
File: CJK.enc 2021/10/16 4.8.5
Now handling font encoding C00 ...
... no UTF-8 mapping file for font encoding C00
Now handling font encoding C05 ...
... no UTF-8 mapping file for font encoding C05
Now handling font encoding C09 ...
... no UTF-8 mapping file for font encoding C09
Now handling font encoding C10 ...
... no UTF-8 mapping file for font encoding C10
Now handling font encoding C20 ...
... no UTF-8 mapping file for font encoding C20
Now handling font encoding C19 ...
... no UTF-8 mapping file for font encoding C19
Now handling font encoding C40 ...
... no UTF-8 mapping file for font encoding C40
Now handling font encoding C42 ...
... no UTF-8 mapping file for font encoding C42
Now handling font encoding C43 ...
... no UTF-8 mapping file for font encoding C43
Now handling font encoding C50 ...
... no UTF-8 mapping file for font encoding C50
Now handling font encoding C52 ...
... no UTF-8 mapping file for font encoding C52
Now handling font encoding C49 ...
... no UTF-8 mapping file for font encoding C49
Now handling font encoding C60 ...
... no UTF-8 mapping file for font encoding C60
Now handling font encoding C61 ...
... no UTF-8 mapping file for font encoding C61
Now handling font encoding C63 ...
... no UTF-8 mapping file for font encoding C63
Now handling font encoding C64 ...
... no UTF-8 mapping file for font encoding C64
Now handling font encoding C65 ...
... no UTF-8 mapping file for font encoding C65
Now handling font encoding C70 ...
... no UTF-8 mapping file for font encoding C70
Now handling font encoding C31 ...
... no UTF-8 mapping file for font encoding C31
Now handling font encoding C32 ...
... no UTF-8 mapping file for font encoding C32
Now handling font encoding C33 ...
... no UTF-8 mapping file for font encoding C33
Now handling font encoding C34 ...
... no UTF-8 mapping file for font encoding C34
Now handling font encoding C35 ...
... no UTF-8 mapping file for font encoding C35
Now handling font encoding C36 ...
... no UTF-8 mapping file for font encoding C36
Now handling font encoding C37 ...
... no UTF-8 mapping file for font encoding C37
Now handling font encoding C80 ...
... no UTF-8 mapping file for font encoding C80
Now handling font encoding C81 ...
... no UTF-8 mapping file for font encoding C81
Now handling font encoding C01 ...
... no UTF-8 mapping file for font encoding C01
Now handling font encoding C11 ...
... no UTF-8 mapping file for font encoding C11
Now handling font encoding C21 ...
... no UTF-8 mapping file for font encoding C21
Now handling font encoding C41 ...
... no UTF-8 mapping file for font encoding C41
Now handling font encoding C62 ...
... no UTF-8 mapping file for font encoding C62
)
\CJK@indent=\box51
)
(/usr/share/texlive/texmf-dist/tex/latex/base/fontenc.sty
Package: fontenc 2021/04/29 v2.0v Standard LaTeX package
))
(/usr/share/texlive/texmf-dist/tex/latex/geometry/geometry.sty
Package: geometry 2020/01/02 v5.9 Page Geometry

(/usr/share/texlive/texmf-dist/tex/latex/graphics/keyval.sty
Package: keyval 2022/05/29 v1.15 key=value parser (DPC)
\KV@toks@=\toks19
)
(/usr/share/texlive/texmf-dist/tex/generic/iftex/ifvtex.sty
Package: ifvtex 2019/10/25 v1.7 ifvtex legacy package. Use iftex instead.
)
\Gm@cnth=\count195
\Gm@cntv=\count196
\c@Gm@tempcnt=\count197
\Gm@bindingoffset=\dimen141
\Gm@wd@mp=\dimen142
\Gm@odd@mp=\dimen143
\Gm@even@mp=\dimen144
\Gm@layoutwidth=\dimen145
\Gm@layoutheight=\dimen146
\Gm@layouthoffset=\dimen147
\Gm@layoutvoffset=\dimen148
\Gm@dimlist=\toks20
)
(/usr/share/texlive/texmf-dist/tex/latex/graphics/graphicx.sty
Package: graphicx 2021/09/16 v1.2d Enhanced LaTeX Graphics (DPC,SPQR)

(/usr/share/texlive/texmf-dist/tex/latex/graphics/graphics.sty
Package: graphics 2022/03/10 v1.4e Standard LaTeX Graphics (DPC,SPQR)

(/usr/share/texlive/texmf-dist/tex/latex/graphics/trig.sty
Package: trig 2021/08/11 v1.11 sin cos tan (DPC)
)
(/usr/share/texlive/texmf-dist/tex/latex/graphics-cfg/graphics.cfg
File: graphics.cfg 2016/06/04 v1.11 sample graphics configuration
)
Package graphics Info: Driver file: pdftex.def on input line 107.

(/usr/share/texlive/texmf-dist/tex/latex/graphics-def/pdftex.def
File: pdftex.def 2022/09/22 v1.2b Graphics/color driver for pdftex
))
\Gin@req@height=\dimen149
\Gin@req@width=\dimen150
)
(/usr/share/texlive/texmf-dist/tex/latex/booktabs/booktabs.sty
Package: booktabs 2020/01/12 v1.61803398 Publication quality tables
\heavyrulewidth=\dimen151
\lightrulewidth=\dimen152
\cmidrulewidth=\dimen153
\belowrulesep=\dimen154
\belowbottomsep=\dimen155
\aboverulesep=\dimen156
\abovetopsep=\dimen157
\cmidrulesep=\dimen158
\cmidrulekern=\dimen159
\defaultaddspace=\dimen160
\@cmidla=\count198
\@cmidlb=\count199
\@aboverulesep=\dimen161
\@belowrulesep=\dimen162
\@thisruleclass=\count266
\@lastruleclass=\count267
\@thisrulewidth=\dimen163
)
(/usr/share/texlive/texmf-dist/tex/latex/tools/longtable.sty
Package: longtable 2023-11-01 v4.19 Multi-page Table package (DPC)
\LTleft=\skip50
\LTright=\skip51
\LTpre=\skip52
\LTpost=\skip53
\LTchunksize=\count268
\LTcapwidth=\dimen164
\LT@head=\box52
\LT@firsthead=\box53
\LT@foot=\box54
\LT@lastfoot=\box55
\LT@gbox=\box56
\LT@cols=\count269
\LT@rows=\count270
\c@LT@tables=\count271
\c@LT@chunks=\count272
\LT@p@ftn=\toks21
)
(/usr/share/texlive/texmf-dist/tex/latex/float/float.sty
Package: float 2001/11/08 v1.3d Float enhancements (AL)
\c@float@type=\count273
\float@exts=\toks22
\float@box=\box57
\@float@everytoks=\toks23
\@floatcapt=\box58
)
(/usr/share/texlive/texmf-dist/tex/latex/hyperref/hyperref.sty
Package: hyperref 2024-01-20 v7.01h Hypertext links for LaTeX

(/usr/share/texlive/texmf-dist/tex/latex/kvsetkeys/kvsetkeys.sty
Package: kvsetkeys 2022-10-05 v1.19 Key value parser (HO)
)
(/usr/share/texlive/texmf-dist/tex/generic/kvdefinekeys/kvdefinekeys.sty
Package: kvdefinekeys 2019-12-19 v1.6 Define keys (HO)
)
(/usr/share/texlive/texmf-dist/tex/generic/pdfescape/pdfescape.sty
Package: pdfescape 2019/12/09 v1.15 Implements pdfTeX's escape features (HO)

(/usr/share/texlive/texmf-dist/tex/generic/ltxcmds/ltxcmds.sty
Package: ltxcmds 2023-12-04 v1.26 LaTeX kernel commands for general use (HO)
)
(/usr/share/texlive/texmf-dist/tex/generic/pdftexcmds/pdftexcmds.sty
Package: pdftexcmds 2020-06-27 v0.33 Utility functions of pdfTeX for LuaTeX (HO
)

(/usr/share/texlive/texmf-dist/tex/generic/infwarerr/infwarerr.sty
Package: infwarerr 2019/12/03 v1.5 Providing info/warning/error messages (HO)
)
Package pdftexcmds Info: \pdf@primitive is available.
Package pdftexcmds Info: \pdf@ifprimitive is available.
Package pdftexcmds Info: \pdfdraftmode found.
))
(/usr/share/texlive/texmf-dist/tex/latex/hycolor/hycolor.sty
Package: hycolor 2020-01-27 v1.10 Color options for hyperref/bookmark (HO)
)
(/usr/share/texlive/texmf-dist/tex/latex/auxhook/auxhook.sty
Package: auxhook 2019-12-17 v1.6 Hooks for auxiliary files (HO)
)
(/usr/share/texlive/texmf-dist/tex/latex/hyperref/nameref.sty
Package: nameref 2023-11-26 v2.56 Cross-referencing by name of section

(/usr/share/texlive/texmf-dist/tex/latex/refcount/refcount.sty
Package: refcount 2019/12/15 v3.6 Data extraction from label references (HO)
)
(/usr/share/texlive/texmf-dist/tex/generic/gettitlestring/gettitlestring.sty
Package: gettitlestring 2019/12/15 v1.6 Cleanup title references (HO)

(/usr/share/texlive/texmf-dist/tex/latex/kvoptions/kvoptions.sty
Package: kvoptions 2022-06-15 v3.15 Key value format for package options (HO)
))
\c@section@level=\count274
)
(/usr/share/texlive/texmf-dist/tex/latex/etoolbox/etoolbox.sty
Package: etoolbox 2020/10/05 v2.5k e-TeX tools for LaTeX (JAW)
\etb@tempcnta=\count275
)
\@linkdim=\dimen165
\Hy@linkcounter=\count276
\Hy@pagecounter=\count277

(/usr/share/texlive/texmf-dist/tex/latex/hyperref/pd1enc.def
File: pd1enc.def 2024-01-20 v7.01h Hyperref: PDFDocEncoding definition (HO)
Now handling font encoding PD1 ...
... no UTF-8 mapping file for font encoding PD1
)
(/usr/share/texlive/texmf-dist/tex/generic/intcalc/intcalc.sty
Package: intcalc 2019/12/15 v1.3 Expandable calculations with integers (HO)
)
\Hy@SavedSpaceFactor=\count278

(/usr/share/texlive/texmf-dist/tex/latex/hyperref/puenc.def
File: puenc.def 2024-01-20 v7.01h Hyperref: PDF Unicode definition (HO)
Now handling font encoding PU ...
... no UTF-8 mapping file for font encoding PU
)
Package hyperref Info: Hyper figures OFF on input line 4179.
Package hyperref Info: Link nesting OFF on input line 4184.
Package hyperref Info: Hyper index ON on input line 4187.
Package hyperref Info: Plain pages OFF on input line 4194.
Package hyperref Info: Backreferencing OFF on input line 4199.
Package hyperref Info: Implicit mode ON; LaTeX internals redefined.
Package hyperref Info: Bookmarks ON on input line 4446.
\c@Hy@tempcnt=\count279

(/usr/share/texlive/texmf-dist/tex/latex/url/url.sty
\Urlmuskip=\muskip16
Package: url 2013/09/16  ver 3.4  Verb mode for urls, etc.
)
LaTeX Info: Redefining \url on input line 4784.
\XeTeXLinkMargin=\dimen166

(/usr/share/texlive/texmf-dist/tex/generic/bitset/bitset.sty
Package: bitset 2019/12/09 v1.3 Handle bit-vector datatype (HO)

(/usr/share/texlive/texmf-dist/tex/generic/bigintcalc/bigintcalc.sty
Package: bigintcalc 2019/12/15 v1.5 Expandable calculations on big integers (HO
)
))
\Fld@menulength=\count280
\Field@Width=\dimen167
\Fld@charsize=\dimen168
Package hyperref Info: Hyper figures OFF on input line 6063.
Package hyperref Info: Link nesting OFF on input line 6068.
Package hyperref Info: Hyper index ON on input line 6071.
Package hyperref Info: backreferencing OFF on input line 6078.
Package hyperref Info: Link coloring OFF on input line 6083.
Package hyperref Info: Link coloring with OCG OFF on input line 6088.
Package hyperref Info: PDF/A mode OFF on input line 6093.

(/usr/share/texlive/texmf-dist/tex/latex/base/atbegshi-ltx.sty
Package: atbegshi-ltx 2021/01/10 v1.0c Emulation of the original atbegshi
package with kernel methods
)
\Hy@abspage=\count281
\c@Item=\count282
\c@Hfootnote=\count283
)
Package hyperref Info: Driver (autodetected): hpdftex.

(/usr/share/texlive/texmf-dist/tex/latex/hyperref/hpdftex.def
File: hpdftex.def 2024-01-20 v7.01h Hyperref driver for pdfTeX

(/usr/share/texlive/texmf-dist/tex/latex/base/atveryend-ltx.sty
Package: atveryend-ltx 2020/08/19 v1.0a Emulation of the original atveryend pac
kage
with kernel methods
)
\Fld@listcount=\count284
\c@bookmark@seq@number=\count285

(/usr/share/texlive/texmf-dist/tex/latex/rerunfilecheck/rerunfilecheck.sty
Package: rerunfilecheck 2022-07-10 v1.10 Rerun checks for auxiliary files (HO)

(/usr/share/texlive/texmf-dist/tex/generic/uniquecounter/uniquecounter.sty
Package: uniquecounter 2019/12/15 v1.4 Provide unlimited unique counter (HO)
)
Package uniquecounter Info: New unique counter `rerunfilecheck' on input line 2
85.
)
\Hy@SectionHShift=\skip54
)
(/usr/share/texlive/texmf-dist/tex/latex/tools/array.sty
Package: array 2023/10/16 v2.5g Tabular extension package (FMi)
\col@sep=\dimen169
\ar@mcellbox=\box59
\extrarowheight=\dimen170
\NC@list=\toks24
\extratabsurround=\skip55
\backup@length=\skip56
\ar@cellbox=\box60
)
(/usr/share/texlive/texmf-dist/tex/latex/caption/caption.sty
Package: caption 2023/08/05 v3.6o Customizing captions (AR)

(/usr/share/texlive/texmf-dist/tex/latex/caption/caption3.sty
Package: caption3 2023/07/31 v2.4d caption3 kernel (AR)
\caption@tempdima=\dimen171
\captionmargin=\dimen172
\caption@leftmargin=\dimen173
\caption@rightmargin=\dimen174
\caption@width=\dimen175
\caption@indent=\dimen176
\caption@parindent=\dimen177
\caption@hangindent=\dimen178
Package caption Info: Standard document class detected.
)
\c@caption@flags=\count286
\c@continuedfloat=\count287
Package caption Info: float package is loaded.
Package caption Info: hyperref package is loaded.
Package caption Info: longtable package is loaded.

(/usr/share/texlive/texmf-dist/tex/latex/caption/ltcaption.sty
Package: ltcaption 2021/01/08 v1.4c longtable captions (AR)
))
(/usr/share/texlive/texmf-dist/tex/latex/amsmath/amsmath.sty
Package: amsmath 2023/05/13 v2.17o AMS math features
\@mathmargin=\skip57

For additional information on amsmath, use the `?' option.
(/usr/share/texlive/texmf-dist/tex/latex/amsmath/amstext.sty
Package: amstext 2021/08/26 v2.01 AMS text

(/usr/share/texlive/texmf-dist/tex/latex/amsmath/amsgen.sty
File: amsgen.sty 1999/11/30 v2.0 generic functions
\@emptytoks=\toks25
\ex@=\dimen179
))
(/usr/share/texlive/texmf-dist/tex/latex/amsmath/amsbsy.sty
Package: amsbsy 1999/11/29 v1.2d Bold Symbols
\pmbraise@=\dimen180
)
(/usr/share/texlive/texmf-dist/tex/latex/amsmath/amsopn.sty
Package: amsopn 2022/04/08 v2.04 operator names
)
\inf@bad=\count288
LaTeX Info: Redefining \frac on input line 234.
\uproot@=\count289
\leftroot@=\count290
LaTeX Info: Redefining \overline on input line 399.
LaTeX Info: Redefining \colon on input line 410.
\classnum@=\count291
\DOTSCASE@=\count292
LaTeX Info: Redefining \ldots on input line 496.
LaTeX Info: Redefining \dots on input line 499.
LaTeX Info: Redefining \cdots on input line 620.
\Mathstrutbox@=\box61
\strutbox@=\box62
LaTeX Info: Redefining \big on input line 722.
LaTeX Info: Redefining \Big on input line 723.
LaTeX Info: Redefining \bigg on input line 724.
LaTeX Info: Redefining \Bigg on input line 725.
\big@size=\dimen181
LaTeX Font Info:    Redeclaring font encoding OML on input line 743.
LaTeX Font Info:    Redeclaring font encoding OMS on input line 744.
\macc@depth=\count293
LaTeX Info: Redefining \bmod on input line 905.
LaTeX Info: Redefining \pmod on input line 910.
LaTeX Info: Redefining \smash on input line 940.
LaTeX Info: Redefining \relbar on input line 970.
LaTeX Info: Redefining \Relbar on input line 971.
\c@MaxMatrixCols=\count294
\dotsspace@=\muskip17
\c@parentequation=\count295
\dspbrk@lvl=\count296
\tag@help=\toks26
\row@=\count297
\column@=\count298
\maxfields@=\count299
\andhelp@=\toks27
\eqnshift@=\dimen182
\alignsep@=\dimen183
\tagshift@=\dimen184
\tagwidth@=\dimen185
\totwidth@=\dimen186
\lineht@=\dimen187
\@envbody=\toks28
\multlinegap=\skip58
\multlinetaggap=\skip59
\mathdisplay@stack=\toks29
LaTeX Info: Redefining \[ on input line 2953.
LaTeX Info: Redefining \] on input line 2954.
)
(/usr/share/texlive/texmf-dist/tex/latex/amsfonts/amssymb.sty
Package: amssymb 2013/01/14 v3.01 AMS font symbols

(/usr/share/texlive/texmf-dist/tex/latex/amsfonts/amsfonts.sty
Package: amsfonts 2013/01/14 v3.01 Basic AMSFonts support
\symAMSa=\mathgroup4
\symAMSb=\mathgroup5
LaTeX Font Info:    Redeclaring math symbol \hbar on input line 98.
LaTeX Font Info:    Overwriting math alphabet `\mathfrak' in version `bold'
(Font)                  U/euf/m/n --> U/euf/b/n on input line 106.
))
(/usr/share/texlive/texmf-dist/tex/latex/multirow/multirow.sty
Package: multirow 2021/03/15 v2.8 Span multiple rows of a table
\multirow@colwidth=\skip60
\multirow@cntb=\count300
\multirow@dima=\skip61
\bigstrutjot=\dimen188
)
(/usr/share/texlive/texmf-dist/tex/latex/enumitem/enumitem.sty
Package: enumitem 2019/06/20 v3.9 Customized lists
\labelindent=\skip62
\enit@outerparindent=\dimen189
\enit@toks=\toks30
\enit@inbox=\box63
\enit@count@id=\count301
\enitdp@description=\count302
){/var/lib/texmf/fonts/map/pdftex/updmap/pdftex.map}{/tmp/yolo_texlive_extract/
usr/share/texmf/fonts/map/dvips/arphic/gbsnu.map}
(/usr/share/texlive/texmf-dist/tex/latex/l3backend/l3backend-pdftex.def
File: l3backend-pdftex.def 2024-01-04 L3 backend support: PDF output (pdfTeX)
\l__color_backend_stack_int=\count303
\l__pdf_internal_box=\box64
)
(report/final_version1.aux)
\openout1 = `final_version1.aux'.

LaTeX Font Info:    Checking defaults for OML/cmm/m/it on input line 24.
LaTeX Font Info:    ... okay on input line 24.
LaTeX Font Info:    Checking defaults for OMS/cmsy/m/n on input line 24.
LaTeX Font Info:    ... okay on input line 24.
LaTeX Font Info:    Checking defaults for OT1/cmr/m/n on input line 24.
LaTeX Font Info:    ... okay on input line 24.
LaTeX Font Info:    Checking defaults for T1/cmr/m/n on input line 24.
LaTeX Font Info:    ... okay on input line 24.
LaTeX Font Info:    Checking defaults for TS1/cmr/m/n on input line 24.
LaTeX Font Info:    ... okay on input line 24.
LaTeX Font Info:    Checking defaults for OMX/cmex/m/n on input line 24.
LaTeX Font Info:    ... okay on input line 24.
LaTeX Font Info:    Checking defaults for U/cmr/m/n on input line 24.
LaTeX Font Info:    ... okay on input line 24.
LaTeX Font Info:    Checking defaults for C00/song/m/n on input line 24.
LaTeX Font Info:    ... okay on input line 24.
LaTeX Font Info:    Checking defaults for C05/song/m/n on input line 24.
LaTeX Font Info:    ... okay on input line 24.
LaTeX Font Info:    Checking defaults for C09/song/m/n on input line 24.
LaTeX Font Info:    ... okay on input line 24.
LaTeX Font Info:    Checking defaults for C10/song/m/n on input line 24.
LaTeX Font Info:    ... okay on input line 24.
LaTeX Font Info:    Checking defaults for C20/song/m/n on input line 24.
LaTeX Font Info:    ... okay on input line 24.
LaTeX Font Info:    Checking defaults for C19/song/m/n on input line 24.
LaTeX Font Info:    ... okay on input line 24.
LaTeX Font Info:    Checking defaults for C40/song/m/n on input line 24.
LaTeX Font Info:    ... okay on input line 24.
LaTeX Font Info:    Checking defaults for C42/song/m/n on input line 24.
LaTeX Font Info:    ... okay on input line 24.
LaTeX Font Info:    Checking defaults for C43/song/m/n on input line 24.
LaTeX Font Info:    ... okay on input line 24.
LaTeX Font Info:    Checking defaults for C50/song/m/n on input line 24.
LaTeX Font Info:    ... okay on input line 24.
LaTeX Font Info:    Checking defaults for C52/song/m/n on input line 24.
LaTeX Font Info:    ... okay on input line 24.
LaTeX Font Info:    Checking defaults for C49/song/m/n on input line 24.
LaTeX Font Info:    ... okay on input line 24.
LaTeX Font Info:    Checking defaults for C60/mj/m/n on input line 24.
LaTeX Font Info:    ... okay on input line 24.
LaTeX Font Info:    Checking defaults for C61/mj/m/n on input line 24.
LaTeX Font Info:    ... okay on input line 24.
LaTeX Font Info:    Checking defaults for C63/mj/m/n on input line 24.
LaTeX Font Info:    ... okay on input line 24.
LaTeX Font Info:    Checking defaults for C64/mj/m/n on input line 24.
LaTeX Font Info:    ... okay on input line 24.
LaTeX Font Info:    Checking defaults for C65/mj/m/n on input line 24.
LaTeX Font Info:    ... okay on input line 24.
LaTeX Font Info:    Checking defaults for C70/song/m/n on input line 24.
LaTeX Font Info:    ... okay on input line 24.
LaTeX Font Info:    Checking defaults for C31/song/m/n on input line 24.
LaTeX Font Info:    ... okay on input line 24.
LaTeX Font Info:    Checking defaults for C32/song/m/n on input line 24.
LaTeX Font Info:    ... okay on input line 24.
LaTeX Font Info:    Checking defaults for C33/song/m/n on input line 24.
LaTeX Font Info:    ... okay on input line 24.
LaTeX Font Info:    Checking defaults for C34/song/m/n on input line 24.
LaTeX Font Info:    ... okay on input line 24.
LaTeX Font Info:    Checking defaults for C35/song/m/n on input line 24.
LaTeX Font Info:    ... okay on input line 24.
LaTeX Font Info:    Checking defaults for C36/song/m/n on input line 24.
LaTeX Font Info:    ... okay on input line 24.
LaTeX Font Info:    Checking defaults for C37/song/m/n on input line 24.
LaTeX Font Info:    ... okay on input line 24.
LaTeX Font Info:    Checking defaults for C80/song/m/n on input line 24.
LaTeX Font Info:    ... okay on input line 24.
LaTeX Font Info:    Checking defaults for C81/song/m/n on input line 24.
LaTeX Font Info:    ... okay on input line 24.
LaTeX Font Info:    Checking defaults for C01/song/m/n on input line 24.
LaTeX Font Info:    ... okay on input line 24.
LaTeX Font Info:    Checking defaults for C11/song/m/n on input line 24.
LaTeX Font Info:    ... okay on input line 24.
LaTeX Font Info:    Checking defaults for C21/song/m/n on input line 24.
LaTeX Font Info:    ... okay on input line 24.
LaTeX Font Info:    Checking defaults for C41/song/m/n on input line 24.
LaTeX Font Info:    ... okay on input line 24.
LaTeX Font Info:    Checking defaults for C62/song/m/n on input line 24.
LaTeX Font Info:    ... okay on input line 24.
LaTeX Font Info:    Checking defaults for PD1/pdf/m/n on input line 24.
LaTeX Font Info:    ... okay on input line 24.
LaTeX Font Info:    Checking defaults for PU/pdf/m/n on input line 24.
LaTeX Font Info:    ... okay on input line 24.

*geometry* driver: auto-detecting
*geometry* detected driver: pdftex
*geometry* verbose mode - [ preamble ] result:
* driver: pdftex
* paper: a4paper
* layout: <same size as paper>
* layoutoffset:(h,v)=(0.0pt,0.0pt)
* modes: 
* h-part:(L,W,R)=(72.26999pt, 452.9679pt, 72.26999pt)
* v-part:(T,H,B)=(72.26999pt, 700.50687pt, 72.26999pt)
* \paperwidth=597.50787pt
* \paperheight=845.04684pt
* \textwidth=452.9679pt
* \textheight=700.50687pt
* \oddsidemargin=0.0pt
* \evensidemargin=0.0pt
* \topmargin=-37.0pt
* \headheight=12.0pt
* \headsep=25.0pt
* \topskip=11.0pt
* \footskip=30.0pt
* \marginparwidth=50.0pt
* \marginparsep=10.0pt
* \columnsep=10.0pt
* \skip\footins=10.0pt plus 4.0pt minus 2.0pt
* \hoffset=0.0pt
* \voffset=0.0pt
* \mag=1000
* \@twocolumnfalse
* \@twosidefalse
* \@mparswitchfalse
* \@reversemarginfalse
* (1in=72.27pt=25.4mm, 1cm=28.453pt)

(/usr/share/texlive/texmf-dist/tex/context/base/mkii/supp-pdf.mkii
[Loading MPS to PDF converter (version 2006.09.02).]
\scratchcounter=\count304
\scratchdimen=\dimen190
\scratchbox=\box65
\nofMPsegments=\count305
\nofMParguments=\count306
\everyMPshowfont=\toks31
\MPscratchCnt=\count307
\MPscratchDim=\dimen191
\MPnumerator=\count308
\makeMPintoPDFobject=\count309
\everyMPtoPDFconversion=\toks32
) (/usr/share/texlive/texmf-dist/tex/latex/epstopdf-pkg/epstopdf-base.sty
Package: epstopdf-base 2020-01-24 v2.11 Base part for package epstopdf
Package epstopdf-base Info: Redefining graphics rule for `.eps' on input line 4
85.

(/usr/share/texlive/texmf-dist/tex/latex/latexconfig/epstopdf-sys.cfg
File: epstopdf-sys.cfg 2010/07/13 v1.3 Configuration of (r)epstopdf for TeX Liv
e
))
Package hyperref Info: Link coloring OFF on input line 24.

(report/final_version1.out) (report/final_version1.out)
\@outlinefile=\write3
\openout3 = `final_version1.out'.

Package caption Info: Begin \AtBeginDocument code.
Package caption Info: End \AtBeginDocument code.

(/tmp/yolo_texlive_extract/usr/share/texmf/tex/latex/CJK/UTF8/UTF8.bdg
File: UTF8.bdg 2021/10/16 4.8.5
)
(/tmp/yolo_texlive_extract/usr/share/texmf/tex/latex/CJK/UTF8/UTF8.enc
File: UTF8.enc 2021/10/16 4.8.5
)
(/tmp/yolo_texlive_extract/usr/share/texmf/tex/latex/CJK/UTF8/UTF8.chr
File: UTF8.chr 2021/10/16 4.8.5
)
LaTeX Font Info:    Trying to load font information for C70+gbsn on input line 
28.

(/tmp/yolo_texlive_extract/usr/share/texmf/tex/latex/CJK/UTF8/c70gbsn.fd
File: c70gbsn.fd 2008/10/03 4.8.1
)
(/tmp/yolo_texlive_extract/usr/share/texmf/tex/latex/CJK/UTF8/c70gbsn.fdx
File: c70gbsn.fdx 2012/05/07 4.8.3
)
LaTeX Font Info:    Trying to load font information for U+msa on input line 28.


(/usr/share/texlive/texmf-dist/tex/latex/amsfonts/umsa.fd
File: umsa.fd 2013/01/14 v3.01 AMS symbols A
)
LaTeX Font Info:    Trying to load font information for U+msb on input line 28.


(/usr/share/texlive/texmf-dist/tex/latex/amsfonts/umsb.fd
File: umsb.fd 2013/01/14 v3.01 AMS symbols B
)
(report/final_version1.toc
LaTeX Font Info:    Font shape `OT1/cmtt/bx/n' in size <10.95> not available
(Font)              Font shape `OT1/cmtt/m/n' tried instead on input line 12.
)
\tf@toc=\write4
\openout4 = `final_version1.toc'.

 [1

] [2]
Overfull \hbox (8.85155pt too wide) in paragraph at lines 42--43
[]\C70/gbsn/m/n/10.95/5b Œ \C70/gbsn/m/n/10.95/62 ^^P\OT1/cmtt/m/n/10.95 lambda
[]noobj=1.0\C70/gbsn/m/n/10.95/30 ^^A\OT1/cmtt/m/n/10.95 dynamic[]topk=1\C70/gb
sn/m/n/10.95/30 ^^A\OT1/cmr/m/n/10.95 416 \C70/gbsn/m/n/10.95/52 ^^F \C70/gbsn/
bx/n/10.95/8f ¨ \C70/gbsn/m/n/10.95/73 ‡ \C70/gbsn/m/n/10.95/30 ^^A\OT1/cmr/m/n
/10.95 K6 an-chor\C70/gbsn/m/n/10.95/30 ^^A\OT1/cmr/m/n/10.95 P3/K9 \C70/gbsn/m
/n/10.95/4e ^^N\OT1/cmr/m/n/10.95 scale-aware
 []

[3{/usr/share/texmf/fonts/enc/dvips/cm-super/cm-super-ts1.enc}] [4]
LaTeX Font Info:    Font shape `OT1/cmtt/bx/n' in size <12> not available
(Font)              Font shape `OT1/cmtt/m/n' tried instead on input line 141.
 [5]
LaTeX Font Info:    Font shape `OT1/cmtt/bx/n' in size <14.4> not available
(Font)              Font shape `OT1/cmtt/m/n' tried instead on input line 178.

Overfull \hbox (48.04698pt too wide) in paragraph at lines 186--201
 [][] 
 []


Overfull \hbox (36.5496pt too wide) in paragraph at lines 213--228
 [][] 
 []

[6]
Overfull \hbox (52.18604pt too wide) in paragraph at lines 257--273
 [][] 
 []


Overfull \hbox (172.77058pt too wide) in paragraph at lines 297--298
[]\C70/gbsn/m/n/10.95/63 ¨ \C70/gbsn/m/n/10.95/83 P \C70/gbsn/m/n/10.95/76 „ \C
70/gbsn/m/n/10.95/5e s \C70/gbsn/m/n/10.95/88 a \C70/gbsn/m/n/10.95/63 ¨ \C70/g
bsn/m/n/10.95/74 ^^F \C70/gbsn/m/n/10.95/91 M \C70/gbsn/m/n/10.95/7f n \C70/gbs
n/m/n/10.95/4e :\OT1/cmtt/m/n/10.95 score[]alpha=2.0\C70/gbsn/m/n/10.95/30 ^^A\
OT1/cmtt/m/n/10.95 score[]beta=1.0\C70/gbsn/m/n/10.95/30 ^^A\OT1/cmtt/m/n/10.95
 score[]threshold=0.01\C70/gbsn/m/n/10.95/30 ^^A\OT1/cmtt/m/n/10.95 top[]k=200\
C70/gbsn/m/n/10.95/30 ^^A\OT1/cmtt/m/n/10.95 nms[]iou[]threshold=0.5\C70/gbsn/m
/n/10.95/30 ^^B 
 []

[7]
Overfull \hbox (90.81721pt too wide) in paragraph at lines 309--323
 [][] 
 []


Overfull \hbox (162.05482pt too wide) in paragraph at lines 335--348
 [][] 
 []

<../outputs/report_assets/final_version1/completed_coco_metrics.png, id=323, 86
7.24pt x 404.3105pt>
File: ../outputs/report_assets/final_version1/completed_coco_metrics.png Graphi
c file (type png)
<use ../outputs/report_assets/final_version1/completed_coco_metrics.png>
Package pdftex.def Info: ../outputs/report_assets/final_version1/completed_coco
_metrics.png  used on input line 358.
(pdftex.def)             Requested size: 443.9066pt x 206.95444pt.
[8]
<../outputs/report_assets/final_version1/completed_val_loss.png, id=331, 758.83
5pt x 375.804pt>
File: ../outputs/report_assets/final_version1/completed_val_loss.png Graphic fi
le (type png)
<use ../outputs/report_assets/final_version1/completed_val_loss.png>
Package pdftex.def Info: ../outputs/report_assets/final_version1/completed_val_
loss.png  used on input line 365.
(pdftex.def)             Requested size: 416.72963pt x 206.38318pt.
<../outputs/report_assets/final_version1/route_ap_ar100.png, id=332, 794.97pt x
 375.804pt>
File: ../outputs/report_assets/final_version1/route_ap_ar100.png Graphic file (
type png)
<use ../outputs/report_assets/final_version1/route_ap_ar100.png>
Package pdftex.def Info: ../outputs/report_assets/final_version1/route_ap_ar100
.png  used on input line 372.
(pdftex.def)             Requested size: 434.85222pt x 205.56891pt.
 [9 <report/../outputs/report_assets/final_version1/completed_coco_metrics.png>
 <report/../outputs/report_assets/final_version1/completed_val_loss.png>]
Overfull \hbox (26.75296pt too wide) in paragraph at lines 404--405
[]\C70/gbsn/bx/n/10.95/5f S \C70/gbsn/m/n/10.95/52 M\OT1/cmr/m/n/10.95 AP base-
line \C70/gbsn/bx/n/10.95/66 /\OT1/cmtt/m/n/10.95 dual[]scale[]three[]box[]coco
[]only[]noobj1[]416[]ddp[]20260430[]124818\C70/gbsn/m/n/10.95/ff ^^L\OT1/cmr/m/
n/10.95 AP
 []


Overfull \hbox (0.33087pt too wide) in paragraph at lines 405--406
[]\C70/gbsn/bx/n/10.95/5f S \C70/gbsn/m/n/10.95/52 M \C70/gbsn/m/n/10.95/5b ž \
C70/gbsn/m/n/10.95/75 ( \C70/gbsn/m/n/10.95/53 ì \C70/gbsn/m/n/10.95/56 Þ\OT1/c
mr/m/n/10.95 baseline \C70/gbsn/bx/n/10.95/66 /\OT1/cmr/m/n/10.95 416 K6 + tune
d in-fer-ence\C70/gbsn/m/n/10.95/ff ^^L\OT1/cmr/m/n/10.95 AP \C70/gbsn/m/n/10.9
5/4e :\OT1/cmr/m/n/10.95 0.147754\C70/gbsn/m/n/10.95/ff ^^L\OT1/cmr/m/n/10.95 A
R100 \C70/gbsn/m/n/10.95/4e :\OT1/cmr/m/n/10.95 0.323725\C70/gbsn/m/n/10.95/30 
^^B 
 []

[10 <report/../outputs/report_assets/final_version1/route_ap_ar100.png>]
Overfull \hbox (103.44763pt too wide) in paragraph at lines 433--434
\OT1/cmr/m/n/10.95 JSON\C70/gbsn/m/n/10.95/30 ^^A\OT1/cmr/m/n/10.95 diagnostic 
vi-su-al-iza-tions\C70/gbsn/m/n/10.95/30 ^^A\OT1/cmr/m/n/10.95 summary mark-dow
n\C70/gbsn/m/n/10.95/30 ^^A\OT1/cmr/m/n/10.95 metadata JSON\C70/gbsn/m/n/10.95/
ff ^^L \C70/gbsn/m/n/10.95/5e v \C70/gbsn/m/n/10.95/57 (\OT1/cmtt/m/n/10.95 log
s/experiment[]result[]index.md
 []


Overfull \hbox (67.24883pt too wide) in paragraph at lines 437--438
\C70/gbsn/m/n/10.95/8b ­ \C70/gbsn/m/n/10.95/7e Ã \C70/gbsn/m/n/10.95/63 ^^G \C
70/gbsn/m/n/10.95/68 ^^G \C70/gbsn/m/n/10.95/53 ^^E \C70/gbsn/m/n/10.95/62 ì\OT
1/cmr/m/n/10.95 total/box/objectness/classification loss\C70/gbsn/m/n/10.95/30 
^^A\OT1/cmr/m/n/10.95 GIoU\C70/gbsn/m/n/10.95/30 ^^A\OT1/cmr/m/n/10.95 pos cell
s/image\C70/gbsn/m/n/10.95/30 ^^A\OT1/cmr/m/n/10.95 dropped GT/image\C70/gbsn/m
/n/10.95/30 ^^A\OT1/cmr/m/n/10.95 ignored
 []


Overfull \hbox (69.64636pt too wide) in paragraph at lines 439--440
[]\C70/gbsn/m/n/10.95/8b Ä \C70/gbsn/m/n/10.95/4f 0 \C70/gbsn/m/n/10.95/63 ^^G 
\C70/gbsn/m/n/10.95/68 ^^G \C70/gbsn/m/n/10.95/53 ^^E \C70/gbsn/m/n/10.95/62 ì\
OT1/cmr/m/n/10.95 COCO AP@[.50:.95]\C70/gbsn/m/n/10.95/30 ^^A\OT1/cmr/m/n/10.95
 AP50\C70/gbsn/m/n/10.95/30 ^^A\OT1/cmr/m/n/10.95 AP75\C70/gbsn/m/n/10.95/30 ^^
A\OT1/cmr/m/n/10.95 AP small/medium/large\C70/gbsn/m/n/10.95/30 ^^A\OT1/cmr/m/n
/10.95 AR1\C70/gbsn/m/n/10.95/30 ^^A\OT1/cmr/m/n/10.95 AR10\C70/gbsn/m/n/10.95/
30 ^^A\OT1/cmr/m/n/10.95 AR100\C70/gbsn/m/n/10.95/30 ^^A\OT1/cmr/m/n/10.95 AR
 []


Overfull \hbox (1.4575pt too wide) in paragraph at lines 439--440
\OT1/cmr/m/n/10.95 small/medium/large\C70/gbsn/m/n/10.95/30 ^^A\OT1/cmr/m/n/10.
95 predictions \C70/gbsn/m/n/10.95/60 ; \C70/gbsn/m/n/10.95/65 p \C70/gbsn/m/n/
10.95/30 ^^A\OT1/cmr/m/n/10.95 predictions/image\C70/gbsn/m/n/10.95/30 ^^A\OT1/
cmr/m/n/10.95 score quan-tiles\C70/gbsn/m/n/10.95/ff ^^L \C70/gbsn/m/n/10.95/4e
 å \C70/gbsn/m/n/10.95/53 Ê\OT1/cmr/m/n/10.95 score thresh-
 []


Overfull \hbox (9.1803pt too wide) in paragraph at lines 455--456
[]\C70/gbsn/m/n/10.95/54 ^^N \C70/gbsn/m/n/10.95/7e í \C70/gbsn/m/n/10.95/53 ï 
\C70/gbsn/m/n/10.95/90 	 \C70/gbsn/m/n/10.95/65 ¹ \C70/gbsn/m/n/10.95/54 ^^Q \C
70/gbsn/m/n/10.95/53 ^^E \C70/gbsn/m/n/10.95/62 ì\OT1/cmr/m/n/10.95 anchor shap
e prior cost sweep\C70/gbsn/m/n/10.95/30 ^^A\OT1/cmr/m/n/10.95 objectness tar-g
et \C70/gbsn/m/n/10.95/8d ( \C70/gbsn/m/n/10.95/91 Ï \C70/gbsn/m/n/10.95/52   \
C70/gbsn/m/n/10.95/67 C \C70/gbsn/m/n/10.95/30 ^^A\OT1/cmr/m/n/10.95 Varifocal/
QFL
 []

[11] [12] (report/final_version1.aux)
 ***********
LaTeX2e <2023-11-01> patch level 1
L3 programming layer <2024-01-22>
 ***********
Package rerunfilecheck Info: File `final_version1.out' has not changed.
(rerunfilecheck)             Checksum: 671CF0FC3583D1A9E72E690C1EFF93DD;3699.
 ) 
Here is how much of TeX's memory you used:
 15141 strings out of 476182
 232277 string characters out of 5795596
 1955975 words of memory out of 5000000
 36608 multiletter control sequences out of 15000+600000
 610938 words of font info for 227 fonts, out of 8000000 for 9000
 14 hyphenation exceptions out of 8191
 75i,9n,79p,442b,1592s stack positions out of 10000i,1000n,20000p,200000b,200000s
</usr/share/texlive/texmf-dist/fonts/type1/public/amsfonts/cm/cmbx10.pfb></us
r/share/texlive/texmf-dist/fonts/type1/public/amsfonts/cm/cmbx12.pfb></usr/shar
e/texlive/texmf-dist/fonts/type1/public/amsfonts/cm/cmr10.pfb></usr/share/texli
ve/texmf-dist/fonts/type1/public/amsfonts/cm/cmr12.pfb></usr/share/texlive/texm
f-dist/fonts/type1/public/amsfonts/cm/cmr17.pfb></usr/share/texlive/texmf-dist/
fonts/type1/public/amsfonts/cm/cmtt10.pfb></usr/share/texlive/texmf-dist/fonts/
type1/public/amsfonts/cm/cmtt12.pfb></tmp/yolo_texlive_extract/usr/share/texmf/
fonts/type1/arphic/gbsnu/gbsnu30.pfb></tmp/yolo_texlive_extract/usr/share/texmf
/fonts/type1/arphic/gbsnu/gbsnu4e.pfb></tmp/yolo_texlive_extract/usr/share/texm
f/fonts/type1/arphic/gbsnu/gbsnu4f.pfb></tmp/yolo_texlive_extract/usr/share/tex
mf/fonts/type1/arphic/gbsnu/gbsnu50.pfb></tmp/yolo_texlive_extract/usr/share/te
xmf/fonts/type1/arphic/gbsnu/gbsnu51.pfb></tmp/yolo_texlive_extract/usr/share/t
exmf/fonts/type1/arphic/gbsnu/gbsnu52.pfb></tmp/yolo_texlive_extract/usr/share/
texmf/fonts/type1/arphic/gbsnu/gbsnu53.pfb></tmp/yolo_texlive_extract/usr/share
/texmf/fonts/type1/arphic/gbsnu/gbsnu54.pfb></tmp/yolo_texlive_extract/usr/shar
e/texmf/fonts/type1/arphic/gbsnu/gbsnu55.pfb></tmp/yolo_texlive_extract/usr/sha
re/texmf/fonts/type1/arphic/gbsnu/gbsnu56.pfb></tmp/yolo_texlive_extract/usr/sh
are/texmf/fonts/type1/arphic/gbsnu/gbsnu57.pfb></tmp/yolo_texlive_extract/usr/s
hare/texmf/fonts/type1/arphic/gbsnu/gbsnu58.pfb></tmp/yolo_texlive_extract/usr/
share/texmf/fonts/type1/arphic/gbsnu/gbsnu59.pfb></tmp/yolo_texlive_extract/usr
/share/texmf/fonts/type1/arphic/gbsnu/gbsnu5b.pfb></tmp/yolo_texlive_extract/us
r/share/texmf/fonts/type1/arphic/gbsnu/gbsnu5c.pfb></tmp/yolo_texlive_extract/u
sr/share/texmf/fonts/type1/arphic/gbsnu/gbsnu5d.pfb></tmp/yolo_texlive_extract/
usr/share/texmf/fonts/type1/arphic/gbsnu/gbsnu5e.pfb></tmp/yolo_texlive_extract
/usr/share/texmf/fonts/type1/arphic/gbsnu/gbsnu5f.pfb></tmp/yolo_texlive_extrac
t/usr/share/texmf/fonts/type1/arphic/gbsnu/gbsnu60.pfb></tmp/yolo_texlive_extra
ct/usr/share/texmf/fonts/type1/arphic/gbsnu/gbsnu61.pfb></tmp/yolo_texlive_extr
act/usr/share/texmf/fonts/type1/arphic/gbsnu/gbsnu62.pfb></tmp/yolo_texlive_ext
ract/usr/share/texmf/fonts/type1/arphic/gbsnu/gbsnu63.pfb></tmp/yolo_texlive_ex
tract/usr/share/texmf/fonts/type1/arphic/gbsnu/gbsnu65.pfb></tmp/yolo_texlive_e
xtract/usr/share/texmf/fonts/type1/arphic/gbsnu/gbsnu66.pfb></tmp/yolo_texlive_
extract/usr/share/texmf/fonts/type1/arphic/gbsnu/gbsnu67.pfb></tmp/yolo_texlive
_extract/usr/share/texmf/fonts/type1/arphic/gbsnu/gbsnu68.pfb></tmp/yolo_texliv
e_extract/usr/share/texmf/fonts/type1/arphic/gbsnu/gbsnu6a.pfb></tmp/yolo_texli
ve_extract/usr/share/texmf/fonts/type1/arphic/gbsnu/gbsnu6b.pfb></tmp/yolo_texl
ive_extract/usr/share/texmf/fonts/type1/arphic/gbsnu/gbsnu6c.pfb></tmp/yolo_tex
live_extract/usr/share/texmf/fonts/type1/arphic/gbsnu/gbsnu6d.pfb></tmp/yolo_te
xlive_extract/usr/share/texmf/fonts/type1/arphic/gbsnu/gbsnu6e.pfb></tmp/yolo_t
exlive_extract/usr/share/texmf/fonts/type1/arphic/gbsnu/gbsnu6f.pfb></tmp/yolo_
texlive_extract/usr/share/texmf/fonts/type1/arphic/gbsnu/gbsnu70.pfb></tmp/yolo
_texlive_extract/usr/share/texmf/fonts/type1/arphic/gbsnu/gbsnu71.pfb></tmp/yol
o_texlive_extract/usr/share/texmf/fonts/type1/arphic/gbsnu/gbsnu72.pfb></tmp/yo
lo_texlive_extract/usr/share/texmf/fonts/type1/arphic/gbsnu/gbsnu73.pfb></tmp/y
olo_texlive_extract/usr/share/texmf/fonts/type1/arphic/gbsnu/gbsnu74.pfb></tmp/
yolo_texlive_extract/usr/share/texmf/fonts/type1/arphic/gbsnu/gbsnu75.pfb></tmp
/yolo_texlive_extract/usr/share/texmf/fonts/type1/arphic/gbsnu/gbsnu76.pfb></tm
p/yolo_texlive_extract/usr/share/texmf/fonts/type1/arphic/gbsnu/gbsnu77.pfb></t
mp/yolo_texlive_extract/usr/share/texmf/fonts/type1/arphic/gbsnu/gbsnu78.pfb></
tmp/yolo_texlive_extract/usr/share/texmf/fonts/type1/arphic/gbsnu/gbsnu79.pfb><
/tmp/yolo_texlive_extract/usr/share/texmf/fonts/type1/arphic/gbsnu/gbsnu7a.pfb>
</tmp/yolo_texlive_extract/usr/share/texmf/fonts/type1/arphic/gbsnu/gbsnu7b.pfb
></tmp/yolo_texlive_extract/usr/share/texmf/fonts/type1/arphic/gbsnu/gbsnu7c.pf
b></tmp/yolo_texlive_extract/usr/share/texmf/fonts/type1/arphic/gbsnu/gbsnu7d.p
fb></tmp/yolo_texlive_extract/usr/share/texmf/fonts/type1/arphic/gbsnu/gbsnu7e.
pfb></tmp/yolo_texlive_extract/usr/share/texmf/fonts/type1/arphic/gbsnu/gbsnu7f
.pfb></tmp/yolo_texlive_extract/usr/share/texmf/fonts/type1/arphic/gbsnu/gbsnu8
0.pfb></tmp/yolo_texlive_extract/usr/share/texmf/fonts/type1/arphic/gbsnu/gbsnu
81.pfb></tmp/yolo_texlive_extract/usr/share/texmf/fonts/type1/arphic/gbsnu/gbsn
u82.pfb></tmp/yolo_texlive_extract/usr/share/texmf/fonts/type1/arphic/gbsnu/gbs
nu83.pfb></tmp/yolo_texlive_extract/usr/share/texmf/fonts/type1/arphic/gbsnu/gb
snu84.pfb></tmp/yolo_texlive_extract/usr/share/texmf/fonts/type1/arphic/gbsnu/g
bsnu88.pfb></tmp/yolo_texlive_extract/usr/share/texmf/fonts/type1/arphic/gbsnu/
gbsnu89.pfb></tmp/yolo_texlive_extract/usr/share/texmf/fonts/type1/arphic/gbsnu
/gbsnu8b.pfb></tmp/yolo_texlive_extract/usr/share/texmf/fonts/type1/arphic/gbsn
u/gbsnu8c.pfb></tmp/yolo_texlive_extract/usr/share/texmf/fonts/type1/arphic/gbs
nu/gbsnu8d.pfb></tmp/yolo_texlive_extract/usr/share/texmf/fonts/type1/arphic/gb
snu/gbsnu8f.pfb></tmp/yolo_texlive_extract/usr/share/texmf/fonts/type1/arphic/g
bsnu/gbsnu90.pfb></tmp/yolo_texlive_extract/usr/share/texmf/fonts/type1/arphic/
gbsnu/gbsnu91.pfb></tmp/yolo_texlive_extract/usr/share/texmf/fonts/type1/arphic
/gbsnu/gbsnu94.pfb></tmp/yolo_texlive_extract/usr/share/texmf/fonts/type1/arphi
c/gbsnu/gbsnu95.pfb></tmp/yolo_texlive_extract/usr/share/texmf/fonts/type1/arph
ic/gbsnu/gbsnu96.pfb></tmp/yolo_texlive_extract/usr/share/texmf/fonts/type1/arp
hic/gbsnu/gbsnu97.pfb></tmp/yolo_texlive_extract/usr/share/texmf/fonts/type1/ar
phic/gbsnu/gbsnu98.pfb></tmp/yolo_texlive_extract/usr/share/texmf/fonts/type1/a
rphic/gbsnu/gbsnu99.pfb></tmp/yolo_texlive_extract/usr/share/texmf/fonts/type1/
arphic/gbsnu/gbsnu9a.pfb></tmp/yolo_texlive_extract/usr/share/texmf/fonts/type1
/arphic/gbsnu/gbsnu9e.pfb></tmp/yolo_texlive_extract/usr/share/texmf/fonts/type
1/arphic/gbsnu/gbsnuff.pfb></usr/share/texmf/fonts/type1/public/cm-super/sfrm10
95.pfb>
Output written on report/final_version1.pdf (12 pages, 771777 bytes).
PDF statistics:
 713 PDF objects out of 1000 (max. 8388607)
 462 compressed objects within 5 object streams
 74 named destinations out of 1000 (max. 500000)
 504 words of extra memory for PDF output out of 10000 (max. 10000000)

