\BOOKMARK [1][-]{section.1}{\376\377\133\236\232\214\166\356\150\007\116\016\147\054\142\245\124\112\211\206\166\326\203\003\126\364}{}% 1
\BOOKMARK [1][-]{section.2}{\376\377\135\345\172\013\176\304\176\307\060\001\145\160\143\156\147\145\156\220\116\016\176\337\116\000\213\255\176\303\123\117\213\256}{}% 2
\BOOKMARK [2][-]{subsection.2.1}{\376\377\135\345\172\013\166\356\137\125}{section.2}% 3
\BOOKMARK [2][-]{subsection.2.2}{\376\377\145\160\143\156\226\306\116\016\217\223\121\145\230\204\131\004\164\006}{section.2}% 4
\BOOKMARK [2][-]{subsection.2.3}{\376\377\176\337\116\000\213\255\176\303\123\117\213\256}{section.2}% 5
\BOOKMARK [1][-]{section.3}{\376\377\121\163\225\056\213\312\145\255\116\016\117\356\131\015}{}% 6
\BOOKMARK [2][-]{subsection.3.1}{\376\377\000C\000O\000C\000O\000\040\213\304\117\060\127\120\150\007\172\172\225\364\225\031\213\357}{section.3}% 7
\BOOKMARK [2][-]{subsection.3.2}{\376\377\153\143\150\067\147\054\176\337\213\241\176\364\136\246\225\031\213\357}{section.3}% 8
\BOOKMARK [2][-]{subsection.3.3}{\376\377\000q\000u\000a\000l\000i\000t\000y\000\137\000b\000c\000e\000\040\213\355\116\111\146\076\137\017\123\026}{section.3}% 9
\BOOKMARK [2][-]{subsection.3.4}{\376\377\000D\000D\000P\000\040\213\255\176\303\116\016\145\345\137\327\213\355\116\111}{section.3}% 10
\BOOKMARK [1][-]{section.4}{\376\377\173\054\116\000\226\066\153\265\377\032\000C\000O\000C\000O\000-\000o\000n\000l\000y\000\040\116\016\200\314\146\157\142\221\122\066}{}% 11
\BOOKMARK [1][-]{section.5}{\376\377\173\054\116\214\226\066\153\265\377\032\000D\000D\000P\000\040\116\016\000\040\000d\000y\000n\000a\000m\000i\000c\000\137\000t\000o\000p\000k\000=\0001\000\040\133\371\161\147}{}% 12
\BOOKMARK [1][-]{section.6}{\376\377\173\054\116\011\226\066\153\265\377\032\143\320\123\107\217\223\121\145\122\006\217\250\163\207\122\060\000\040\0004\0001\0006}{}% 13
\BOOKMARK [1][-]{section.7}{\376\377\173\054\126\333\226\066\153\265\377\032\000C\000O\000C\000O\000\040\000t\000r\000a\000i\000n\000\040\000G\000T\000\040\000b\000o\000x\000\040\221\315\145\260\200\132\174\173\000\040\000K\0006\000\040\000a\000n\000c\000h\000o\000r\000s}{}% 14
\BOOKMARK [2][-]{subsection.7.1}{\376\377\000K\0006\000\040\000b\000e\000s\000t\000\040\000c\000h\000e\000c\000k\000p\000o\000i\000n\000t\000\040\227\136\213\255\176\303\000\040\000s\000w\000e\000e\000p}{section.7}% 15
\BOOKMARK [1][-]{section.8}{\376\377\173\054\116\224\226\066\153\265\377\032\130\236\122\240\000\040\000P\0003\000\040\116\016\000\040\000K\0009\000\040\000a\000n\000c\000h\000o\000r\000s}{}% 16
\BOOKMARK [1][-]{section.9}{\376\377\173\054\121\155\226\066\153\265\377\032\116\045\150\074\000\040\000s\000c\000a\000l\000e\000-\000a\000w\000a\000r\000e\000\040\000r\000o\000u\000t\000i\000n\000g}{}% 17
\BOOKMARK [1][-]{section.10}{\376\377\153\143\137\017\133\236\232\214\176\374\124\010\133\371\153\324}{}% 18
\BOOKMARK [1][-]{section.11}{\376\377\137\123\122\115\147\000\117\030\122\044\145\255}{}% 19
\BOOKMARK [1][-]{section.12}{\376\377\117\030\202\157\133\236\232\214\213\260\137\125\211\304\203\003}{}% 20
\BOOKMARK [2][-]{subsection.12.1}{\376\377\153\143\137\017\133\236\232\214\121\306\121\145}{section.12}% 21
\BOOKMARK [2][-]{subsection.12.2}{\376\377\153\317\153\041\133\236\232\214\137\305\230\173\117\335\133\130\166\204\121\205\133\271}{section.12}% 22
\BOOKMARK [2][-]{subsection.12.3}{\376\377\137\305\230\173\213\260\137\125\166\204\143\007\150\007}{section.12}% 23
\BOOKMARK [1][-]{section.13}{\376\377\116\013\116\000\153\145\145\271\124\021}{}% 24
\BOOKMARK [1][-]{section.14}{\376\377\140\073\176\323}{}% 25
\BOOKMARK [1][-]{appendix.A}{\376\377\121\163\225\056\213\260\137\125\215\357\137\204}{}% 26
