This is LuaHBTeX, Version 1.17.0 (TeX Live 2023/Debian)  (format=lualatex 2026.4.8)  17 MAY 2026 20:49
 restricted system commands enabled.
**final_loss_formula.tex
(./final_loss_formula.tex
LaTeX2e <2023-11-01> patch level 1
L3 programming layer <2024-01-22>
[\directlua]:1: module 'luaotfload-main' not found:
	no field package.preload['luaotfload-main']
	[kpse lua searcher] file not found: 'luaotfload-main'
Error in luaotfload: reverting to OT1
Inserting `tracingstacklevels' in `input_level_string'.

! LaTeX Error: File `ctexart.cls' not found.

Type X to quit or <RETURN> to proceed,
or enter new name. (Default extension: cls)

Enter file name: 
! Emergency stop.
<read *> 
   
l.2 
   
*** (cannot \read from terminal in nonstop modes)



Here is how much of LuaTeX's memory you used:
 24 strings out of 476553
 100000,1977958 words of node,token memory allocated 275 words of node memory still in use:
   1 hlist, 1 dir, 39 glue_spec nodes
   avail lists: 2:12,3:3,4:1
 22132 multiletter control sequences out of 65536+600000
 14 fonts using 591679 bytes
 19i,0n,29p,58b,17s stack positions out of 10000i,1000n,20000p,200000b,200000s
!  ==> Fatal error occurred, no output PDF file produced!
