This is LuaHBTeX, Version 1.17.0 (TeX Live 2023/Debian)  (format=lualatex 2026.4.8)  15 MAY 2026 16:40
 restricted system commands enabled.
**project_understanding_summary.tex
(./project_understanding_summary.tex
LaTeX2e <2023-11-01> patch level 1
L3 programming layer <2024-01-22>
[\directlua]:1: module 'luaotfload-main' not found:
	no field package.preload['luaotfload-main']
	[kpse lua searcher] file not found: 'luaotfload-main'
Error in luaotfload: reverting to OT1
Inserting `tracingstacklevels' in `input_level_string'.
(/usr/share/texlive/texmf-dist/tex/latex/base/article.cls
Document Class: article 2023/05/17 v1.4n Standard LaTeX document class
(/usr/share/texlive/texmf-dist/tex/latex/base/size11.clo
File: size11.clo 2023/05/17 v1.4n Standard LaTeX file (size option)
LaTeX Font Info:    Trying to load font information for OT1+lmr on input line 5
4.

(/usr/share/texmf/tex/latex/lm/ot1lmr.fd
File: ot1lmr.fd 2015/05/01 v1.6.1 Font defs for Latin Modern
))
\c@part=\count185
\c@section=\count186
\c@subsection=\count187
\c@subsubsection=\count188
\c@paragraph=\count189
\c@subparagraph=\count190
\c@figure=\count191
\c@table=\count192
\abovecaptionskip=\skip48
\belowcaptionskip=\skip49
\bibindent=\dimen139
)
(/usr/share/texlive/texmf-dist/tex/latex/fontspec/fontspec.sty
(/usr/share/texlive/texmf-dist/tex/latex/l3packages/xparse/xparse.sty
(/usr/share/texlive/texmf-dist/tex/latex/l3kernel/expl3.sty
Package: expl3 2024-01-22 L3 programming layer (loader) 

(/usr/share/texlive/texmf-dist/tex/latex/l3backend/l3backend-luatex.def
File: l3backend-luatex.def 2024-01-04 L3 backend support: PDF output (LuaTeX)
\l__color_backend_stack_int=\count193
\l__pdf_internal_box=\box51
))
Package: xparse 2023-10-10 L3 Experimental document command parser
)
Package: fontspec 2022/01/15 v2.8a Font selection for XeLaTeX and LuaLaTeX
Lua module: fontspec 2022/01/15 2.8a Font selection for XeLaTeX and LuaLaTeX
(/usr/share/texlive/texmf-dist/tex/latex/fontspec/fontspec-luatex.sty
Package: fontspec-luatex 2022/01/15 v2.8a Font selection for XeLaTeX and LuaLaT
eX
\l__fontspec_script_int=\count194
\l__fontspec_language_int=\count195
\l__fontspec_strnum_int=\count196
\l__fontspec_tmp_int=\count197
\l__fontspec_tmpa_int=\count198
\l__fontspec_tmpb_int=\count199
\l__fontspec_tmpc_int=\count266
\l__fontspec_em_int=\count267
\l__fontspec_emdef_int=\count268
\l__fontspec_strong_int=\count269
\l__fontspec_strongdef_int=\count270
\l__fontspec_tmpa_dim=\dimen140
\l__fontspec_tmpb_dim=\dimen141
\l__fontspec_tmpc_dim=\dimen142

(/usr/share/texlive/texmf-dist/tex/latex/base/fontenc.sty
Package: fontenc 2021/04/29 v2.0v Standard LaTeX package

! Font \TU/lmr/m/n/10.95=[lmroman10-regular]:+tlig; at 10.95pt not loadable: met
ric data not found or bad.
<to be read again> 
relax 
l.112 ...lt\familydefault\seriesdefault\shapedefault
                                                  
I wasn't able to read the size data for this font,
so I will ignore the font specification.
[Wizards can fix TFM files using TFtoPL/PLtoTF.]
You might try inserting a different font spec;
e.g., type `I\font<same font id>=<substitute font name>'.

) (/usr/share/texlive/texmf-dist/tex/latex/fontspec/fontspec.cfg)
! Font \TU/lmr/bx/n/10.95=[lmroman10-bold]:+tlig; at 10.95pt not loadable: metri
c data not found or bad.
<to be read again> 
relax 
l.3901 \strongfontdeclare{ \bfseries }
                                    
I wasn't able to read the size data for this font,
so I will ignore the font specification.
[Wizards can fix TFM files using TFtoPL/PLtoTF.]
You might try inserting a different font spec;
e.g., type `I\font<same font id>=<substitute font name>'.

))

! Package fontspec Error: The font "NotoSerifCJKSC" cannot be found.

For immediate help type H <return>.
 ...                                              
                                                  
l.7 \setsansfont
              {Noto Sans}

A font might not be found for many reasons.
 Check the spelling, where the font is installed etc. etc.

 When in doubt, ask someone for help!


...share/texlive/texmf-dist/tex/latex/fontspec/fontspec.lua:48: attempt to index
 a nil value (global 'luaotfload')
stack traceback:
	...share/texlive/texmf-dist/tex/latex/fontspec/fontspec.lua:48: in field 'check
_ot_script'
	[\directlua]:1: in main chunk.
\lua_now:e #1->\__lua_now:n {#1}
                                
l.7 \setsansfont
              {Noto Sans}
The lua interpreter ran into a problem, so the
remainder of this lua chunk will be ignored.

...share/texlive/texmf-dist/tex/latex/fontspec/fontspec.lua:48: attempt to index
 a nil value (global 'luaotfload')
stack traceback:
	...share/texlive/texmf-dist/tex/latex/fontspec/fontspec.lua:48: in field 'check
_ot_script'
	[\directlua]:1: in main chunk.
\lua_now:e #1->\__lua_now:n {#1}
                                
l.7 \setsansfont
              {Noto Sans}
The lua interpreter ran into a problem, so the
remainder of this lua chunk will be ignored.


Package fontspec Info: Could not resolve font "NotoSerifCJKSC/BI" (it probably
(fontspec)             doesn't exist).


Package fontspec Info: Could not resolve font "NotoSerifCJKSC/B" (it probably
(fontspec)             doesn't exist).


Package fontspec Info: Could not resolve font "NotoSerifCJKSC/I" (it probably
(fontspec)             doesn't exist).


! Package fontspec Error: The font "NotoSerifCJKSC" cannot be found.

For immediate help type H <return>.
 ...                                              
                                                  
l.7 \setsansfont
              {Noto Sans}

A font might not be found for many reasons.
 Check the spelling, where the font is installed etc. etc.

 When in doubt, ask someone for help!



! Package fontspec Error: The font "NotoSerifCJKSC" cannot be found.

For immediate help type H <return>.
 ...                                              
                                                  
l.7 \setsansfont
              {Noto Sans}

A font might not be found for many reasons.
 Check the spelling, where the font is installed etc. etc.

 When in doubt, ask someone for help!



Package fontspec Info: Font family 'NotoSerifCJKSC(0)' created for font 'Noto
(fontspec)             Serif CJK SC' with options [Ligatures=TeX].
(fontspec)              
(fontspec)              This font family consists of the following NFSS
(fontspec)             series/shapes:
(fontspec)              
(fontspec)             - 'normal' (m/n) with NFSS spec.:
(fontspec)             <->"NotoSerifCJKSC:mode=node;language=dflt;+tlig;"
(fontspec)             - 'small caps'  (m/sc) with NFSS spec.: 

! Font \TU/NotoSerifCJKSC(0)/m/n/10.95=NotoSerifCJKSC:mode=node;language=dflt;+t
lig; at 10.95pt not loadable: metric data not found or bad.
<to be read again> 
relax 
l.7 \setsansfont
              {Noto Sans}
I wasn't able to read the size data for this font,
so I will ignore the font specification.
[Wizards can fix TFM files using TFtoPL/PLtoTF.]
You might try inserting a different font spec;
e.g., type `I\font<same font id>=<substitute font name>'.


! Package fontspec Error: The font "NotoSans" cannot be found.

For immediate help type H <return>.
 ...                                              
                                                  
l.8 \setmonofont
              {Noto Sans Mono}

A font might not be found for many reasons.
 Check the spelling, where the font is installed etc. etc.

 When in doubt, ask someone for help!


...share/texlive/texmf-dist/tex/latex/fontspec/fontspec.lua:48: attempt to index
 a nil value (global 'luaotfload')
stack traceback:
	...share/texlive/texmf-dist/tex/latex/fontspec/fontspec.lua:48: in field 'check
_ot_script'
	[\directlua]:1: in main chunk.
\lua_now:e #1->\__lua_now:n {#1}
                                
l.8 \setmonofont
              {Noto Sans Mono}
The lua interpreter ran into a problem, so the
remainder of this lua chunk will be ignored.

...share/texlive/texmf-dist/tex/latex/fontspec/fontspec.lua:48: attempt to index
 a nil value (global 'luaotfload')
stack traceback:
	...share/texlive/texmf-dist/tex/latex/fontspec/fontspec.lua:48: in field 'check
_ot_script'
	[\directlua]:1: in main chunk.
\lua_now:e #1->\__lua_now:n {#1}
                                
l.8 \setmonofont
              {Noto Sans Mono}
The lua interpreter ran into a problem, so the
remainder of this lua chunk will be ignored.


Package fontspec Info: Could not resolve font "NotoSans/BI" (it probably
(fontspec)             doesn't exist).


Package fontspec Info: Could not resolve font "NotoSans/B" (it probably
(fontspec)             doesn't exist).


Package fontspec Info: Could not resolve font "NotoSans/I" (it probably
(fontspec)             doesn't exist).


! Package fontspec Error: The font "NotoSans" cannot be found.

For immediate help type H <return>.
 ...                                              
                                                  
l.8 \setmonofont
              {Noto Sans Mono}

A font might not be found for many reasons.
 Check the spelling, where the font is installed etc. etc.

 When in doubt, ask someone for help!



! Package fontspec Error: The font "NotoSans" cannot be found.

For immediate help type H <return>.
 ...                                              
                                                  
l.8 \setmonofont
              {Noto Sans Mono}

A font might not be found for many reasons.
 Check the spelling, where the font is installed etc. etc.

 When in doubt, ask someone for help!



Package fontspec Info: Font family 'NotoSans(0)' created for font 'Noto Sans'
(fontspec)             with options [Ligatures=TeX].
(fontspec)              
(fontspec)              This font family consists of the following NFSS
(fontspec)             series/shapes:
(fontspec)              
(fontspec)             - 'normal' (m/n) with NFSS spec.:
(fontspec)             <->"NotoSans:mode=node;language=dflt;+tlig;"
(fontspec)             - 'small caps'  (m/sc) with NFSS spec.: 


! Package fontspec Error: The font "NotoSansMono" cannot be found.

For immediate help type H <return>.
 ...                                              
                                                  
l.9 \usepackage
             [a4paper,margin=0.85in]{geometry}

A font might not be found for many reasons.
 Check the spelling, where the font is installed etc. etc.

 When in doubt, ask someone for help!


...share/texlive/texmf-dist/tex/latex/fontspec/fontspec.lua:48: attempt to index
 a nil value (global 'luaotfload')
stack traceback:
	...share/texlive/texmf-dist/tex/latex/fontspec/fontspec.lua:48: in field 'check
_ot_script'
	[\directlua]:1: in main chunk.
\lua_now:e #1->\__lua_now:n {#1}
                                
l.9 \usepackage
             [a4paper,margin=0.85in]{geometry}
The lua interpreter ran into a problem, so the
remainder of this lua chunk will be ignored.

...share/texlive/texmf-dist/tex/latex/fontspec/fontspec.lua:48: attempt to index
 a nil value (global 'luaotfload')
stack traceback:
	...share/texlive/texmf-dist/tex/latex/fontspec/fontspec.lua:48: in field 'check
_ot_script'
	[\directlua]:1: in main chunk.
\lua_now:e #1->\__lua_now:n {#1}
                                
l.9 \usepackage
             [a4paper,margin=0.85in]{geometry}
The lua interpreter ran into a problem, so the
remainder of this lua chunk will be ignored.


Package fontspec Info: Could not resolve font "NotoSansMono/BI" (it probably
(fontspec)             doesn't exist).


Package fontspec Info: Could not resolve font "NotoSansMono/B" (it probably
(fontspec)             doesn't exist).


Package fontspec Info: Could not resolve font "NotoSansMono/I" (it probably
(fontspec)             doesn't exist).


! Package fontspec Error: The font "NotoSansMono" cannot be found.

For immediate help type H <return>.
 ...                                              
                                                  
l.9 \usepackage
             [a4paper,margin=0.85in]{geometry}

A font might not be found for many reasons.
 Check the spelling, where the font is installed etc. etc.

 When in doubt, ask someone for help!



! Package fontspec Error: The font "NotoSansMono" cannot be found.

For immediate help type H <return>.
 ...                                              
                                                  
l.9 \usepackage
             [a4paper,margin=0.85in]{geometry}

A font might not be found for many reasons.
 Check the spelling, where the font is installed etc. etc.

 When in doubt, ask someone for help!



Package fontspec Info: Font family 'NotoSansMono(0)' created for font 'Noto
(fontspec)             Sans Mono' with options
(fontspec)             [WordSpace={1,0,0},HyphenChar=None,PunctuationSpace=Word
Space].
(fontspec)              
(fontspec)              This font family consists of the following NFSS
(fontspec)             series/shapes:
(fontspec)              
(fontspec)             - 'normal' (m/n) with NFSS spec.:
(fontspec)             <->"NotoSansMono:mode=node;language=dflt;"
(fontspec)             - 'small caps'  (m/sc) with NFSS spec.: 
(fontspec)             and font adjustment code:
(fontspec)             \fontdimen 2\font =1\fontdimen 2\font \fontdimen 3\font
(fontspec)             =0\fontdimen 3\font \fontdimen 4\font =0\fontdimen
(fontspec)             4\font \fontdimen 7\font =0\fontdimen 2\font
(fontspec)             \tex_hyphenchar:D \font =-1\scan_stop: 

(/usr/share/texlive/texmf-dist/tex/latex/geometry/geometry.sty
Package: geometry 2020/01/02 v5.9 Page Geometry

(/usr/share/texlive/texmf-dist/tex/latex/graphics/keyval.sty
Package: keyval 2022/05/29 v1.15 key=value parser (DPC)
\KV@toks@=\toks17
)
(/usr/share/texlive/texmf-dist/tex/generic/iftex/ifvtex.sty
Package: ifvtex 2019/10/25 v1.7 ifvtex legacy package. Use iftex instead.

(/usr/share/texlive/texmf-dist/tex/generic/iftex/iftex.sty
Package: iftex 2022/02/03 v1.0f TeX engine tests
))
\Gm@cnth=\count271
\Gm@cntv=\count272
\c@Gm@tempcnt=\count273
\Gm@bindingoffset=\dimen143
\Gm@wd@mp=\dimen144
\Gm@odd@mp=\dimen145
\Gm@even@mp=\dimen146
\Gm@layoutwidth=\dimen147
\Gm@layoutheight=\dimen148
\Gm@layouthoffset=\dimen149
\Gm@layoutvoffset=\dimen150
\Gm@dimlist=\toks18
)
(/usr/share/texlive/texmf-dist/tex/latex/graphics/graphicx.sty
Package: graphicx 2021/09/16 v1.2d Enhanced LaTeX Graphics (DPC,SPQR)

(/usr/share/texlive/texmf-dist/tex/latex/graphics/graphics.sty
Package: graphics 2022/03/10 v1.4e Standard LaTeX Graphics (DPC,SPQR)

(/usr/share/texlive/texmf-dist/tex/latex/graphics/trig.sty
Package: trig 2021/08/11 v1.11 sin cos tan (DPC)
)
(/usr/share/texlive/texmf-dist/tex/latex/graphics-cfg/graphics.cfg
File: graphics.cfg 2016/06/04 v1.11 sample graphics configuration
)
Package graphics Info: Driver file: luatex.def on input line 107.

(/usr/share/texlive/texmf-dist/tex/latex/graphics-def/luatex.def
File: luatex.def 2022/09/22 v1.2d Graphics/color driver for luatex
))
\Gin@req@height=\dimen151
\Gin@req@width=\dimen152
)
(/usr/share/texlive/texmf-dist/tex/latex/booktabs/booktabs.sty
Package: booktabs 2020/01/12 v1.61803398 Publication quality tables
\heavyrulewidth=\dimen153
\lightrulewidth=\dimen154
\cmidrulewidth=\dimen155
\belowrulesep=\dimen156
\belowbottomsep=\dimen157
\aboverulesep=\dimen158
\abovetopsep=\dimen159
\cmidrulesep=\dimen160
\cmidrulekern=\dimen161
\defaultaddspace=\dimen162
\@cmidla=\count274
\@cmidlb=\count275
\@aboverulesep=\dimen163
\@belowrulesep=\dimen164
\@thisruleclass=\count276
\@lastruleclass=\count277
\@thisrulewidth=\dimen165
)
(/usr/share/texlive/texmf-dist/tex/latex/tools/longtable.sty
Package: longtable 2023-11-01 v4.19 Multi-page Table package (DPC)
\LTleft=\skip50
\LTright=\skip51
\LTpre=\skip52
\LTpost=\skip53
\LTchunksize=\count278
\LTcapwidth=\dimen166
\LT@head=\box52
\LT@firsthead=\box53
\LT@foot=\box54
\LT@lastfoot=\box55
\LT@gbox=\box56
\LT@cols=\count279
\LT@rows=\count280
\c@LT@tables=\count281
\c@LT@chunks=\count282
\LT@p@ftn=\toks19
)
(/usr/share/texlive/texmf-dist/tex/latex/float/float.sty
Package: float 2001/11/08 v1.3d Float enhancements (AL)
\c@float@type=\count283
\float@exts=\toks20
\float@box=\box57
\@float@everytoks=\toks21
\@floatcapt=\box58
)
(/usr/share/texlive/texmf-dist/tex/latex/hyperref/hyperref.sty
Package: hyperref 2024-01-20 v7.01h Hypertext links for LaTeX

(/usr/share/texlive/texmf-dist/tex/latex/kvsetkeys/kvsetkeys.sty
Package: kvsetkeys 2022-10-05 v1.19 Key value parser (HO)
)
(/usr/share/texlive/texmf-dist/tex/generic/kvdefinekeys/kvdefinekeys.sty
Package: kvdefinekeys 2019-12-19 v1.6 Define keys (HO)
)
(/usr/share/texlive/texmf-dist/tex/generic/pdfescape/pdfescape.sty
Package: pdfescape 2019/12/09 v1.15 Implements pdfTeX's escape features (HO)

(/usr/share/texlive/texmf-dist/tex/generic/ltxcmds/ltxcmds.sty
Package: ltxcmds 2023-12-04 v1.26 LaTeX kernel commands for general use (HO)
)
(/usr/share/texlive/texmf-dist/tex/generic/pdftexcmds/pdftexcmds.sty
Package: pdftexcmds 2020-06-27 v0.33 Utility functions of pdfTeX for LuaTeX (HO
)

(/usr/share/texlive/texmf-dist/tex/generic/infwarerr/infwarerr.sty
Package: infwarerr 2019/12/03 v1.5 Providing info/warning/error messages (HO)
)
Package pdftexcmds Info: \pdf@primitive is available.
Package pdftexcmds Info: \pdf@ifprimitive is available.
Package pdftexcmds Info: \pdfdraftmode found.
\pdftexcmds@toks=\toks22
))
(/usr/share/texlive/texmf-dist/tex/latex/hycolor/hycolor.sty
Package: hycolor 2020-01-27 v1.10 Color options for hyperref/bookmark (HO)
)
(/usr/share/texlive/texmf-dist/tex/latex/auxhook/auxhook.sty
Package: auxhook 2019-12-17 v1.6 Hooks for auxiliary files (HO)
)
(/usr/share/texlive/texmf-dist/tex/latex/hyperref/nameref.sty
Package: nameref 2023-11-26 v2.56 Cross-referencing by name of section

(/usr/share/texlive/texmf-dist/tex/latex/refcount/refcount.sty
Package: refcount 2019/12/15 v3.6 Data extraction from label references (HO)
)
(/usr/share/texlive/texmf-dist/tex/generic/gettitlestring/gettitlestring.sty
Package: gettitlestring 2019/12/15 v1.6 Cleanup title references (HO)

(/usr/share/texlive/texmf-dist/tex/latex/kvoptions/kvoptions.sty
Package: kvoptions 2022-06-15 v3.15 Key value format for package options (HO)
))
\c@section@level=\count284
)
(/usr/share/texlive/texmf-dist/tex/latex/etoolbox/etoolbox.sty
Package: etoolbox 2020/10/05 v2.5k e-TeX tools for LaTeX (JAW)
\etb@tempcnta=\count285
)
\@linkdim=\dimen167
\Hy@linkcounter=\count286
\Hy@pagecounter=\count287

(/usr/share/texlive/texmf-dist/tex/latex/hyperref/pd1enc.def
File: pd1enc.def 2024-01-20 v7.01h Hyperref: PDFDocEncoding definition (HO)
)
(/usr/share/texlive/texmf-dist/tex/generic/intcalc/intcalc.sty
Package: intcalc 2019/12/15 v1.3 Expandable calculations with integers (HO)
)
\Hy@SavedSpaceFactor=\count288

(/usr/share/texlive/texmf-dist/tex/latex/hyperref/puenc.def
File: puenc.def 2024-01-20 v7.01h Hyperref: PDF Unicode definition (HO)
)
Package hyperref Info: Hyper figures OFF on input line 4179.
Package hyperref Info: Link nesting OFF on input line 4184.
Package hyperref Info: Hyper index ON on input line 4187.
Package hyperref Info: Plain pages OFF on input line 4194.
Package hyperref Info: Backreferencing OFF on input line 4199.
Package hyperref Info: Implicit mode ON; LaTeX internals redefined.
Package hyperref Info: Bookmarks ON on input line 4446.
\c@Hy@tempcnt=\count289

(/usr/share/texlive/texmf-dist/tex/latex/url/url.sty
\Urlmuskip=\muskip16
Package: url 2013/09/16  ver 3.4  Verb mode for urls, etc.
)
LaTeX Info: Redefining \url on input line 4784.
\XeTeXLinkMargin=\dimen168

(/usr/share/texlive/texmf-dist/tex/generic/bitset/bitset.sty
Package: bitset 2019/12/09 v1.3 Handle bit-vector datatype (HO)

(/usr/share/texlive/texmf-dist/tex/generic/bigintcalc/bigintcalc.sty
Package: bigintcalc 2019/12/15 v1.5 Expandable calculations on big integers (HO
)
))
\Fld@menulength=\count290
\Field@Width=\dimen169
\Fld@charsize=\dimen170
Package hyperref Info: Hyper figures OFF on input line 6063.
Package hyperref Info: Link nesting OFF on input line 6068.
Package hyperref Info: Hyper index ON on input line 6071.
Package hyperref Info: backreferencing OFF on input line 6078.
Package hyperref Info: Link coloring OFF on input line 6083.
Package hyperref Info: Link coloring with OCG OFF on input line 6088.
Package hyperref Info: PDF/A mode OFF on input line 6093.

(/usr/share/texlive/texmf-dist/tex/latex/base/atbegshi-ltx.sty
Package: atbegshi-ltx 2021/01/10 v1.0c Emulation of the original atbegshi
package with kernel methods
)
\Hy@abspage=\count291
\c@Item=\count292
\c@Hfootnote=\count293
)
Package hyperref Info: Driver (autodetected): hluatex.

(/usr/share/texlive/texmf-dist/tex/latex/hyperref/hluatex.def
File: hluatex.def 2024-01-20 v7.01h Hyperref driver for luaTeX

(/usr/share/texlive/texmf-dist/tex/generic/stringenc/stringenc.sty
Package: stringenc 2019/11/29 v1.12 Convert strings between diff. encodings (HO
)
)
(/usr/share/texlive/texmf-dist/tex/latex/base/atveryend-ltx.sty
Package: atveryend-ltx 2020/08/19 v1.0a Emulation of the original atveryend pac
kage
with kernel methods
)
\Fld@listcount=\count294
\c@bookmark@seq@number=\count295

(/usr/share/texlive/texmf-dist/tex/latex/rerunfilecheck/rerunfilecheck.sty
Package: rerunfilecheck 2022-07-10 v1.10 Rerun checks for auxiliary files (HO)

(/usr/share/texlive/texmf-dist/tex/generic/uniquecounter/uniquecounter.sty
Package: uniquecounter 2019/12/15 v1.4 Provide unlimited unique counter (HO)
)
Package uniquecounter Info: New unique counter `rerunfilecheck' on input line 2
85.
)
\Hy@SectionHShift=\skip54
)
(/usr/share/texlive/texmf-dist/tex/latex/tools/array.sty
Package: array 2023/10/16 v2.5g Tabular extension package (FMi)
\col@sep=\dimen171
\ar@mcellbox=\box59
\extrarowheight=\dimen172
\NC@list=\toks23
\extratabsurround=\skip55
\backup@length=\skip56
\ar@cellbox=\box60
)
(/usr/share/texlive/texmf-dist/tex/latex/amsmath/amsmath.sty
Package: amsmath 2023/05/13 v2.17o AMS math features
\@mathmargin=\skip57

For additional information on amsmath, use the `?' option.
(/usr/share/texlive/texmf-dist/tex/latex/amsmath/amstext.sty
Package: amstext 2021/08/26 v2.01 AMS text

(/usr/share/texlive/texmf-dist/tex/latex/amsmath/amsgen.sty
File: amsgen.sty 1999/11/30 v2.0 generic functions
\@emptytoks=\toks24
\ex@=\dimen173
))
(/usr/share/texlive/texmf-dist/tex/latex/amsmath/amsbsy.sty
Package: amsbsy 1999/11/29 v1.2d Bold Symbols
\pmbraise@=\dimen174
)
(/usr/share/texlive/texmf-dist/tex/latex/amsmath/amsopn.sty
Package: amsopn 2022/04/08 v2.04 operator names
)
\inf@bad=\count296
LaTeX Info: Redefining \frac on input line 236.
\uproot@=\count297
\leftroot@=\count298
LaTeX Info: Redefining \overline on input line 399.
LaTeX Info: Redefining \colon on input line 410.
\classnum@=\count299
\DOTSCASE@=\count300
LaTeX Info: Redefining \ldots on input line 496.
LaTeX Info: Redefining \dots on input line 499.
LaTeX Info: Redefining \cdots on input line 620.
\Mathstrutbox@=\box61
\strutbox@=\box62
LaTeX Info: Redefining \big on input line 722.
LaTeX Info: Redefining \Big on input line 723.
LaTeX Info: Redefining \bigg on input line 724.
LaTeX Info: Redefining \Bigg on input line 725.
\big@size=\dimen175
LaTeX Font Info:    Redeclaring font encoding OML on input line 743.
LaTeX Font Info:    Redeclaring font encoding OMS on input line 744.
\macc@depth=\count301
LaTeX Info: Redefining \bmod on input line 905.
LaTeX Info: Redefining \pmod on input line 910.
LaTeX Info: Redefining \smash on input line 940.
LaTeX Info: Redefining \relbar on input line 970.
LaTeX Info: Redefining \Relbar on input line 971.
\c@MaxMatrixCols=\count302
\dotsspace@=\muskip17
\c@parentequation=\count303
\dspbrk@lvl=\count304
\tag@help=\toks25
\row@=\count305
\column@=\count306
\maxfields@=\count307
\andhelp@=\toks26
\eqnshift@=\dimen176
\alignsep@=\dimen177
\tagshift@=\dimen178
\tagwidth@=\dimen179
\totwidth@=\dimen180
\lineht@=\dimen181
\@envbody=\toks27
\multlinegap=\skip58
\multlinetaggap=\skip59
\mathdisplay@stack=\toks28
LaTeX Info: Redefining \[ on input line 2953.
LaTeX Info: Redefining \] on input line 2954.
)
(/usr/share/texlive/texmf-dist/tex/latex/amsfonts/amssymb.sty
Package: amssymb 2013/01/14 v3.01 AMS font symbols

(/usr/share/texlive/texmf-dist/tex/latex/amsfonts/amsfonts.sty
Package: amsfonts 2013/01/14 v3.01 Basic AMSFonts support
\symAMSa=\mathgroup4
\symAMSb=\mathgroup5
LaTeX Font Info:    Redeclaring math symbol \hbar on input line 98.
LaTeX Font Info:    Overwriting math alphabet `\mathfrak' in version `bold'
(Font)                  U/euf/m/n --> U/euf/b/n on input line 106.
))
(/usr/share/texlive/texmf-dist/tex/latex/enumitem/enumitem.sty
Package: enumitem 2019/06/20 v3.9 Customized lists
\labelindent=\skip60
\enit@outerparindent=\dimen182
\enit@toks=\toks29
\enit@inbox=\box63
\enit@count@id=\count308
\enitdp@description=\count309
)
(/usr/share/texlive/texmf-dist/tex/latex/xcolor/xcolor.sty
Package: xcolor 2023/11/15 v3.01 LaTeX color extensions (UK)

(/usr/share/texlive/texmf-dist/tex/latex/graphics-cfg/color.cfg
File: color.cfg 2016/01/02 v1.6 sample color configuration
)
Package xcolor Info: Driver file: luatex.def on input line 274.

(/usr/share/texlive/texmf-dist/tex/latex/graphics/mathcolor.ltx)
Package xcolor Info: Model `cmy' substituted by `cmy0' on input line 1350.
Package xcolor Info: Model `hsb' substituted by `rgb' on input line 1354.
Package xcolor Info: Model `RGB' extended on input line 1366.
Package xcolor Info: Model `HTML' substituted by `rgb' on input line 1368.
Package xcolor Info: Model `Hsb' substituted by `hsb' on input line 1369.
Package xcolor Info: Model `tHsb' substituted by `hsb' on input line 1370.
Package xcolor Info: Model `HSB' substituted by `hsb' on input line 1371.
Package xcolor Info: Model `Gray' substituted by `gray' on input line 1372.
Package xcolor Info: Model `wave' substituted by `hsb' on input line 1373.
)
(/usr/share/texlive/texmf-dist/tex/latex/fancyvrb/fancyvrb.sty
Package: fancyvrb 2024/01/20 4.5c verbatim text (tvz,hv)
\FV@CodeLineNo=\count310
\FV@InFile=\read2
\FV@TabBox=\box64
\c@FancyVerbLine=\count311
\FV@StepNumber=\count312
\FV@OutFile=\write3
)
No file project_understanding_summary.aux.

\openout1 = project_understanding_summary.aux
LaTeX Font Info:    Checking defaults for OML/cmm/m/it on input line 33.
LaTeX Font Info:    ... okay on input line 33.
LaTeX Font Info:    Checking defaults for OMS/cmsy/m/n on input line 33.
LaTeX Font Info:    ... okay on input line 33.
LaTeX Font Info:    Checking defaults for OT1/cmr/m/n on input line 33.
LaTeX Font Info:    ... okay on input line 33.
LaTeX Font Info:    Checking defaults for T1/cmr/m/n on input line 33.
LaTeX Font Info:    ... okay on input line 33.
LaTeX Font Info:    Checking defaults for TS1/cmr/m/n on input line 33.
LaTeX Font Info:    Trying to load font information for TS1+cmr on input line 3
3.
(/usr/share/texlive/texmf-dist/tex/latex/base/ts1cmr.fd
File: ts1cmr.fd 2023/04/13 v2.5m Standard LaTeX font definitions
)
LaTeX Font Info:    ... okay on input line 33.
LaTeX Font Info:    Checking defaults for TU/lmr/m/n on input line 33.
LaTeX Font Info:    ... okay on input line 33.
LaTeX Font Info:    Checking defaults for OMX/cmex/m/n on input line 33.
LaTeX Font Info:    ... okay on input line 33.
LaTeX Font Info:    Checking defaults for U/cmr/m/n on input line 33.
LaTeX Font Info:    ... okay on input line 33.
LaTeX Font Info:    Checking defaults for PD1/pdf/m/n on input line 33.
LaTeX Font Info:    ... okay on input line 33.
LaTeX Font Info:    Checking defaults for PU/pdf/m/n on input line 33.
LaTeX Font Info:    ... okay on input line 33.

Package fontspec Info: Adjusting the maths setup (use [no-math] to avoid
(fontspec)             this).

\symlegacymaths=\mathgroup6
LaTeX Font Info:    Overwriting symbol font `legacymaths' in version `bold'
(Font)                  OT1/cmr/m/n --> OT1/cmr/bx/n on input line 33.
LaTeX Font Info:    Redeclaring math accent \acute on input line 33.
LaTeX Font Info:    Redeclaring math accent \grave on input line 33.
LaTeX Font Info:    Redeclaring math accent \ddot on input line 33.
LaTeX Font Info:    Redeclaring math accent \tilde on input line 33.
LaTeX Font Info:    Redeclaring math accent \bar on input line 33.
LaTeX Font Info:    Redeclaring math accent \breve on input line 33.
LaTeX Font Info:    Redeclaring math accent \check on input line 33.
LaTeX Font Info:    Redeclaring math accent \hat on input line 33.
LaTeX Font Info:    Redeclaring math accent \dot on input line 33.
LaTeX Font Info:    Redeclaring math accent \mathring on input line 33.
LaTeX Font Info:    Redeclaring math symbol \Gamma on input line 33.
LaTeX Font Info:    Redeclaring math symbol \Delta on input line 33.
LaTeX Font Info:    Redeclaring math symbol \Theta on input line 33.
LaTeX Font Info:    Redeclaring math symbol \Lambda on input line 33.
LaTeX Font Info:    Redeclaring math symbol \Xi on input line 33.
LaTeX Font Info:    Redeclaring math symbol \Pi on input line 33.
LaTeX Font Info:    Redeclaring math symbol \Sigma on input line 33.
LaTeX Font Info:    Redeclaring math symbol \Upsilon on input line 33.
LaTeX Font Info:    Redeclaring math symbol \Phi on input line 33.
LaTeX Font Info:    Redeclaring math symbol \Psi on input line 33.
LaTeX Font Info:    Redeclaring math symbol \Omega on input line 33.
LaTeX Font Info:    Redeclaring math symbol \mathdollar on input line 33.
LaTeX Font Info:    Redeclaring symbol font `operators' on input line 33.
LaTeX Font Info:    Encoding `OT1' has changed to `TU' for symbol font
(Font)              `operators' in the math version `normal' on input line 33.
LaTeX Font Info:    Overwriting symbol font `operators' in version `normal'
(Font)                  OT1/cmr/m/n --> TU/NotoSerifCJKSC(0)/m/n on input line 
33.
LaTeX Font Info:    Encoding `OT1' has changed to `TU' for symbol font
(Font)              `operators' in the math version `bold' on input line 33.
LaTeX Font Info:    Overwriting symbol font `operators' in version `bold'
(Font)                  OT1/cmr/bx/n --> TU/NotoSerifCJKSC(0)/m/n on input line
 33.
LaTeX Font Info:    Overwriting symbol font `operators' in version `normal'
(Font)                  TU/NotoSerifCJKSC(0)/m/n --> TU/NotoSerifCJKSC(0)/m/n o
n input line 33.
LaTeX Font Info:    Overwriting math alphabet `\mathit' in version `normal'
(Font)                  OT1/cmr/m/it --> TU/NotoSerifCJKSC(0)/m/it on input lin
e 33.
LaTeX Font Info:    Overwriting math alphabet `\mathbf' in version `normal'
(Font)                  OT1/cmr/bx/n --> TU/NotoSerifCJKSC(0)/b/n on input line
 33.
LaTeX Font Info:    Overwriting math alphabet `\mathsf' in version `normal'
(Font)                  OT1/cmss/m/n --> TU/NotoSans(0)/m/n on input line 33.
LaTeX Font Info:    Overwriting math alphabet `\mathtt' in version `normal'
(Font)                  OT1/cmtt/m/n --> TU/NotoSansMono(0)/m/n on input line 3
3.
LaTeX Font Info:    Overwriting symbol font `operators' in version `bold'
(Font)                  TU/NotoSerifCJKSC(0)/m/n --> TU/NotoSerifCJKSC(0)/b/n o
n input line 33.
LaTeX Font Info:    Overwriting math alphabet `\mathit' in version `bold'
(Font)                  OT1/cmr/bx/it --> TU/NotoSerifCJKSC(0)/b/it on input li
ne 33.
LaTeX Font Info:    Overwriting math alphabet `\mathsf' in version `bold'
(Font)                  OT1/cmss/bx/n --> TU/NotoSans(0)/b/n on input line 33.
LaTeX Font Info:    Overwriting math alphabet `\mathtt' in version `bold'
(Font)                  OT1/cmtt/m/n --> TU/NotoSansMono(0)/b/n on input line 3
3.

*geometry* driver: auto-detecting
*geometry* detected driver: luatex
*geometry* verbose mode - [ preamble ] result:
* driver: luatex
* paper: a4paper
* layout: <same size as paper>
* layoutoffset:(h,v)=(0.0pt,0.0pt)
* modes: 
* h-part:(L,W,R)=(61.42993pt, 474.64801pt, 61.42993pt)
* v-part:(T,H,B)=(61.42993pt, 722.18698pt, 61.42993pt)
* \paperwidth=597.50787pt
* \paperheight=845.04684pt
* \textwidth=474.64801pt
* \textheight=722.18698pt
* \oddsidemargin=-10.84006pt
* \evensidemargin=-10.84006pt
* \topmargin=-47.84006pt
* \headheight=12.0pt
* \headsep=25.0pt
* \topskip=11.0pt
* \footskip=30.0pt
* \marginparwidth=50.0pt
* \marginparsep=10.0pt
* \columnsep=10.0pt
* \skip\footins=10.0pt plus 4.0pt minus 2.0pt
* \hoffset=0.0pt
* \voffset=0.0pt
* \mag=1000
* \@twocolumnfalse
* \@twosidefalse
* \@mparswitchfalse
* \@reversemarginfalse
* (1in=72.27pt=25.4mm, 1cm=28.453pt)

(/usr/share/texlive/texmf-dist/tex/context/base/mkii/supp-pdf.mkii
[Loading MPS to PDF converter (version 2006.09.02).]
\scratchcounter=\count313
\scratchdimen=\dimen183
\scratchbox=\box65
\nofMPsegments=\count314
\nofMParguments=\count315
\everyMPshowfont=\toks30
\MPscratchCnt=\count316
\MPscratchDim=\dimen184
\MPnumerator=\count317
\makeMPintoPDFobject=\count318
\everyMPtoPDFconversion=\toks31
) (/usr/share/texlive/texmf-dist/tex/latex/epstopdf-pkg/epstopdf-base.sty
Package: epstopdf-base 2020-01-24 v2.11 Base part for package epstopdf
Package epstopdf-base Info: Redefining graphics rule for `.eps' on input line 4
85.

(/usr/share/texlive/texmf-dist/tex/latex/latexconfig/epstopdf-sys.cfg
File: epstopdf-sys.cfg 2010/07/13 v1.3 Configuration of (r)epstopdf for TeX Liv
e
))
Package hyperref Info: Link coloring OFF on input line 33.
\@outlinefile=\write4

\openout4 = project_understanding_summary.out

! Font \TU/NotoSerifCJKSC(0)/m/n/17.28=NotoSerifCJKSC:mode=node;language=dflt;+t
lig; at 17.28pt not loadable: metric data not found or bad.
<to be read again> 
relax 
l.36 \tableofcontents
                   
I wasn't able to read the size data for this font,
so I will ignore the font specification.
[Wizards can fix TFM files using TFtoPL/PLtoTF.]
You might try inserting a different font spec;
e.g., type `I\font<same font id>=<substitute font name>'.

! Font \TU/NotoSerifCJKSC(0)/m/n/12=NotoSerifCJKSC:mode=node;language=dflt;+tlig
; at 12pt not loadable: metric data not found or bad.
<to be read again> 
relax 
l.36 \tableofcontents
                   
I wasn't able to read the size data for this font,
so I will ignore the font specification.
[Wizards can fix TFM files using TFtoPL/PLtoTF.]
You might try inserting a different font spec;
e.g., type `I\font<same font id>=<substitute font name>'.

! Font \TU/NotoSerifCJKSC(0)/m/n/8=NotoSerifCJKSC:mode=node;language=dflt;+tlig;
 at 8pt not loadable: metric data not found or bad.
<to be read again> 
relax 
l.36 \tableofcontents
                   
I wasn't able to read the size data for this font,
so I will ignore the font specification.
[Wizards can fix TFM files using TFtoPL/PLtoTF.]
You might try inserting a different font spec;
e.g., type `I\font<same font id>=<substitute font name>'.

! Font \TU/NotoSerifCJKSC(0)/m/n/6=NotoSerifCJKSC:mode=node;language=dflt;+tlig;
 at 6pt not loadable: metric data not found or bad.
<to be read again> 
relax 
l.36 \tableofcontents
                   
I wasn't able to read the size data for this font,
so I will ignore the font specification.
[Wizards can fix TFM files using TFtoPL/PLtoTF.]
You might try inserting a different font spec;
e.g., type `I\font<same font id>=<substitute font name>'.

LaTeX Font Info:    Trying to load font information for U+msa on input line 36.

(/usr/share/texlive/texmf-dist/tex/latex/amsfonts/umsa.fd
File: umsa.fd 2013/01/14 v3.01 AMS symbols A
)
LaTeX Font Info:    Trying to load font information for U+msb on input line 36.


(/usr/share/texlive/texmf-dist/tex/latex/amsfonts/umsb.fd
File: umsb.fd 2013/01/14 v3.01 AMS symbols B
)
No file project_understanding_summary.toc.
\tf@toc=\write5

\openout5 = project_understanding_summary.toc
! Font \TU/NotoSerifCJKSC(0)/m/n/14.4=NotoSerifCJKSC:mode=node;language=dflt;+tl
ig; at 14.4pt not loadable: metric data not found or bad.
<to be read again> 
relax 
l.37 \newpage
           
I wasn't able to read the size data for this font,
so I will ignore the font specification.
[Wizards can fix TFM files using TFtoPL/PLtoTF.]
You might try inserting a different font spec;
e.g., type `I\font<same font id>=<substitute font name>'.


LaTeX Font Warning: Font shape `TU/NotoSerifCJKSC(0)/b/n' undefined
(Font)              using `TU/NotoSerifCJKSC(0)/m/n' instead on input line 37.

[1


Missing character: There is no Y (U+0059) in font nullfont!
Missing character: There is no O (U+004F) in font nullfont!
Missing character: There is no L (U+004C) in font nullfont!
Missing character: There is no O (U+004F) in font nullfont!
Missing character: There is no F (U+0046) in font nullfont!
Missing character: There is no i (U+0069) in font nullfont!
Missing character: There is no n (U+006E) in font nullfont!
Missing character: There is no a (U+0061) in font nullfont!
Missing character: There is no l (U+006C) in font nullfont!
Missing character: There is no 项 (U+9879) in font nullfont!
Missing character: There is no 目 (U+76EE) in font nullfont!
Missing character: There is no 代 (U+4EE3) in font nullfont!
Missing character: There is no 码 (U+7801) in font nullfont!
Missing character: There is no 速 (U+901F) in font nullfont!
Missing character: There is no 览 (U+89C8) in font nullfont!
Missing character: There is no 与 (U+4E0E) in font nullfont!
Missing character: There is no 汇 (U+6C47) in font nullfont!
Missing character: There is no 报 (U+62A5) in font nullfont!
Missing character: There is no 辅 (U+8F85) in font nullfont!
Missing character: There is no 助 (U+52A9) in font nullfont!
Missing character: There is no 总 (U+603B) in font nullfont!
Missing character: There is no 结 (U+7ED3) in font nullfont!
Missing character: There is no 2 (U+0032) in font nullfont!
Missing character: There is no 0 (U+0030) in font nullfont!
Missing character: There is no 2 (U+0032) in font nullfont!
Missing character: There is no 6 (U+0036) in font nullfont!
Missing character: There is no - (U+002D) in font nullfont!
Missing character: There is no 0 (U+0030) in font nullfont!
Missing character: There is no 5 (U+0035) in font nullfont!
Missing character: There is no - (U+002D) in font nullfont!
Missing character: There is no 1 (U+0031) in font nullfont!
Missing character: There is no 5 (U+0035) in font nullfont!
Missing character: There is no C (U+0043) in font nullfont!
Missing character: There is no o (U+006F) in font nullfont!
Missing character: There is no n (U+006E) in font nullfont!
Missing character: There is no t (U+0074) in font nullfont!
Missing character: There is no e (U+0065) in font nullfont!
Missing character: There is no n (U+006E) in font nullfont!
Missing character: There is no t (U+0074) in font nullfont!
Missing character: There is no s (U+0073) in font nullfont!
Missing character: There is no 1 (U+0031) in font nullfont!
]
! Font \TU/NotoSerifCJKSC(0)/b/n/14.4=NotoSerifCJKSC:mode=node;language=dflt;+tl
ig; at 14.4pt not loadable: metric data not found or bad.
<to be read again> 
relax 
l.41 这
      份 PDF 的目的不是替代正式报告，而是帮助现场汇报时...
I wasn't able to read the size data for this font,
so I will ignore the font specification.
[Wizards can fix TFM files using TFtoPL/PLtoTF.]
You might try inserting a different font spec;
e.g., type `I\font<same font id>=<substitute font name>'.

! Font \TU/NotoSansMono(0)/m/n/10.95=NotoSansMono:mode=node;language=dflt; at 10
.95pt not loadable: metric data not found or bad.
<to be read again> 
relax 
l.44   \item 先讲 \code{configs/}
                                 ：最终实验到底怎么配置；
I wasn't able to read the size data for this font,
so I will ignore the font specification.
[Wizards can fix TFM files using TFtoPL/PLtoTF.]
You might try inserting a different font spec;
e.g., type `I\font<same font id>=<substitute font name>'.

! Font \TU/NotoSerifCJKSC(0)/m/n/10=NotoSerifCJKSC:mode=node;language=dflt;+tlig
; at 10pt not loadable: metric data not found or bad.
<to be read again> 
relax 
l.71 \begin{Verbatim}[fontsize=\small]
                                    
I wasn't able to read the size data for this font,
so I will ignore the font specification.
[Wizards can fix TFM files using TFtoPL/PLtoTF.]
You might try inserting a different font spec;
e.g., type `I\font<same font id>=<substitute font name>'.

! Font \TU/NotoSansMono(0)/m/n/10=NotoSansMono:mode=node;language=dflt; at 10pt 
not loadable: metric data not found or bad.
<to be read again> 
relax 
l.71 \begin{Verbatim}[fontsize=\small]
                                    
I wasn't able to read the size data for this font,
so I will ignore the font specification.
[Wizards can fix TFM files using TFtoPL/PLtoTF.]
You might try inserting a different font spec;
e.g., type `I\font<same font id>=<substitute font name>'.

! \textfont0 is undefined (character 99).
\Url@FormatString ...\Url@String \UrlRight \m@th $
                                                  
l.101 \file{configs/}
                    & 所有正式实验都由 TOML 配置驱动。最终配...
Somewhere in the math formula just ended, you used the
stated character from an undefined font family. For example,
plain TeX doesn't allow \it or \sl in subscripts. Proceed,
and I'll try to forget that I needed that character.

! \textfont0 is undefined (character 99).
\Url@FormatString ...\Url@String \UrlRight \m@th $
                                                  
l.101 \file{configs/}
                    & 所有正式实验都由 TOML 配置驱动。最终配...
Somewhere in the math formula just ended, you used the
stated character from an undefined font family. For example,
plain TeX doesn't allow \it or \sl in subscripts. Proceed,
and I'll try to forget that I needed that character.

! \textfont0 is undefined (character 111).
\Url@FormatString ...\Url@String \UrlRight \m@th $
                                                  
l.101 \file{configs/}
                    & 所有正式实验都由 TOML 配置驱动。最终配...
Somewhere in the math formula just ended, you used the
stated character from an undefined font family. For example,
plain TeX doesn't allow \it or \sl in subscripts. Proceed,
and I'll try to forget that I needed that character.

! \textfont0 is undefined (character 111).
\Url@FormatString ...\Url@String \UrlRight \m@th $
                                                  
l.101 \file{configs/}
                    & 所有正式实验都由 TOML 配置驱动。最终配...
Somewhere in the math formula just ended, you used the
stated character from an undefined font family. For example,
plain TeX doesn't allow \it or \sl in subscripts. Proceed,
and I'll try to forget that I needed that character.

! \textfont0 is undefined (character 110).
\Url@FormatString ...\Url@String \UrlRight \m@th $
                                                  
l.101 \file{configs/}
                    & 所有正式实验都由 TOML 配置驱动。最终配...
Somewhere in the math formula just ended, you used the
stated character from an undefined font family. For example,
plain TeX doesn't allow \it or \sl in subscripts. Proceed,
and I'll try to forget that I needed that character.

! \textfont0 is undefined (character 110).
\Url@FormatString ...\Url@String \UrlRight \m@th $
                                                  
l.101 \file{configs/}
                    & 所有正式实验都由 TOML 配置驱动。最终配...
Somewhere in the math formula just ended, you used the
stated character from an undefined font family. For example,
plain TeX doesn't allow \it or \sl in subscripts. Proceed,
and I'll try to forget that I needed that character.

! \textfont0 is undefined (character 102).
\Url@FormatString ...\Url@String \UrlRight \m@th $
                                                  
l.101 \file{configs/}
                    & 所有正式实验都由 TOML 配置驱动。最终配...
Somewhere in the math formula just ended, you used the
stated character from an undefined font family. For example,
plain TeX doesn't allow \it or \sl in subscripts. Proceed,
and I'll try to forget that I needed that character.

! \textfont0 is undefined (character 102).
\Url@FormatString ...\Url@String \UrlRight \m@th $
                                                  
l.101 \file{configs/}
                    & 所有正式实验都由 TOML 配置驱动。最终配...
Somewhere in the math formula just ended, you used the
stated character from an undefined font family. For example,
plain TeX doesn't allow \it or \sl in subscripts. Proceed,
and I'll try to forget that I needed that character.

! \textfont0 is undefined (character 105).
\Url@FormatString ...\Url@String \UrlRight \m@th $
                                                  
l.101 \file{configs/}
                    & 所有正式实验都由 TOML 配置驱动。最终配...
Somewhere in the math formula just ended, you used the
stated character from an undefined font family. For example,
plain TeX doesn't allow \it or \sl in subscripts. Proceed,
and I'll try to forget that I needed that character.

! \textfont0 is undefined (character 105).
\Url@FormatString ...\Url@String \UrlRight \m@th $
                                                  
l.101 \file{configs/}
                    & 所有正式实验都由 TOML 配置驱动。最终配...
Somewhere in the math formula just ended, you used the
stated character from an undefined font family. For example,
plain TeX doesn't allow \it or \sl in subscripts. Proceed,
and I'll try to forget that I needed that character.

! \textfont0 is undefined (character 103).
\Url@FormatString ...\Url@String \UrlRight \m@th $
                                                  
l.101 \file{configs/}
                    & 所有正式实验都由 TOML 配置驱动。最终配...
Somewhere in the math formula just ended, you used the
stated character from an undefined font family. For example,
plain TeX doesn't allow \it or \sl in subscripts. Proceed,
and I'll try to forget that I needed that character.

! \textfont0 is undefined (character 103).
\Url@FormatString ...\Url@String \UrlRight \m@th $
                                                  
l.101 \file{configs/}
                    & 所有正式实验都由 TOML 配置驱动。最终配...
Somewhere in the math formula just ended, you used the
stated character from an undefined font family. For example,
plain TeX doesn't allow \it or \sl in subscripts. Proceed,
and I'll try to forget that I needed that character.

! \textfont0 is undefined (character 115).
\Url@FormatString ...\Url@String \UrlRight \m@th $
                                                  
l.101 \file{configs/}
                    & 所有正式实验都由 TOML 配置驱动。最终配...
Somewhere in the math formula just ended, you used the
stated character from an undefined font family. For example,
plain TeX doesn't allow \it or \sl in subscripts. Proceed,
and I'll try to forget that I needed that character.

! \textfont0 is undefined (character 115).
\Url@FormatString ...\Url@String \UrlRight \m@th $
                                                  
l.101 \file{configs/}
                    & 所有正式实验都由 TOML 配置驱动。最终配...
Somewhere in the math formula just ended, you used the
stated character from an undefined font family. For example,
plain TeX doesn't allow \it or \sl in subscripts. Proceed,
and I'll try to forget that I needed that character.

! \textfont0 is undefined (character 47).
\Url@FormatString ...\Url@String \UrlRight \m@th $
                                                  
l.101 \file{configs/}
                    & 所有正式实验都由 TOML 配置驱动。最终配...
Somewhere in the math formula just ended, you used the
stated character from an undefined font family. For example,
plain TeX doesn't allow \it or \sl in subscripts. Proceed,
and I'll try to forget that I needed that character.

! \textfont0 is undefined (character 100).
\Url@FormatString ...\Url@String \UrlRight \m@th $
                                                  
l.101 ...1_416_basic_aug_scale_jitter_50_lr7e4.toml}
                                                  。\\
Somewhere in the math formula just ended, you used the
stated character from an undefined font family. For example,
plain TeX doesn't allow \it or \sl in subscripts. Proceed,
and I'll try to forget that I needed that character.

! \textfont0 is undefined (character 100).
\Url@FormatString ...\Url@String \UrlRight \m@th $
                                                  
l.101 ...1_416_basic_aug_scale_jitter_50_lr7e4.toml}
                                                  。\\
Somewhere in the math formula just ended, you used the
stated character from an undefined font family. For example,
plain TeX doesn't allow \it or \sl in subscripts. Proceed,
and I'll try to forget that I needed that character.

! \textfont0 is undefined (character 117).
\Url@FormatString ...\Url@String \UrlRight \m@th $
                                                  
l.101 ...1_416_basic_aug_scale_jitter_50_lr7e4.toml}
                                                  。\\
Somewhere in the math formula just ended, you used the
stated character from an undefined font family. For example,
plain TeX doesn't allow \it or \sl in subscripts. Proceed,
and I'll try to forget that I needed that character.

! \textfont0 is undefined (character 117).
\Url@FormatString ...\Url@String \UrlRight \m@th $
                                                  
l.101 ...1_416_basic_aug_scale_jitter_50_lr7e4.toml}
                                                  。\\
Somewhere in the math formula just ended, you used the
stated character from an undefined font family. For example,
plain TeX doesn't allow \it or \sl in subscripts. Proceed,
and I'll try to forget that I needed that character.

! \textfont0 is undefined (character 97).
\Url@FormatString ...\Url@String \UrlRight \m@th $
                                                  
l.101 ...1_416_basic_aug_scale_jitter_50_lr7e4.toml}
                                                  。\\
Somewhere in the math formula just ended, you used the
stated character from an undefined font family. For example,
plain TeX doesn't allow \it or \sl in subscripts. Proceed,
and I'll try to forget that I needed that character.

! \textfont0 is undefined (character 97).
\Url@FormatString ...\Url@String \UrlRight \m@th $
                                                  
l.101 ...1_416_basic_aug_scale_jitter_50_lr7e4.toml}
                                                  。\\
Somewhere in the math formula just ended, you used the
stated character from an undefined font family. For example,
plain TeX doesn't allow \it or \sl in subscripts. Proceed,
and I'll try to forget that I needed that character.

! \textfont0 is undefined (character 108).
\Url@FormatString ...\Url@String \UrlRight \m@th $
                                                  
l.101 ...1_416_basic_aug_scale_jitter_50_lr7e4.toml}
                                                  。\\
Somewhere in the math formula just ended, you used the
stated character from an undefined font family. For example,
plain TeX doesn't allow \it or \sl in subscripts. Proceed,
and I'll try to forget that I needed that character.

! \textfont0 is undefined (character 108).
\Url@FormatString ...\Url@String \UrlRight \m@th $
                                                  
l.101 ...1_416_basic_aug_scale_jitter_50_lr7e4.toml}
                                                  。\\
Somewhere in the math formula just ended, you used the
stated character from an undefined font family. For example,
plain TeX doesn't allow \it or \sl in subscripts. Proceed,
and I'll try to forget that I needed that character.

! \textfont0 is undefined (character 95).
\Url@FormatString ...\Url@String \UrlRight \m@th $
                                                  
l.101 ...1_416_basic_aug_scale_jitter_50_lr7e4.toml}
                                                  。\\
Somewhere in the math formula just ended, you used the
stated character from an undefined font family. For example,
plain TeX doesn't allow \it or \sl in subscripts. Proceed,
and I'll try to forget that I needed that character.

! \textfont0 is undefined (character 115).
\Url@FormatString ...\Url@String \UrlRight \m@th $
                                                  
l.101 ...1_416_basic_aug_scale_jitter_50_lr7e4.toml}
                                                  。\\
Somewhere in the math formula just ended, you used the
stated character from an undefined font family. For example,
plain TeX doesn't allow \it or \sl in subscripts. Proceed,
and I'll try to forget that I needed that character.

! \textfont0 is undefined (character 115).
\Url@FormatString ...\Url@String \UrlRight \m@th $
                                                  
l.101 ...1_416_basic_aug_scale_jitter_50_lr7e4.toml}
                                                  。\\
Somewhere in the math formula just ended, you used the
stated character from an undefined font family. For example,
plain TeX doesn't allow \it or \sl in subscripts. Proceed,
and I'll try to forget that I needed that character.

! \textfont0 is undefined (character 99).
\Url@FormatString ...\Url@String \UrlRight \m@th $
                                                  
l.101 ...1_416_basic_aug_scale_jitter_50_lr7e4.toml}
                                                  。\\
Somewhere in the math formula just ended, you used the
stated character from an undefined font family. For example,
plain TeX doesn't allow \it or \sl in subscripts. Proceed,
and I'll try to forget that I needed that character.

! \textfont0 is undefined (character 99).
\Url@FormatString ...\Url@String \UrlRight \m@th $
                                                  
l.101 ...1_416_basic_aug_scale_jitter_50_lr7e4.toml}
                                                  。\\
Somewhere in the math formula just ended, you used the
stated character from an undefined font family. For example,
plain TeX doesn't allow \it or \sl in subscripts. Proceed,
and I'll try to forget that I needed that character.

! \textfont0 is undefined (character 97).
\Url@FormatString ...\Url@String \UrlRight \m@th $
                                                  
l.101 ...1_416_basic_aug_scale_jitter_50_lr7e4.toml}
                                                  。\\
Somewhere in the math formula just ended, you used the
stated character from an undefined font family. For example,
plain TeX doesn't allow \it or \sl in subscripts. Proceed,
and I'll try to forget that I needed that character.

! \textfont0 is undefined (character 97).
\Url@FormatString ...\Url@String \UrlRight \m@th $
                                                  
l.101 ...1_416_basic_aug_scale_jitter_50_lr7e4.toml}
                                                  。\\
Somewhere in the math formula just ended, you used the
stated character from an undefined font family. For example,
plain TeX doesn't allow \it or \sl in subscripts. Proceed,
and I'll try to forget that I needed that character.

! \textfont0 is undefined (character 108).
\Url@FormatString ...\Url@String \UrlRight \m@th $
                                                  
l.101 ...1_416_basic_aug_scale_jitter_50_lr7e4.toml}
                                                  。\\
Somewhere in the math formula just ended, you used the
stated character from an undefined font family. For example,
plain TeX doesn't allow \it or \sl in subscripts. Proceed,
and I'll try to forget that I needed that character.

! \textfont0 is undefined (character 108).
\Url@FormatString ...\Url@String \UrlRight \m@th $
                                                  
l.101 ...1_416_basic_aug_scale_jitter_50_lr7e4.toml}
                                                  。\\
Somewhere in the math formula just ended, you used the
stated character from an undefined font family. For example,
plain TeX doesn't allow \it or \sl in subscripts. Proceed,
and I'll try to forget that I needed that character.

! \textfont0 is undefined (character 101).
\Url@FormatString ...\Url@String \UrlRight \m@th $
                                                  
l.101 ...1_416_basic_aug_scale_jitter_50_lr7e4.toml}
                                                  。\\
Somewhere in the math formula just ended, you used the
stated character from an undefined font family. For example,
plain TeX doesn't allow \it or \sl in subscripts. Proceed,
and I'll try to forget that I needed that character.

! \textfont0 is undefined (character 101).
\Url@FormatString ...\Url@String \UrlRight \m@th $
                                                  
l.101 ...1_416_basic_aug_scale_jitter_50_lr7e4.toml}
                                                  。\\
Somewhere in the math formula just ended, you used the
stated character from an undefined font family. For example,
plain TeX doesn't allow \it or \sl in subscripts. Proceed,
and I'll try to forget that I needed that character.

! \textfont0 is undefined (character 95).
\Url@FormatString ...\Url@String \UrlRight \m@th $
                                                  
l.101 ...1_416_basic_aug_scale_jitter_50_lr7e4.toml}
                                                  。\\
Somewhere in the math formula just ended, you used the
stated character from an undefined font family. For example,
plain TeX doesn't allow \it or \sl in subscripts. Proceed,
and I'll try to forget that I needed that character.

! \textfont0 is undefined (character 116).
\Url@FormatString ...\Url@String \UrlRight \m@th $
                                                  
l.101 ...1_416_basic_aug_scale_jitter_50_lr7e4.toml}
                                                  。\\
Somewhere in the math formula just ended, you used the
stated character from an undefined font family. For example,
plain TeX doesn't allow \it or \sl in subscripts. Proceed,
and I'll try to forget that I needed that character.

! \textfont0 is undefined (character 116).
\Url@FormatString ...\Url@String \UrlRight \m@th $
                                                  
l.101 ...1_416_basic_aug_scale_jitter_50_lr7e4.toml}
                                                  。\\
Somewhere in the math formula just ended, you used the
stated character from an undefined font family. For example,
plain TeX doesn't allow \it or \sl in subscripts. Proceed,
and I'll try to forget that I needed that character.

! \textfont0 is undefined (character 104).
\Url@FormatString ...\Url@String \UrlRight \m@th $
                                                  
l.101 ...1_416_basic_aug_scale_jitter_50_lr7e4.toml}
                                                  。\\
Somewhere in the math formula just ended, you used the
stated character from an undefined font family. For example,
plain TeX doesn't allow \it or \sl in subscripts. Proceed,
and I'll try to forget that I needed that character.

! \textfont0 is undefined (character 104).
\Url@FormatString ...\Url@String \UrlRight \m@th $
                                                  
l.101 ...1_416_basic_aug_scale_jitter_50_lr7e4.toml}
                                                  。\\
Somewhere in the math formula just ended, you used the
stated character from an undefined font family. For example,
plain TeX doesn't allow \it or \sl in subscripts. Proceed,
and I'll try to forget that I needed that character.

! \textfont0 is undefined (character 114).
\Url@FormatString ...\Url@String \UrlRight \m@th $
                                                  
l.101 ...1_416_basic_aug_scale_jitter_50_lr7e4.toml}
                                                  。\\
Somewhere in the math formula just ended, you used the
stated character from an undefined font family. For example,
plain TeX doesn't allow \it or \sl in subscripts. Proceed,
and I'll try to forget that I needed that character.

! \textfont0 is undefined (character 114).
\Url@FormatString ...\Url@String \UrlRight \m@th $
                                                  
l.101 ...1_416_basic_aug_scale_jitter_50_lr7e4.toml}
                                                  。\\
Somewhere in the math formula just ended, you used the
stated character from an undefined font family. For example,
plain TeX doesn't allow \it or \sl in subscripts. Proceed,
and I'll try to forget that I needed that character.

! \textfont0 is undefined (character 101).
\Url@FormatString ...\Url@String \UrlRight \m@th $
                                                  
l.101 ...1_416_basic_aug_scale_jitter_50_lr7e4.toml}
                                                  。\\
Somewhere in the math formula just ended, you used the
stated character from an undefined font family. For example,
plain TeX doesn't allow \it or \sl in subscripts. Proceed,
and I'll try to forget that I needed that character.

! \textfont0 is undefined (character 101).
\Url@FormatString ...\Url@String \UrlRight \m@th $
                                                  
l.101 ...1_416_basic_aug_scale_jitter_50_lr7e4.toml}
                                                  。\\
Somewhere in the math formula just ended, you used the
stated character from an undefined font family. For example,
plain TeX doesn't allow \it or \sl in subscripts. Proceed,
and I'll try to forget that I needed that character.

! \textfont0 is undefined (character 101).
\Url@FormatString ...\Url@String \UrlRight \m@th $
                                                  
l.101 ...1_416_basic_aug_scale_jitter_50_lr7e4.toml}
                                                  。\\
Somewhere in the math formula just ended, you used the
stated character from an undefined font family. For example,
plain TeX doesn't allow \it or \sl in subscripts. Proceed,
and I'll try to forget that I needed that character.

! \textfont0 is undefined (character 101).
\Url@FormatString ...\Url@String \UrlRight \m@th $
                                                  
l.101 ...1_416_basic_aug_scale_jitter_50_lr7e4.toml}
                                                  。\\
Somewhere in the math formula just ended, you used the
stated character from an undefined font family. For example,
plain TeX doesn't allow \it or \sl in subscripts. Proceed,
and I'll try to forget that I needed that character.

! \textfont0 is undefined (character 95).
\Url@FormatString ...\Url@String \UrlRight \m@th $
                                                  
l.101 ...1_416_basic_aug_scale_jitter_50_lr7e4.toml}
                                                  。\\
Somewhere in the math formula just ended, you used the
stated character from an undefined font family. For example,
plain TeX doesn't allow \it or \sl in subscripts. Proceed,
and I'll try to forget that I needed that character.

! \textfont0 is undefined (character 98).
\Url@FormatString ...\Url@String \UrlRight \m@th $
                                                  
l.101 ...1_416_basic_aug_scale_jitter_50_lr7e4.toml}
                                                  。\\
Somewhere in the math formula just ended, you used the
stated character from an undefined font family. For example,
plain TeX doesn't allow \it or \sl in subscripts. Proceed,
and I'll try to forget that I needed that character.

! \textfont0 is undefined (character 98).
\Url@FormatString ...\Url@String \UrlRight \m@th $
                                                  
l.101 ...1_416_basic_aug_scale_jitter_50_lr7e4.toml}
                                                  。\\
Somewhere in the math formula just ended, you used the
stated character from an undefined font family. For example,
plain TeX doesn't allow \it or \sl in subscripts. Proceed,
and I'll try to forget that I needed that character.

! \textfont0 is undefined (character 111).
\Url@FormatString ...\Url@String \UrlRight \m@th $
                                                  
l.101 ...1_416_basic_aug_scale_jitter_50_lr7e4.toml}
                                                  。\\
Somewhere in the math formula just ended, you used the
stated character from an undefined font family. For example,
plain TeX doesn't allow \it or \sl in subscripts. Proceed,
and I'll try to forget that I needed that character.

! \textfont0 is undefined (character 111).
\Url@FormatString ...\Url@String \UrlRight \m@th $
                                                  
l.101 ...1_416_basic_aug_scale_jitter_50_lr7e4.toml}
                                                  。\\
Somewhere in the math formula just ended, you used the
stated character from an undefined font family. For example,
plain TeX doesn't allow \it or \sl in subscripts. Proceed,
and I'll try to forget that I needed that character.

! \textfont0 is undefined (character 120).
\Url@FormatString ...\Url@String \UrlRight \m@th $
                                                  
l.101 ...1_416_basic_aug_scale_jitter_50_lr7e4.toml}
                                                  。\\
Somewhere in the math formula just ended, you used the
stated character from an undefined font family. For example,
plain TeX doesn't allow \it or \sl in subscripts. Proceed,
and I'll try to forget that I needed that character.

! \textfont0 is undefined (character 120).
\Url@FormatString ...\Url@String \UrlRight \m@th $
                                                  
l.101 ...1_416_basic_aug_scale_jitter_50_lr7e4.toml}
                                                  。\\
Somewhere in the math formula just ended, you used the
stated character from an undefined font family. For example,
plain TeX doesn't allow \it or \sl in subscripts. Proceed,
and I'll try to forget that I needed that character.

! \textfont0 is undefined (character 95).
\Url@FormatString ...\Url@String \UrlRight \m@th $
                                                  
l.101 ...1_416_basic_aug_scale_jitter_50_lr7e4.toml}
                                                  。\\
Somewhere in the math formula just ended, you used the
stated character from an undefined font family. For example,
plain TeX doesn't allow \it or \sl in subscripts. Proceed,
and I'll try to forget that I needed that character.

! \textfont0 is undefined (character 99).
\Url@FormatString ...\Url@String \UrlRight \m@th $
                                                  
l.101 ...1_416_basic_aug_scale_jitter_50_lr7e4.toml}
                                                  。\\
Somewhere in the math formula just ended, you used the
stated character from an undefined font family. For example,
plain TeX doesn't allow \it or \sl in subscripts. Proceed,
and I'll try to forget that I needed that character.

! \textfont0 is undefined (character 99).
\Url@FormatString ...\Url@String \UrlRight \m@th $
                                                  
l.101 ...1_416_basic_aug_scale_jitter_50_lr7e4.toml}
                                                  。\\
Somewhere in the math formula just ended, you used the
stated character from an undefined font family. For example,
plain TeX doesn't allow \it or \sl in subscripts. Proceed,
and I'll try to forget that I needed that character.

! \textfont0 is undefined (character 111).
\Url@FormatString ...\Url@String \UrlRight \m@th $
                                                  
l.101 ...1_416_basic_aug_scale_jitter_50_lr7e4.toml}
                                                  。\\
Somewhere in the math formula just ended, you used the
stated character from an undefined font family. For example,
plain TeX doesn't allow \it or \sl in subscripts. Proceed,
and I'll try to forget that I needed that character.

! \textfont0 is undefined (character 111).
\Url@FormatString ...\Url@String \UrlRight \m@th $
                                                  
l.101 ...1_416_basic_aug_scale_jitter_50_lr7e4.toml}
                                                  。\\
Somewhere in the math formula just ended, you used the
stated character from an undefined font family. For example,
plain TeX doesn't allow \it or \sl in subscripts. Proceed,
and I'll try to forget that I needed that character.

! \textfont0 is undefined (character 99).
\Url@FormatString ...\Url@String \UrlRight \m@th $
                                                  
l.101 ...1_416_basic_aug_scale_jitter_50_lr7e4.toml}
                                                  。\\
Somewhere in the math formula just ended, you used the
stated character from an undefined font family. For example,
plain TeX doesn't allow \it or \sl in subscripts. Proceed,
and I'll try to forget that I needed that character.

! \textfont0 is undefined (character 99).
\Url@FormatString ...\Url@String \UrlRight \m@th $
                                                  
l.101 ...1_416_basic_aug_scale_jitter_50_lr7e4.toml}
                                                  。\\
Somewhere in the math formula just ended, you used the
stated character from an undefined font family. For example,
plain TeX doesn't allow \it or \sl in subscripts. Proceed,
and I'll try to forget that I needed that character.

! \textfont0 is undefined (character 111).
\Url@FormatString ...\Url@String \UrlRight \m@th $
                                                  
l.101 ...1_416_basic_aug_scale_jitter_50_lr7e4.toml}
                                                  。\\
Somewhere in the math formula just ended, you used the
stated character from an undefined font family. For example,
plain TeX doesn't allow \it or \sl in subscripts. Proceed,
and I'll try to forget that I needed that character.

! \textfont0 is undefined (character 111).
\Url@FormatString ...\Url@String \UrlRight \m@th $
                                                  
l.101 ...1_416_basic_aug_scale_jitter_50_lr7e4.toml}
                                                  。\\
Somewhere in the math formula just ended, you used the
stated character from an undefined font family. For example,
plain TeX doesn't allow \it or \sl in subscripts. Proceed,
and I'll try to forget that I needed that character.

! \textfont0 is undefined (character 95).
\Url@FormatString ...\Url@String \UrlRight \m@th $
                                                  
l.101 ...1_416_basic_aug_scale_jitter_50_lr7e4.toml}
                                                  。\\
Somewhere in the math formula just ended, you used the
stated character from an undefined font family. For example,
plain TeX doesn't allow \it or \sl in subscripts. Proceed,
and I'll try to forget that I needed that character.

! \textfont0 is undefined (character 111).
\Url@FormatString ...\Url@String \UrlRight \m@th $
                                                  
l.101 ...1_416_basic_aug_scale_jitter_50_lr7e4.toml}
                                                  。\\
Somewhere in the math formula just ended, you used the
stated character from an undefined font family. For example,
plain TeX doesn't allow \it or \sl in subscripts. Proceed,
and I'll try to forget that I needed that character.

! \textfont0 is undefined (character 111).
\Url@FormatString ...\Url@String \UrlRight \m@th $
                                                  
l.101 ...1_416_basic_aug_scale_jitter_50_lr7e4.toml}
                                                  。\\
Somewhere in the math formula just ended, you used the
stated character from an undefined font family. For example,
plain TeX doesn't allow \it or \sl in subscripts. Proceed,
and I'll try to forget that I needed that character.

! \textfont0 is undefined (character 110).
\Url@FormatString ...\Url@String \UrlRight \m@th $
                                                  
l.101 ...1_416_basic_aug_scale_jitter_50_lr7e4.toml}
                                                  。\\
Somewhere in the math formula just ended, you used the
stated character from an undefined font family. For example,
plain TeX doesn't allow \it or \sl in subscripts. Proceed,
and I'll try to forget that I needed that character.

! \textfont0 is undefined (character 110).
\Url@FormatString ...\Url@String \UrlRight \m@th $
                                                  
l.101 ...1_416_basic_aug_scale_jitter_50_lr7e4.toml}
                                                  。\\
Somewhere in the math formula just ended, you used the
stated character from an undefined font family. For example,
plain TeX doesn't allow \it or \sl in subscripts. Proceed,
and I'll try to forget that I needed that character.

! \textfont0 is undefined (character 108).
\Url@FormatString ...\Url@String \UrlRight \m@th $
                                                  
l.101 ...1_416_basic_aug_scale_jitter_50_lr7e4.toml}
                                                  。\\
Somewhere in the math formula just ended, you used the
stated character from an undefined font family. For example,
plain TeX doesn't allow \it or \sl in subscripts. Proceed,
and I'll try to forget that I needed that character.

! \textfont0 is undefined (character 108).
\Url@FormatString ...\Url@String \UrlRight \m@th $
                                                  
l.101 ...1_416_basic_aug_scale_jitter_50_lr7e4.toml}
                                                  。\\
Somewhere in the math formula just ended, you used the
stated character from an undefined font family. For example,
plain TeX doesn't allow \it or \sl in subscripts. Proceed,
and I'll try to forget that I needed that character.

! \textfont0 is undefined (character 121).
\Url@FormatString ...\Url@String \UrlRight \m@th $
                                                  
l.101 ...1_416_basic_aug_scale_jitter_50_lr7e4.toml}
                                                  。\\
Somewhere in the math formula just ended, you used the
stated character from an undefined font family. For example,
plain TeX doesn't allow \it or \sl in subscripts. Proceed,
and I'll try to forget that I needed that character.

! \textfont0 is undefined (character 121).
\Url@FormatString ...\Url@String \UrlRight \m@th $
                                                  
l.101 ...1_416_basic_aug_scale_jitter_50_lr7e4.toml}
                                                  。\\
Somewhere in the math formula just ended, you used the
stated character from an undefined font family. For example,
plain TeX doesn't allow \it or \sl in subscripts. Proceed,
and I'll try to forget that I needed that character.

! \textfont0 is undefined (character 95).
\Url@FormatString ...\Url@String \UrlRight \m@th $
                                                  
l.101 ...1_416_basic_aug_scale_jitter_50_lr7e4.toml}
                                                  。\\
Somewhere in the math formula just ended, you used the
stated character from an undefined font family. For example,
plain TeX doesn't allow \it or \sl in subscripts. Proceed,
and I'll try to forget that I needed that character.

! \textfont0 is undefined (character 110).
\Url@FormatString ...\Url@String \UrlRight \m@th $
                                                  
l.101 ...1_416_basic_aug_scale_jitter_50_lr7e4.toml}
                                                  。\\
Somewhere in the math formula just ended, you used the
stated character from an undefined font family. For example,
plain TeX doesn't allow \it or \sl in subscripts. Proceed,
and I'll try to forget that I needed that character.

! \textfont0 is undefined (character 110).
\Url@FormatString ...\Url@String \UrlRight \m@th $
                                                  
l.101 ...1_416_basic_aug_scale_jitter_50_lr7e4.toml}
                                                  。\\
Somewhere in the math formula just ended, you used the
stated character from an undefined font family. For example,
plain TeX doesn't allow \it or \sl in subscripts. Proceed,
and I'll try to forget that I needed that character.

! \textfont0 is undefined (character 111).
\Url@FormatString ...\Url@String \UrlRight \m@th $
                                                  
l.101 ...1_416_basic_aug_scale_jitter_50_lr7e4.toml}
                                                  。\\
Somewhere in the math formula just ended, you used the
stated character from an undefined font family. For example,
plain TeX doesn't allow \it or \sl in subscripts. Proceed,
and I'll try to forget that I needed that character.

! \textfont0 is undefined (character 111).
\Url@FormatString ...\Url@String \UrlRight \m@th $
                                                  
l.101 ...1_416_basic_aug_scale_jitter_50_lr7e4.toml}
                                                  。\\
Somewhere in the math formula just ended, you used the
stated character from an undefined font family. For example,
plain TeX doesn't allow \it or \sl in subscripts. Proceed,
and I'll try to forget that I needed that character.

! \textfont0 is undefined (character 111).
\Url@FormatString ...\Url@String \UrlRight \m@th $
                                                  
l.101 ...1_416_basic_aug_scale_jitter_50_lr7e4.toml}
                                                  。\\
Somewhere in the math formula just ended, you used the
stated character from an undefined font family. For example,
plain TeX doesn't allow \it or \sl in subscripts. Proceed,
and I'll try to forget that I needed that character.

! \textfont0 is undefined (character 111).
\Url@FormatString ...\Url@String \UrlRight \m@th $
                                                  
l.101 ...1_416_basic_aug_scale_jitter_50_lr7e4.toml}
                                                  。\\
Somewhere in the math formula just ended, you used the
stated character from an undefined font family. For example,
plain TeX doesn't allow \it or \sl in subscripts. Proceed,
and I'll try to forget that I needed that character.

! \textfont0 is undefined (character 98).
\Url@FormatString ...\Url@String \UrlRight \m@th $
                                                  
l.101 ...1_416_basic_aug_scale_jitter_50_lr7e4.toml}
                                                  。\\
Somewhere in the math formula just ended, you used the
stated character from an undefined font family. For example,
plain TeX doesn't allow \it or \sl in subscripts. Proceed,
and I'll try to forget that I needed that character.

! \textfont0 is undefined (character 98).
\Url@FormatString ...\Url@String \UrlRight \m@th $
                                                  
l.101 ...1_416_basic_aug_scale_jitter_50_lr7e4.toml}
                                                  。\\
Somewhere in the math formula just ended, you used the
stated character from an undefined font family. For example,
plain TeX doesn't allow \it or \sl in subscripts. Proceed,
and I'll try to forget that I needed that character.

! \textfont0 is undefined (character 106).
\Url@FormatString ...\Url@String \UrlRight \m@th $
                                                  
l.101 ...1_416_basic_aug_scale_jitter_50_lr7e4.toml}
                                                  。\\
Somewhere in the math formula just ended, you used the
stated character from an undefined font family. For example,
plain TeX doesn't allow \it or \sl in subscripts. Proceed,
and I'll try to forget that I needed that character.

! \textfont0 is undefined (character 106).
\Url@FormatString ...\Url@String \UrlRight \m@th $
                                                  
l.101 ...1_416_basic_aug_scale_jitter_50_lr7e4.toml}
                                                  。\\
Somewhere in the math formula just ended, you used the
stated character from an undefined font family. For example,
plain TeX doesn't allow \it or \sl in subscripts. Proceed,
and I'll try to forget that I needed that character.

! \textfont0 is undefined (character 49).
\Url@FormatString ...\Url@String \UrlRight \m@th $
                                                  
l.101 ...1_416_basic_aug_scale_jitter_50_lr7e4.toml}
                                                  。\\
Somewhere in the math formula just ended, you used the
stated character from an undefined font family. For example,
plain TeX doesn't allow \it or \sl in subscripts. Proceed,
and I'll try to forget that I needed that character.

! \textfont0 is undefined (character 49).
\Url@FormatString ...\Url@String \UrlRight \m@th $
                                                  
l.101 ...1_416_basic_aug_scale_jitter_50_lr7e4.toml}
                                                  。\\
Somewhere in the math formula just ended, you used the
stated character from an undefined font family. For example,
plain TeX doesn't allow \it or \sl in subscripts. Proceed,
and I'll try to forget that I needed that character.

! \textfont0 is undefined (character 95).
\Url@FormatString ...\Url@String \UrlRight \m@th $
                                                  
l.101 ...1_416_basic_aug_scale_jitter_50_lr7e4.toml}
                                                  。\\
Somewhere in the math formula just ended, you used the
stated character from an undefined font family. For example,
plain TeX doesn't allow \it or \sl in subscripts. Proceed,
and I'll try to forget that I needed that character.

! \textfont0 is undefined (character 52).
\Url@FormatString ...\Url@String \UrlRight \m@th $
                                                  
l.101 ...1_416_basic_aug_scale_jitter_50_lr7e4.toml}
                                                  。\\
Somewhere in the math formula just ended, you used the
stated character from an undefined font family. For example,
plain TeX doesn't allow \it or \sl in subscripts. Proceed,
and I'll try to forget that I needed that character.

! \textfont0 is undefined (character 52).
\Url@FormatString ...\Url@String \UrlRight \m@th $
                                                  
l.101 ...1_416_basic_aug_scale_jitter_50_lr7e4.toml}
                                                  。\\
Somewhere in the math formula just ended, you used the
stated character from an undefined font family. For example,
plain TeX doesn't allow \it or \sl in subscripts. Proceed,
and I'll try to forget that I needed that character.

! \textfont0 is undefined (character 49).
\Url@FormatString ...\Url@String \UrlRight \m@th $
                                                  
l.101 ...1_416_basic_aug_scale_jitter_50_lr7e4.toml}
                                                  。\\
Somewhere in the math formula just ended, you used the
stated character from an undefined font family. For example,
plain TeX doesn't allow \it or \sl in subscripts. Proceed,
and I'll try to forget that I needed that character.

! \textfont0 is undefined (character 49).
\Url@FormatString ...\Url@String \UrlRight \m@th $
                                                  
l.101 ...1_416_basic_aug_scale_jitter_50_lr7e4.toml}
                                                  。\\
Somewhere in the math formula just ended, you used the
stated character from an undefined font family. For example,
plain TeX doesn't allow \it or \sl in subscripts. Proceed,
and I'll try to forget that I needed that character.

! \textfont0 is undefined (character 54).
\Url@FormatString ...\Url@String \UrlRight \m@th $
                                                  
l.101 ...1_416_basic_aug_scale_jitter_50_lr7e4.toml}
                                                  。\\
Somewhere in the math formula just ended, you used the
stated character from an undefined font family. For example,
plain TeX doesn't allow \it or \sl in subscripts. Proceed,
and I'll try to forget that I needed that character.

! \textfont0 is undefined (character 54).
\Url@FormatString ...\Url@String \UrlRight \m@th $
                                                  
l.101 ...1_416_basic_aug_scale_jitter_50_lr7e4.toml}
                                                  。\\
Somewhere in the math formula just ended, you used the
stated character from an undefined font family. For example,
plain TeX doesn't allow \it or \sl in subscripts. Proceed,
and I'll try to forget that I needed that character.

! \textfont0 is undefined (character 95).
\Url@FormatString ...\Url@String \UrlRight \m@th $
                                                  
l.101 ...1_416_basic_aug_scale_jitter_50_lr7e4.toml}
                                                  。\\
Somewhere in the math formula just ended, you used the
stated character from an undefined font family. For example,
plain TeX doesn't allow \it or \sl in subscripts. Proceed,
and I'll try to forget that I needed that character.

! \textfont0 is undefined (character 98).
\Url@FormatString ...\Url@String \UrlRight \m@th $
                                                  
l.101 ...1_416_basic_aug_scale_jitter_50_lr7e4.toml}
                                                  。\\
Somewhere in the math formula just ended, you used the
stated character from an undefined font family. For example,
plain TeX doesn't allow \it or \sl in subscripts. Proceed,
and I'll try to forget that I needed that character.

! \textfont0 is undefined (character 98).
\Url@FormatString ...\Url@String \UrlRight \m@th $
                                                  
l.101 ...1_416_basic_aug_scale_jitter_50_lr7e4.toml}
                                                  。\\
Somewhere in the math formula just ended, you used the
stated character from an undefined font family. For example,
plain TeX doesn't allow \it or \sl in subscripts. Proceed,
and I'll try to forget that I needed that character.

! \textfont0 is undefined (character 97).
\Url@FormatString ...\Url@String \UrlRight \m@th $
                                                  
l.101 ...1_416_basic_aug_scale_jitter_50_lr7e4.toml}
                                                  。\\
Somewhere in the math formula just ended, you used the
stated character from an undefined font family. For example,
plain TeX doesn't allow \it or \sl in subscripts. Proceed,
and I'll try to forget that I needed that character.

! \textfont0 is undefined (character 97).
\Url@FormatString ...\Url@String \UrlRight \m@th $
                                                  
l.101 ...1_416_basic_aug_scale_jitter_50_lr7e4.toml}
                                                  。\\
Somewhere in the math formula just ended, you used the
stated character from an undefined font family. For example,
plain TeX doesn't allow \it or \sl in subscripts. Proceed,
and I'll try to forget that I needed that character.

! \textfont0 is undefined (character 115).
\Url@FormatString ...\Url@String \UrlRight \m@th $
                                                  
l.101 ...1_416_basic_aug_scale_jitter_50_lr7e4.toml}
                                                  。\\
Somewhere in the math formula just ended, you used the
stated character from an undefined font family. For example,
plain TeX doesn't allow \it or \sl in subscripts. Proceed,
and I'll try to forget that I needed that character.

! \textfont0 is undefined (character 115).
\Url@FormatString ...\Url@String \UrlRight \m@th $
                                                  
l.101 ...1_416_basic_aug_scale_jitter_50_lr7e4.toml}
                                                  。\\
Somewhere in the math formula just ended, you used the
stated character from an undefined font family. For example,
plain TeX doesn't allow \it or \sl in subscripts. Proceed,
and I'll try to forget that I needed that character.

! \textfont0 is undefined (character 105).
\Url@FormatString ...\Url@String \UrlRight \m@th $
                                                  
l.101 ...1_416_basic_aug_scale_jitter_50_lr7e4.toml}
                                                  。\\
Somewhere in the math formula just ended, you used the
stated character from an undefined font family. For example,
plain TeX doesn't allow \it or \sl in subscripts. Proceed,
and I'll try to forget that I needed that character.

! \textfont0 is undefined (character 105).
\Url@FormatString ...\Url@String \UrlRight \m@th $
                                                  
l.101 ...1_416_basic_aug_scale_jitter_50_lr7e4.toml}
                                                  。\\
Somewhere in the math formula just ended, you used the
stated character from an undefined font family. For example,
plain TeX doesn't allow \it or \sl in subscripts. Proceed,
and I'll try to forget that I needed that character.

! \textfont0 is undefined (character 99).
\Url@FormatString ...\Url@String \UrlRight \m@th $
                                                  
l.101 ...1_416_basic_aug_scale_jitter_50_lr7e4.toml}
                                                  。\\
Somewhere in the math formula just ended, you used the
stated character from an undefined font family. For example,
plain TeX doesn't allow \it or \sl in subscripts. Proceed,
and I'll try to forget that I needed that character.

! \textfont0 is undefined (character 99).
\Url@FormatString ...\Url@String \UrlRight \m@th $
                                                  
l.101 ...1_416_basic_aug_scale_jitter_50_lr7e4.toml}
                                                  。\\
Somewhere in the math formula just ended, you used the
stated character from an undefined font family. For example,
plain TeX doesn't allow \it or \sl in subscripts. Proceed,
and I'll try to forget that I needed that character.

! \textfont0 is undefined (character 95).
\Url@FormatString ...\Url@String \UrlRight \m@th $
                                                  
l.101 ...1_416_basic_aug_scale_jitter_50_lr7e4.toml}
                                                  。\\
Somewhere in the math formula just ended, you used the
stated character from an undefined font family. For example,
plain TeX doesn't allow \it or \sl in subscripts. Proceed,
and I'll try to forget that I needed that character.

! \textfont0 is undefined (character 97).
\Url@FormatString ...\Url@String \UrlRight \m@th $
                                                  
l.101 ...1_416_basic_aug_scale_jitter_50_lr7e4.toml}
                                                  。\\
Somewhere in the math formula just ended, you used the
stated character from an undefined font family. For example,
plain TeX doesn't allow \it or \sl in subscripts. Proceed,
and I'll try to forget that I needed that character.

! \textfont0 is undefined (character 97).
\Url@FormatString ...\Url@String \UrlRight \m@th $
                                                  
l.101 ...1_416_basic_aug_scale_jitter_50_lr7e4.toml}
                                                  。\\
Somewhere in the math formula just ended, you used the
stated character from an undefined font family. For example,
plain TeX doesn't allow \it or \sl in subscripts. Proceed,
and I'll try to forget that I needed that character.

! \textfont0 is undefined (character 117).
\Url@FormatString ...\Url@String \UrlRight \m@th $
                                                  
l.101 ...1_416_basic_aug_scale_jitter_50_lr7e4.toml}
                                                  。\\
Somewhere in the math formula just ended, you used the
stated character from an undefined font family. For example,
plain TeX doesn't allow \it or \sl in subscripts. Proceed,
and I'll try to forget that I needed that character.

! \textfont0 is undefined (character 117).
\Url@FormatString ...\Url@String \UrlRight \m@th $
                                                  
l.101 ...1_416_basic_aug_scale_jitter_50_lr7e4.toml}
                                                  。\\
Somewhere in the math formula just ended, you used the
stated character from an undefined font family. For example,
plain TeX doesn't allow \it or \sl in subscripts. Proceed,
and I'll try to forget that I needed that character.

! \textfont0 is undefined (character 103).
\Url@FormatString ...\Url@String \UrlRight \m@th $
                                                  
l.101 ...1_416_basic_aug_scale_jitter_50_lr7e4.toml}
                                                  。\\
Somewhere in the math formula just ended, you used the
stated character from an undefined font family. For example,
plain TeX doesn't allow \it or \sl in subscripts. Proceed,
and I'll try to forget that I needed that character.

! \textfont0 is undefined (character 103).
\Url@FormatString ...\Url@String \UrlRight \m@th $
                                                  
l.101 ...1_416_basic_aug_scale_jitter_50_lr7e4.toml}
                                                  。\\
Somewhere in the math formula just ended, you used the
stated character from an undefined font family. For example,
plain TeX doesn't allow \it or \sl in subscripts. Proceed,
and I'll try to forget that I needed that character.

! \textfont0 is undefined (character 95).
\Url@FormatString ...\Url@String \UrlRight \m@th $
                                                  
l.101 ...1_416_basic_aug_scale_jitter_50_lr7e4.toml}
                                                  。\\
Somewhere in the math formula just ended, you used the
stated character from an undefined font family. For example,
plain TeX doesn't allow \it or \sl in subscripts. Proceed,
and I'll try to forget that I needed that character.

! \textfont0 is undefined (character 115).
\Url@FormatString ...\Url@String \UrlRight \m@th $
                                                  
l.101 ...1_416_basic_aug_scale_jitter_50_lr7e4.toml}
                                                  。\\
Somewhere in the math formula just ended, you used the
stated character from an undefined font family. For example,
plain TeX doesn't allow \it or \sl in subscripts. Proceed,
and I'll try to forget that I needed that character.

! \textfont0 is undefined (character 115).
\Url@FormatString ...\Url@String \UrlRight \m@th $
                                                  
l.101 ...1_416_basic_aug_scale_jitter_50_lr7e4.toml}
                                                  。\\
Somewhere in the math formula just ended, you used the
stated character from an undefined font family. For example,
plain TeX doesn't allow \it or \sl in subscripts. Proceed,
and I'll try to forget that I needed that character.

! \textfont0 is undefined (character 99).
\Url@FormatString ...\Url@String \UrlRight \m@th $
                                                  
l.101 ...1_416_basic_aug_scale_jitter_50_lr7e4.toml}
                                                  。\\
Somewhere in the math formula just ended, you used the
stated character from an undefined font family. For example,
plain TeX doesn't allow \it or \sl in subscripts. Proceed,
and I'll try to forget that I needed that character.

! \textfont0 is undefined (character 99).
\Url@FormatString ...\Url@String \UrlRight \m@th $
                                                  
l.101 ...1_416_basic_aug_scale_jitter_50_lr7e4.toml}
                                                  。\\
Somewhere in the math formula just ended, you used the
stated character from an undefined font family. For example,
plain TeX doesn't allow \it or \sl in subscripts. Proceed,
and I'll try to forget that I needed that character.

! \textfont0 is undefined (character 97).
\Url@FormatString ...\Url@String \UrlRight \m@th $
                                                  
l.101 ...1_416_basic_aug_scale_jitter_50_lr7e4.toml}
                                                  。\\
Somewhere in the math formula just ended, you used the
stated character from an undefined font family. For example,
plain TeX doesn't allow \it or \sl in subscripts. Proceed,
and I'll try to forget that I needed that character.

! \textfont0 is undefined (character 97).
\Url@FormatString ...\Url@String \UrlRight \m@th $
                                                  
l.101 ...1_416_basic_aug_scale_jitter_50_lr7e4.toml}
                                                  。\\
(That makes 100 errors; please try again.)

Here is how much of LuaTeX's memory you used:
 14257 strings out of 476553
 125027,1977958 words of node,token memory allocated
 13953 words of node memory still in use:
   118 hlist, 7 vlist, 25 rule, 4 disc, 26 local_par, 4 dir, 9 math, 476 glue, 1
9 kern, 95 penalty, 8 unset, 78 noad, 23 math_char, 1 math_text_char, 1016 glyph
, 2 align_record, 1 span, 75 glue_spec, 8 temp, 1 align_stack, 6 write, 10 pdf_d
est, 34 pdf_colorstack nodes
   avail lists: 2:9,3:54,4:1,5:6,9:1,10:3,11:2
 36016 multiletter control sequences out of 65536+600000
 39 fonts using 1638315 bytes
 79i,8n,89p,272b,350s stack positions out of 10000i,1000n,20000p,200000b,200000s
!  ==> Fatal error occurred, no output PDF file produced!
